#Var-#NoneZ: 95 - 300
0.50060204717775 [(0.0, 0.0), (200.0, 1.0)]
TimeRunning 6.280440330505371
0 	 5 	 5.0 	 0 	 5 	 302 	 0.0
1 	 5 	 5.0 	 0 	 5 	 10 	 0.024096385542168676
2 	 5 	 6.0 	 1 	 5 	 1 	 0.012048192771084338
3 	 5 	 6.0 	 1 	 6 	 1 	 0.012048192771084338
4 	 6 	 6.0 	 1 	 6 	 1 	 0.03614457831325301
5 	 5 	 6.0 	 2 	 5 	 1 	 0.012048192771084338
6 	 6 	 6.0 	 0 	 6 	 15 	 0.024096385542168676
7 	 5 	 6.0 	 2 	 5 	 1 	 0.024096385542168676
8 	 6 	 6.0 	 1 	 6 	 24 	 0.012048192771084338
9 	 6 	 6.0 	 1 	 6 	 61 	 0.012048192771084338
10 	 5 	 6.0 	 2 	 5 	 16 	 0.012048192771084338
11 	 5 	 6.0 	 1 	 5 	 12 	 0.024096385542168676
12 	 5 	 6.0 	 2 	 5 	 47 	 0.012048192771084338
13 	 6 	 7.0 	 2 	 6 	 1 	 0.04819277108433735
14 	 6 	 7.0 	 2 	 6 	 6 	 0.03614457831325301
15 	 5 	 7.0 	 3 	 5 	 4 	 0.03614457831325301
16 	 5 	 7.0 	 1 	 5 	 223 	 0.012048192771084338
17 	 6 	 7.0 	 2 	 6 	 2 	 0.03614457831325301
18 	 7 	 7.0 	 1 	 7 	 1 	 0.012048192771084338
19 	 6 	 7.0 	 3 	 6 	 8 	 0.024096385542168676
20 	 7 	 7.0 	 2 	 7 	 9 	 0.024096385542168676
21 	 6 	 7.0 	 3 	 6 	 2 	 0.024096385542168676
22 	 5 	 7.0 	 1 	 5 	 1 	 0.060240963855421686
23 	 7 	 7.0 	 1 	 7 	 5 	 0.03614457831325301
24 	 6 	 7.0 	 2 	 6 	 1 	 0.03614457831325301
25 	 6 	 7.0 	 2 	 6 	 6 	 0.024096385542168676
26 	 6 	 7.0 	 2 	 6 	 3 	 0.024096385542168676
27 	 5 	 7.0 	 3 	 6 	 3 	 0.024096385542168676
28 	 5 	 7.0 	 3 	 6 	 1 	 0.024096385542168676
29 	 5 	 7.0 	 1 	 5 	 22 	 0.03614457831325301
30 	 5 	 7.0 	 1 	 5 	 6 	 0.03614457831325301
31 	 5 	 7.0 	 2 	 5 	 32 	 0.024096385542168676
32 	 5 	 7.0 	 2 	 5 	 35 	 0.024096385542168676
33 	 7 	 7.0 	 1 	 7 	 1 	 0.024096385542168676
34 	 5 	 7.0 	 2 	 5 	 1 	 0.04819277108433735
35 	 5 	 8.0 	 2 	 5 	 1 	 0.024096385542168676
36 	 6 	 8.0 	 2 	 6 	 1 	 0.03614457831325301
37 	 6 	 8.0 	 4 	 6 	 1 	 0.03614457831325301
38 	 7 	 8.0 	 3 	 7 	 1 	 0.03614457831325301
39 	 6 	 8.0 	 1 	 6 	 1 	 0.024096385542168676
40 	 5 	 8.0 	 3 	 5 	 27 	 0.024096385542168676
41 	 5 	 8.0 	 3 	 5 	 6 	 0.04819277108433735
42 	 6 	 8.0 	 2 	 6 	 2 	 0.04819277108433735
43 	 5 	 8.0 	 4 	 5 	 8 	 0.03614457831325301
44 	 6 	 8.0 	 3 	 6 	 8 	 0.03614457831325301
45 	 6 	 8.0 	 3 	 6 	 2 	 0.03614457831325301
46 	 5 	 8.0 	 3 	 6 	 2 	 0.03614457831325301
47 	 5 	 8.0 	 3 	 6 	 3 	 0.03614457831325301
48 	 6 	 8.0 	 2 	 6 	 36 	 0.024096385542168676
49 	 6 	 8.0 	 2 	 6 	 5 	 0.04819277108433735
50 	 5 	 8.0 	 4 	 5 	 1 	 0.03614457831325301
51 	 5 	 9.0 	 3 	 5 	 3 	 0.060240963855421686
52 	 5 	 9.0 	 4 	 5 	 1 	 0.04819277108433735
53 	 6 	 9.0 	 3 	 6 	 6 	 0.03614457831325301
54 	 7 	 9.0 	 2 	 7 	 1 	 0.03614457831325301
55 	 5 	 9.0 	 3 	 5 	 19 	 0.03614457831325301
BestSolution
x_{32}
x_{34}
x_{20}
x_{22}
x_{26}
Objective: 5
ChainS-ChainL 0.2 2
Info {'qpu_sampling_time': 371360.0, 'qpu_anneal_time_per_sample': 200.0, 'qpu_readout_time_per_sample': 150.78, 'qpu_access_time': 387121.97, 'qpu_access_overhead_time': 1870.03, 'qpu_programming_time': 15761.97, 'qpu_delay_time_per_sample': 20.58, 'post_processing_overhead_time': 1.0, 'total_post_processing_time': 1.0}
Emb {'embedding': {49: (261,), 9: (4140,), 12: (4246,), 14: (260,), 17: (246,), 50: (4155, 4156), 11: (4141,), 20: (4096, 351), 51: (366,), 5: (4036, 245), 24: (440, 4006), 52: (290, 3991), 7: (4021,), 29: (4051,), 53: (3990, 231), 0: (216,), 30: (201,), 54: (4110, 276), 22: (4111, 4112), 34: (321,), 55: (4171, 336), 16: (382,), 36: (4186,), 56: (367,), 38: (4306,), 39: (4261,), 57: (4231, 352), 15: (322,), 40: (337,), 58: (4350, 4351), 19: (142,), 42: (127,), 59: (172, 4335), 2: (4290,), 43: (4260,), 60: (156, 157), 32: (4080, 4081), 44: (4065,), 61: (171, 4185), 27: (126,), 45: (202,), 62: (4215,), 3: (66,), 46: (187,), 63: (4200,), 6: (4201,), 47: (37,), 66: (381,), 69: (4233,), 4: (697,), 13: (4248,), 18: (4232,), 21: (592, 4277), 70: (636,), 23: (651,), 71: (4127,), 8: (576,), 28: (621,), 72: (4157, 531), 25: (4097,), 31: (516,), 73: (591, 4082), 26: (605,), 74: (4007, 470), 10: (455,), 33: (561,), 75: (4067,), 35: (425,), 76: (501, 4052), 37: (4126,), 77: (486,), 1: (4187,), 41: (4142,), 80: (4050, 141), 81: (4035, 186), 82: (4095,), 83: (306, 4216), 84: (291,), 85: (4275, 217), 86: (4305,), 91: (606,), 92: (4172,), 93: (562, 4202)}, 'chain_break_method': 'majority_vote', 'embedding_parameters': {}, 'chain_strength': 0.50060204717775}
x_{0} 1
x_{1} 1
x_{2} 1
x_{3} 1
x_{4} 1
x_{5} 2
x_{6} 1
x_{7} 1
x_{8} 1
x_{9} 1
x_{10} 1
x_{11} 1
x_{12} 1
x_{13} 1
x_{14} 1
x_{15} 1
x_{16} 1
x_{17} 1
x_{18} 1
x_{19} 1
x_{20} 2
x_{21} 2
x_{22} 2
x_{23} 1
x_{24} 2
x_{25} 1
x_{26} 1
x_{27} 1
x_{28} 1
x_{29} 1
x_{30} 1
x_{31} 1
x_{32} 2
x_{33} 1
x_{34} 1
x_{35} 1
x_{36} 1
x_{37} 1
x_{38} 1
x_{39} 1
x_{40} 1
x_{41} 1
x_{42} 1
x_{43} 1
x_{44} 1
x_{45} 1
x_{46} 1
x_{47} 1
y^1_1 1
y^1_2 2
y^1_3 1
y^1_4 2
y^1_5 2
y^1_6 2
y^1_7 2
y^1_8 1
y^1_9 2
y^1_10 2
y^1_11 2
y^1_12 2
y^1_13 2
y^1_14 1
y^1_15 1
y^2_1 1
y^3_1 1
y^3_2 1
y^3_3 1
y^3_4 2
y^3_5 2
y^3_6 2
y^3_7 1
y^3_8 2
y^3_9 1
y^4_1 2
y^4_2 2
y^4_3 1
y^4_4 2
y^4_5 1
y^4_6 2
y^4_7 1
y^6_1 1
y^6_2 1
y^6_3 2
