#Var-#NoneZ: 60 - 190
0.43817804600413285 [(0.0, 0.0), (200.0, 1.0)]
TimeRunning 4.4500815868377686
0 	 7 	 8.0 	 1 	 8 	 62 	 0.0
1 	 6 	 8.0 	 2 	 8 	 85 	 0.0
2 	 8 	 8.0 	 0 	 8 	 72 	 0.0
3 	 7 	 8.0 	 1 	 8 	 98 	 0.0
4 	 6 	 8.0 	 2 	 8 	 91 	 0.0
5 	 7 	 8.0 	 1 	 8 	 67 	 0.0
6 	 6 	 8.0 	 2 	 8 	 41 	 0.0
7 	 8 	 8.0 	 0 	 8 	 72 	 0.0
8 	 7 	 8.0 	 1 	 8 	 72 	 0.0
9 	 8 	 8.0 	 0 	 8 	 80 	 0.0
10 	 7 	 8.0 	 1 	 8 	 62 	 0.0
11 	 5 	 8.0 	 3 	 8 	 73 	 0.0
12 	 7 	 8.0 	 1 	 8 	 65 	 0.0
13 	 6 	 8.0 	 2 	 8 	 52 	 0.0
14 	 8 	 9.0 	 1 	 9 	 1 	 0.025
15 	 6 	 9.0 	 4 	 8 	 1 	 0.025
16 	 7 	 9.0 	 2 	 9 	 1 	 0.025
17 	 8 	 9.0 	 1 	 9 	 1 	 0.025
18 	 8 	 9.0 	 1 	 9 	 1 	 0.025
19 	 6 	 9.0 	 3 	 9 	 2 	 0.025
20 	 7 	 9.0 	 2 	 9 	 1 	 0.0
BestSolution
x_{1}
x_{2}
x_{3}
x_{4}
x_{8}
x_{12}
x_{13}
x_{14}
Objective: 8
ChainS-ChainL 0.2 2
Info {'qpu_sampling_time': 293360.0, 'qpu_anneal_time_per_sample': 200.0, 'qpu_readout_time_per_sample': 72.78, 'qpu_access_time': 309123.17, 'qpu_access_overhead_time': 2598.83, 'qpu_programming_time': 15763.17, 'qpu_delay_time_per_sample': 20.58, 'post_processing_overhead_time': 17.0, 'total_post_processing_time': 17.0}
Emb {'embedding': {25: (1914,), 1: (4766, 4765), 4: (4795,), 8: (4720,), 19: (4690,), 28: (1959,), 5: (4675,), 10: (4705,), 11: (4645,), 29: (2109, 4660), 9: (4736,), 12: (4751,), 30: (2124,), 14: (4691,), 33: (2049,), 36: (2079,), 3: (4810,), 21: (4706,), 37: (2094, 4796), 22: (2170,), 38: (4721,), 23: (2215,), 43: (2035,), 6: (4781,), 13: (4735,), 44: (2020, 4825), 17: (4840,), 45: (1990,), 7: (1991,), 18: (4750,), 50: (2005,), 0: (2004,), 53: (2139,), 2: (2154,), 20: (4616,), 56: (1899,), 15: (4659,), 57: (1929, 4674), 16: (4600,), 58: (1944,)}, 'chain_break_method': 'majority_vote', 'embedding_parameters': {}, 'chain_strength': 0.43817804600413285}
x_{0} 1
x_{1} 2
x_{2} 1
x_{3} 1
x_{4} 1
x_{5} 1
x_{6} 1
x_{7} 1
x_{8} 1
x_{9} 1
x_{10} 1
x_{11} 1
x_{12} 1
x_{13} 1
x_{14} 1
x_{15} 1
x_{16} 1
x_{17} 1
x_{18} 1
x_{19} 1
x_{20} 1
x_{21} 1
x_{22} 1
x_{23} 1
y^1_1 1
y^2_1 1
y^2_2 2
y^2_3 1
y^3_1 1
y^4_1 1
y^4_2 2
y^4_3 1
y^6_1 1
y^6_2 2
y^6_3 1
y^8_1 1
y^9_1 1
y^10_1 1
y^10_2 2
y^10_3 1
