#Var-#NoneZ: 147 - 482
0.5159844958911073 [(0.0, 0.0), (200.0, 1.0)]
TimeRunning 4.176089763641357
0 	 6 	 6.0 	 0 	 6 	 268 	 0.0
1 	 6 	 6.0 	 0 	 6 	 1 	 0.008
2 	 7 	 7.0 	 0 	 7 	 702 	 0.008
3 	 7 	 7.0 	 0 	 7 	 1 	 0.008
4 	 6 	 7.0 	 1 	 6 	 1 	 0.0
5 	 7 	 7.0 	 1 	 7 	 1 	 0.0
6 	 7 	 7.0 	 1 	 7 	 1 	 0.0
7 	 7 	 7.0 	 1 	 7 	 2 	 0.0
8 	 7 	 7.0 	 1 	 7 	 1 	 0.0
9 	 7 	 7.0 	 1 	 7 	 1 	 0.0
10 	 7 	 7.0 	 0 	 7 	 1 	 0.0
11 	 6 	 7.0 	 1 	 6 	 1 	 0.0
12 	 7 	 7.0 	 0 	 7 	 1 	 0.0
13 	 7 	 7.0 	 1 	 7 	 2 	 0.008
14 	 6 	 7.0 	 2 	 6 	 1 	 0.008
15 	 7 	 7.0 	 0 	 7 	 1 	 0.008
16 	 8 	 8.0 	 0 	 8 	 1 	 0.008
17 	 8 	 8.0 	 1 	 8 	 1 	 0.008
18 	 8 	 8.0 	 0 	 8 	 1 	 0.008
19 	 6 	 8.0 	 2 	 6 	 2 	 0.016
20 	 8 	 8.0 	 0 	 8 	 6 	 0.016
21 	 8 	 8.0 	 1 	 8 	 1 	 0.008
22 	 7 	 9.0 	 1 	 7 	 1 	 0.016
23 	 9 	 9.0 	 0 	 9 	 1 	 0.008
BestSolution
x_{43}
x_{16}
x_{17}
x_{48}
x_{55}
x_{29}
Objective: 6
ChainS-ChainL 0.2 4
Info {'qpu_sampling_time': 358380.0, 'qpu_anneal_time_per_sample': 200.0, 'qpu_readout_time_per_sample': 137.8, 'qpu_access_time': 374142.77, 'qpu_access_overhead_time': 4411.23, 'qpu_programming_time': 15762.77, 'qpu_delay_time_per_sample': 20.58, 'post_processing_overhead_time': 1.0, 'total_post_processing_time': 1.0}
Emb {'embedding': {70: (529,), 29: (3813, 3812, 3814), 40: (530,), 43: (3782,), 55: (3857,), 73: (4010,), 1: (1040, 3890), 7: (995,), 11: (1131,), 19: (3995,), 74: (3875, 950, 1070), 22: (3935,), 25: (3949, 3948, 3950), 75: (875, 874, 3934), 12: (1024, 1025, 3739), 26: (3784,), 76: (889,), 0: (3844,), 77: (814, 3799), 14: (859,), 30: (815, 3979, 4098), 78: (3859, 920), 28: (905,), 33: (710, 4038, 3918, 755), 79: (3889,), 31: (890, 3904, 891), 36: (770,), 80: (3874, 829), 10: (799,), 45: (784, 785, 786), 81: (3768, 3767), 18: (589,), 47: (3932, 635, 634), 82: (514, 515, 3752), 48: (3917, 649, 3902), 83: (605, 604), 52: (4068, 681, 4069), 54: (4053,), 84: (741, 4023, 4008), 13: (4024, 756), 57: (4128,), 85: (4158, 801, 4249), 23: (4278,), 65: (877, 4354, 876), 86: (847, 4324), 20: (817,), 67: (907,), 87: (4339,), 49: (937, 4174), 68: (832,), 90: (3815, 1009), 2: (3816,), 5: (994,), 91: (3845, 964), 35: (3860,), 92: (1039,), 37: (3769,), 93: (3753, 3754), 32: (769,), 94: (3783, 694), 24: (664,), 95: (619, 3843), 17: (3827,), 96: (591, 590), 51: (4157,), 97: (4113, 4112, 576), 39: (711,), 98: (771, 4083), 58: (3993,), 99: (830, 3994), 60: (4009,), 100: (965,), 62: (980,), 101: (4099,), 63: (951,), 102: (1010, 4084, 1011), 61: (996,), 103: (4279,), 66: (966,), 104: (4264,), 44: (1042,), 107: (469,), 56: (3872,), 110: (3980,), 15: (1115,), 21: (1100,), 111: (1130, 3830), 8: (3965,), 112: (3905, 1055), 9: (1189,), 113: (3919, 3920, 979), 38: (3829,), 114: (936, 935), 41: (4114,), 115: (4129, 921, 1041), 42: (4055,), 116: (800, 4054), 46: (3963,), 117: (3978,), 27: (680,), 118: (665,), 16: (3947,), 119: (575, 3888), 50: (3873,), 120: (696, 695), 3: (4218,), 121: (742, 4173), 53: (727,), 122: (4293, 787, 4294), 64: (4323,), 123: (4204, 772), 59: (4219,), 124: (757, 4234), 6: (4233,), 131: (560,), 34: (3962,), 134: (4025,), 135: (4039, 4040), 136: (3933, 860), 137: (3828, 740), 138: (725, 3903, 726), 139: (4144, 4143), 140: (4189, 861), 145: (499,), 4: (3721,)}, 'chain_break_method': 'majority_vote', 'embedding_parameters': {}, 'chain_strength': 0.5159844958911073}
x_{0} 1
x_{1} 2
x_{2} 1
x_{3} 1
x_{4} 1
x_{5} 1
x_{6} 1
x_{7} 1
x_{8} 1
x_{9} 1
x_{10} 1
x_{11} 1
x_{12} 3
x_{13} 2
x_{14} 1
x_{15} 1
x_{16} 1
x_{17} 1
x_{18} 1
x_{19} 1
x_{20} 1
x_{21} 1
x_{22} 1
x_{23} 1
x_{24} 1
x_{25} 3
x_{26} 1
x_{27} 1
x_{28} 1
x_{29} 3
x_{30} 3
x_{31} 3
x_{32} 1
x_{33} 4
x_{34} 1
x_{35} 1
x_{36} 1
x_{37} 1
x_{38} 1
x_{39} 1
x_{40} 1
x_{41} 1
x_{42} 1
x_{43} 1
x_{44} 1
x_{45} 3
x_{46} 1
x_{47} 3
x_{48} 3
x_{49} 2
x_{50} 1
x_{51} 1
x_{52} 3
x_{53} 1
x_{54} 1
x_{55} 1
x_{56} 1
x_{57} 1
x_{58} 1
x_{59} 1
x_{60} 1
x_{61} 1
x_{62} 1
x_{63} 1
x_{64} 1
x_{65} 3
x_{66} 1
x_{67} 1
x_{68} 1
y^1_1 1
y^2_1 1
y^2_2 3
y^2_3 3
y^2_4 1
y^2_5 2
y^2_6 2
y^2_7 1
y^2_8 2
y^2_9 2
y^2_10 3
y^2_11 2
y^2_12 3
y^2_13 3
y^2_14 2
y^2_15 1
y^3_1 2
y^3_2 2
y^3_3 1
y^3_4 2
y^3_5 2
y^3_6 2
y^3_7 2
y^3_8 3
y^3_9 2
y^3_10 2
y^3_11 1
y^3_12 1
y^3_13 3
y^3_14 1
y^3_15 1
y^4_1 1
y^5_1 1
y^5_2 2
y^5_3 2
y^5_4 3
y^5_5 2
y^5_6 3
y^5_7 2
y^5_8 1
y^5_9 1
y^5_10 2
y^5_11 2
y^5_12 2
y^5_13 3
y^5_14 2
y^5_15 2
y^8_1 1
y^9_1 1
y^9_2 2
y^9_3 2
y^9_4 2
y^9_5 3
y^9_6 2
y^9_7 2
y^11_1 1
