#Var-#NoneZ: 124 - 409
0.4981598792617913 [(0.0, 0.0), (200.0, 1.0)]
TimeRunning 4.225130081176758
0 	 7 	 7.0 	 0 	 7 	 18 	 0.0
1 	 7 	 8.0 	 2 	 7 	 16 	 0.01020408163265306
2 	 7 	 8.0 	 2 	 7 	 168 	 0.02040816326530612
3 	 7 	 8.0 	 2 	 7 	 111 	 0.02040816326530612
4 	 8 	 8.0 	 1 	 8 	 16 	 0.01020408163265306
5 	 8 	 9.0 	 3 	 8 	 1 	 0.02040816326530612
6 	 7 	 9.0 	 4 	 7 	 100 	 0.030612244897959183
7 	 8 	 9.0 	 3 	 8 	 184 	 0.030612244897959183
8 	 7 	 9.0 	 4 	 7 	 88 	 0.030612244897959183
9 	 8 	 9.0 	 3 	 8 	 147 	 0.030612244897959183
10 	 7 	 9.0 	 2 	 7 	 10 	 0.02040816326530612
11 	 7 	 10.0 	 3 	 7 	 1 	 0.030612244897959183
12 	 7 	 10.0 	 4 	 7 	 72 	 0.04081632653061224
13 	 9 	 10.0 	 3 	 9 	 1 	 0.030612244897959183
14 	 7 	 10.0 	 4 	 7 	 63 	 0.04081632653061224
15 	 7 	 10.0 	 4 	 7 	 1 	 0.05102040816326531
16 	 9 	 10.0 	 3 	 9 	 1 	 0.030612244897959183
17 	 7 	 11.0 	 6 	 7 	 1 	 0.05102040816326531
18 	 8 	 11.0 	 4 	 8 	 1 	 0.04081632653061224
BestSolution
x_{3}
x_{4}
x_{37}
x_{45}
x_{49}
x_{50}
x_{21}
Objective: 7
ChainS-ChainL 0.2 3
Info {'qpu_sampling_time': 313100.0, 'qpu_anneal_time_per_sample': 200.0, 'qpu_readout_time_per_sample': 92.52, 'qpu_access_time': 328862.77, 'qpu_access_overhead_time': 3288.23, 'qpu_programming_time': 15762.77, 'qpu_delay_time_per_sample': 20.58, 'post_processing_overhead_time': 1.0, 'total_post_processing_time': 1.0}
Emb {'embedding': {55: (1527, 1526), 3: (5017,), 6: (5152, 5153, 1617), 21: (5362, 1542, 5361), 22: (5077,), 56: (5092, 5091, 1331), 14: (1346,), 31: (5108, 1601, 1497), 57: (5107,), 46: (1406,), 49: (1436, 1437), 62: (1318, 5302), 35: (5287, 1377), 50: (1453, 1452), 65: (1588, 1587), 8: (1483, 5392), 45: (5409, 5408), 68: (1496,), 37: (5032, 1586), 44: (4928,), 71: (1768, 1767), 11: (5378,), 15: (5334,), 18: (1766,), 19: (1753,), 72: (5319, 5318), 16: (5317,), 20: (1573,), 73: (5332, 5333), 32: (1633, 5363), 74: (1557, 5288), 36: (1572,), 75: (1662, 5228), 27: (1677,), 39: (1721, 5139), 76: (5168,), 40: (5183,), 77: (1603, 1602), 41: (5303,), 78: (5422, 1498, 5423), 42: (1468,), 47: (1422, 1423), 79: (5272,), 29: (1512,), 80: (5257, 5258), 4: (1691, 1692), 81: (5348, 1678, 5347), 25: (1707,), 53: (5304,), 84: (5018,), 12: (1706,), 85: (1736, 5109), 2: (1827,), 86: (5124,), 51: (1751,), 89: (1393, 5452, 1392), 1: (1528,), 38: (5467,), 90: (1438,), 91: (5407,), 94: (1541,), 43: (1556,), 95: (5182,), 23: (5167,), 96: (5122, 1467), 52: (1466,), 99: (4988,), 9: (1646,), 30: (1705,), 100: (1676, 5048), 101: (5033,), 28: (5034,), 104: (1347,), 0: (1332,), 105: (5212, 5211), 5: (5197,), 106: (5242, 1482), 34: (5227,), 107: (1407,), 108: (1376, 5047, 5137), 109: (1421,), 24: (4987,), 110: (1451, 4972), 113: (5003, 1616), 7: (5123,), 17: (5078,), 114: (5093, 5094), 10: (1647,), 115: (1632, 5213), 13: (5198,), 116: (1737,), 33: (1722,), 117: (1813, 5289), 118: (1782, 1783, 5154), 48: (5274,), 119: (1797,), 26: (5169,), 122: (5002, 1571)}, 'chain_break_method': 'majority_vote', 'embedding_parameters': {}, 'chain_strength': 0.4981598792617913}
x_{0} 1
x_{1} 1
x_{2} 1
x_{3} 1
x_{4} 2
x_{5} 1
x_{6} 3
x_{7} 1
x_{8} 2
x_{9} 1
x_{10} 1
x_{11} 1
x_{12} 1
x_{13} 1
x_{14} 1
x_{15} 1
x_{16} 1
x_{17} 1
x_{18} 1
x_{19} 1
x_{20} 1
x_{21} 3
x_{22} 1
x_{23} 1
x_{24} 1
x_{25} 1
x_{26} 1
x_{27} 1
x_{28} 1
x_{29} 1
x_{30} 1
x_{31} 3
x_{32} 2
x_{33} 1
x_{34} 1
x_{35} 2
x_{36} 1
x_{37} 2
x_{38} 1
x_{39} 2
x_{40} 1
x_{41} 1
x_{42} 1
x_{43} 1
x_{44} 1
x_{45} 2
x_{46} 1
x_{47} 2
x_{48} 1
x_{49} 2
x_{50} 2
x_{51} 1
x_{52} 1
x_{53} 1
y^1_1 2
y^1_2 3
y^1_3 1
y^3_1 2
y^4_1 2
y^5_1 1
y^6_1 2
y^6_2 2
y^6_3 2
y^6_4 2
y^6_5 2
y^6_6 1
y^6_7 2
y^6_8 3
y^6_9 1
y^6_10 2
y^6_11 3
y^7_1 1
y^7_2 2
y^7_3 1
y^8_1 3
y^8_2 1
y^8_3 1
y^9_1 1
y^9_2 1
y^9_3 2
y^10_1 1
y^10_2 2
y^10_3 1
y^11_1 1
y^11_2 2
y^11_3 2
y^11_4 1
y^11_5 3
y^11_6 1
y^11_7 2
y^12_1 2
y^12_2 2
y^12_3 2
y^12_4 1
y^12_5 2
y^12_6 3
y^12_7 1
y^13_1 2
