#Var-#NoneZ: 129 - 449
0.5302943722236935 [(0.0, 0.0), (200.0, 1.0)]
TimeRunning 4.218540668487549
0 	 8 	 8.0 	 0 	 8 	 453 	 0.0
1 	 8 	 8.0 	 0 	 8 	 1 	 0.010101010101010102
2 	 9 	 9.0 	 1 	 9 	 1 	 0.0
3 	 7 	 9.0 	 2 	 9 	 2 	 0.0
4 	 8 	 9.0 	 1 	 8 	 4 	 0.0
5 	 8 	 9.0 	 1 	 8 	 3 	 0.0
6 	 8 	 9.0 	 2 	 8 	 1 	 0.0
7 	 8 	 9.0 	 2 	 8 	 2 	 0.0
8 	 9 	 9.0 	 0 	 9 	 1 	 0.0
9 	 8 	 9.0 	 1 	 9 	 1 	 0.0
10 	 9 	 9.0 	 1 	 9 	 3 	 0.0
11 	 9 	 9.0 	 0 	 9 	 2 	 0.0
12 	 7 	 9.0 	 2 	 9 	 2 	 0.0
13 	 8 	 9.0 	 1 	 9 	 2 	 0.0
14 	 7 	 9.0 	 2 	 9 	 3 	 0.0
15 	 7 	 9.0 	 2 	 9 	 3 	 0.0
16 	 8 	 9.0 	 1 	 9 	 1 	 0.0
17 	 9 	 9.0 	 0 	 9 	 2 	 0.0
18 	 8 	 9.0 	 1 	 9 	 2 	 0.0
19 	 8 	 9.0 	 1 	 9 	 3 	 0.0
20 	 9 	 9.0 	 0 	 9 	 1 	 0.0
21 	 8 	 9.0 	 1 	 8 	 1 	 0.020202020202020204
22 	 9 	 9.0 	 1 	 9 	 1 	 0.0
23 	 8 	 9.0 	 2 	 8 	 2 	 0.0
24 	 9 	 9.0 	 0 	 9 	 1 	 0.0
25 	 8 	 9.0 	 1 	 9 	 3 	 0.0
26 	 8 	 9.0 	 1 	 8 	 324 	 0.010101010101010102
27 	 8 	 9.0 	 1 	 8 	 1 	 0.020202020202020204
28 	 9 	 9.0 	 1 	 9 	 12 	 0.010101010101010102
29 	 9 	 9.0 	 1 	 9 	 11 	 0.010101010101010102
30 	 9 	 9.0 	 0 	 9 	 1 	 0.010101010101010102
31 	 8 	 9.0 	 2 	 8 	 16 	 0.010101010101010102
32 	 8 	 9.0 	 2 	 8 	 10 	 0.010101010101010102
33 	 8 	 9.0 	 2 	 8 	 1 	 0.0
34 	 8 	 9.0 	 2 	 8 	 1 	 0.0
35 	 9 	 9.0 	 1 	 9 	 1 	 0.0
36 	 9 	 9.0 	 1 	 9 	 2 	 0.0
37 	 8 	 9.0 	 2 	 8 	 2 	 0.0
38 	 8 	 9.0 	 1 	 8 	 6 	 0.010101010101010102
39 	 7 	 10.0 	 3 	 9 	 3 	 0.010101010101010102
40 	 8 	 10.0 	 2 	 9 	 1 	 0.010101010101010102
41 	 9 	 10.0 	 1 	 9 	 1 	 0.010101010101010102
42 	 8 	 10.0 	 2 	 9 	 1 	 0.010101010101010102
43 	 9 	 10.0 	 1 	 9 	 5 	 0.010101010101010102
44 	 8 	 10.0 	 2 	 9 	 4 	 0.010101010101010102
45 	 7 	 10.0 	 3 	 9 	 1 	 0.010101010101010102
46 	 8 	 10.0 	 2 	 9 	 2 	 0.010101010101010102
47 	 8 	 10.0 	 1 	 9 	 1 	 0.020202020202020204
48 	 9 	 10.0 	 1 	 9 	 2 	 0.010101010101010102
49 	 9 	 10.0 	 2 	 9 	 1 	 0.020202020202020204
50 	 8 	 10.0 	 2 	 9 	 1 	 0.010101010101010102
51 	 9 	 10.0 	 2 	 9 	 1 	 0.010101010101010102
52 	 8 	 10.0 	 2 	 9 	 1 	 0.010101010101010102
53 	 9 	 10.0 	 3 	 9 	 1 	 0.010101010101010102
54 	 9 	 10.0 	 2 	 9 	 1 	 0.010101010101010102
55 	 8 	 10.0 	 4 	 8 	 1 	 0.010101010101010102
56 	 9 	 10.0 	 2 	 9 	 1 	 0.020202020202020204
57 	 9 	 10.0 	 2 	 9 	 1 	 0.010101010101010102
58 	 8 	 10.0 	 3 	 8 	 3 	 0.010101010101010102
59 	 9 	 10.0 	 2 	 9 	 1 	 0.010101010101010102
60 	 8 	 10.0 	 3 	 8 	 11 	 0.020202020202020204
61 	 8 	 10.0 	 3 	 8 	 11 	 0.020202020202020204
62 	 9 	 10.0 	 2 	 9 	 12 	 0.020202020202020204
63 	 9 	 10.0 	 2 	 9 	 6 	 0.020202020202020204
64 	 9 	 10.0 	 1 	 9 	 2 	 0.020202020202020204
65 	 8 	 10.0 	 2 	 8 	 3 	 0.020202020202020204
66 	 9 	 10.0 	 1 	 9 	 1 	 0.010101010101010102
67 	 9 	 10.0 	 1 	 9 	 1 	 0.020202020202020204
68 	 8 	 10.0 	 1 	 9 	 10 	 0.010101010101010102
69 	 10 	 10.0 	 1 	 10 	 1 	 0.0
70 	 8 	 10.0 	 3 	 8 	 1 	 0.010101010101010102
71 	 9 	 10.0 	 2 	 9 	 1 	 0.010101010101010102
72 	 9 	 10.0 	 1 	 9 	 1 	 0.010101010101010102
73 	 8 	 10.0 	 2 	 8 	 1 	 0.010101010101010102
74 	 8 	 10.0 	 2 	 8 	 1 	 0.010101010101010102
75 	 9 	 10.0 	 1 	 9 	 1 	 0.010101010101010102
76 	 8 	 10.0 	 3 	 8 	 1 	 0.010101010101010102
77 	 9 	 10.0 	 1 	 9 	 1 	 0.010101010101010102
78 	 9 	 10.0 	 1 	 9 	 1 	 0.010101010101010102
79 	 8 	 11.0 	 2 	 9 	 6 	 0.020202020202020204
80 	 8 	 11.0 	 2 	 8 	 1 	 0.020202020202020204
81 	 9 	 11.0 	 3 	 9 	 1 	 0.020202020202020204
82 	 9 	 11.0 	 3 	 9 	 1 	 0.020202020202020204
83 	 9 	 11.0 	 3 	 9 	 1 	 0.010101010101010102
BestSolution
x_{34}
x_{3}
x_{14}
x_{16}
x_{49}
x_{20}
x_{22}
x_{23}
Objective: 8
ChainS-ChainL 0.2 4
Info {'qpu_sampling_time': 356820.0, 'qpu_anneal_time_per_sample': 200.0, 'qpu_readout_time_per_sample': 136.24, 'qpu_access_time': 372584.77, 'qpu_access_overhead_time': 2061.23, 'qpu_programming_time': 15764.77, 'qpu_delay_time_per_sample': 20.58, 'post_processing_overhead_time': 1.0, 'total_post_processing_time': 1.0}
Emb {'embedding': {53: (2076, 4226, 2075), 3: (4120, 4119, 4118, 1956), 14: (4241,), 22: (4000, 3999, 4001), 38: (2182,), 56: (4104, 4105), 16: (1822, 1821, 4269), 23: (2060, 3970, 2061), 48: (4103,), 61: (1970,), 1: (3880,), 2: (3940,), 20: (4135, 4136, 1971), 62: (1955,), 0: (3985, 3984, 2045), 24: (3955,), 63: (3924, 3925, 1985), 6: (3910,), 25: (1791, 1790), 64: (3909,), 19: (1820,), 29: (4029, 1775), 65: (1940, 3954, 1941), 15: (1910,), 31: (1926,), 66: (1925, 4030), 34: (4045,), 67: (1896, 1895), 26: (1865, 4089), 35: (4255,), 68: (4284, 1866), 7: (1792, 4344), 39: (4194,), 69: (1807,), 41: (4254,), 70: (4209, 1716), 28: (1731,), 42: (4180, 4179, 1761), 71: (4133,), 44: (1671,), 72: (4148, 1686), 21: (4164, 1881, 4163), 45: (4073, 1581), 73: (1641,), 43: (4088,), 46: (4058,), 74: (1625, 1626), 32: (1640,), 47: (3938,), 75: (3953, 1730), 10: (1685,), 78: (2120, 2121), 5: (2119,), 8: (2106,), 79: (2091, 4211, 2090), 80: (4256,), 85: (2271, 4212), 4: (4121,), 9: (4152,), 11: (4197,), 86: (2301,), 36: (4077, 2270), 40: (2286,), 87: (4062, 2225), 49: (2226,), 90: (4059, 4060), 91: (4075, 1986), 92: (1851,), 93: (4149, 1836, 1837), 94: (1776,), 95: (1656, 4074), 96: (1715,), 99: (4134,), 100: (4014, 1806), 101: (1760,), 104: (1880, 3939), 105: (1745, 3969), 106: (4044,), 109: (2031, 2030), 110: (4150,), 111: (1911, 4225), 114: (2046, 4270), 18: (4285,), 115: (2017, 2016), 12: (4046,), 116: (2181, 4031), 121: (2211,), 13: (2210,), 30: (4016,), 122: (2196,), 33: (4106,), 123: (4091, 4092, 2166), 27: (2435,), 124: (2331, 4107), 37: (2376,), 125: (4167, 2256), 17: (2421,), 126: (4182, 4181), 127: (4196, 4195)}, 'chain_break_method': 'majority_vote', 'embedding_parameters': {}, 'chain_strength': 0.5302943722236935}
x_{0} 3
x_{1} 1
x_{2} 1
x_{3} 4
x_{4} 1
x_{5} 1
x_{6} 1
x_{7} 2
x_{8} 1
x_{9} 1
x_{10} 1
x_{11} 1
x_{12} 1
x_{13} 1
x_{14} 1
x_{15} 1
x_{16} 3
x_{17} 1
x_{18} 1
x_{19} 1
x_{20} 3
x_{21} 3
x_{22} 3
x_{23} 3
x_{24} 1
x_{25} 2
x_{26} 2
x_{27} 1
x_{28} 1
x_{29} 2
x_{30} 1
x_{31} 1
x_{32} 1
x_{33} 1
x_{34} 1
x_{35} 1
x_{36} 2
x_{37} 1
x_{38} 1
x_{39} 1
x_{40} 1
x_{41} 1
x_{42} 3
x_{43} 1
x_{44} 1
x_{45} 2
x_{46} 1
x_{47} 1
x_{48} 1
x_{49} 1
y^2_1 3
y^3_1 2
y^5_1 1
y^5_2 1
y^5_3 3
y^5_4 1
y^5_5 3
y^5_6 2
y^5_7 2
y^5_8 2
y^5_9 1
y^5_10 2
y^5_11 1
y^5_12 2
y^5_13 1
y^5_14 2
y^5_15 2
y^6_1 2
y^6_2 3
y^6_3 1
y^8_1 2
y^8_2 1
y^8_3 2
y^9_1 2
y^9_2 2
y^9_3 1
y^9_4 3
y^9_5 1
y^9_6 2
y^9_7 1
y^10_1 1
y^10_2 2
y^10_3 1
y^11_1 2
y^11_2 2
y^11_3 1
y^12_1 2
y^12_2 1
y^12_3 2
y^13_1 2
y^13_2 2
y^13_3 2
y^15_1 1
y^15_2 1
y^15_3 3
y^15_4 2
y^15_5 2
y^15_6 2
y^15_7 2
