#Var-#NoneZ: 87 - 312
0.5532512598464997 [(0.0, 0.0), (200.0, 1.0)]
TimeRunning 4.176634788513184
0 	 6 	 7.0 	 1 	 7 	 33 	 0.0
1 	 5 	 7.0 	 2 	 7 	 29 	 0.0
2 	 6 	 7.0 	 1 	 7 	 29 	 0.0
3 	 5 	 7.0 	 2 	 7 	 42 	 0.0
4 	 7 	 7.0 	 0 	 7 	 18 	 0.0
5 	 6 	 7.0 	 1 	 7 	 30 	 0.0
6 	 6 	 7.0 	 1 	 7 	 1 	 0.0
7 	 6 	 7.0 	 1 	 7 	 28 	 0.0
8 	 7 	 7.0 	 0 	 7 	 20 	 0.0
9 	 5 	 7.0 	 2 	 7 	 1 	 0.0
10 	 5 	 7.0 	 2 	 7 	 1 	 0.0
11 	 7 	 7.0 	 0 	 7 	 1 	 0.0
12 	 5 	 7.0 	 2 	 7 	 158 	 0.014492753623188406
13 	 6 	 7.0 	 1 	 7 	 133 	 0.014492753623188406
14 	 6 	 7.0 	 1 	 7 	 1 	 0.0
15 	 7 	 8.0 	 2 	 7 	 1 	 0.014492753623188406
16 	 6 	 8.0 	 3 	 7 	 1 	 0.014492753623188406
17 	 5 	 8.0 	 4 	 7 	 3 	 0.014492753623188406
18 	 6 	 8.0 	 3 	 7 	 1 	 0.014492753623188406
19 	 6 	 8.0 	 3 	 7 	 2 	 0.014492753623188406
20 	 6 	 8.0 	 3 	 7 	 2 	 0.014492753623188406
21 	 6 	 8.0 	 3 	 7 	 3 	 0.014492753623188406
22 	 6 	 8.0 	 3 	 7 	 3 	 0.014492753623188406
23 	 6 	 8.0 	 3 	 7 	 1 	 0.014492753623188406
24 	 6 	 8.0 	 3 	 7 	 2 	 0.014492753623188406
25 	 7 	 8.0 	 2 	 7 	 3 	 0.014492753623188406
26 	 7 	 8.0 	 2 	 7 	 44 	 0.014492753623188406
27 	 7 	 8.0 	 1 	 7 	 4 	 0.014492753623188406
28 	 6 	 8.0 	 3 	 7 	 3 	 0.014492753623188406
29 	 7 	 8.0 	 2 	 7 	 2 	 0.014492753623188406
30 	 5 	 8.0 	 3 	 7 	 5 	 0.014492753623188406
31 	 5 	 8.0 	 4 	 7 	 1 	 0.014492753623188406
32 	 6 	 8.0 	 2 	 7 	 2 	 0.014492753623188406
33 	 5 	 8.0 	 4 	 7 	 1 	 0.014492753623188406
34 	 6 	 8.0 	 2 	 7 	 2 	 0.014492753623188406
35 	 5 	 8.0 	 3 	 7 	 3 	 0.014492753623188406
36 	 6 	 8.0 	 3 	 7 	 3 	 0.014492753623188406
37 	 5 	 8.0 	 4 	 7 	 7 	 0.014492753623188406
38 	 6 	 8.0 	 2 	 8 	 1 	 0.014492753623188406
39 	 5 	 8.0 	 4 	 7 	 1 	 0.014492753623188406
40 	 5 	 8.0 	 4 	 7 	 1 	 0.014492753623188406
41 	 7 	 8.0 	 1 	 8 	 1 	 0.014492753623188406
42 	 7 	 8.0 	 1 	 8 	 1 	 0.0
43 	 8 	 8.0 	 0 	 8 	 2 	 0.0
44 	 8 	 8.0 	 0 	 8 	 2 	 0.0
45 	 7 	 8.0 	 2 	 8 	 1 	 0.028985507246376812
46 	 6 	 8.0 	 3 	 7 	 3 	 0.028985507246376812
47 	 5 	 8.0 	 4 	 7 	 1 	 0.028985507246376812
48 	 6 	 8.0 	 3 	 7 	 1 	 0.028985507246376812
49 	 5 	 8.0 	 4 	 7 	 1 	 0.028985507246376812
50 	 5 	 8.0 	 4 	 7 	 1 	 0.028985507246376812
51 	 7 	 8.0 	 2 	 7 	 2 	 0.014492753623188406
52 	 7 	 8.0 	 1 	 8 	 1 	 0.014492753623188406
53 	 7 	 8.0 	 2 	 7 	 1 	 0.014492753623188406
54 	 6 	 8.0 	 2 	 8 	 1 	 0.014492753623188406
55 	 7 	 8.0 	 1 	 8 	 1 	 0.014492753623188406
56 	 6 	 8.0 	 3 	 7 	 1 	 0.014492753623188406
57 	 7 	 8.0 	 1 	 7 	 2 	 0.014492753623188406
58 	 4 	 8.0 	 4 	 7 	 1 	 0.014492753623188406
59 	 6 	 8.0 	 3 	 7 	 1 	 0.014492753623188406
60 	 6 	 8.0 	 3 	 7 	 1 	 0.014492753623188406
61 	 7 	 8.0 	 2 	 7 	 1 	 0.014492753623188406
62 	 5 	 8.0 	 4 	 7 	 5 	 0.014492753623188406
63 	 7 	 8.0 	 1 	 8 	 1 	 0.014492753623188406
64 	 6 	 8.0 	 2 	 7 	 2 	 0.014492753623188406
65 	 6 	 8.0 	 2 	 7 	 2 	 0.014492753623188406
66 	 6 	 8.0 	 3 	 7 	 1 	 0.014492753623188406
67 	 6 	 8.0 	 3 	 7 	 3 	 0.028985507246376812
68 	 5 	 8.0 	 4 	 7 	 4 	 0.028985507246376812
69 	 6 	 8.0 	 3 	 7 	 4 	 0.028985507246376812
70 	 6 	 8.0 	 3 	 7 	 10 	 0.028985507246376812
71 	 5 	 8.0 	 4 	 7 	 9 	 0.028985507246376812
72 	 5 	 8.0 	 4 	 7 	 16 	 0.028985507246376812
73 	 6 	 8.0 	 3 	 7 	 40 	 0.014492753623188406
74 	 5 	 8.0 	 4 	 7 	 1 	 0.043478260869565216
75 	 6 	 8.0 	 3 	 7 	 2 	 0.043478260869565216
76 	 5 	 8.0 	 4 	 7 	 29 	 0.014492753623188406
77 	 6 	 8.0 	 3 	 7 	 1 	 0.043478260869565216
78 	 6 	 8.0 	 2 	 7 	 5 	 0.028985507246376812
79 	 6 	 8.0 	 3 	 7 	 43 	 0.014492753623188406
80 	 7 	 8.0 	 2 	 7 	 15 	 0.028985507246376812
81 	 5 	 8.0 	 4 	 7 	 3 	 0.028985507246376812
82 	 6 	 8.0 	 3 	 7 	 2 	 0.014492753623188406
83 	 6 	 8.0 	 3 	 7 	 1 	 0.014492753623188406
84 	 6 	 8.0 	 3 	 7 	 22 	 0.028985507246376812
85 	 6 	 8.0 	 3 	 7 	 11 	 0.028985507246376812
86 	 7 	 8.0 	 2 	 8 	 1 	 0.014492753623188406
87 	 7 	 8.0 	 2 	 7 	 1 	 0.014492753623188406
88 	 7 	 8.0 	 2 	 7 	 4 	 0.014492753623188406
89 	 5 	 8.0 	 4 	 7 	 3 	 0.014492753623188406
90 	 8 	 8.0 	 1 	 8 	 2 	 0.014492753623188406
91 	 7 	 8.0 	 2 	 7 	 2 	 0.014492753623188406
92 	 6 	 8.0 	 3 	 7 	 4 	 0.014492753623188406
93 	 6 	 8.0 	 3 	 7 	 2 	 0.014492753623188406
94 	 6 	 8.0 	 3 	 7 	 1 	 0.014492753623188406
95 	 7 	 8.0 	 2 	 7 	 3 	 0.014492753623188406
96 	 5 	 8.0 	 3 	 7 	 6 	 0.028985507246376812
97 	 5 	 8.0 	 4 	 7 	 2 	 0.014492753623188406
98 	 6 	 8.0 	 3 	 7 	 3 	 0.028985507246376812
99 	 6 	 9.0 	 4 	 7 	 2 	 0.028985507246376812
100 	 6 	 9.0 	 4 	 7 	 1 	 0.028985507246376812
101 	 5 	 9.0 	 5 	 7 	 1 	 0.043478260869565216
102 	 5 	 9.0 	 5 	 7 	 1 	 0.028985507246376812
103 	 8 	 9.0 	 3 	 8 	 1 	 0.028985507246376812
104 	 8 	 9.0 	 3 	 8 	 1 	 0.028985507246376812
105 	 6 	 9.0 	 5 	 7 	 1 	 0.028985507246376812
106 	 6 	 9.0 	 4 	 7 	 1 	 0.028985507246376812
107 	 7 	 9.0 	 3 	 7 	 1 	 0.028985507246376812
108 	 6 	 9.0 	 5 	 7 	 1 	 0.028985507246376812
109 	 7 	 9.0 	 3 	 7 	 1 	 0.028985507246376812
110 	 5 	 9.0 	 6 	 7 	 1 	 0.028985507246376812
111 	 7 	 9.0 	 4 	 8 	 1 	 0.028985507246376812
112 	 7 	 9.0 	 4 	 8 	 1 	 0.028985507246376812
113 	 8 	 9.0 	 3 	 8 	 1 	 0.028985507246376812
114 	 7 	 9.0 	 3 	 7 	 1 	 0.028985507246376812
115 	 6 	 9.0 	 3 	 8 	 1 	 0.043478260869565216
116 	 7 	 9.0 	 4 	 7 	 1 	 0.028985507246376812
117 	 6 	 9.0 	 4 	 8 	 1 	 0.028985507246376812
118 	 6 	 9.0 	 5 	 7 	 1 	 0.028985507246376812
119 	 9 	 9.0 	 2 	 9 	 1 	 0.014492753623188406
120 	 7 	 9.0 	 4 	 7 	 1 	 0.028985507246376812
121 	 6 	 9.0 	 5 	 7 	 1 	 0.028985507246376812
122 	 7 	 9.0 	 3 	 8 	 1 	 0.014492753623188406
123 	 6 	 9.0 	 5 	 7 	 1 	 0.057971014492753624
124 	 5 	 9.0 	 6 	 7 	 1 	 0.043478260869565216
125 	 7 	 9.0 	 4 	 7 	 1 	 0.043478260869565216
126 	 6 	 9.0 	 5 	 7 	 1 	 0.043478260869565216
127 	 7 	 9.0 	 4 	 7 	 1 	 0.014492753623188406
128 	 6 	 9.0 	 5 	 7 	 1 	 0.014492753623188406
129 	 8 	 9.0 	 2 	 8 	 1 	 0.014492753623188406
130 	 5 	 9.0 	 6 	 7 	 1 	 0.043478260869565216
131 	 7 	 9.0 	 4 	 8 	 1 	 0.014492753623188406
132 	 6 	 9.0 	 5 	 7 	 1 	 0.028985507246376812
133 	 7 	 9.0 	 3 	 8 	 1 	 0.014492753623188406
134 	 4 	 9.0 	 6 	 7 	 1 	 0.014492753623188406
135 	 6 	 9.0 	 5 	 7 	 3 	 0.028985507246376812
136 	 7 	 9.0 	 4 	 7 	 2 	 0.028985507246376812
137 	 5 	 9.0 	 6 	 7 	 1 	 0.043478260869565216
138 	 6 	 9.0 	 5 	 7 	 1 	 0.028985507246376812
139 	 6 	 9.0 	 4 	 7 	 1 	 0.057971014492753624
140 	 5 	 9.0 	 5 	 7 	 1 	 0.028985507246376812
141 	 7 	 9.0 	 4 	 7 	 1 	 0.028985507246376812
142 	 6 	 9.0 	 4 	 7 	 2 	 0.057971014492753624
143 	 7 	 9.0 	 4 	 8 	 1 	 0.014492753623188406
144 	 8 	 9.0 	 3 	 8 	 1 	 0.014492753623188406
145 	 7 	 9.0 	 3 	 9 	 2 	 0.028985507246376812
146 	 6 	 9.0 	 5 	 7 	 3 	 0.028985507246376812
147 	 6 	 9.0 	 5 	 7 	 2 	 0.028985507246376812
148 	 6 	 9.0 	 4 	 7 	 5 	 0.028985507246376812
149 	 5 	 9.0 	 6 	 7 	 3 	 0.028985507246376812
150 	 6 	 9.0 	 4 	 7 	 1 	 0.028985507246376812
151 	 5 	 9.0 	 6 	 7 	 3 	 0.028985507246376812
152 	 5 	 10.0 	 6 	 7 	 1 	 0.028985507246376812
153 	 8 	 10.0 	 5 	 8 	 1 	 0.043478260869565216
154 	 7 	 10.0 	 5 	 8 	 1 	 0.057971014492753624
155 	 6 	 10.0 	 5 	 8 	 1 	 0.028985507246376812
156 	 7 	 10.0 	 6 	 8 	 1 	 0.028985507246376812
157 	 6 	 10.0 	 7 	 7 	 1 	 0.028985507246376812
158 	 6 	 10.0 	 7 	 7 	 1 	 0.028985507246376812
159 	 6 	 10.0 	 6 	 7 	 1 	 0.028985507246376812
160 	 6 	 10.0 	 5 	 8 	 1 	 0.043478260869565216
161 	 8 	 11.0 	 5 	 8 	 1 	 0.043478260869565216
BestSolution
x_{3}
x_{4}
x_{15}
x_{16}
x_{24}
x_{25}
x_{29}
Objective: 7
ChainS-ChainL 0.2 3
Info {'qpu_sampling_time': 303740.0, 'qpu_anneal_time_per_sample': 200.0, 'qpu_readout_time_per_sample': 83.16, 'qpu_access_time': 319503.57, 'qpu_access_overhead_time': 1835.43, 'qpu_programming_time': 15763.57, 'qpu_delay_time_per_sample': 20.58, 'post_processing_overhead_time': 1.0, 'total_post_processing_time': 1.0}
Emb {'embedding': {36: (5209,), 0: (5208,), 8: (1017,), 9: (957,), 15: (927,), 37: (5194,), 3: (1032,), 16: (896, 897, 895), 38: (5135, 1047, 5134), 14: (4970, 1046), 17: (1062,), 39: (1077, 1076), 2: (4955,), 18: (5105,), 40: (1031, 5075, 1137), 13: (5014, 5015), 19: (1166, 5030), 41: (1136,), 1: (1000, 4895), 22: (1122, 1121), 42: (4910,), 10: (1106, 4925, 1107), 23: (1165,), 43: (4865, 1045), 11: (1030,), 24: (4804, 880), 44: (4849, 4848), 12: (4833,), 25: (910, 911), 45: (4954, 790), 7: (851,), 26: (881, 882), 46: (4998, 4999), 21: (4894, 820), 27: (805,), 47: (4983,), 5: (866, 865), 28: (716,), 48: (5013, 701), 20: (5044, 5043), 30: (4968,), 49: (4908, 731), 29: (777, 776), 31: (835, 4909), 50: (5028, 836), 6: (5163,), 32: (5089,), 53: (5224, 5225, 867), 54: (5239, 5240), 55: (912, 5104), 58: (5074,), 59: (5164, 971), 60: (986, 985), 61: (970, 969), 62: (4834, 1015), 63: (4939, 4940), 64: (941, 942), 69: (956, 955), 70: (4864,), 71: (4879,), 76: (5178, 5179), 77: (5120, 5119, 791), 78: (5045, 1061), 79: (5060, 5059), 80: (5029, 1016), 81: (4969, 926), 82: (4924,), 85: (5149, 5150), 4: (2404,)}, 'chain_break_method': 'majority_vote', 'embedding_parameters': {}, 'chain_strength': 0.5532512598464997}
x_{0} 1
x_{1} 2
x_{2} 1
x_{3} 1
x_{4} 1
x_{5} 2
x_{6} 1
x_{7} 1
x_{8} 1
x_{9} 1
x_{10} 3
x_{11} 1
x_{12} 1
x_{13} 2
x_{14} 2
x_{15} 1
x_{16} 3
x_{17} 1
x_{18} 1
x_{19} 2
x_{20} 2
x_{21} 2
x_{22} 2
x_{23} 1
x_{24} 2
x_{25} 2
x_{26} 2
x_{27} 1
x_{28} 1
x_{29} 2
x_{30} 1
x_{31} 2
x_{32} 1
y^2_1 1
y^2_2 1
y^2_3 3
y^2_4 2
y^2_5 3
y^2_6 1
y^2_7 1
y^2_8 2
y^2_9 2
y^2_10 2
y^2_11 2
y^2_12 1
y^2_13 2
y^2_14 2
y^2_15 2
y^3_1 3
y^3_2 2
y^3_3 2
y^4_1 1
y^4_2 2
y^4_3 2
y^4_4 2
y^4_5 2
y^4_6 2
y^4_7 2
y^6_1 2
y^6_2 1
y^6_3 1
y^8_1 2
y^8_2 3
y^8_3 2
y^8_4 2
y^8_5 2
y^8_6 2
y^8_7 1
y^9_1 2
