#Var-#NoneZ: 162 - 542
0.521536192416212 [(0.0, 0.0), (200.0, 1.0)]
TimeRunning 4.119862079620361
0 	 7 	 7.0 	 0 	 7 	 21 	 0.0
1 	 7 	 8.0 	 2 	 7 	 183 	 0.014285714285714285
2 	 7 	 8.0 	 2 	 7 	 1 	 0.02142857142857143
3 	 8 	 8.0 	 0 	 8 	 1 	 0.007142857142857143
4 	 7 	 8.0 	 2 	 7 	 1 	 0.007142857142857143
5 	 8 	 8.0 	 0 	 8 	 2 	 0.007142857142857143
6 	 8 	 8.0 	 1 	 8 	 215 	 0.014285714285714285
7 	 7 	 8.0 	 2 	 7 	 1 	 0.02142857142857143
8 	 7 	 9.0 	 2 	 7 	 1 	 0.014285714285714285
9 	 8 	 9.0 	 2 	 8 	 2 	 0.02142857142857143
10 	 9 	 9.0 	 1 	 9 	 1 	 0.02142857142857143
11 	 8 	 9.0 	 2 	 8 	 1 	 0.02142857142857143
12 	 9 	 9.0 	 1 	 9 	 1 	 0.02142857142857143
13 	 8 	 9.0 	 2 	 8 	 12 	 0.014285714285714285
14 	 8 	 9.0 	 1 	 8 	 3 	 0.014285714285714285
15 	 9 	 9.0 	 1 	 9 	 11 	 0.014285714285714285
16 	 8 	 9.0 	 2 	 8 	 1 	 0.014285714285714285
17 	 9 	 9.0 	 1 	 9 	 1 	 0.014285714285714285
18 	 8 	 9.0 	 2 	 8 	 1 	 0.014285714285714285
19 	 9 	 9.0 	 1 	 9 	 1 	 0.014285714285714285
20 	 7 	 9.0 	 2 	 7 	 201 	 0.02142857142857143
21 	 7 	 9.0 	 2 	 7 	 22 	 0.014285714285714285
22 	 7 	 9.0 	 2 	 7 	 11 	 0.014285714285714285
23 	 8 	 9.0 	 1 	 8 	 1 	 0.014285714285714285
24 	 8 	 9.0 	 2 	 8 	 17 	 0.02142857142857143
25 	 9 	 9.0 	 1 	 9 	 15 	 0.02142857142857143
26 	 8 	 9.0 	 2 	 8 	 1 	 0.007142857142857143
27 	 9 	 9.0 	 0 	 9 	 1 	 0.014285714285714285
28 	 9 	 10.0 	 2 	 9 	 1 	 0.02142857142857143
29 	 10 	 10.0 	 1 	 10 	 1 	 0.02142857142857143
30 	 10 	 10.0 	 1 	 10 	 1 	 0.02142857142857143
31 	 9 	 10.0 	 1 	 9 	 1 	 0.02142857142857143
32 	 9 	 10.0 	 2 	 9 	 4 	 0.02142857142857143
33 	 9 	 10.0 	 2 	 9 	 1 	 0.02857142857142857
34 	 10 	 10.0 	 1 	 10 	 1 	 0.02857142857142857
35 	 8 	 10.0 	 3 	 8 	 3 	 0.02857142857142857
36 	 10 	 10.0 	 1 	 10 	 8 	 0.02142857142857143
37 	 7 	 10.0 	 4 	 7 	 1 	 0.014285714285714285
38 	 9 	 10.0 	 2 	 9 	 10 	 0.02142857142857143
39 	 8 	 10.0 	 2 	 8 	 3 	 0.02142857142857143
40 	 9 	 10.0 	 2 	 9 	 13 	 0.02142857142857143
41 	 6 	 10.0 	 4 	 7 	 1 	 0.02142857142857143
42 	 8 	 10.0 	 3 	 8 	 1 	 0.02142857142857143
43 	 8 	 10.0 	 3 	 8 	 1 	 0.02857142857142857
44 	 8 	 10.0 	 3 	 8 	 6 	 0.02142857142857143
45 	 8 	 10.0 	 2 	 8 	 2 	 0.02142857142857143
46 	 10 	 10.0 	 1 	 10 	 1 	 0.03571428571428571
47 	 8 	 10.0 	 2 	 8 	 29 	 0.02857142857142857
48 	 8 	 10.0 	 3 	 8 	 13 	 0.02857142857142857
49 	 9 	 10.0 	 2 	 9 	 13 	 0.02857142857142857
50 	 9 	 10.0 	 2 	 9 	 2 	 0.02142857142857143
51 	 7 	 10.0 	 4 	 7 	 1 	 0.02857142857142857
52 	 8 	 10.0 	 3 	 8 	 1 	 0.02142857142857143
53 	 9 	 11.0 	 3 	 9 	 2 	 0.02857142857142857
54 	 9 	 11.0 	 1 	 9 	 1 	 0.02142857142857143
55 	 9 	 11.0 	 3 	 9 	 1 	 0.02857142857142857
56 	 9 	 11.0 	 3 	 9 	 1 	 0.02857142857142857
57 	 10 	 11.0 	 2 	 10 	 1 	 0.02857142857142857
58 	 9 	 11.0 	 2 	 9 	 2 	 0.02857142857142857
59 	 10 	 11.0 	 2 	 10 	 3 	 0.02857142857142857
60 	 9 	 11.0 	 3 	 10 	 1 	 0.02857142857142857
61 	 9 	 11.0 	 2 	 9 	 1 	 0.02857142857142857
62 	 10 	 11.0 	 2 	 10 	 3 	 0.02857142857142857
63 	 9 	 11.0 	 3 	 9 	 1 	 0.02857142857142857
64 	 10 	 11.0 	 2 	 10 	 3 	 0.03571428571428571
65 	 9 	 11.0 	 3 	 9 	 1 	 0.03571428571428571
66 	 10 	 11.0 	 2 	 10 	 1 	 0.02857142857142857
67 	 10 	 11.0 	 2 	 10 	 1 	 0.02857142857142857
68 	 9 	 11.0 	 2 	 9 	 1 	 0.02857142857142857
69 	 11 	 11.0 	 1 	 11 	 1 	 0.02142857142857143
70 	 9 	 11.0 	 2 	 9 	 2 	 0.04285714285714286
71 	 9 	 11.0 	 3 	 9 	 7 	 0.02857142857142857
72 	 9 	 11.0 	 2 	 9 	 11 	 0.03571428571428571
73 	 8 	 11.0 	 3 	 9 	 1 	 0.03571428571428571
74 	 8 	 11.0 	 3 	 9 	 1 	 0.03571428571428571
75 	 9 	 11.0 	 2 	 9 	 2 	 0.03571428571428571
76 	 8 	 11.0 	 3 	 8 	 4 	 0.02857142857142857
77 	 8 	 11.0 	 3 	 8 	 16 	 0.03571428571428571
78 	 10 	 11.0 	 2 	 10 	 1 	 0.02857142857142857
79 	 8 	 11.0 	 3 	 8 	 1 	 0.02857142857142857
80 	 8 	 11.0 	 4 	 8 	 1 	 0.03571428571428571
81 	 10 	 12.0 	 3 	 10 	 1 	 0.03571428571428571
82 	 10 	 12.0 	 2 	 10 	 2 	 0.02857142857142857
83 	 9 	 12.0 	 3 	 9 	 9 	 0.04285714285714286
84 	 9 	 12.0 	 3 	 9 	 1 	 0.04285714285714286
85 	 8 	 12.0 	 3 	 9 	 1 	 0.04285714285714286
86 	 8 	 12.0 	 4 	 8 	 1 	 0.04285714285714286
87 	 9 	 12.0 	 3 	 9 	 1 	 0.03571428571428571
88 	 9 	 12.0 	 3 	 9 	 1 	 0.04285714285714286
89 	 10 	 12.0 	 2 	 10 	 3 	 0.02857142857142857
90 	 10 	 12.0 	 3 	 10 	 1 	 0.03571428571428571
91 	 9 	 12.0 	 3 	 9 	 2 	 0.03571428571428571
92 	 10 	 13.0 	 3 	 10 	 2 	 0.04285714285714286
93 	 9 	 13.0 	 4 	 9 	 1 	 0.04285714285714286
94 	 10 	 13.0 	 4 	 10 	 1 	 0.04285714285714286
95 	 9 	 13.0 	 4 	 9 	 1 	 0.04285714285714286
96 	 10 	 13.0 	 4 	 10 	 1 	 0.04285714285714286
97 	 9 	 13.0 	 4 	 9 	 1 	 0.04285714285714286
98 	 9 	 13.0 	 4 	 9 	 1 	 0.04285714285714286
99 	 10 	 13.0 	 3 	 10 	 2 	 0.03571428571428571
100 	 9 	 13.0 	 3 	 9 	 3 	 0.03571428571428571
101 	 9 	 13.0 	 4 	 9 	 1 	 0.05
102 	 9 	 13.0 	 4 	 9 	 2 	 0.03571428571428571
103 	 9 	 13.0 	 3 	 9 	 1 	 0.03571428571428571
104 	 10 	 13.0 	 3 	 10 	 1 	 0.03571428571428571
105 	 8 	 13.0 	 4 	 9 	 1 	 0.03571428571428571
106 	 9 	 13.0 	 3 	 9 	 5 	 0.04285714285714286
107 	 9 	 13.0 	 3 	 9 	 7 	 0.04285714285714286
108 	 8 	 13.0 	 5 	 8 	 1 	 0.03571428571428571
109 	 10 	 13.0 	 3 	 10 	 4 	 0.03571428571428571
110 	 9 	 13.0 	 4 	 9 	 1 	 0.05
111 	 9 	 13.0 	 4 	 9 	 1 	 0.05
112 	 9 	 13.0 	 3 	 9 	 2 	 0.05
113 	 9 	 14.0 	 4 	 9 	 1 	 0.05
114 	 9 	 14.0 	 4 	 9 	 1 	 0.05714285714285714
115 	 9 	 14.0 	 4 	 9 	 1 	 0.05714285714285714
116 	 9 	 14.0 	 4 	 9 	 1 	 0.05714285714285714
117 	 10 	 14.0 	 4 	 10 	 1 	 0.04285714285714286
118 	 9 	 14.0 	 4 	 9 	 3 	 0.05
119 	 9 	 14.0 	 4 	 9 	 1 	 0.04285714285714286
120 	 10 	 14.0 	 4 	 10 	 1 	 0.04285714285714286
121 	 10 	 14.0 	 4 	 10 	 1 	 0.04285714285714286
122 	 9 	 14.0 	 4 	 9 	 2 	 0.05
123 	 9 	 14.0 	 4 	 9 	 3 	 0.05
BestSolution
x_{72}
x_{41}
x_{12}
x_{21}
x_{55}
x_{26}
x_{28}
Objective: 7
ChainS-ChainL 0.2 4
Info {'qpu_sampling_time': 302840.0, 'qpu_anneal_time_per_sample': 200.0, 'qpu_readout_time_per_sample': 82.26, 'qpu_access_time': 318601.17, 'qpu_access_overhead_time': 3352.83, 'qpu_programming_time': 15761.17, 'qpu_delay_time_per_sample': 20.58, 'post_processing_overhead_time': 1.0, 'total_post_processing_time': 1.0}
Emb {'embedding': {76: (3381, 1351), 32: (3366,), 33: (3097, 1395, 3098, 1350), 35: (3262,), 57: (3217, 3216, 3215, 1561), 77: (1336, 3291), 14: (3307, 1426, 1425, 3306), 70: (3352, 1427), 78: (1307, 1306), 26: (2993, 2992, 1305), 72: (3427, 3426), 81: (3082,), 12: (1410, 3127, 3007), 17: (1440,), 21: (1455,), 82: (1380, 3067), 4: (3036,), 83: (1245, 3051), 34: (1276, 3141, 3156), 84: (2991, 1230), 29: (2976,), 47: (3112, 3111, 1261, 3113), 85: (1200, 1201), 0: (1215,), 58: (3276, 1277), 86: (1216, 3185), 61: (1051,), 87: (1066,), 55: (3201, 3202, 3200), 67: (3275,), 90: (3096,), 91: (3066, 3142, 1320), 92: (1441,), 95: (1140, 3126), 41: (1125, 3080), 62: (1141,), 98: (3128,), 9: (1500,), 22: (3129,), 28: (3143,), 99: (1605, 3038, 3008), 25: (1725,), 30: (1607, 1606, 3458), 100: (1680, 3203), 19: (3144,), 101: (1652, 1651), 36: (1667,), 38: (1650,), 102: (1666, 1665, 3083), 27: (3053, 3052), 103: (1695, 1696), 8: (3324,), 52: (1681,), 104: (3309, 3308), 2: (1622,), 53: (1591, 3248), 105: (3323,), 59: (1501,), 106: (3292, 1516), 37: (3247, 1381), 64: (3382,), 107: (1457, 1456), 6: (3322, 3321), 66: (3277,), 108: (1443, 1442), 43: (1547, 3562), 68: (3592,), 109: (1428, 3532), 10: (1458, 3517), 110: (3487, 1308), 49: (3546,), 71: (1412, 3502), 111: (1337,), 54: (1322,), 112: (3441, 1232), 20: (1231,), 73: (3442,), 115: (1155, 3171), 15: (1005, 3065), 116: (1126,), 56: (3230,), 117: (1111,), 23: (3245,), 120: (3006,), 18: (1290,), 24: (1275,), 121: (3021, 3020), 122: (3081, 1260), 44: (1185,), 123: (1170, 1171), 42: (3365,), 124: (1186,), 31: (3351,), 125: (3336, 1112), 126: (1156,), 129: (1246, 3186), 130: (1321, 3261), 131: (1291, 1292), 134: (3037,), 13: (1470,), 135: (3022, 1560), 136: (1576, 1575, 1577), 5: (1562,), 137: (3443,), 46: (1697,), 138: (3429, 3428), 50: (1742,), 139: (1757, 3368), 16: (1711,), 140: (1726, 3233), 11: (1741,), 141: (3218,), 1: (1636,), 142: (3263, 1621), 63: (3158,), 143: (3173, 3172), 65: (3157,), 144: (1396,), 145: (1366, 1367, 3231), 48: (1352,), 146: (3457,), 60: (3472,), 147: (1397,), 39: (3396,), 148: (1382,), 151: (2977,), 154: (1592, 3338), 40: (3383,), 45: (3353,), 155: (1546, 1545), 156: (1530, 1531), 51: (3278,), 157: (3293, 1637), 69: (3413,), 158: (3397, 1502, 3398), 3: (3412,), 159: (1487,), 7: (1486,), 160: (1472, 1471), 74: (3187,)}, 'chain_break_method': 'majority_vote', 'embedding_parameters': {}, 'chain_strength': 0.521536192416212}
x_{0} 1
x_{1} 1
x_{2} 1
x_{3} 1
x_{4} 1
x_{5} 1
x_{6} 2
x_{7} 1
x_{8} 1
x_{9} 1
x_{10} 2
x_{11} 1
x_{12} 3
x_{13} 1
x_{14} 4
x_{15} 2
x_{16} 1
x_{17} 1
x_{18} 1
x_{19} 1
x_{20} 1
x_{21} 1
x_{22} 1
x_{23} 1
x_{24} 1
x_{25} 1
x_{26} 3
x_{27} 2
x_{28} 1
x_{29} 1
x_{30} 3
x_{31} 1
x_{32} 1
x_{33} 4
x_{34} 3
x_{35} 1
x_{36} 1
x_{37} 2
x_{38} 1
x_{39} 1
x_{40} 1
x_{41} 2
x_{42} 1
x_{43} 2
x_{44} 1
x_{45} 1
x_{46} 1
x_{47} 4
x_{48} 1
x_{49} 1
x_{50} 1
x_{51} 1
x_{52} 1
x_{53} 2
x_{54} 1
x_{55} 3
x_{56} 1
x_{57} 4
x_{58} 2
x_{59} 1
x_{60} 1
x_{61} 1
x_{62} 1
x_{63} 1
x_{64} 1
x_{65} 1
x_{66} 1
x_{67} 1
x_{68} 1
x_{69} 1
x_{70} 2
x_{71} 2
x_{72} 2
x_{73} 1
x_{74} 1
y^1_1 2
y^1_2 2
y^1_3 2
y^2_1 1
y^2_2 2
y^2_3 2
y^2_4 2
y^2_5 2
y^2_6 2
y^2_7 1
y^3_1 1
y^3_2 3
y^3_3 1
y^4_1 2
y^5_1 1
y^5_2 3
y^5_3 2
y^5_4 2
y^5_5 3
y^5_6 2
y^5_7 2
y^5_8 1
y^5_9 2
y^5_10 2
y^5_11 2
y^5_12 2
y^5_13 2
y^5_14 1
y^5_15 2
y^6_1 2
y^6_2 1
y^6_3 1
y^7_1 1
y^7_2 2
y^7_3 2
y^7_4 2
y^7_5 1
y^7_6 2
y^7_7 1
y^8_1 2
y^8_2 2
y^8_3 2
y^9_1 1
y^9_2 2
y^9_3 3
y^9_4 1
y^9_5 2
y^9_6 2
y^9_7 2
y^9_8 1
y^9_9 2
y^9_10 2
y^9_11 1
y^9_12 3
y^9_13 1
y^9_14 1
y^9_15 1
y^10_1 1
y^11_1 2
y^11_2 2
y^11_3 2
y^11_4 2
y^11_5 3
y^11_6 1
y^11_7 2
