#Var-#NoneZ: 388 - 1298
0.5426491362808781 [(0.0, 0.0), (200.0, 1.0)]
TimeRunning 5.210181713104248
0 	 5 	 7.0 	 3 	 5 	 1 	 0.013297872340425532
1 	 5 	 7.0 	 3 	 5 	 1 	 0.018617021276595744
2 	 5 	 7.0 	 3 	 5 	 1 	 0.02127659574468085
3 	 5 	 7.0 	 3 	 5 	 1 	 0.015957446808510637
4 	 5 	 7.0 	 3 	 5 	 1 	 0.013297872340425532
5 	 6 	 8.0 	 4 	 6 	 1 	 0.015957446808510637
6 	 5 	 8.0 	 5 	 5 	 1 	 0.005319148936170213
7 	 6 	 8.0 	 4 	 6 	 1 	 0.018617021276595744
8 	 5 	 8.0 	 3 	 6 	 1 	 0.015957446808510637
9 	 6 	 8.0 	 3 	 6 	 1 	 0.023936170212765957
10 	 6 	 8.0 	 4 	 6 	 1 	 0.015957446808510637
11 	 6 	 8.0 	 4 	 6 	 1 	 0.02127659574468085
12 	 6 	 8.0 	 3 	 6 	 1 	 0.015957446808510637
13 	 6 	 8.0 	 5 	 6 	 1 	 0.015957446808510637
14 	 6 	 8.0 	 4 	 6 	 1 	 0.02127659574468085
15 	 6 	 8.0 	 4 	 6 	 1 	 0.013297872340425532
16 	 6 	 8.0 	 4 	 6 	 1 	 0.013297872340425532
17 	 5 	 9.0 	 5 	 5 	 1 	 0.015957446808510637
18 	 5 	 9.0 	 5 	 5 	 1 	 0.013297872340425532
19 	 5 	 9.0 	 5 	 5 	 1 	 0.015957446808510637
20 	 5 	 9.0 	 5 	 5 	 1 	 0.02127659574468085
21 	 5 	 9.0 	 5 	 5 	 1 	 0.018617021276595744
22 	 5 	 9.0 	 5 	 5 	 1 	 0.018617021276595744
23 	 5 	 9.0 	 5 	 5 	 1 	 0.015957446808510637
24 	 5 	 9.0 	 5 	 5 	 1 	 0.013297872340425532
25 	 5 	 9.0 	 5 	 5 	 1 	 0.018617021276595744
26 	 5 	 9.0 	 5 	 5 	 1 	 0.015957446808510637
27 	 5 	 9.0 	 5 	 5 	 1 	 0.018617021276595744
28 	 5 	 9.0 	 3 	 6 	 1 	 0.010638297872340425
29 	 5 	 9.0 	 5 	 5 	 1 	 0.010638297872340425
30 	 5 	 9.0 	 5 	 5 	 1 	 0.013297872340425532
31 	 5 	 9.0 	 4 	 5 	 1 	 0.015957446808510637
32 	 5 	 9.0 	 5 	 5 	 1 	 0.013297872340425532
33 	 5 	 9.0 	 5 	 5 	 1 	 0.015957446808510637
34 	 5 	 9.0 	 5 	 5 	 1 	 0.015957446808510637
35 	 5 	 9.0 	 5 	 5 	 1 	 0.018617021276595744
36 	 5 	 9.0 	 5 	 5 	 1 	 0.018617021276595744
37 	 5 	 9.0 	 5 	 5 	 1 	 0.02127659574468085
38 	 5 	 9.0 	 5 	 5 	 1 	 0.010638297872340425
39 	 5 	 9.0 	 5 	 5 	 1 	 0.010638297872340425
40 	 5 	 9.0 	 5 	 5 	 1 	 0.018617021276595744
41 	 5 	 9.0 	 5 	 5 	 1 	 0.023936170212765957
42 	 5 	 9.0 	 5 	 5 	 1 	 0.031914893617021274
43 	 5 	 9.0 	 5 	 5 	 1 	 0.015957446808510637
44 	 5 	 9.0 	 5 	 5 	 1 	 0.010638297872340425
45 	 5 	 9.0 	 5 	 5 	 1 	 0.02127659574468085
46 	 5 	 9.0 	 5 	 5 	 1 	 0.010638297872340425
47 	 5 	 9.0 	 5 	 5 	 1 	 0.015957446808510637
48 	 7 	 9.0 	 4 	 7 	 1 	 0.018617021276595744
49 	 5 	 9.0 	 5 	 5 	 1 	 0.013297872340425532
50 	 5 	 9.0 	 5 	 5 	 1 	 0.015957446808510637
51 	 5 	 9.0 	 5 	 5 	 1 	 0.018617021276595744
52 	 5 	 9.0 	 5 	 5 	 1 	 0.018617021276595744
53 	 5 	 9.0 	 5 	 5 	 1 	 0.02127659574468085
54 	 5 	 9.0 	 5 	 5 	 1 	 0.02127659574468085
55 	 5 	 9.0 	 5 	 5 	 1 	 0.015957446808510637
56 	 5 	 9.0 	 5 	 5 	 1 	 0.02127659574468085
57 	 5 	 9.0 	 5 	 5 	 1 	 0.013297872340425532
58 	 5 	 9.0 	 5 	 5 	 1 	 0.015957446808510637
59 	 5 	 9.0 	 5 	 5 	 1 	 0.015957446808510637
60 	 5 	 9.0 	 5 	 5 	 1 	 0.015957446808510637
61 	 5 	 9.0 	 5 	 5 	 1 	 0.015957446808510637
62 	 5 	 9.0 	 5 	 5 	 1 	 0.018617021276595744
63 	 5 	 9.0 	 5 	 5 	 1 	 0.023936170212765957
64 	 5 	 9.0 	 5 	 5 	 1 	 0.015957446808510637
65 	 5 	 9.0 	 5 	 5 	 1 	 0.015957446808510637
66 	 5 	 9.0 	 5 	 5 	 1 	 0.013297872340425532
67 	 5 	 9.0 	 5 	 5 	 1 	 0.013297872340425532
68 	 5 	 9.0 	 5 	 5 	 1 	 0.013297872340425532
69 	 5 	 9.0 	 5 	 5 	 1 	 0.013297872340425532
70 	 5 	 9.0 	 5 	 5 	 1 	 0.013297872340425532
71 	 5 	 9.0 	 5 	 5 	 1 	 0.018617021276595744
72 	 5 	 9.0 	 5 	 5 	 1 	 0.026595744680851064
73 	 5 	 9.0 	 5 	 5 	 1 	 0.015957446808510637
74 	 5 	 9.0 	 5 	 5 	 1 	 0.018617021276595744
75 	 5 	 9.0 	 5 	 5 	 1 	 0.010638297872340425
76 	 5 	 9.0 	 5 	 5 	 1 	 0.018617021276595744
77 	 5 	 9.0 	 5 	 5 	 1 	 0.018617021276595744
78 	 5 	 9.0 	 5 	 5 	 1 	 0.015957446808510637
79 	 6 	 10.0 	 5 	 6 	 1 	 0.018617021276595744
80 	 5 	 10.0 	 7 	 5 	 1 	 0.018617021276595744
81 	 5 	 10.0 	 6 	 5 	 1 	 0.018617021276595744
82 	 6 	 10.0 	 5 	 6 	 1 	 0.018617021276595744
83 	 5 	 10.0 	 7 	 5 	 1 	 0.018617021276595744
84 	 5 	 10.0 	 7 	 5 	 1 	 0.015957446808510637
85 	 6 	 10.0 	 6 	 6 	 1 	 0.018617021276595744
86 	 6 	 10.0 	 5 	 6 	 1 	 0.010638297872340425
87 	 6 	 10.0 	 6 	 6 	 1 	 0.023936170212765957
88 	 6 	 10.0 	 7 	 6 	 1 	 0.015957446808510637
89 	 5 	 10.0 	 7 	 5 	 1 	 0.015957446808510637
90 	 6 	 10.0 	 6 	 6 	 1 	 0.015957446808510637
91 	 5 	 10.0 	 7 	 5 	 1 	 0.015957446808510637
92 	 6 	 10.0 	 7 	 6 	 1 	 0.015957446808510637
93 	 6 	 10.0 	 5 	 6 	 1 	 0.015957446808510637
94 	 6 	 10.0 	 6 	 6 	 1 	 0.015957446808510637
95 	 5 	 10.0 	 7 	 5 	 1 	 0.018617021276595744
96 	 6 	 10.0 	 6 	 6 	 1 	 0.018617021276595744
97 	 6 	 10.0 	 5 	 6 	 1 	 0.023936170212765957
98 	 6 	 10.0 	 6 	 6 	 1 	 0.018617021276595744
99 	 5 	 10.0 	 6 	 5 	 1 	 0.015957446808510637
100 	 5 	 10.0 	 7 	 5 	 1 	 0.015957446808510637
101 	 4 	 10.0 	 5 	 5 	 1 	 0.013297872340425532
102 	 5 	 10.0 	 6 	 6 	 1 	 0.015957446808510637
103 	 6 	 10.0 	 7 	 6 	 1 	 0.015957446808510637
104 	 6 	 10.0 	 6 	 6 	 1 	 0.015957446808510637
105 	 6 	 10.0 	 6 	 6 	 1 	 0.026595744680851064
106 	 6 	 10.0 	 6 	 6 	 1 	 0.026595744680851064
107 	 6 	 10.0 	 6 	 6 	 1 	 0.026595744680851064
108 	 6 	 10.0 	 7 	 6 	 1 	 0.013297872340425532
109 	 5 	 10.0 	 7 	 5 	 1 	 0.015957446808510637
110 	 6 	 10.0 	 5 	 6 	 1 	 0.015957446808510637
111 	 6 	 10.0 	 5 	 6 	 1 	 0.010638297872340425
112 	 5 	 10.0 	 7 	 5 	 1 	 0.015957446808510637
113 	 5 	 10.0 	 7 	 5 	 1 	 0.018617021276595744
114 	 4 	 10.0 	 7 	 5 	 1 	 0.02127659574468085
115 	 6 	 10.0 	 5 	 6 	 1 	 0.02127659574468085
116 	 5 	 10.0 	 7 	 5 	 1 	 0.023936170212765957
117 	 6 	 10.0 	 6 	 6 	 1 	 0.02127659574468085
118 	 6 	 10.0 	 6 	 7 	 1 	 0.023936170212765957
119 	 6 	 10.0 	 6 	 6 	 1 	 0.013297872340425532
120 	 6 	 10.0 	 5 	 6 	 1 	 0.013297872340425532
121 	 5 	 10.0 	 7 	 5 	 1 	 0.013297872340425532
122 	 6 	 10.0 	 6 	 6 	 1 	 0.02127659574468085
123 	 5 	 10.0 	 6 	 5 	 1 	 0.02127659574468085
124 	 6 	 10.0 	 5 	 6 	 1 	 0.02127659574468085
125 	 6 	 10.0 	 6 	 6 	 1 	 0.018617021276595744
126 	 6 	 10.0 	 6 	 6 	 1 	 0.018617021276595744
127 	 6 	 10.0 	 6 	 6 	 1 	 0.018617021276595744
128 	 6 	 10.0 	 5 	 6 	 1 	 0.018617021276595744
129 	 5 	 10.0 	 6 	 5 	 1 	 0.018617021276595744
130 	 6 	 10.0 	 7 	 6 	 1 	 0.023936170212765957
131 	 6 	 10.0 	 6 	 6 	 1 	 0.02127659574468085
132 	 5 	 10.0 	 7 	 5 	 1 	 0.02127659574468085
133 	 6 	 10.0 	 6 	 6 	 1 	 0.02127659574468085
134 	 6 	 10.0 	 6 	 6 	 1 	 0.02127659574468085
135 	 6 	 10.0 	 6 	 6 	 1 	 0.018617021276595744
136 	 6 	 10.0 	 6 	 6 	 1 	 0.031914893617021274
137 	 6 	 10.0 	 6 	 6 	 1 	 0.023936170212765957
138 	 6 	 10.0 	 6 	 6 	 1 	 0.023936170212765957
139 	 6 	 10.0 	 4 	 6 	 1 	 0.018617021276595744
140 	 6 	 10.0 	 5 	 6 	 1 	 0.026595744680851064
141 	 6 	 10.0 	 7 	 6 	 1 	 0.02127659574468085
142 	 6 	 10.0 	 5 	 6 	 1 	 0.026595744680851064
143 	 6 	 10.0 	 5 	 6 	 1 	 0.026595744680851064
144 	 5 	 10.0 	 7 	 5 	 1 	 0.013297872340425532
145 	 6 	 10.0 	 6 	 6 	 1 	 0.02925531914893617
146 	 6 	 10.0 	 6 	 6 	 1 	 0.02925531914893617
147 	 6 	 10.0 	 6 	 6 	 1 	 0.02925531914893617
148 	 5 	 10.0 	 7 	 5 	 1 	 0.013297872340425532
149 	 7 	 11.0 	 6 	 7 	 1 	 0.018617021276595744
150 	 7 	 11.0 	 6 	 7 	 1 	 0.026595744680851064
151 	 5 	 11.0 	 7 	 5 	 1 	 0.026595744680851064
152 	 5 	 11.0 	 7 	 5 	 1 	 0.026595744680851064
153 	 5 	 11.0 	 7 	 5 	 1 	 0.02127659574468085
154 	 5 	 11.0 	 7 	 5 	 1 	 0.015957446808510637
155 	 5 	 11.0 	 7 	 5 	 1 	 0.026595744680851064
156 	 5 	 11.0 	 7 	 5 	 1 	 0.02127659574468085
157 	 5 	 11.0 	 7 	 5 	 1 	 0.02127659574468085
158 	 5 	 11.0 	 7 	 5 	 1 	 0.026595744680851064
159 	 5 	 11.0 	 6 	 5 	 1 	 0.015957446808510637
160 	 5 	 11.0 	 7 	 5 	 1 	 0.023936170212765957
161 	 5 	 11.0 	 7 	 5 	 1 	 0.018617021276595744
162 	 5 	 11.0 	 7 	 5 	 1 	 0.018617021276595744
163 	 5 	 11.0 	 6 	 5 	 1 	 0.023936170212765957
164 	 5 	 11.0 	 7 	 5 	 1 	 0.026595744680851064
165 	 5 	 11.0 	 7 	 5 	 1 	 0.023936170212765957
166 	 6 	 11.0 	 7 	 6 	 1 	 0.013297872340425532
167 	 4 	 11.0 	 7 	 5 	 1 	 0.013297872340425532
168 	 5 	 11.0 	 7 	 5 	 1 	 0.018617021276595744
169 	 5 	 11.0 	 7 	 5 	 1 	 0.023936170212765957
170 	 5 	 11.0 	 7 	 5 	 1 	 0.023936170212765957
171 	 5 	 11.0 	 7 	 5 	 1 	 0.026595744680851064
172 	 5 	 11.0 	 7 	 5 	 1 	 0.02127659574468085
173 	 5 	 11.0 	 7 	 5 	 1 	 0.02127659574468085
174 	 7 	 11.0 	 7 	 7 	 1 	 0.026595744680851064
175 	 5 	 11.0 	 7 	 5 	 1 	 0.02127659574468085
176 	 7 	 11.0 	 6 	 7 	 1 	 0.02127659574468085
177 	 5 	 11.0 	 7 	 5 	 1 	 0.026595744680851064
178 	 5 	 11.0 	 7 	 5 	 1 	 0.026595744680851064
179 	 5 	 11.0 	 7 	 5 	 1 	 0.015957446808510637
180 	 5 	 11.0 	 6 	 5 	 1 	 0.023936170212765957
181 	 5 	 11.0 	 7 	 5 	 1 	 0.023936170212765957
182 	 4 	 11.0 	 7 	 5 	 1 	 0.018617021276595744
183 	 5 	 11.0 	 7 	 5 	 1 	 0.018617021276595744
184 	 5 	 11.0 	 7 	 5 	 1 	 0.02127659574468085
185 	 5 	 11.0 	 7 	 5 	 1 	 0.02127659574468085
186 	 5 	 11.0 	 7 	 5 	 1 	 0.023936170212765957
187 	 5 	 11.0 	 7 	 5 	 1 	 0.02127659574468085
188 	 5 	 11.0 	 7 	 5 	 1 	 0.018617021276595744
189 	 5 	 11.0 	 7 	 5 	 1 	 0.015957446808510637
190 	 5 	 11.0 	 7 	 5 	 1 	 0.023936170212765957
191 	 5 	 11.0 	 6 	 5 	 1 	 0.018617021276595744
192 	 5 	 11.0 	 7 	 5 	 1 	 0.018617021276595744
193 	 5 	 11.0 	 7 	 5 	 1 	 0.018617021276595744
194 	 5 	 11.0 	 8 	 5 	 1 	 0.018617021276595744
195 	 5 	 11.0 	 7 	 5 	 1 	 0.018617021276595744
196 	 6 	 11.0 	 7 	 6 	 1 	 0.031914893617021274
197 	 5 	 11.0 	 6 	 6 	 1 	 0.018617021276595744
198 	 5 	 11.0 	 7 	 5 	 1 	 0.018617021276595744
199 	 5 	 11.0 	 7 	 5 	 1 	 0.015957446808510637
200 	 5 	 11.0 	 6 	 5 	 1 	 0.018617021276595744
201 	 5 	 11.0 	 7 	 5 	 1 	 0.02127659574468085
202 	 5 	 11.0 	 7 	 5 	 1 	 0.02127659574468085
203 	 5 	 11.0 	 7 	 5 	 1 	 0.02127659574468085
204 	 7 	 11.0 	 6 	 7 	 1 	 0.026595744680851064
205 	 5 	 11.0 	 7 	 5 	 1 	 0.018617021276595744
206 	 5 	 11.0 	 7 	 5 	 1 	 0.023936170212765957
207 	 5 	 11.0 	 7 	 5 	 1 	 0.023936170212765957
208 	 7 	 11.0 	 6 	 7 	 1 	 0.018617021276595744
209 	 5 	 11.0 	 7 	 5 	 1 	 0.015957446808510637
210 	 5 	 11.0 	 6 	 5 	 1 	 0.023936170212765957
211 	 8 	 11.0 	 6 	 8 	 1 	 0.02925531914893617
212 	 5 	 11.0 	 7 	 5 	 1 	 0.018617021276595744
213 	 5 	 11.0 	 7 	 5 	 1 	 0.018617021276595744
214 	 5 	 11.0 	 7 	 5 	 1 	 0.026595744680851064
215 	 5 	 11.0 	 5 	 5 	 1 	 0.02127659574468085
216 	 5 	 11.0 	 7 	 5 	 1 	 0.023936170212765957
217 	 5 	 11.0 	 7 	 5 	 1 	 0.03723404255319149
218 	 5 	 11.0 	 6 	 5 	 1 	 0.026595744680851064
219 	 5 	 11.0 	 7 	 5 	 1 	 0.026595744680851064
220 	 5 	 11.0 	 7 	 5 	 1 	 0.026595744680851064
221 	 6 	 11.0 	 7 	 6 	 1 	 0.018617021276595744
222 	 5 	 11.0 	 6 	 5 	 1 	 0.018617021276595744
223 	 5 	 11.0 	 6 	 5 	 1 	 0.023936170212765957
224 	 5 	 11.0 	 7 	 5 	 1 	 0.023936170212765957
225 	 5 	 11.0 	 7 	 5 	 1 	 0.023936170212765957
226 	 5 	 11.0 	 7 	 5 	 1 	 0.018617021276595744
227 	 5 	 11.0 	 7 	 5 	 1 	 0.018617021276595744
228 	 5 	 11.0 	 7 	 5 	 1 	 0.023936170212765957
229 	 5 	 11.0 	 6 	 5 	 1 	 0.018617021276595744
230 	 5 	 11.0 	 7 	 5 	 1 	 0.02127659574468085
231 	 5 	 11.0 	 7 	 5 	 1 	 0.023936170212765957
232 	 5 	 11.0 	 7 	 5 	 1 	 0.02127659574468085
233 	 5 	 11.0 	 7 	 5 	 1 	 0.02127659574468085
234 	 5 	 11.0 	 7 	 5 	 1 	 0.02127659574468085
235 	 5 	 11.0 	 7 	 5 	 1 	 0.02127659574468085
236 	 5 	 11.0 	 7 	 5 	 1 	 0.023936170212765957
237 	 5 	 11.0 	 7 	 5 	 1 	 0.018617021276595744
238 	 5 	 11.0 	 7 	 5 	 1 	 0.018617021276595744
239 	 5 	 11.0 	 6 	 5 	 1 	 0.026595744680851064
240 	 5 	 11.0 	 7 	 5 	 1 	 0.02925531914893617
241 	 5 	 11.0 	 7 	 5 	 1 	 0.02925531914893617
242 	 5 	 11.0 	 7 	 5 	 1 	 0.015957446808510637
243 	 5 	 11.0 	 7 	 5 	 1 	 0.02127659574468085
244 	 5 	 11.0 	 7 	 5 	 1 	 0.015957446808510637
245 	 5 	 11.0 	 7 	 5 	 1 	 0.026595744680851064
246 	 7 	 11.0 	 6 	 7 	 1 	 0.023936170212765957
247 	 5 	 11.0 	 7 	 5 	 1 	 0.026595744680851064
248 	 5 	 11.0 	 7 	 5 	 1 	 0.02127659574468085
249 	 5 	 11.0 	 7 	 5 	 1 	 0.015957446808510637
250 	 5 	 11.0 	 7 	 5 	 1 	 0.023936170212765957
251 	 7 	 11.0 	 6 	 7 	 1 	 0.02127659574468085
252 	 5 	 11.0 	 7 	 5 	 1 	 0.026595744680851064
253 	 5 	 11.0 	 7 	 5 	 1 	 0.02925531914893617
254 	 7 	 11.0 	 6 	 7 	 1 	 0.026595744680851064
255 	 6 	 11.0 	 7 	 6 	 1 	 0.026595744680851064
256 	 8 	 11.0 	 6 	 8 	 1 	 0.015957446808510637
257 	 5 	 11.0 	 7 	 5 	 1 	 0.026595744680851064
258 	 5 	 11.0 	 7 	 5 	 1 	 0.018617021276595744
259 	 5 	 11.0 	 7 	 5 	 1 	 0.02127659574468085
260 	 5 	 11.0 	 7 	 5 	 1 	 0.023936170212765957
261 	 5 	 11.0 	 7 	 5 	 1 	 0.023936170212765957
262 	 5 	 11.0 	 7 	 5 	 1 	 0.023936170212765957
263 	 5 	 11.0 	 7 	 5 	 1 	 0.015957446808510637
264 	 6 	 11.0 	 7 	 6 	 1 	 0.02127659574468085
265 	 5 	 11.0 	 7 	 5 	 1 	 0.018617021276595744
266 	 5 	 11.0 	 7 	 5 	 1 	 0.02127659574468085
267 	 5 	 11.0 	 7 	 5 	 1 	 0.026595744680851064
268 	 5 	 11.0 	 7 	 5 	 1 	 0.023936170212765957
269 	 8 	 11.0 	 7 	 8 	 1 	 0.02127659574468085
270 	 5 	 11.0 	 7 	 5 	 1 	 0.02127659574468085
271 	 5 	 11.0 	 7 	 5 	 1 	 0.02127659574468085
272 	 5 	 11.0 	 6 	 5 	 1 	 0.023936170212765957
273 	 5 	 11.0 	 7 	 5 	 1 	 0.023936170212765957
274 	 5 	 11.0 	 7 	 5 	 1 	 0.02127659574468085
275 	 5 	 11.0 	 7 	 5 	 1 	 0.023936170212765957
276 	 5 	 11.0 	 7 	 5 	 1 	 0.02127659574468085
277 	 5 	 11.0 	 7 	 5 	 1 	 0.02127659574468085
278 	 5 	 11.0 	 7 	 5 	 1 	 0.023936170212765957
279 	 7 	 11.0 	 6 	 7 	 1 	 0.02127659574468085
280 	 5 	 11.0 	 7 	 5 	 1 	 0.02127659574468085
281 	 5 	 11.0 	 7 	 5 	 1 	 0.023936170212765957
282 	 5 	 11.0 	 7 	 5 	 1 	 0.02127659574468085
283 	 5 	 11.0 	 6 	 5 	 1 	 0.02127659574468085
284 	 6 	 12.0 	 8 	 6 	 1 	 0.023936170212765957
285 	 6 	 12.0 	 7 	 6 	 1 	 0.02127659574468085
286 	 6 	 12.0 	 8 	 6 	 1 	 0.023936170212765957
287 	 6 	 12.0 	 8 	 6 	 1 	 0.026595744680851064
288 	 6 	 12.0 	 7 	 6 	 1 	 0.02925531914893617
289 	 5 	 12.0 	 9 	 5 	 1 	 0.023936170212765957
290 	 6 	 12.0 	 8 	 6 	 1 	 0.023936170212765957
291 	 5 	 12.0 	 9 	 5 	 1 	 0.02925531914893617
292 	 5 	 12.0 	 9 	 5 	 1 	 0.026595744680851064
293 	 5 	 12.0 	 8 	 5 	 1 	 0.02925531914893617
294 	 5 	 12.0 	 9 	 5 	 1 	 0.023936170212765957
295 	 6 	 12.0 	 8 	 6 	 1 	 0.023936170212765957
296 	 6 	 12.0 	 8 	 6 	 1 	 0.026595744680851064
297 	 6 	 12.0 	 7 	 6 	 1 	 0.015957446808510637
298 	 5 	 12.0 	 9 	 5 	 1 	 0.023936170212765957
299 	 5 	 12.0 	 8 	 5 	 1 	 0.015957446808510637
300 	 6 	 12.0 	 8 	 6 	 1 	 0.023936170212765957
301 	 6 	 12.0 	 9 	 6 	 1 	 0.023936170212765957
302 	 5 	 12.0 	 9 	 5 	 1 	 0.026595744680851064
303 	 7 	 12.0 	 7 	 7 	 1 	 0.026595744680851064
304 	 5 	 12.0 	 8 	 5 	 1 	 0.026595744680851064
305 	 6 	 12.0 	 8 	 6 	 1 	 0.026595744680851064
306 	 6 	 12.0 	 8 	 6 	 1 	 0.02127659574468085
307 	 6 	 12.0 	 8 	 6 	 1 	 0.023936170212765957
308 	 6 	 12.0 	 8 	 6 	 1 	 0.026595744680851064
309 	 6 	 12.0 	 7 	 6 	 1 	 0.026595744680851064
310 	 5 	 12.0 	 9 	 5 	 1 	 0.02925531914893617
311 	 6 	 12.0 	 8 	 6 	 1 	 0.023936170212765957
312 	 7 	 12.0 	 7 	 7 	 1 	 0.015957446808510637
313 	 5 	 12.0 	 9 	 5 	 1 	 0.02925531914893617
314 	 5 	 12.0 	 9 	 5 	 1 	 0.023936170212765957
315 	 6 	 12.0 	 8 	 6 	 1 	 0.023936170212765957
316 	 6 	 12.0 	 7 	 6 	 1 	 0.02925531914893617
317 	 6 	 12.0 	 8 	 6 	 1 	 0.02127659574468085
318 	 5 	 12.0 	 9 	 5 	 1 	 0.018617021276595744
319 	 7 	 12.0 	 8 	 7 	 1 	 0.023936170212765957
320 	 6 	 12.0 	 8 	 6 	 1 	 0.023936170212765957
321 	 6 	 12.0 	 9 	 6 	 1 	 0.023936170212765957
322 	 6 	 12.0 	 7 	 6 	 1 	 0.023936170212765957
323 	 6 	 12.0 	 8 	 6 	 1 	 0.02127659574468085
324 	 7 	 12.0 	 7 	 7 	 1 	 0.02127659574468085
325 	 6 	 12.0 	 7 	 6 	 1 	 0.02127659574468085
326 	 5 	 12.0 	 7 	 6 	 1 	 0.02127659574468085
327 	 6 	 12.0 	 8 	 6 	 1 	 0.026595744680851064
328 	 5 	 12.0 	 8 	 6 	 1 	 0.018617021276595744
329 	 6 	 12.0 	 8 	 6 	 1 	 0.018617021276595744
330 	 5 	 12.0 	 8 	 5 	 1 	 0.018617021276595744
331 	 8 	 12.0 	 6 	 8 	 1 	 0.018617021276595744
332 	 6 	 12.0 	 8 	 6 	 1 	 0.031914893617021274
333 	 6 	 12.0 	 8 	 6 	 1 	 0.02127659574468085
334 	 5 	 12.0 	 9 	 5 	 1 	 0.015957446808510637
335 	 5 	 12.0 	 9 	 5 	 1 	 0.02925531914893617
336 	 6 	 12.0 	 8 	 6 	 1 	 0.023936170212765957
337 	 5 	 12.0 	 9 	 6 	 1 	 0.026595744680851064
338 	 5 	 12.0 	 8 	 5 	 1 	 0.018617021276595744
339 	 6 	 12.0 	 7 	 6 	 1 	 0.018617021276595744
340 	 5 	 12.0 	 9 	 5 	 1 	 0.02925531914893617
341 	 6 	 12.0 	 8 	 6 	 1 	 0.023936170212765957
342 	 7 	 12.0 	 7 	 7 	 1 	 0.023936170212765957
343 	 6 	 12.0 	 8 	 6 	 1 	 0.026595744680851064
344 	 6 	 12.0 	 8 	 6 	 1 	 0.02127659574468085
345 	 6 	 12.0 	 6 	 6 	 1 	 0.02127659574468085
346 	 6 	 12.0 	 8 	 6 	 1 	 0.018617021276595744
347 	 7 	 12.0 	 8 	 7 	 1 	 0.023936170212765957
348 	 6 	 12.0 	 7 	 6 	 1 	 0.023936170212765957
349 	 6 	 12.0 	 8 	 6 	 1 	 0.015957446808510637
350 	 6 	 12.0 	 8 	 6 	 1 	 0.02127659574468085
351 	 6 	 12.0 	 7 	 6 	 1 	 0.02127659574468085
352 	 6 	 12.0 	 9 	 6 	 1 	 0.015957446808510637
353 	 6 	 12.0 	 7 	 6 	 1 	 0.015957446808510637
354 	 6 	 12.0 	 8 	 6 	 1 	 0.023936170212765957
355 	 6 	 12.0 	 7 	 6 	 1 	 0.023936170212765957
356 	 5 	 12.0 	 9 	 5 	 1 	 0.023936170212765957
357 	 6 	 12.0 	 9 	 6 	 1 	 0.02925531914893617
358 	 5 	 12.0 	 9 	 5 	 1 	 0.026595744680851064
359 	 6 	 12.0 	 9 	 6 	 1 	 0.02127659574468085
360 	 6 	 12.0 	 7 	 6 	 1 	 0.02127659574468085
361 	 6 	 12.0 	 8 	 6 	 1 	 0.023936170212765957
362 	 6 	 12.0 	 7 	 6 	 1 	 0.02127659574468085
363 	 5 	 12.0 	 8 	 5 	 1 	 0.02127659574468085
364 	 6 	 12.0 	 8 	 6 	 1 	 0.034574468085106384
365 	 5 	 12.0 	 9 	 5 	 1 	 0.034574468085106384
366 	 6 	 12.0 	 7 	 6 	 1 	 0.026595744680851064
367 	 6 	 12.0 	 7 	 6 	 1 	 0.026595744680851064
368 	 6 	 12.0 	 9 	 6 	 1 	 0.018617021276595744
369 	 5 	 12.0 	 9 	 5 	 1 	 0.02127659574468085
370 	 5 	 12.0 	 8 	 6 	 1 	 0.023936170212765957
371 	 6 	 12.0 	 7 	 6 	 1 	 0.023936170212765957
372 	 6 	 12.0 	 8 	 6 	 1 	 0.023936170212765957
373 	 6 	 12.0 	 8 	 6 	 1 	 0.018617021276595744
374 	 6 	 12.0 	 8 	 6 	 1 	 0.034574468085106384
375 	 7 	 12.0 	 8 	 7 	 1 	 0.023936170212765957
376 	 7 	 12.0 	 8 	 7 	 1 	 0.034574468085106384
377 	 6 	 12.0 	 7 	 6 	 1 	 0.026595744680851064
378 	 7 	 12.0 	 8 	 7 	 1 	 0.026595744680851064
379 	 6 	 12.0 	 8 	 6 	 1 	 0.026595744680851064
380 	 6 	 12.0 	 8 	 6 	 1 	 0.026595744680851064
381 	 6 	 12.0 	 8 	 6 	 1 	 0.026595744680851064
382 	 4 	 12.0 	 9 	 5 	 1 	 0.026595744680851064
383 	 5 	 12.0 	 9 	 5 	 1 	 0.026595744680851064
384 	 5 	 12.0 	 8 	 5 	 1 	 0.026595744680851064
385 	 6 	 12.0 	 7 	 6 	 1 	 0.031914893617021274
386 	 6 	 12.0 	 8 	 6 	 1 	 0.023936170212765957
387 	 6 	 12.0 	 8 	 6 	 1 	 0.023936170212765957
388 	 6 	 12.0 	 9 	 6 	 1 	 0.018617021276595744
389 	 5 	 12.0 	 9 	 5 	 1 	 0.023936170212765957
390 	 6 	 12.0 	 8 	 6 	 1 	 0.026595744680851064
391 	 6 	 12.0 	 8 	 6 	 1 	 0.026595744680851064
392 	 4 	 12.0 	 7 	 5 	 1 	 0.02127659574468085
393 	 6 	 12.0 	 8 	 6 	 1 	 0.026595744680851064
394 	 6 	 12.0 	 7 	 6 	 1 	 0.018617021276595744
395 	 6 	 12.0 	 7 	 6 	 1 	 0.023936170212765957
396 	 6 	 12.0 	 8 	 6 	 1 	 0.031914893617021274
397 	 6 	 12.0 	 8 	 6 	 1 	 0.026595744680851064
398 	 6 	 12.0 	 8 	 6 	 1 	 0.023936170212765957
399 	 6 	 12.0 	 8 	 6 	 1 	 0.02127659574468085
400 	 6 	 12.0 	 8 	 6 	 1 	 0.02127659574468085
401 	 6 	 12.0 	 8 	 6 	 1 	 0.02127659574468085
402 	 6 	 12.0 	 7 	 6 	 1 	 0.02127659574468085
403 	 6 	 12.0 	 8 	 6 	 1 	 0.031914893617021274
404 	 6 	 12.0 	 6 	 6 	 1 	 0.02127659574468085
405 	 6 	 12.0 	 8 	 6 	 1 	 0.023936170212765957
406 	 6 	 12.0 	 8 	 6 	 1 	 0.023936170212765957
407 	 6 	 12.0 	 8 	 6 	 1 	 0.026595744680851064
408 	 6 	 12.0 	 8 	 6 	 1 	 0.023936170212765957
409 	 5 	 12.0 	 9 	 5 	 1 	 0.02925531914893617
410 	 6 	 12.0 	 8 	 6 	 1 	 0.02127659574468085
411 	 7 	 12.0 	 7 	 7 	 1 	 0.02127659574468085
412 	 6 	 12.0 	 8 	 6 	 1 	 0.02127659574468085
413 	 5 	 12.0 	 9 	 5 	 1 	 0.023936170212765957
414 	 6 	 12.0 	 8 	 6 	 1 	 0.023936170212765957
415 	 6 	 12.0 	 7 	 6 	 1 	 0.023936170212765957
416 	 6 	 12.0 	 8 	 6 	 1 	 0.034574468085106384
417 	 5 	 12.0 	 8 	 5 	 1 	 0.023936170212765957
418 	 6 	 12.0 	 8 	 6 	 1 	 0.031914893617021274
419 	 5 	 12.0 	 9 	 5 	 1 	 0.018617021276595744
420 	 5 	 12.0 	 9 	 5 	 1 	 0.026595744680851064
421 	 6 	 12.0 	 7 	 6 	 1 	 0.031914893617021274
422 	 6 	 12.0 	 8 	 6 	 1 	 0.023936170212765957
423 	 6 	 12.0 	 7 	 6 	 1 	 0.02925531914893617
424 	 5 	 12.0 	 8 	 5 	 1 	 0.026595744680851064
425 	 5 	 12.0 	 9 	 5 	 1 	 0.023936170212765957
426 	 6 	 12.0 	 8 	 6 	 1 	 0.023936170212765957
427 	 6 	 12.0 	 8 	 6 	 1 	 0.026595744680851064
428 	 6 	 12.0 	 8 	 6 	 1 	 0.026595744680851064
429 	 4 	 12.0 	 9 	 5 	 1 	 0.023936170212765957
430 	 5 	 12.0 	 9 	 5 	 1 	 0.02127659574468085
431 	 5 	 12.0 	 9 	 5 	 1 	 0.018617021276595744
432 	 6 	 12.0 	 8 	 6 	 1 	 0.02127659574468085
433 	 5 	 12.0 	 9 	 5 	 1 	 0.02127659574468085
434 	 6 	 12.0 	 8 	 6 	 1 	 0.026595744680851064
435 	 6 	 12.0 	 7 	 6 	 1 	 0.02925531914893617
436 	 6 	 12.0 	 8 	 6 	 1 	 0.02925531914893617
437 	 5 	 12.0 	 9 	 5 	 1 	 0.023936170212765957
438 	 6 	 12.0 	 8 	 6 	 1 	 0.023936170212765957
439 	 6 	 12.0 	 8 	 6 	 1 	 0.026595744680851064
440 	 6 	 12.0 	 7 	 6 	 1 	 0.026595744680851064
441 	 6 	 12.0 	 9 	 6 	 1 	 0.018617021276595744
442 	 6 	 12.0 	 9 	 6 	 1 	 0.026595744680851064
443 	 6 	 12.0 	 8 	 6 	 1 	 0.02925531914893617
444 	 5 	 12.0 	 9 	 5 	 1 	 0.018617021276595744
445 	 6 	 12.0 	 8 	 6 	 1 	 0.026595744680851064
446 	 6 	 12.0 	 8 	 6 	 1 	 0.023936170212765957
447 	 6 	 12.0 	 8 	 6 	 1 	 0.02925531914893617
448 	 6 	 12.0 	 7 	 6 	 1 	 0.031914893617021274
449 	 6 	 12.0 	 7 	 6 	 1 	 0.02127659574468085
450 	 5 	 12.0 	 9 	 5 	 1 	 0.02127659574468085
451 	 7 	 13.0 	 8 	 7 	 1 	 0.02925531914893617
452 	 7 	 13.0 	 7 	 7 	 1 	 0.02127659574468085
453 	 5 	 13.0 	 9 	 5 	 1 	 0.018617021276595744
454 	 5 	 13.0 	 9 	 5 	 1 	 0.026595744680851064
455 	 5 	 13.0 	 9 	 5 	 1 	 0.02925531914893617
456 	 5 	 13.0 	 9 	 5 	 1 	 0.023936170212765957
457 	 5 	 13.0 	 9 	 5 	 1 	 0.018617021276595744
458 	 5 	 13.0 	 9 	 5 	 1 	 0.023936170212765957
459 	 4 	 13.0 	 9 	 5 	 1 	 0.02925531914893617
460 	 5 	 13.0 	 9 	 5 	 1 	 0.026595744680851064
461 	 5 	 13.0 	 9 	 5 	 1 	 0.023936170212765957
462 	 5 	 13.0 	 9 	 5 	 1 	 0.03723404255319149
463 	 5 	 13.0 	 9 	 5 	 1 	 0.02127659574468085
464 	 4 	 13.0 	 9 	 5 	 1 	 0.02127659574468085
465 	 5 	 13.0 	 9 	 5 	 1 	 0.02127659574468085
466 	 7 	 13.0 	 8 	 7 	 1 	 0.023936170212765957
467 	 5 	 13.0 	 8 	 5 	 1 	 0.026595744680851064
468 	 6 	 13.0 	 9 	 6 	 1 	 0.026595744680851064
469 	 5 	 13.0 	 9 	 5 	 1 	 0.023936170212765957
470 	 5 	 13.0 	 9 	 5 	 1 	 0.023936170212765957
471 	 5 	 13.0 	 9 	 5 	 1 	 0.023936170212765957
472 	 5 	 13.0 	 9 	 5 	 1 	 0.023936170212765957
473 	 6 	 13.0 	 9 	 6 	 1 	 0.02925531914893617
474 	 5 	 13.0 	 9 	 5 	 1 	 0.023936170212765957
475 	 5 	 13.0 	 9 	 5 	 1 	 0.02925531914893617
476 	 4 	 13.0 	 8 	 5 	 1 	 0.023936170212765957
477 	 5 	 13.0 	 9 	 5 	 1 	 0.026595744680851064
478 	 7 	 13.0 	 8 	 7 	 1 	 0.023936170212765957
479 	 5 	 13.0 	 9 	 5 	 1 	 0.026595744680851064
480 	 5 	 13.0 	 9 	 5 	 1 	 0.026595744680851064
481 	 5 	 13.0 	 9 	 5 	 1 	 0.023936170212765957
482 	 7 	 13.0 	 8 	 7 	 1 	 0.023936170212765957
483 	 5 	 13.0 	 9 	 5 	 1 	 0.02925531914893617
484 	 5 	 13.0 	 9 	 5 	 1 	 0.026595744680851064
485 	 5 	 13.0 	 9 	 5 	 1 	 0.023936170212765957
486 	 5 	 13.0 	 9 	 5 	 1 	 0.026595744680851064
487 	 5 	 13.0 	 8 	 6 	 1 	 0.02127659574468085
488 	 5 	 13.0 	 9 	 5 	 1 	 0.023936170212765957
489 	 4 	 13.0 	 9 	 5 	 1 	 0.031914893617021274
490 	 7 	 13.0 	 7 	 7 	 1 	 0.023936170212765957
491 	 7 	 13.0 	 8 	 7 	 1 	 0.03723404255319149
492 	 7 	 13.0 	 9 	 7 	 1 	 0.031914893617021274
493 	 5 	 13.0 	 9 	 5 	 1 	 0.02925531914893617
494 	 7 	 13.0 	 8 	 7 	 1 	 0.031914893617021274
495 	 5 	 13.0 	 9 	 5 	 1 	 0.02127659574468085
496 	 7 	 13.0 	 8 	 7 	 1 	 0.023936170212765957
497 	 5 	 13.0 	 9 	 5 	 1 	 0.018617021276595744
498 	 5 	 13.0 	 9 	 5 	 1 	 0.018617021276595744
499 	 7 	 13.0 	 7 	 7 	 1 	 0.018617021276595744
500 	 5 	 13.0 	 9 	 5 	 1 	 0.023936170212765957
501 	 5 	 13.0 	 9 	 5 	 1 	 0.023936170212765957
502 	 5 	 13.0 	 8 	 5 	 1 	 0.023936170212765957
503 	 5 	 13.0 	 9 	 5 	 1 	 0.02127659574468085
504 	 5 	 13.0 	 9 	 5 	 1 	 0.02127659574468085
505 	 7 	 13.0 	 10 	 7 	 1 	 0.02127659574468085
506 	 5 	 13.0 	 8 	 5 	 1 	 0.02127659574468085
507 	 5 	 13.0 	 9 	 5 	 1 	 0.02127659574468085
508 	 5 	 13.0 	 9 	 5 	 1 	 0.02925531914893617
509 	 5 	 13.0 	 9 	 5 	 1 	 0.026595744680851064
510 	 5 	 13.0 	 9 	 5 	 1 	 0.023936170212765957
511 	 5 	 13.0 	 9 	 5 	 1 	 0.034574468085106384
512 	 5 	 13.0 	 9 	 5 	 1 	 0.034574468085106384
513 	 5 	 13.0 	 9 	 5 	 1 	 0.023936170212765957
514 	 5 	 13.0 	 9 	 5 	 1 	 0.026595744680851064
515 	 5 	 13.0 	 9 	 5 	 1 	 0.026595744680851064
516 	 5 	 13.0 	 9 	 6 	 1 	 0.023936170212765957
517 	 7 	 13.0 	 9 	 7 	 1 	 0.026595744680851064
518 	 6 	 13.0 	 9 	 6 	 1 	 0.026595744680851064
519 	 6 	 13.0 	 9 	 6 	 1 	 0.026595744680851064
520 	 7 	 13.0 	 7 	 7 	 1 	 0.026595744680851064
521 	 7 	 13.0 	 7 	 7 	 1 	 0.026595744680851064
522 	 5 	 13.0 	 9 	 5 	 1 	 0.023936170212765957
523 	 4 	 13.0 	 9 	 5 	 1 	 0.023936170212765957
524 	 5 	 13.0 	 9 	 5 	 1 	 0.023936170212765957
525 	 5 	 13.0 	 9 	 5 	 1 	 0.026595744680851064
526 	 6 	 13.0 	 8 	 7 	 1 	 0.026595744680851064
527 	 5 	 13.0 	 9 	 5 	 1 	 0.02925531914893617
528 	 5 	 13.0 	 9 	 5 	 1 	 0.02925531914893617
529 	 7 	 13.0 	 8 	 7 	 1 	 0.02925531914893617
530 	 5 	 13.0 	 9 	 5 	 1 	 0.02925531914893617
531 	 7 	 13.0 	 8 	 7 	 1 	 0.02127659574468085
532 	 7 	 13.0 	 8 	 7 	 1 	 0.02925531914893617
533 	 5 	 13.0 	 9 	 5 	 1 	 0.023936170212765957
534 	 5 	 13.0 	 9 	 5 	 1 	 0.023936170212765957
535 	 5 	 13.0 	 9 	 5 	 1 	 0.023936170212765957
536 	 5 	 13.0 	 9 	 5 	 1 	 0.023936170212765957
537 	 5 	 13.0 	 9 	 5 	 1 	 0.023936170212765957
538 	 5 	 13.0 	 9 	 5 	 1 	 0.031914893617021274
539 	 5 	 13.0 	 9 	 5 	 1 	 0.02127659574468085
540 	 5 	 13.0 	 9 	 5 	 1 	 0.034574468085106384
541 	 5 	 13.0 	 9 	 5 	 1 	 0.02925531914893617
542 	 5 	 13.0 	 9 	 5 	 1 	 0.03723404255319149
543 	 5 	 13.0 	 8 	 5 	 1 	 0.02925531914893617
544 	 6 	 13.0 	 9 	 6 	 1 	 0.034574468085106384
545 	 5 	 13.0 	 9 	 5 	 1 	 0.034574468085106384
546 	 8 	 13.0 	 9 	 8 	 1 	 0.026595744680851064
547 	 5 	 13.0 	 9 	 5 	 1 	 0.015957446808510637
548 	 5 	 13.0 	 9 	 5 	 1 	 0.026595744680851064
549 	 7 	 13.0 	 9 	 7 	 1 	 0.026595744680851064
550 	 5 	 13.0 	 9 	 5 	 1 	 0.026595744680851064
551 	 5 	 13.0 	 9 	 5 	 1 	 0.026595744680851064
552 	 5 	 13.0 	 9 	 5 	 1 	 0.026595744680851064
553 	 5 	 13.0 	 9 	 5 	 1 	 0.023936170212765957
554 	 5 	 13.0 	 9 	 5 	 1 	 0.023936170212765957
555 	 7 	 13.0 	 8 	 7 	 1 	 0.031914893617021274
556 	 7 	 13.0 	 7 	 7 	 1 	 0.031914893617021274
557 	 5 	 13.0 	 9 	 5 	 1 	 0.031914893617021274
558 	 5 	 13.0 	 8 	 5 	 1 	 0.02127659574468085
559 	 5 	 13.0 	 9 	 5 	 1 	 0.0398936170212766
560 	 5 	 13.0 	 9 	 5 	 1 	 0.031914893617021274
561 	 5 	 13.0 	 9 	 5 	 1 	 0.031914893617021274
562 	 5 	 13.0 	 9 	 5 	 1 	 0.026595744680851064
563 	 6 	 13.0 	 9 	 6 	 1 	 0.02127659574468085
564 	 7 	 13.0 	 9 	 7 	 1 	 0.02925531914893617
565 	 5 	 13.0 	 9 	 5 	 1 	 0.02925531914893617
566 	 5 	 13.0 	 9 	 5 	 1 	 0.02127659574468085
567 	 5 	 13.0 	 9 	 5 	 1 	 0.026595744680851064
568 	 5 	 13.0 	 9 	 5 	 1 	 0.02127659574468085
569 	 5 	 13.0 	 9 	 5 	 1 	 0.02127659574468085
570 	 5 	 13.0 	 9 	 5 	 1 	 0.02127659574468085
571 	 5 	 13.0 	 8 	 5 	 1 	 0.02925531914893617
572 	 5 	 13.0 	 8 	 5 	 1 	 0.02127659574468085
573 	 5 	 13.0 	 9 	 5 	 1 	 0.02925531914893617
574 	 5 	 13.0 	 9 	 5 	 1 	 0.02127659574468085
575 	 5 	 13.0 	 9 	 5 	 1 	 0.02925531914893617
576 	 5 	 13.0 	 8 	 5 	 1 	 0.026595744680851064
577 	 5 	 13.0 	 9 	 5 	 1 	 0.02925531914893617
578 	 5 	 13.0 	 9 	 5 	 1 	 0.026595744680851064
579 	 4 	 13.0 	 9 	 5 	 1 	 0.023936170212765957
580 	 5 	 13.0 	 9 	 5 	 1 	 0.02127659574468085
581 	 5 	 13.0 	 8 	 5 	 1 	 0.02925531914893617
582 	 5 	 13.0 	 9 	 5 	 1 	 0.02925531914893617
583 	 5 	 13.0 	 9 	 5 	 1 	 0.026595744680851064
584 	 4 	 13.0 	 9 	 5 	 1 	 0.02925531914893617
585 	 5 	 13.0 	 9 	 5 	 1 	 0.02925531914893617
586 	 7 	 13.0 	 8 	 7 	 1 	 0.026595744680851064
587 	 6 	 13.0 	 9 	 6 	 1 	 0.0398936170212766
588 	 7 	 13.0 	 8 	 7 	 1 	 0.031914893617021274
589 	 5 	 13.0 	 9 	 5 	 1 	 0.026595744680851064
590 	 5 	 13.0 	 9 	 5 	 1 	 0.031914893617021274
591 	 6 	 13.0 	 9 	 6 	 1 	 0.034574468085106384
592 	 7 	 13.0 	 10 	 7 	 1 	 0.02127659574468085
593 	 5 	 13.0 	 9 	 5 	 1 	 0.031914893617021274
594 	 5 	 13.0 	 9 	 5 	 1 	 0.02925531914893617
595 	 5 	 13.0 	 9 	 5 	 1 	 0.034574468085106384
596 	 5 	 13.0 	 9 	 5 	 1 	 0.02925531914893617
597 	 5 	 13.0 	 9 	 5 	 1 	 0.02925531914893617
598 	 5 	 13.0 	 9 	 5 	 1 	 0.02127659574468085
599 	 5 	 13.0 	 9 	 5 	 1 	 0.02925531914893617
600 	 5 	 13.0 	 9 	 5 	 1 	 0.026595744680851064
601 	 6 	 13.0 	 8 	 6 	 1 	 0.018617021276595744
602 	 5 	 13.0 	 9 	 5 	 1 	 0.018617021276595744
603 	 5 	 13.0 	 9 	 5 	 1 	 0.026595744680851064
604 	 5 	 13.0 	 9 	 5 	 1 	 0.02127659574468085
605 	 5 	 13.0 	 9 	 5 	 1 	 0.02925531914893617
606 	 5 	 13.0 	 9 	 5 	 1 	 0.02127659574468085
607 	 5 	 13.0 	 8 	 5 	 1 	 0.02925531914893617
608 	 5 	 13.0 	 9 	 5 	 1 	 0.02127659574468085
609 	 5 	 13.0 	 9 	 5 	 1 	 0.02925531914893617
610 	 5 	 13.0 	 9 	 5 	 1 	 0.02127659574468085
611 	 5 	 13.0 	 9 	 5 	 1 	 0.02127659574468085
612 	 5 	 13.0 	 9 	 5 	 1 	 0.023936170212765957
613 	 5 	 13.0 	 9 	 5 	 1 	 0.02127659574468085
614 	 5 	 13.0 	 9 	 5 	 1 	 0.023936170212765957
615 	 5 	 13.0 	 9 	 5 	 1 	 0.018617021276595744
616 	 7 	 13.0 	 8 	 7 	 1 	 0.018617021276595744
617 	 7 	 13.0 	 8 	 7 	 1 	 0.02127659574468085
618 	 6 	 13.0 	 11 	 6 	 1 	 0.02127659574468085
619 	 5 	 13.0 	 9 	 6 	 1 	 0.02127659574468085
620 	 5 	 13.0 	 9 	 5 	 1 	 0.023936170212765957
621 	 4 	 13.0 	 9 	 5 	 1 	 0.026595744680851064
622 	 6 	 13.0 	 9 	 6 	 1 	 0.03723404255319149
623 	 5 	 13.0 	 9 	 5 	 1 	 0.023936170212765957
624 	 5 	 13.0 	 9 	 5 	 1 	 0.031914893617021274
625 	 7 	 13.0 	 8 	 7 	 1 	 0.026595744680851064
626 	 5 	 13.0 	 9 	 5 	 1 	 0.026595744680851064
627 	 5 	 13.0 	 9 	 5 	 1 	 0.034574468085106384
628 	 5 	 13.0 	 9 	 5 	 1 	 0.034574468085106384
629 	 5 	 13.0 	 9 	 5 	 1 	 0.023936170212765957
630 	 5 	 13.0 	 9 	 5 	 1 	 0.023936170212765957
631 	 6 	 14.0 	 9 	 6 	 1 	 0.02925531914893617
632 	 6 	 14.0 	 10 	 6 	 1 	 0.023936170212765957
633 	 6 	 14.0 	 10 	 6 	 1 	 0.023936170212765957
634 	 6 	 14.0 	 10 	 6 	 1 	 0.034574468085106384
635 	 4 	 14.0 	 9 	 5 	 1 	 0.023936170212765957
636 	 6 	 14.0 	 10 	 6 	 1 	 0.023936170212765957
637 	 6 	 14.0 	 10 	 6 	 1 	 0.031914893617021274
638 	 6 	 14.0 	 11 	 6 	 1 	 0.02127659574468085
639 	 6 	 14.0 	 10 	 6 	 1 	 0.02925531914893617
640 	 8 	 14.0 	 7 	 8 	 1 	 0.02925531914893617
641 	 6 	 14.0 	 10 	 6 	 1 	 0.026595744680851064
642 	 6 	 14.0 	 8 	 6 	 1 	 0.02127659574468085
643 	 5 	 14.0 	 11 	 5 	 1 	 0.02127659574468085
644 	 6 	 14.0 	 10 	 6 	 1 	 0.02127659574468085
645 	 6 	 14.0 	 9 	 6 	 1 	 0.026595744680851064
646 	 6 	 14.0 	 11 	 6 	 1 	 0.02925531914893617
647 	 8 	 14.0 	 9 	 8 	 1 	 0.026595744680851064
648 	 6 	 14.0 	 11 	 6 	 1 	 0.03723404255319149
649 	 6 	 14.0 	 10 	 6 	 1 	 0.02127659574468085
650 	 5 	 14.0 	 11 	 5 	 1 	 0.034574468085106384
651 	 5 	 14.0 	 11 	 5 	 1 	 0.026595744680851064
652 	 6 	 14.0 	 11 	 6 	 1 	 0.023936170212765957
653 	 5 	 14.0 	 10 	 5 	 1 	 0.023936170212765957
654 	 6 	 14.0 	 9 	 6 	 1 	 0.03723404255319149
655 	 6 	 14.0 	 9 	 6 	 1 	 0.03723404255319149
656 	 6 	 14.0 	 9 	 6 	 1 	 0.02925531914893617
657 	 6 	 14.0 	 9 	 6 	 1 	 0.02925531914893617
658 	 5 	 14.0 	 10 	 5 	 1 	 0.02925531914893617
659 	 6 	 14.0 	 9 	 6 	 1 	 0.02925531914893617
660 	 5 	 14.0 	 11 	 5 	 1 	 0.023936170212765957
661 	 5 	 14.0 	 10 	 5 	 1 	 0.034574468085106384
662 	 6 	 14.0 	 10 	 6 	 1 	 0.034574468085106384
663 	 5 	 14.0 	 11 	 5 	 1 	 0.02925531914893617
664 	 5 	 14.0 	 10 	 5 	 1 	 0.018617021276595744
665 	 8 	 14.0 	 8 	 8 	 1 	 0.031914893617021274
666 	 5 	 14.0 	 11 	 6 	 1 	 0.02925531914893617
667 	 6 	 14.0 	 10 	 6 	 1 	 0.031914893617021274
668 	 6 	 14.0 	 10 	 6 	 1 	 0.031914893617021274
669 	 6 	 14.0 	 9 	 6 	 1 	 0.02925531914893617
670 	 6 	 14.0 	 9 	 6 	 1 	 0.023936170212765957
671 	 6 	 14.0 	 10 	 6 	 1 	 0.023936170212765957
672 	 7 	 14.0 	 9 	 7 	 1 	 0.023936170212765957
673 	 6 	 14.0 	 9 	 6 	 1 	 0.034574468085106384
674 	 5 	 14.0 	 11 	 5 	 1 	 0.023936170212765957
675 	 6 	 14.0 	 9 	 6 	 1 	 0.031914893617021274
676 	 6 	 14.0 	 9 	 6 	 1 	 0.03723404255319149
677 	 6 	 14.0 	 10 	 6 	 1 	 0.02925531914893617
678 	 6 	 14.0 	 10 	 6 	 1 	 0.034574468085106384
679 	 6 	 14.0 	 10 	 6 	 1 	 0.031914893617021274
680 	 6 	 14.0 	 10 	 6 	 1 	 0.0398936170212766
681 	 6 	 14.0 	 9 	 6 	 1 	 0.0398936170212766
682 	 6 	 14.0 	 10 	 6 	 1 	 0.02925531914893617
683 	 5 	 14.0 	 10 	 5 	 1 	 0.034574468085106384
684 	 6 	 14.0 	 10 	 6 	 1 	 0.026595744680851064
685 	 6 	 14.0 	 10 	 6 	 1 	 0.034574468085106384
686 	 6 	 14.0 	 10 	 6 	 1 	 0.026595744680851064
687 	 6 	 14.0 	 9 	 6 	 1 	 0.026595744680851064
688 	 6 	 14.0 	 9 	 6 	 1 	 0.026595744680851064
689 	 6 	 14.0 	 9 	 6 	 1 	 0.026595744680851064
690 	 6 	 14.0 	 8 	 6 	 1 	 0.023936170212765957
691 	 6 	 14.0 	 10 	 6 	 1 	 0.031914893617021274
692 	 6 	 14.0 	 8 	 6 	 1 	 0.034574468085106384
693 	 6 	 14.0 	 11 	 6 	 1 	 0.034574468085106384
694 	 6 	 14.0 	 9 	 6 	 1 	 0.023936170212765957
695 	 5 	 14.0 	 11 	 5 	 1 	 0.023936170212765957
696 	 6 	 14.0 	 9 	 6 	 1 	 0.03723404255319149
697 	 6 	 14.0 	 11 	 6 	 1 	 0.023936170212765957
698 	 6 	 14.0 	 10 	 6 	 1 	 0.023936170212765957
699 	 7 	 14.0 	 9 	 7 	 1 	 0.023936170212765957
700 	 6 	 14.0 	 10 	 6 	 1 	 0.031914893617021274
701 	 5 	 14.0 	 10 	 5 	 1 	 0.031914893617021274
702 	 6 	 14.0 	 9 	 6 	 1 	 0.023936170212765957
703 	 5 	 14.0 	 11 	 5 	 1 	 0.031914893617021274
704 	 6 	 14.0 	 10 	 6 	 1 	 0.026595744680851064
705 	 6 	 14.0 	 10 	 6 	 1 	 0.026595744680851064
706 	 6 	 14.0 	 10 	 6 	 1 	 0.026595744680851064
707 	 6 	 14.0 	 10 	 6 	 1 	 0.026595744680851064
708 	 6 	 14.0 	 10 	 6 	 1 	 0.026595744680851064
709 	 6 	 14.0 	 10 	 7 	 1 	 0.034574468085106384
710 	 4 	 14.0 	 11 	 5 	 1 	 0.0425531914893617
711 	 6 	 14.0 	 10 	 6 	 1 	 0.02925531914893617
712 	 5 	 14.0 	 11 	 5 	 1 	 0.026595744680851064
713 	 6 	 14.0 	 9 	 6 	 1 	 0.03723404255319149
714 	 5 	 14.0 	 11 	 5 	 1 	 0.02925531914893617
715 	 6 	 14.0 	 10 	 6 	 1 	 0.02925531914893617
716 	 6 	 14.0 	 9 	 6 	 1 	 0.023936170212765957
717 	 7 	 14.0 	 9 	 7 	 1 	 0.02925531914893617
718 	 6 	 14.0 	 10 	 6 	 1 	 0.026595744680851064
719 	 5 	 14.0 	 10 	 5 	 1 	 0.031914893617021274
720 	 6 	 14.0 	 10 	 6 	 1 	 0.031914893617021274
721 	 6 	 14.0 	 9 	 6 	 1 	 0.031914893617021274
722 	 5 	 14.0 	 11 	 5 	 1 	 0.031914893617021274
723 	 6 	 14.0 	 10 	 6 	 1 	 0.02925531914893617
724 	 6 	 14.0 	 9 	 6 	 1 	 0.031914893617021274
725 	 6 	 14.0 	 10 	 6 	 1 	 0.023936170212765957
726 	 6 	 14.0 	 10 	 6 	 1 	 0.034574468085106384
727 	 6 	 14.0 	 10 	 6 	 1 	 0.031914893617021274
728 	 6 	 14.0 	 9 	 6 	 1 	 0.034574468085106384
729 	 6 	 14.0 	 10 	 6 	 1 	 0.031914893617021274
730 	 6 	 14.0 	 10 	 6 	 1 	 0.026595744680851064
731 	 5 	 14.0 	 11 	 5 	 1 	 0.026595744680851064
732 	 5 	 14.0 	 10 	 5 	 1 	 0.02925531914893617
733 	 6 	 14.0 	 9 	 6 	 1 	 0.026595744680851064
734 	 6 	 14.0 	 8 	 6 	 1 	 0.034574468085106384
735 	 5 	 14.0 	 11 	 5 	 1 	 0.02925531914893617
736 	 6 	 14.0 	 10 	 6 	 1 	 0.031914893617021274
737 	 6 	 14.0 	 10 	 6 	 1 	 0.023936170212765957
738 	 6 	 14.0 	 10 	 6 	 1 	 0.02925531914893617
739 	 6 	 14.0 	 10 	 6 	 1 	 0.026595744680851064
740 	 7 	 14.0 	 9 	 7 	 1 	 0.026595744680851064
741 	 6 	 14.0 	 10 	 6 	 1 	 0.026595744680851064
742 	 6 	 14.0 	 11 	 6 	 1 	 0.031914893617021274
743 	 6 	 14.0 	 10 	 6 	 1 	 0.02925531914893617
744 	 6 	 14.0 	 10 	 6 	 1 	 0.031914893617021274
745 	 5 	 14.0 	 10 	 5 	 1 	 0.031914893617021274
746 	 7 	 14.0 	 10 	 7 	 1 	 0.031914893617021274
747 	 6 	 14.0 	 10 	 6 	 1 	 0.031914893617021274
748 	 6 	 14.0 	 11 	 6 	 1 	 0.031914893617021274
749 	 6 	 14.0 	 10 	 6 	 1 	 0.023936170212765957
750 	 6 	 14.0 	 9 	 6 	 1 	 0.02925531914893617
751 	 6 	 14.0 	 10 	 6 	 1 	 0.02925531914893617
752 	 6 	 14.0 	 10 	 6 	 1 	 0.02925531914893617
753 	 6 	 14.0 	 9 	 6 	 1 	 0.02925531914893617
754 	 6 	 14.0 	 11 	 6 	 1 	 0.03723404255319149
755 	 6 	 14.0 	 10 	 7 	 1 	 0.02925531914893617
756 	 6 	 15.0 	 10 	 6 	 1 	 0.034574468085106384
757 	 5 	 15.0 	 11 	 5 	 1 	 0.031914893617021274
758 	 5 	 15.0 	 11 	 5 	 1 	 0.031914893617021274
759 	 5 	 15.0 	 11 	 5 	 1 	 0.026595744680851064
760 	 5 	 15.0 	 11 	 5 	 1 	 0.026595744680851064
761 	 5 	 15.0 	 11 	 5 	 1 	 0.02127659574468085
762 	 7 	 15.0 	 10 	 7 	 1 	 0.026595744680851064
763 	 5 	 15.0 	 10 	 5 	 1 	 0.026595744680851064
764 	 5 	 15.0 	 11 	 5 	 1 	 0.0398936170212766
765 	 5 	 15.0 	 11 	 5 	 1 	 0.02925531914893617
766 	 5 	 15.0 	 11 	 5 	 1 	 0.026595744680851064
767 	 7 	 15.0 	 9 	 7 	 1 	 0.018617021276595744
768 	 5 	 15.0 	 10 	 7 	 1 	 0.026595744680851064
769 	 5 	 15.0 	 11 	 5 	 1 	 0.034574468085106384
770 	 5 	 15.0 	 11 	 5 	 1 	 0.026595744680851064
771 	 7 	 15.0 	 11 	 7 	 1 	 0.034574468085106384
772 	 4 	 15.0 	 10 	 5 	 1 	 0.034574468085106384
773 	 5 	 15.0 	 11 	 5 	 1 	 0.034574468085106384
774 	 5 	 15.0 	 11 	 5 	 1 	 0.02925531914893617
775 	 5 	 15.0 	 11 	 5 	 1 	 0.02925531914893617
776 	 5 	 15.0 	 11 	 5 	 1 	 0.026595744680851064
777 	 7 	 15.0 	 10 	 7 	 1 	 0.026595744680851064
778 	 5 	 15.0 	 11 	 5 	 1 	 0.02925531914893617
779 	 5 	 15.0 	 11 	 5 	 1 	 0.03723404255319149
780 	 6 	 15.0 	 11 	 6 	 1 	 0.02925531914893617
781 	 5 	 15.0 	 11 	 5 	 1 	 0.02127659574468085
782 	 6 	 15.0 	 11 	 6 	 1 	 0.02925531914893617
783 	 5 	 15.0 	 11 	 5 	 1 	 0.026595744680851064
784 	 5 	 15.0 	 11 	 5 	 1 	 0.02127659574468085
785 	 7 	 15.0 	 10 	 7 	 1 	 0.034574468085106384
786 	 5 	 15.0 	 11 	 5 	 1 	 0.034574468085106384
787 	 5 	 15.0 	 10 	 5 	 1 	 0.02925531914893617
788 	 5 	 15.0 	 11 	 5 	 1 	 0.034574468085106384
789 	 6 	 15.0 	 11 	 6 	 1 	 0.026595744680851064
790 	 5 	 15.0 	 11 	 5 	 1 	 0.034574468085106384
791 	 5 	 15.0 	 11 	 5 	 1 	 0.02925531914893617
792 	 7 	 15.0 	 9 	 7 	 1 	 0.0398936170212766
793 	 6 	 15.0 	 11 	 6 	 1 	 0.02925531914893617
794 	 7 	 15.0 	 10 	 7 	 1 	 0.02925531914893617
795 	 6 	 15.0 	 11 	 6 	 1 	 0.02127659574468085
796 	 7 	 15.0 	 11 	 7 	 1 	 0.031914893617021274
797 	 5 	 15.0 	 11 	 5 	 1 	 0.023936170212765957
798 	 5 	 15.0 	 11 	 5 	 1 	 0.02925531914893617
799 	 7 	 15.0 	 10 	 7 	 1 	 0.02925531914893617
800 	 5 	 15.0 	 11 	 5 	 1 	 0.031914893617021274
801 	 5 	 15.0 	 11 	 5 	 1 	 0.02925531914893617
802 	 7 	 15.0 	 9 	 7 	 1 	 0.03723404255319149
803 	 5 	 15.0 	 10 	 5 	 1 	 0.023936170212765957
804 	 5 	 15.0 	 11 	 5 	 1 	 0.034574468085106384
805 	 6 	 15.0 	 9 	 7 	 1 	 0.02925531914893617
806 	 5 	 15.0 	 11 	 5 	 1 	 0.031914893617021274
807 	 7 	 15.0 	 10 	 7 	 1 	 0.026595744680851064
808 	 6 	 15.0 	 11 	 6 	 1 	 0.034574468085106384
809 	 5 	 15.0 	 11 	 5 	 1 	 0.031914893617021274
810 	 5 	 15.0 	 11 	 5 	 1 	 0.02925531914893617
811 	 5 	 15.0 	 11 	 5 	 1 	 0.02127659574468085
812 	 5 	 15.0 	 11 	 5 	 1 	 0.031914893617021274
813 	 7 	 15.0 	 9 	 7 	 1 	 0.031914893617021274
814 	 5 	 15.0 	 11 	 5 	 1 	 0.047872340425531915
815 	 5 	 15.0 	 11 	 5 	 1 	 0.026595744680851064
816 	 4 	 15.0 	 11 	 5 	 1 	 0.02925531914893617
817 	 5 	 15.0 	 11 	 5 	 1 	 0.02925531914893617
818 	 5 	 15.0 	 11 	 5 	 1 	 0.034574468085106384
819 	 5 	 15.0 	 10 	 5 	 1 	 0.02127659574468085
820 	 5 	 15.0 	 11 	 5 	 1 	 0.02925531914893617
821 	 5 	 15.0 	 10 	 5 	 1 	 0.02925531914893617
822 	 5 	 15.0 	 11 	 5 	 1 	 0.02925531914893617
823 	 5 	 15.0 	 11 	 5 	 1 	 0.03723404255319149
824 	 5 	 15.0 	 11 	 5 	 1 	 0.031914893617021274
825 	 5 	 15.0 	 11 	 6 	 1 	 0.02925531914893617
826 	 6 	 15.0 	 10 	 6 	 1 	 0.02925531914893617
827 	 5 	 15.0 	 11 	 5 	 1 	 0.031914893617021274
828 	 5 	 15.0 	 11 	 5 	 1 	 0.023936170212765957
829 	 7 	 15.0 	 10 	 7 	 1 	 0.02925531914893617
830 	 5 	 15.0 	 11 	 5 	 1 	 0.023936170212765957
831 	 5 	 15.0 	 11 	 5 	 1 	 0.02925531914893617
832 	 5 	 15.0 	 10 	 5 	 1 	 0.0398936170212766
833 	 5 	 15.0 	 11 	 5 	 1 	 0.026595744680851064
834 	 5 	 15.0 	 11 	 5 	 1 	 0.031914893617021274
835 	 7 	 15.0 	 10 	 7 	 1 	 0.031914893617021274
836 	 5 	 15.0 	 11 	 5 	 1 	 0.026595744680851064
837 	 7 	 15.0 	 10 	 7 	 1 	 0.03723404255319149
838 	 5 	 15.0 	 11 	 5 	 1 	 0.026595744680851064
839 	 7 	 15.0 	 9 	 7 	 1 	 0.031914893617021274
840 	 5 	 15.0 	 11 	 5 	 1 	 0.02925531914893617
841 	 6 	 15.0 	 9 	 7 	 1 	 0.023936170212765957
842 	 5 	 15.0 	 10 	 5 	 1 	 0.026595744680851064
843 	 5 	 15.0 	 11 	 5 	 1 	 0.031914893617021274
844 	 5 	 15.0 	 11 	 5 	 1 	 0.02925531914893617
845 	 5 	 15.0 	 10 	 5 	 1 	 0.031914893617021274
846 	 5 	 15.0 	 10 	 5 	 1 	 0.026595744680851064
847 	 7 	 15.0 	 10 	 7 	 1 	 0.031914893617021274
848 	 5 	 15.0 	 11 	 5 	 1 	 0.031914893617021274
849 	 7 	 15.0 	 10 	 7 	 1 	 0.03723404255319149
850 	 5 	 15.0 	 9 	 5 	 1 	 0.026595744680851064
851 	 5 	 15.0 	 11 	 5 	 1 	 0.026595744680851064
852 	 5 	 15.0 	 11 	 5 	 1 	 0.02925531914893617
853 	 5 	 15.0 	 11 	 5 	 1 	 0.02925531914893617
854 	 5 	 15.0 	 11 	 5 	 1 	 0.02925531914893617
855 	 5 	 15.0 	 10 	 5 	 1 	 0.023936170212765957
856 	 5 	 15.0 	 11 	 5 	 1 	 0.03723404255319149
857 	 5 	 15.0 	 11 	 5 	 1 	 0.026595744680851064
858 	 6 	 16.0 	 12 	 6 	 1 	 0.031914893617021274
859 	 5 	 16.0 	 13 	 5 	 1 	 0.03723404255319149
860 	 5 	 16.0 	 13 	 5 	 1 	 0.026595744680851064
861 	 6 	 16.0 	 10 	 6 	 1 	 0.026595744680851064
862 	 5 	 16.0 	 13 	 5 	 1 	 0.02127659574468085
863 	 6 	 16.0 	 10 	 6 	 1 	 0.031914893617021274
864 	 6 	 16.0 	 12 	 6 	 1 	 0.034574468085106384
865 	 7 	 16.0 	 13 	 7 	 1 	 0.02925531914893617
866 	 6 	 16.0 	 12 	 6 	 1 	 0.034574468085106384
867 	 7 	 16.0 	 12 	 7 	 1 	 0.031914893617021274
868 	 6 	 16.0 	 12 	 6 	 1 	 0.0398936170212766
869 	 7 	 16.0 	 11 	 7 	 1 	 0.0398936170212766
870 	 6 	 16.0 	 12 	 6 	 1 	 0.03723404255319149
871 	 7 	 16.0 	 12 	 7 	 1 	 0.034574468085106384
872 	 5 	 16.0 	 13 	 5 	 1 	 0.034574468085106384
873 	 7 	 16.0 	 12 	 7 	 1 	 0.04521276595744681
874 	 7 	 16.0 	 11 	 7 	 1 	 0.034574468085106384
875 	 6 	 16.0 	 11 	 7 	 1 	 0.02127659574468085
876 	 7 	 16.0 	 10 	 7 	 1 	 0.034574468085106384
877 	 7 	 16.0 	 10 	 7 	 1 	 0.02925531914893617
878 	 6 	 16.0 	 11 	 6 	 1 	 0.031914893617021274
879 	 6 	 16.0 	 11 	 6 	 1 	 0.03723404255319149
880 	 5 	 16.0 	 12 	 5 	 1 	 0.026595744680851064
881 	 6 	 16.0 	 10 	 6 	 1 	 0.034574468085106384
882 	 6 	 16.0 	 10 	 6 	 1 	 0.023936170212765957
883 	 6 	 16.0 	 13 	 6 	 1 	 0.031914893617021274
884 	 6 	 16.0 	 12 	 6 	 1 	 0.034574468085106384
885 	 5 	 16.0 	 13 	 5 	 1 	 0.034574468085106384
886 	 6 	 16.0 	 11 	 6 	 1 	 0.047872340425531915
887 	 6 	 16.0 	 11 	 6 	 1 	 0.0398936170212766
888 	 6 	 16.0 	 11 	 6 	 1 	 0.03723404255319149
889 	 6 	 16.0 	 12 	 6 	 1 	 0.034574468085106384
890 	 6 	 16.0 	 12 	 6 	 1 	 0.026595744680851064
891 	 6 	 16.0 	 11 	 6 	 1 	 0.03723404255319149
892 	 5 	 16.0 	 13 	 5 	 1 	 0.034574468085106384
893 	 6 	 16.0 	 12 	 6 	 1 	 0.03723404255319149
894 	 6 	 16.0 	 11 	 6 	 1 	 0.02127659574468085
895 	 6 	 16.0 	 12 	 6 	 1 	 0.034574468085106384
896 	 5 	 16.0 	 13 	 5 	 1 	 0.02925531914893617
897 	 6 	 16.0 	 13 	 6 	 1 	 0.02925531914893617
898 	 5 	 16.0 	 13 	 5 	 1 	 0.031914893617021274
899 	 6 	 16.0 	 12 	 6 	 1 	 0.03723404255319149
900 	 6 	 16.0 	 12 	 6 	 1 	 0.02925531914893617
901 	 5 	 16.0 	 13 	 5 	 1 	 0.034574468085106384
902 	 6 	 16.0 	 11 	 6 	 1 	 0.034574468085106384
903 	 5 	 16.0 	 13 	 5 	 1 	 0.02925531914893617
904 	 9 	 16.0 	 9 	 9 	 1 	 0.026595744680851064
905 	 6 	 16.0 	 12 	 6 	 1 	 0.034574468085106384
906 	 7 	 16.0 	 10 	 7 	 1 	 0.034574468085106384
907 	 6 	 16.0 	 11 	 6 	 1 	 0.034574468085106384
908 	 4 	 16.0 	 13 	 5 	 1 	 0.031914893617021274
909 	 6 	 16.0 	 12 	 6 	 1 	 0.023936170212765957
910 	 6 	 16.0 	 11 	 6 	 1 	 0.031914893617021274
911 	 7 	 16.0 	 13 	 7 	 1 	 0.034574468085106384
912 	 6 	 16.0 	 10 	 6 	 1 	 0.03723404255319149
913 	 5 	 16.0 	 13 	 5 	 1 	 0.03723404255319149
914 	 7 	 16.0 	 11 	 7 	 1 	 0.026595744680851064
915 	 5 	 16.0 	 13 	 5 	 1 	 0.031914893617021274
916 	 5 	 16.0 	 13 	 5 	 1 	 0.02925531914893617
917 	 7 	 16.0 	 11 	 7 	 1 	 0.026595744680851064
918 	 7 	 16.0 	 13 	 7 	 1 	 0.03723404255319149
919 	 6 	 16.0 	 11 	 6 	 1 	 0.04521276595744681
920 	 5 	 16.0 	 12 	 5 	 1 	 0.0425531914893617
921 	 6 	 16.0 	 11 	 6 	 1 	 0.03723404255319149
922 	 6 	 16.0 	 12 	 6 	 1 	 0.031914893617021274
923 	 8 	 17.0 	 12 	 8 	 1 	 0.031914893617021274
924 	 5 	 17.0 	 12 	 5 	 1 	 0.031914893617021274
925 	 7 	 17.0 	 11 	 7 	 1 	 0.034574468085106384
926 	 5 	 17.0 	 13 	 5 	 1 	 0.031914893617021274
927 	 7 	 17.0 	 12 	 7 	 1 	 0.034574468085106384
928 	 7 	 17.0 	 10 	 7 	 1 	 0.031914893617021274
929 	 5 	 17.0 	 13 	 5 	 1 	 0.034574468085106384
930 	 5 	 17.0 	 13 	 5 	 1 	 0.047872340425531915
931 	 5 	 17.0 	 12 	 5 	 1 	 0.03723404255319149
932 	 7 	 17.0 	 13 	 7 	 1 	 0.03723404255319149
933 	 7 	 17.0 	 9 	 7 	 1 	 0.026595744680851064
934 	 5 	 17.0 	 13 	 5 	 1 	 0.023936170212765957
935 	 8 	 17.0 	 13 	 8 	 1 	 0.026595744680851064
936 	 7 	 17.0 	 12 	 7 	 1 	 0.034574468085106384
937 	 9 	 17.0 	 11 	 9 	 1 	 0.02925531914893617
938 	 7 	 17.0 	 12 	 7 	 1 	 0.034574468085106384
939 	 7 	 17.0 	 13 	 7 	 1 	 0.03723404255319149
940 	 7 	 17.0 	 13 	 7 	 1 	 0.034574468085106384
941 	 5 	 17.0 	 13 	 5 	 1 	 0.0425531914893617
942 	 5 	 17.0 	 13 	 5 	 1 	 0.034574468085106384
943 	 7 	 17.0 	 12 	 7 	 1 	 0.031914893617021274
944 	 5 	 17.0 	 13 	 5 	 1 	 0.031914893617021274
945 	 5 	 17.0 	 12 	 5 	 1 	 0.034574468085106384
946 	 5 	 17.0 	 13 	 5 	 1 	 0.034574468085106384
947 	 5 	 17.0 	 13 	 5 	 1 	 0.034574468085106384
948 	 6 	 17.0 	 13 	 6 	 1 	 0.031914893617021274
949 	 5 	 17.0 	 13 	 5 	 1 	 0.0398936170212766
950 	 5 	 17.0 	 13 	 5 	 1 	 0.04521276595744681
951 	 5 	 17.0 	 13 	 5 	 1 	 0.031914893617021274
952 	 5 	 17.0 	 13 	 5 	 1 	 0.03723404255319149
953 	 5 	 17.0 	 13 	 5 	 1 	 0.02925531914893617
954 	 5 	 17.0 	 13 	 5 	 1 	 0.02925531914893617
955 	 6 	 17.0 	 13 	 6 	 1 	 0.034574468085106384
956 	 5 	 17.0 	 13 	 5 	 1 	 0.0398936170212766
957 	 6 	 17.0 	 13 	 6 	 1 	 0.03723404255319149
958 	 7 	 17.0 	 12 	 7 	 1 	 0.03723404255319149
959 	 5 	 17.0 	 13 	 5 	 1 	 0.02925531914893617
960 	 5 	 17.0 	 13 	 5 	 1 	 0.023936170212765957
961 	 7 	 17.0 	 12 	 7 	 1 	 0.034574468085106384
962 	 5 	 17.0 	 13 	 5 	 1 	 0.031914893617021274
963 	 5 	 17.0 	 13 	 5 	 1 	 0.034574468085106384
964 	 5 	 17.0 	 13 	 5 	 1 	 0.03723404255319149
965 	 5 	 17.0 	 12 	 5 	 1 	 0.03723404255319149
966 	 5 	 17.0 	 12 	 5 	 1 	 0.0398936170212766
967 	 5 	 17.0 	 12 	 5 	 1 	 0.034574468085106384
968 	 5 	 17.0 	 13 	 5 	 1 	 0.034574468085106384
969 	 5 	 17.0 	 13 	 5 	 1 	 0.034574468085106384
970 	 5 	 17.0 	 13 	 5 	 1 	 0.0425531914893617
971 	 6 	 17.0 	 13 	 6 	 1 	 0.026595744680851064
972 	 5 	 17.0 	 13 	 5 	 1 	 0.026595744680851064
973 	 6 	 18.0 	 14 	 6 	 1 	 0.026595744680851064
974 	 5 	 18.0 	 15 	 5 	 1 	 0.03723404255319149
975 	 9 	 18.0 	 10 	 9 	 1 	 0.02925531914893617
976 	 6 	 18.0 	 14 	 6 	 1 	 0.031914893617021274
977 	 8 	 18.0 	 14 	 8 	 1 	 0.02925531914893617
978 	 6 	 18.0 	 13 	 6 	 1 	 0.03723404255319149
979 	 6 	 18.0 	 12 	 6 	 1 	 0.034574468085106384
980 	 5 	 18.0 	 14 	 6 	 1 	 0.03723404255319149
981 	 7 	 18.0 	 13 	 7 	 1 	 0.0425531914893617
982 	 6 	 18.0 	 13 	 6 	 1 	 0.03723404255319149
983 	 5 	 18.0 	 15 	 5 	 1 	 0.03723404255319149
984 	 6 	 18.0 	 13 	 6 	 1 	 0.031914893617021274
985 	 5 	 18.0 	 14 	 5 	 1 	 0.0398936170212766
986 	 6 	 18.0 	 15 	 6 	 1 	 0.02925531914893617
987 	 6 	 18.0 	 15 	 6 	 1 	 0.0398936170212766
988 	 8 	 18.0 	 11 	 8 	 1 	 0.034574468085106384
989 	 6 	 18.0 	 14 	 6 	 1 	 0.031914893617021274
990 	 6 	 18.0 	 14 	 6 	 1 	 0.03723404255319149
991 	 5 	 18.0 	 15 	 5 	 1 	 0.031914893617021274
992 	 6 	 19.0 	 15 	 6 	 1 	 0.03723404255319149
993 	 9 	 19.0 	 13 	 9 	 1 	 0.0425531914893617
994 	 5 	 19.0 	 15 	 5 	 1 	 0.03723404255319149
995 	 6 	 19.0 	 14 	 6 	 1 	 0.03723404255319149
996 	 5 	 20.0 	 16 	 5 	 1 	 0.0398936170212766
997 	 6 	 20.0 	 15 	 7 	 1 	 0.0398936170212766
998 	 7 	 21.0 	 15 	 7 	 1 	 0.0398936170212766
999 	 6 	 21.0 	 15 	 7 	 1 	 0.0425531914893617
BestSolution
x_{103}
x_{104}
x_{21}
x_{151}
x_{63}
Objective: 5
ChainS-ChainL 0.2 9
Info {'qpu_sampling_time': 405300.0, 'qpu_anneal_time_per_sample': 200.0, 'qpu_readout_time_per_sample': 184.72, 'qpu_access_time': 421066.37, 'qpu_access_overhead_time': 7438.63, 'qpu_programming_time': 15766.37, 'qpu_delay_time_per_sample': 20.58, 'post_processing_overhead_time': 22.0, 'total_post_processing_time': 22.0}
Emb {'embedding': {201: (4176, 4177, 4178, 4175), 21: (4190, 1117, 1071, 4055), 32: (1627,), 63: (4174,), 76: (1672, 4239), 202: (4193, 4192), 70: (1447,), 92: (1372, 1371, 1373, 4641, 4162), 203: (1386, 4207, 4116), 29: (1235, 1236, 1234, 1233), 94: (1416, 4132, 1476), 204: (1341, 4161, 4222), 101: (1206,), 103: (4205, 4206, 1251, 4204), 205: (4191,), 35: (4326, 1312), 111: (4295, 1147, 1192, 1191, 4294, 1148), 206: (3681, 1218, 1219, 1220, 1221, 1222, 3680), 27: (3666,), 114: (3676, 3677, 3678, 3679), 207: (3664, 3665, 904, 754, 3694, 3693), 82: (3692, 3691), 116: (1549, 3771, 1550, 1551, 1552, 1553, 3772, 3770, 3769), 208: (3798, 799, 3797, 499, 3768, 454), 88: (3875, 3876, 3877, 3874, 860), 117: (710, 709), 209: (3872, 3873), 95: (469, 3751), 120: (395,), 210: (410, 3887, 409), 14: (3736, 3721), 132: (425, 3946, 440), 211: (485, 484), 55: (3977, 515), 135: (486,), 212: (4066, 4067, 411, 412, 4022), 58: (545, 546, 547, 3857, 4307), 139: (336, 337, 4366), 213: (4306, 472, 368, 4441, 4442), 71: (4564, 4443, 863, 4567, 4565, 4566, 4568, 1629), 141: (4486, 443, 4562), 214: (683, 4563), 65: (682,), 143: (4412, 4413, 427, 4321, 743), 215: (697, 4293, 698, 4248), 108: (4279, 1042, 4278), 147: (729, 728, 727, 730, 731, 4173), 216: (772, 771), 96: (4142, 4143, 4144, 4141), 149: (4039,), 217: (876, 4219, 875, 877), 87: (3934, 3935, 3933, 3936, 785), 150: (4237, 4238, 1536, 1537, 1538, 4236, 4235, 4234), 218: (4262, 532, 533, 534, 4652, 4263, 786), 109: (520, 4772, 535), 155: (625, 624, 4923, 4968), 219: (4773, 609), 125: (4878, 715), 163: (864, 4594, 865, 4595, 803, 802, 4774), 220: (4833, 700), 148: (774, 775, 4579, 4789), 164: (850,), 221: (880, 4834, 4939), 121: (4835, 4836), 167: (1000, 4849), 222: (4925, 1075, 1030), 142: (999, 4775, 998, 1060, 997, 4580), 168: (1255, 4926), 223: (4880, 4881), 130: (295, 4862, 294, 293, 4861, 4863, 4864, 4865), 171: (4882,), 224: (4867, 4866, 1420), 78: (1689, 4733, 1660, 4868), 175: (4792,), 225: (4732, 4731, 1495, 1300), 2: (1419, 4612), 178: (4715, 4714, 4713, 4716, 1254), 226: (4762, 1224, 4761, 4655), 126: (4654,), 179: (4701, 4700, 4699, 1299, 1298, 4461), 227: (4760, 1044, 1059), 54: (4626, 4625, 1358, 1343, 4597), 180: (4759,), 228: (564, 4622, 4623, 4624, 563, 562, 894), 17: (560, 561, 559), 183: (577, 4292), 229: (4112, 621, 4277), 59: (4113, 4114), 184: (606,), 230: (4218, 711), 68: (742, 4308, 4188), 192: (695, 696), 231: (4203,), 191: (651, 650, 649, 3978, 652, 4457), 199: (4202,), 234: (3737,), 3: (544,), 23: (633,), 235: (3722, 3723), 11: (828,), 25: (889, 3724), 236: (813, 3604, 888, 3605), 18: (3619,), 31: (993,), 237: (3621, 3620), 34: (1173,), 238: (3636, 1203, 3606), 38: (1293,), 239: (3667, 1294), 49: (3712,), 51: (1309,), 240: (3696, 3697, 1158), 4: (3635, 1038, 3650), 52: (1099, 3695), 241: (1054, 3755, 1129), 8: (1069,), 56: (1144, 3830), 242: (3800,), 53: (994,), 60: (3801, 3786), 243: (3783, 3784, 3785, 679, 680, 681), 1: (665,), 244: (666, 667), 7: (4338,), 245: (4433, 4432, 4431, 1162, 4325, 4324, 4323), 20: (4418,), 69: (1644, 4553, 1643), 246: (1612, 1613), 10: (4283,), 74: (1596, 1597), 247: (1747, 4313), 24: (1762,), 248: (1673, 4404, 1674, 4703), 46: (4373,), 249: (1687, 1688), 73: (4133, 1626, 1686), 79: (4463,), 250: (4389, 1717, 1716, 4298), 81: (1731,), 251: (1642, 4268, 4208), 16: (1492, 1493), 83: (4253,), 252: (1417, 4267, 1521), 85: (4266, 1252), 253: (1355, 3951, 1356, 4252), 5: (1250,), 254: (4011, 1340, 1205), 19: (1311,), 255: (1385, 4027), 86: (4012,), 90: (1462, 1461, 4342, 4341), 256: (1446,), 80: (4102,), 257: (1491, 4147), 89: (4087, 4086, 4085), 258: (4073, 1535), 30: (1567, 1566, 1568, 1569), 99: (1520,), 259: (4057, 4056, 4058, 1160), 12: (3950, 965, 3949, 1115), 260: (1131, 4115, 1130), 102: (1086,), 261: (4145, 996, 4250), 104: (1161,), 262: (4251, 1176), 42: (4146, 1281), 106: (4221,), 263: (1282,), 110: (4311,), 264: (1342, 4296), 13: (1387,), 265: (4356, 4357, 4355), 113: (1401, 1402, 4072), 266: (4372, 4371, 4370), 0: (1522,), 115: (1506, 1507, 1505), 267: (1478, 4447), 93: (4521, 4522), 118: (4462,), 268: (1418,), 119: (1433,), 269: (1314, 1315, 4582, 4656), 47: (4851,), 270: (1284, 1285), 122: (4536,), 271: (4506, 1283, 1223), 67: (4386,), 123: (4401,), 272: (4490, 1118), 107: (1057, 1058, 4280), 124: (1133,), 273: (4820, 1164, 745, 1163, 4520, 4819, 4818), 50: (4746, 4747, 4748, 4745, 4744), 274: (4547, 4546, 338, 4426, 262, 4548, 759, 760), 91: (261,), 127: (4335,), 275: (231, 3990, 230, 232, 4185, 229, 4290), 128: (3915,), 276: (305, 3991, 304), 41: (3961,), 129: (3930,), 277: (291, 290, 292, 4021), 40: (4201,), 278: (276, 277, 278), 134: (4110,), 279: (216, 4125, 215, 214, 321), 136: (306,), 280: (380, 381, 3826, 4155, 379, 4156), 137: (4096,), 281: (396, 4126, 471), 26: (4247,), 282: (398, 397, 399, 4501), 72: (4502, 4503, 758), 283: (623, 4608, 4607, 4609, 4610), 84: (939,), 284: (4669, 879), 144: (4639, 924), 285: (908, 909), 37: (907, 906, 905), 145: (4489,), 286: (923, 922), 97: (4474,), 146: (4519, 893), 287: (4504, 878), 43: (4414,), 288: (832, 831, 830, 833), 75: (3981, 3982, 3980, 3979, 1475), 289: (816, 815), 151: (4128, 4129), 290: (861, 862, 4189), 152: (4369,), 291: (4352, 4353, 4354, 457, 456, 4157, 773), 153: (4172,), 292: (620, 4082, 531, 4187), 15: (4053, 4054), 154: (501,), 293: (470, 4052), 156: (4007,), 294: (3992, 3993), 158: (756, 757), 295: (4009, 4008), 66: (951,), 159: (3994,), 296: (936, 937), 162: (938,), 297: (954, 955, 953, 952), 98: (820, 4879), 298: (911, 4894, 956), 62: (4969,), 299: (851, 4954, 4983), 165: (5028,), 300: (716, 5013), 166: (5058,), 301: (746, 4998, 4999), 6: (985,), 302: (4911, 4912, 4910, 4909, 4908), 48: (1524, 1523, 1525), 303: (1435, 4822, 1554, 4821), 169: (4657,), 304: (4627, 1434), 170: (4702,), 305: (1464, 1465, 4642), 105: (4837,), 306: (4717, 1450), 44: (1448, 1449), 172: (1509,), 307: (4686, 4685, 1359, 4687), 64: (1012, 4444, 1013, 1014), 173: (1028, 1029, 1027), 308: (1120, 4730, 1119, 4611), 138: (4670,), 174: (4581,), 309: (1269, 4671, 1344), 57: (4551,), 310: (1327, 1328, 1329, 1326, 1325, 4101, 3966), 28: (1175, 3996), 176: (1190,), 311: (4097, 4099, 4098, 4100, 516, 517, 518, 519, 4682), 177: (4667,), 312: (4683, 4684, 639, 4817), 157: (789,), 313: (819, 4668), 45: (818, 4549), 314: (4638, 744, 849), 33: (788, 4533, 653), 181: (4698,), 315: (4593, 669), 182: (594,), 316: (4637, 579, 578, 608, 684), 131: (4399, 892, 4398), 317: (607, 4322), 39: (4337,), 318: (592, 591, 4127), 140: (4069, 4068), 185: (590,), 319: (575, 576, 3827, 529), 186: (3767,), 320: (3752, 3753, 814), 133: (514,), 187: (3814,), 321: (3813, 3812, 664), 188: (604,), 322: (3858, 3859), 36: (874,), 189: (3799, 844), 323: (3844, 3845), 100: (1100, 1101), 190: (3890, 964, 950, 1025), 324: (920, 3964, 3965, 3963), 22: (725,), 325: (770, 3948, 3828), 9: (769,), 326: (3739, 3740, 3738, 3741, 694, 1384), 112: (3847,), 193: (1368,), 327: (1354, 1353), 61: (1490, 3817, 3907), 194: (3921,), 328: (3904, 3903, 3902, 3901, 3905, 3906), 161: (3916,), 195: (500,), 329: (3976, 335, 3931), 77: (3886,), 196: (4006,), 330: (366, 367, 365), 197: (4171,), 331: (426, 4111), 198: (4261,), 332: (441, 4232), 160: (4233,), 335: (891, 890), 336: (967, 4159, 966), 337: (4264, 1011, 4265), 338: (4160, 1146), 339: (4130, 4131, 1056), 340: (4071, 4070, 995), 341: (4084, 921, 4083, 726), 344: (1026,), 347: (3649, 3648, 978, 3647), 348: (1039, 1040, 3754, 4010, 919, 1041, 918), 349: (4026, 1116), 350: (1268, 1267, 1266, 4491, 4492), 351: (4507, 1508), 352: (4598,), 353: (4613, 1614), 354: (1582, 1581, 4148, 1580, 1584, 1583), 355: (3878, 1595), 356: (3893, 3892, 1445, 1339), 357: (1504, 3832, 3802, 1399), 358: (1431, 1432, 1430, 4117, 3922, 1429), 359: (4446, 4445, 4327, 1357, 1177, 4417), 360: (4310, 4309, 1207, 1072), 361: (4384, 4385, 817), 362: (983, 982), 363: (4535, 4534), 364: (847, 846, 848, 4488), 365: (4249, 801), 366: (636, 4158, 637), 367: (713, 4428, 712, 714, 4653), 368: (4429, 4430), 369: (4416, 4415, 1208), 370: (1253,), 371: (1238, 1237, 1239), 372: (1295, 3815, 1296, 1297, 3816, 4042, 4043, 4281), 373: (3860, 935, 3861, 934, 3862, 3863, 1625), 374: (3829,), 375: (3918, 3917, 3919, 829, 1009), 376: (530, 3947, 3962), 377: (4036, 275, 4037, 260), 380: (3932, 635, 4023, 741, 4024), 381: (980, 981, 979, 4025), 382: (1103, 1104, 1102, 4220, 1105), 383: (1089, 1090), 384: (1134, 4640, 1074), 385: (4475, 1178, 4476, 1073, 1088, 1087, 1179), 386: (4458, 4459, 4460)}, 'chain_break_method': 'majority_vote', 'embedding_parameters': {}, 'chain_strength': 0.5426491362808781}
x_{0} 1
x_{1} 1
x_{2} 2
x_{3} 1
x_{4} 3
x_{5} 1
x_{6} 1
x_{7} 1
x_{8} 1
x_{9} 1
x_{10} 1
x_{11} 1
x_{12} 4
x_{13} 1
x_{14} 2
x_{15} 2
x_{16} 2
x_{17} 3
x_{18} 1
x_{19} 1
x_{20} 1
x_{21} 4
x_{22} 1
x_{23} 1
x_{24} 1
x_{25} 2
x_{26} 1
x_{27} 1
x_{28} 2
x_{29} 4
x_{30} 4
x_{31} 1
x_{32} 1
x_{33} 3
x_{34} 1
x_{35} 2
x_{36} 1
x_{37} 3
x_{38} 1
x_{39} 1
x_{40} 1
x_{41} 1
x_{42} 2
x_{43} 1
x_{44} 2
x_{45} 2
x_{46} 1
x_{47} 1
x_{48} 3
x_{49} 1
x_{50} 5
x_{51} 1
x_{52} 2
x_{53} 1
x_{54} 5
x_{55} 2
x_{56} 2
x_{57} 1
x_{58} 5
x_{59} 2
x_{60} 2
x_{61} 3
x_{62} 1
x_{63} 1
x_{64} 4
x_{65} 1
x_{66} 1
x_{67} 1
x_{68} 3
x_{69} 3
x_{70} 1
x_{71} 8
x_{72} 3
x_{73} 3
x_{74} 2
x_{75} 5
x_{76} 2
x_{77} 1
x_{78} 4
x_{79} 1
x_{80} 1
x_{81} 1
x_{82} 2
x_{83} 1
x_{84} 1
x_{85} 2
x_{86} 1
x_{87} 5
x_{88} 5
x_{89} 3
x_{90} 4
x_{91} 1
x_{92} 5
x_{93} 2
x_{94} 3
x_{95} 2
x_{96} 4
x_{97} 1
x_{98} 2
x_{99} 1
x_{100} 2
x_{101} 1
x_{102} 1
x_{103} 4
x_{104} 1
x_{105} 1
x_{106} 1
x_{107} 3
x_{108} 3
x_{109} 3
x_{110} 1
x_{111} 6
x_{112} 1
x_{113} 3
x_{114} 4
x_{115} 3
x_{116} 9
x_{117} 2
x_{118} 1
x_{119} 1
x_{120} 1
x_{121} 2
x_{122} 1
x_{123} 1
x_{124} 1
x_{125} 2
x_{126} 1
x_{127} 1
x_{128} 1
x_{129} 1
x_{130} 8
x_{131} 3
x_{132} 3
x_{133} 1
x_{134} 1
x_{135} 1
x_{136} 1
x_{137} 1
x_{138} 1
x_{139} 3
x_{140} 2
x_{141} 3
x_{142} 6
x_{143} 5
x_{144} 2
x_{145} 1
x_{146} 2
x_{147} 6
x_{148} 4
x_{149} 1
x_{150} 8
x_{151} 2
x_{152} 1
x_{153} 1
x_{154} 1
x_{155} 4
x_{156} 1
x_{157} 1
x_{158} 2
x_{159} 1
x_{160} 1
x_{161} 1
x_{162} 1
x_{163} 7
x_{164} 1
x_{165} 1
x_{166} 1
x_{167} 2
x_{168} 2
x_{169} 1
x_{170} 1
x_{171} 1
x_{172} 1
x_{173} 3
x_{174} 1
x_{175} 1
x_{176} 1
x_{177} 1
x_{178} 5
x_{179} 6
x_{180} 1
x_{181} 1
x_{182} 1
x_{183} 2
x_{184} 1
x_{185} 1
x_{186} 1
x_{187} 1
x_{188} 1
x_{189} 2
x_{190} 4
x_{191} 6
x_{192} 2
x_{193} 1
x_{194} 1
x_{195} 1
x_{196} 1
x_{197} 1
x_{198} 1
x_{199} 1
y^1_1 4
y^1_2 2
y^1_3 3
y^1_4 3
y^1_5 1
y^1_6 7
y^1_7 6
y^1_8 6
y^1_9 2
y^1_10 3
y^1_11 2
y^1_12 5
y^1_13 5
y^1_14 2
y^1_15 4
y^1_16 2
y^1_17 4
y^1_18 7
y^1_19 2
y^1_20 2
y^1_21 3
y^1_22 3
y^1_23 2
y^1_24 3
y^1_25 4
y^1_26 4
y^1_27 3
y^1_28 7
y^1_29 3
y^1_30 2
y^1_31 1
y^2_1 1
y^2_2 2
y^2_3 4
y^2_4 2
y^2_5 3
y^2_6 2
y^2_7 3
y^2_8 3
y^2_9 1
y^2_10 6
y^2_11 2
y^2_12 7
y^2_13 2
y^2_14 2
y^2_15 4
y^2_16 2
y^2_17 4
y^2_18 3
y^2_19 3
y^2_20 4
y^2_21 3
y^2_22 2
y^2_23 1
y^2_24 2
y^2_25 2
y^2_26 4
y^2_27 3
y^2_28 3
y^2_29 2
y^2_30 1
y^2_31 2
y^2_32 3
y^2_33 3
y^2_34 2
y^2_35 1
y^2_36 4
y^2_37 2
y^2_38 3
y^2_39 2
y^2_40 7
y^2_41 8
y^2_42 7
y^2_43 3
y^2_44 4
y^2_45 3
y^2_46 5
y^2_47 6
y^2_48 3
y^2_49 4
y^2_50 5
y^2_51 2
y^2_52 2
y^2_53 2
y^2_54 2
y^2_55 4
y^2_56 2
y^2_57 3
y^2_58 7
y^2_59 4
y^2_60 2
y^2_61 2
y^2_62 2
y^2_63 2
y^2_64 4
y^2_65 3
y^2_66 3
y^2_67 2
y^2_68 3
y^2_69 5
y^2_70 4
y^2_71 2
y^2_72 3
y^2_73 2
y^2_74 4
y^2_75 4
y^2_76 3
y^2_77 7
y^2_78 9
y^2_79 4
y^2_80 2
y^2_81 3
y^2_82 2
y^2_83 5
y^2_84 2
y^2_85 3
y^2_86 4
y^2_87 3
y^2_88 3
y^2_89 2
y^2_90 2
y^2_91 4
y^2_92 3
y^2_93 6
y^2_94 2
y^2_95 6
y^2_96 3
y^2_97 3
y^2_98 2
y^2_99 2
y^3_1 2
y^3_2 3
y^3_3 3
y^3_4 2
y^3_5 3
y^3_6 3
y^3_7 4
y^4_1 1
y^5_1 4
y^5_2 7
y^5_3 2
y^5_4 5
y^5_5 2
y^5_6 1
y^5_7 2
y^5_8 6
y^5_9 2
y^5_10 4
y^5_11 4
y^5_12 6
y^5_13 6
y^5_14 4
y^5_15 3
y^5_16 2
y^5_17 2
y^5_18 4
y^5_19 2
y^5_20 3
y^5_21 5
y^5_22 2
y^5_23 3
y^5_24 1
y^5_25 3
y^5_26 8
y^5_27 7
y^5_28 1
y^5_29 5
y^5_30 3
y^5_31 4
y^6_1 5
y^6_2 4
y^6_3 5
y^6_4 2
y^6_5 3
y^6_6 7
y^6_7 3
