#Var-#NoneZ: 64 - 199
0.47717115136217914 [(0.0, 0.0), (200.0, 1.0)]
TimeRunning 4.334680080413818
0 	 3 	 6.0 	 3 	 6 	 44 	 0.019230769230769232
1 	 4 	 6.0 	 2 	 6 	 34 	 0.0
2 	 6 	 6.0 	 0 	 6 	 29 	 0.0
3 	 4 	 6.0 	 2 	 6 	 38 	 0.0
4 	 6 	 6.0 	 0 	 6 	 40 	 0.0
5 	 4 	 6.0 	 2 	 6 	 17 	 0.0
6 	 5 	 6.0 	 1 	 6 	 47 	 0.0
7 	 5 	 6.0 	 1 	 6 	 24 	 0.0
8 	 6 	 6.0 	 0 	 6 	 23 	 0.0
9 	 5 	 6.0 	 1 	 6 	 31 	 0.0
10 	 5 	 6.0 	 1 	 6 	 23 	 0.0
11 	 4 	 6.0 	 2 	 6 	 38 	 0.0
12 	 5 	 6.0 	 1 	 6 	 34 	 0.0
13 	 5 	 6.0 	 1 	 6 	 24 	 0.0
14 	 3 	 6.0 	 3 	 6 	 23 	 0.0
15 	 5 	 6.0 	 1 	 6 	 48 	 0.0
16 	 5 	 6.0 	 1 	 6 	 18 	 0.0
17 	 4 	 6.0 	 2 	 6 	 51 	 0.019230769230769232
18 	 4 	 6.0 	 2 	 6 	 28 	 0.0
19 	 4 	 6.0 	 2 	 6 	 15 	 0.0
20 	 4 	 6.0 	 2 	 6 	 24 	 0.0
21 	 4 	 6.0 	 2 	 6 	 50 	 0.019230769230769232
22 	 3 	 6.0 	 3 	 6 	 22 	 0.0
23 	 5 	 6.0 	 1 	 6 	 46 	 0.019230769230769232
24 	 6 	 7.0 	 1 	 7 	 47 	 0.019230769230769232
25 	 5 	 7.0 	 2 	 7 	 50 	 0.019230769230769232
26 	 5 	 7.0 	 2 	 7 	 40 	 0.019230769230769232
27 	 4 	 7.0 	 3 	 6 	 1 	 0.0
28 	 4 	 7.0 	 2 	 6 	 9 	 0.019230769230769232
29 	 5 	 7.0 	 1 	 6 	 6 	 0.019230769230769232
30 	 3 	 7.0 	 3 	 6 	 11 	 0.019230769230769232
31 	 4 	 7.0 	 2 	 6 	 21 	 0.019230769230769232
32 	 4 	 7.0 	 3 	 7 	 42 	 0.019230769230769232
33 	 4 	 8.0 	 5 	 7 	 1 	 0.038461538461538464
34 	 4 	 8.0 	 3 	 6 	 1 	 0.019230769230769232
BestSolution
x_{0}
x_{2}
x_{10}
x_{15}
x_{16}
x_{24}
Objective: 6
ChainS-ChainL 0.2 2
Info {'qpu_sampling_time': 300240.0, 'qpu_anneal_time_per_sample': 200.0, 'qpu_readout_time_per_sample': 79.66, 'qpu_access_time': 316002.77, 'qpu_access_overhead_time': 1112.23, 'qpu_programming_time': 15762.77, 'qpu_delay_time_per_sample': 20.58, 'post_processing_overhead_time': 1.0, 'total_post_processing_time': 1.0}
Emb {'embedding': {32: (2184,), 3: (4556,), 4: (2169,), 6: (2185,), 12: (4646,), 33: (4631,), 5: (2304,), 15: (4602, 2228), 34: (2289,), 11: (4767,), 19: (4617,), 35: (2334, 4707), 9: (4677,), 20: (4647,), 36: (2394, 2393), 13: (4527, 4526), 22: (4423,), 37: (2378,), 21: (4362,), 23: (4467,), 38: (4482, 2348), 2: (2333,), 24: (4481,), 39: (4437, 2213), 17: (4407,), 28: (4466,), 40: (2227,), 26: (4451,), 29: (4346,), 45: (2319, 2318), 48: (2364,), 0: (2365,), 1: (4692,), 7: (4542,), 51: (2243,), 52: (4511, 2168), 53: (2153,), 56: (2199,), 8: (4661,), 14: (2214,), 57: (4541, 2078), 10: (4571,), 58: (2138, 4496), 18: (2303,), 59: (2288,), 60: (2273, 4587), 27: (4512,), 61: (2258, 2257), 25: (4316,), 62: (2272,), 30: (4301,), 16: (5538,)}, 'chain_break_method': 'majority_vote', 'embedding_parameters': {}, 'chain_strength': 0.47717115136217914}
x_{0} 1
x_{1} 1
x_{2} 1
x_{3} 1
x_{4} 1
x_{5} 1
x_{6} 1
x_{7} 1
x_{8} 1
x_{9} 1
x_{10} 1
x_{11} 1
x_{12} 1
x_{13} 2
x_{14} 1
x_{15} 2
x_{16} 1
x_{17} 1
x_{18} 1
x_{19} 1
x_{20} 1
x_{21} 1
x_{22} 1
x_{23} 1
x_{24} 1
x_{25} 1
x_{26} 1
x_{27} 1
x_{28} 1
x_{29} 1
x_{30} 1
y^1_1 1
y^1_2 1
y^1_3 1
y^1_4 2
y^1_5 2
y^1_6 1
y^1_7 2
y^1_8 2
y^1_9 1
y^3_1 2
y^4_1 1
y^5_1 1
y^5_2 2
y^5_3 1
y^6_1 1
y^6_2 2
y^6_3 2
y^6_4 1
y^6_5 2
y^6_6 2
y^6_7 1
