#Var-#NoneZ: 75 - 240
0.47387910220727386 [(0.0, 0.0), (200.0, 1.0)]
TimeRunning 4.140803098678589
0 	 6 	 6.0 	 0 	 6 	 576 	 0.0
1 	 5 	 6.0 	 1 	 6 	 411 	 0.0
2 	 6 	 6.0 	 0 	 6 	 13 	 0.017543859649122806
BestSolution
x_{9}
x_{10}
x_{12}
x_{14}
x_{17}
x_{26}
Objective: 6
ChainS-ChainL 0.2 2
Info {'qpu_sampling_time': 297060.0, 'qpu_anneal_time_per_sample': 200.0, 'qpu_readout_time_per_sample': 76.48, 'qpu_access_time': 312822.77, 'qpu_access_overhead_time': 1424.23, 'qpu_programming_time': 15762.77, 'qpu_delay_time_per_sample': 20.58, 'total_post_processing_time': 1.0, 'post_processing_overhead_time': 1.0}
Emb {'embedding': {34: (1820,), 1: (3924, 3923), 6: (3939,), 13: (3909,), 22: (3894,), 35: (1729, 3819), 14: (3849, 3850), 26: (3789,), 36: (1714,), 10: (3834, 1789), 27: (3879,), 39: (3938,), 5: (1685,), 7: (1760,), 16: (3953,), 40: (1745, 1744), 17: (3743,), 41: (1759,), 28: (3728,), 42: (3699, 1669), 18: (3803,), 30: (3653,), 43: (1654, 1655), 32: (3983,), 46: (1624, 1625), 2: (3668,), 12: (3759, 3758), 47: (1639, 3788), 21: (1549,), 48: (3922, 1534), 31: (1490,), 51: (1835,), 54: (1940,), 15: (3970,), 19: (1925,), 55: (3895, 1864), 56: (1879,), 29: (1880,), 59: (1909,), 8: (3835,), 62: (3820, 1894), 0: (2015,), 9: (3774, 3773), 63: (1924,), 24: (3865,), 64: (1939,), 25: (1938,), 67: (1610,), 3: (4043,), 11: (1611,), 68: (1595, 1594), 69: (1609,), 4: (3833,), 70: (1699, 3818), 23: (1684,), 71: (3864,), 20: (3863,)}, 'chain_break_method': 'majority_vote', 'embedding_parameters': {}, 'chain_strength': 0.47387910220727386}
x_{0} 1
x_{1} 2
x_{2} 1
x_{3} 1
x_{4} 1
x_{5} 1
x_{6} 1
x_{7} 1
x_{8} 1
x_{9} 2
x_{10} 2
x_{11} 1
x_{12} 2
x_{13} 1
x_{14} 2
x_{15} 1
x_{16} 1
x_{17} 1
x_{18} 1
x_{19} 1
x_{20} 1
x_{21} 1
x_{22} 1
x_{23} 1
x_{24} 1
x_{25} 1
x_{26} 1
x_{27} 1
x_{28} 1
x_{29} 1
x_{30} 1
x_{31} 1
x_{32} 1
y^1_1 1
y^1_2 2
y^1_3 1
y^2_1 1
y^2_2 2
y^2_3 1
y^2_4 2
y^2_5 2
y^3_1 2
y^3_2 2
y^3_3 2
y^4_1 1
y^5_1 1
y^5_2 2
y^5_3 1
y^6_1 1
y^7_1 2
y^7_2 1
y^7_3 1
y^8_1 1
y^8_2 2
y^8_3 1
y^8_4 2
y^8_5 1
