#Var-#NoneZ: 77 - 247
0.4961389383568338 [(0.0, 0.0), (200.0, 1.0)]
TimeRunning 4.246973037719727
0 	 5 	 5.0 	 0 	 5 	 921 	 0.015384615384615385
1 	 5 	 5.0 	 0 	 5 	 5 	 0.0
2 	 6 	 6.0 	 0 	 6 	 1 	 0.015384615384615385
3 	 6 	 6.0 	 0 	 6 	 1 	 0.015384615384615385
4 	 6 	 6.0 	 0 	 6 	 5 	 0.015384615384615385
5 	 5 	 6.0 	 1 	 6 	 1 	 0.015384615384615385
6 	 6 	 6.0 	 0 	 6 	 1 	 0.03076923076923077
7 	 5 	 6.0 	 1 	 6 	 1 	 0.015384615384615385
8 	 5 	 6.0 	 1 	 6 	 1 	 0.015384615384615385
9 	 4 	 6.0 	 2 	 6 	 1 	 0.015384615384615385
10 	 3 	 6.0 	 3 	 6 	 1 	 0.015384615384615385
11 	 6 	 6.0 	 0 	 6 	 1 	 0.015384615384615385
12 	 5 	 6.0 	 1 	 6 	 2 	 0.015384615384615385
13 	 6 	 6.0 	 0 	 6 	 1 	 0.015384615384615385
14 	 5 	 6.0 	 1 	 6 	 2 	 0.015384615384615385
15 	 4 	 6.0 	 2 	 6 	 1 	 0.015384615384615385
16 	 4 	 7.0 	 2 	 5 	 1 	 0.03076923076923077
17 	 3 	 7.0 	 3 	 6 	 6 	 0.03076923076923077
18 	 5 	 7.0 	 1 	 6 	 14 	 0.03076923076923077
19 	 4 	 7.0 	 2 	 5 	 1 	 0.03076923076923077
20 	 4 	 7.0 	 2 	 6 	 3 	 0.03076923076923077
21 	 4 	 7.0 	 2 	 5 	 2 	 0.046153846153846156
22 	 4 	 7.0 	 2 	 6 	 15 	 0.03076923076923077
23 	 7 	 7.0 	 0 	 7 	 1 	 0.03076923076923077
24 	 3 	 8.0 	 3 	 6 	 6 	 0.046153846153846156
25 	 4 	 8.0 	 2 	 6 	 5 	 0.046153846153846156
BestSolution
x_{7}
x_{12}
x_{16}
x_{18}
x_{23}
Objective: 5
ChainS-ChainL 0.2 2
Info {'qpu_sampling_time': 301240.0, 'qpu_anneal_time_per_sample': 200.0, 'qpu_readout_time_per_sample': 80.66, 'qpu_access_time': 317003.57, 'qpu_access_overhead_time': 1130.43, 'qpu_programming_time': 15763.57, 'qpu_delay_time_per_sample': 20.58, 'post_processing_overhead_time': 1.0, 'total_post_processing_time': 1.0}
Emb {'embedding': {38: (1660,), 11: (4883,), 12: (4764,), 13: (4944, 1661), 18: (1705, 4868), 39: (4823, 1704), 2: (1689,), 23: (1750, 1751), 40: (4779,), 15: (1795, 1794), 25: (1719,), 41: (4704, 1734), 9: (4929, 1735), 26: (1779,), 42: (1780, 4794), 27: (1826, 4914), 28: (4809,), 43: (1825,), 10: (4839,), 30: (1810, 1811), 44: (4734, 1855), 4: (4765,), 32: (4719,), 45: (1869,), 31: (4689,), 34: (4780,), 46: (1884,), 0: (4674,), 35: (1885,), 49: (1749,), 52: (4808, 1615), 7: (4913,), 16: (1645,), 29: (1614,), 55: (4838,), 19: (4853,), 56: (1765, 1766), 3: (4959,), 57: (5064, 1781), 5: (1721,), 58: (5049,), 20: (1856,), 59: (4989, 1796), 33: (1870,), 60: (4854, 1900), 17: (1930,), 61: (4945,), 36: (1991,), 64: (4898, 4899), 1: (1585,), 65: (1690,), 21: (5003,), 66: (4988, 1601), 6: (1646,), 67: (5033,), 24: (1736,), 68: (5019, 5018), 8: (1886,), 69: (5034, 1931), 22: (1841,), 70: (5004,), 14: (5005,), 73: (4974,), 74: (4869, 1720), 75: (4884,)}, 'chain_break_method': 'majority_vote', 'embedding_parameters': {}, 'chain_strength': 0.4961389383568338}
x_{0} 1
x_{1} 1
x_{2} 1
x_{3} 1
x_{4} 1
x_{5} 1
x_{6} 1
x_{7} 1
x_{8} 1
x_{9} 2
x_{10} 1
x_{11} 1
x_{12} 1
x_{13} 2
x_{14} 1
x_{15} 2
x_{16} 1
x_{17} 1
x_{18} 2
x_{19} 1
x_{20} 1
x_{21} 1
x_{22} 1
x_{23} 2
x_{24} 1
x_{25} 1
x_{26} 1
x_{27} 2
x_{28} 1
x_{29} 1
x_{30} 2
x_{31} 1
x_{32} 1
x_{33} 1
x_{34} 1
x_{35} 1
x_{36} 1
y^1_1 1
y^1_2 2
y^1_3 1
y^1_4 2
y^1_5 2
y^1_6 1
y^1_7 2
y^1_8 1
y^1_9 1
y^2_1 1
y^3_1 2
y^4_1 1
y^4_2 2
y^4_3 2
y^4_4 1
y^4_5 2
y^4_6 2
y^4_7 1
y^5_1 2
y^5_2 1
y^5_3 2
y^5_4 1
y^5_5 2
y^5_6 2
y^5_7 1
y^6_1 1
y^6_2 2
y^6_3 1
