#Var-#NoneZ: 152 - 497
0.5237229365663818 [(0.0, 0.0), (200.0, 1.0)]
TimeRunning 4.2405219078063965
0 	 6 	 6.0 	 0 	 6 	 81 	 0.0
1 	 5 	 6.0 	 1 	 6 	 82 	 0.0
2 	 6 	 7.0 	 1 	 7 	 1 	 0.007142857142857143
3 	 5 	 7.0 	 2 	 7 	 1 	 0.007142857142857143
4 	 5 	 7.0 	 2 	 6 	 4 	 0.007142857142857143
5 	 6 	 7.0 	 1 	 7 	 1 	 0.007142857142857143
6 	 6 	 7.0 	 1 	 7 	 4 	 0.007142857142857143
7 	 5 	 7.0 	 2 	 7 	 2 	 0.007142857142857143
8 	 7 	 7.0 	 0 	 7 	 3 	 0.007142857142857143
9 	 6 	 7.0 	 1 	 6 	 2 	 0.007142857142857143
10 	 7 	 7.0 	 0 	 7 	 1 	 0.0
11 	 7 	 7.0 	 0 	 7 	 1 	 0.0
12 	 6 	 7.0 	 1 	 7 	 1 	 0.0
13 	 7 	 7.0 	 0 	 7 	 1 	 0.0
14 	 7 	 7.0 	 0 	 7 	 1 	 0.0
15 	 6 	 7.0 	 1 	 7 	 1 	 0.0
16 	 5 	 7.0 	 2 	 7 	 1 	 0.0
17 	 5 	 7.0 	 2 	 7 	 1 	 0.007142857142857143
18 	 4 	 7.0 	 3 	 7 	 1 	 0.007142857142857143
19 	 5 	 7.0 	 2 	 6 	 2 	 0.007142857142857143
20 	 6 	 7.0 	 1 	 7 	 1 	 0.0
21 	 5 	 7.0 	 2 	 6 	 23 	 0.014285714285714285
22 	 4 	 7.0 	 3 	 7 	 6 	 0.014285714285714285
23 	 5 	 7.0 	 2 	 7 	 6 	 0.014285714285714285
24 	 6 	 7.0 	 1 	 6 	 13 	 0.014285714285714285
25 	 5 	 8.0 	 3 	 8 	 1 	 0.014285714285714285
26 	 4 	 8.0 	 4 	 8 	 1 	 0.02142857142857143
27 	 2 	 8.0 	 6 	 8 	 2 	 0.02857142857142857
28 	 3 	 8.0 	 5 	 8 	 1 	 0.014285714285714285
29 	 6 	 8.0 	 2 	 8 	 1 	 0.02142857142857143
30 	 3 	 8.0 	 5 	 8 	 1 	 0.02857142857142857
31 	 5 	 8.0 	 3 	 8 	 1 	 0.014285714285714285
32 	 6 	 8.0 	 2 	 8 	 1 	 0.014285714285714285
33 	 4 	 8.0 	 4 	 8 	 1 	 0.02857142857142857
34 	 7 	 8.0 	 1 	 8 	 1 	 0.007142857142857143
35 	 7 	 8.0 	 1 	 8 	 1 	 0.007142857142857143
36 	 7 	 8.0 	 1 	 7 	 1 	 0.007142857142857143
37 	 4 	 8.0 	 4 	 8 	 1 	 0.02142857142857143
38 	 4 	 8.0 	 4 	 8 	 1 	 0.014285714285714285
39 	 6 	 8.0 	 2 	 8 	 1 	 0.014285714285714285
40 	 7 	 8.0 	 2 	 8 	 1 	 0.007142857142857143
41 	 6 	 8.0 	 2 	 8 	 1 	 0.02857142857142857
42 	 5 	 8.0 	 3 	 8 	 1 	 0.014285714285714285
43 	 6 	 8.0 	 2 	 6 	 1 	 0.007142857142857143
44 	 3 	 8.0 	 5 	 8 	 1 	 0.03571428571428571
45 	 3 	 8.0 	 5 	 8 	 1 	 0.02142857142857143
46 	 8 	 8.0 	 1 	 8 	 1 	 0.014285714285714285
47 	 2 	 8.0 	 5 	 8 	 1 	 0.014285714285714285
48 	 7 	 8.0 	 2 	 8 	 1 	 0.014285714285714285
49 	 5 	 8.0 	 3 	 7 	 1 	 0.014285714285714285
50 	 5 	 8.0 	 3 	 8 	 1 	 0.007142857142857143
51 	 5 	 8.0 	 3 	 6 	 1 	 0.007142857142857143
52 	 4 	 8.0 	 4 	 8 	 1 	 0.02142857142857143
53 	 5 	 8.0 	 2 	 7 	 1 	 0.02142857142857143
54 	 5 	 8.0 	 2 	 6 	 3 	 0.014285714285714285
55 	 4 	 8.0 	 4 	 8 	 1 	 0.014285714285714285
56 	 6 	 8.0 	 1 	 6 	 3 	 0.014285714285714285
57 	 5 	 8.0 	 2 	 7 	 1 	 0.014285714285714285
58 	 4 	 8.0 	 3 	 7 	 1 	 0.014285714285714285
59 	 4 	 8.0 	 3 	 7 	 1 	 0.014285714285714285
60 	 4 	 8.0 	 3 	 7 	 3 	 0.014285714285714285
61 	 4 	 8.0 	 3 	 7 	 1 	 0.014285714285714285
62 	 5 	 8.0 	 2 	 7 	 1 	 0.014285714285714285
63 	 5 	 8.0 	 2 	 7 	 1 	 0.014285714285714285
64 	 6 	 8.0 	 3 	 7 	 3 	 0.014285714285714285
65 	 5 	 8.0 	 2 	 7 	 8 	 0.02142857142857143
66 	 5 	 8.0 	 2 	 7 	 5 	 0.02142857142857143
67 	 2 	 8.0 	 6 	 8 	 1 	 0.02142857142857143
68 	 3 	 8.0 	 5 	 8 	 1 	 0.02142857142857143
69 	 4 	 8.0 	 4 	 8 	 1 	 0.02142857142857143
70 	 3 	 8.0 	 5 	 8 	 1 	 0.02142857142857143
71 	 5 	 8.0 	 3 	 8 	 1 	 0.02142857142857143
72 	 6 	 8.0 	 2 	 8 	 2 	 0.02142857142857143
73 	 5 	 8.0 	 2 	 7 	 3 	 0.014285714285714285
74 	 5 	 8.0 	 2 	 6 	 4 	 0.014285714285714285
75 	 6 	 8.0 	 1 	 7 	 2 	 0.014285714285714285
76 	 6 	 8.0 	 1 	 6 	 2 	 0.014285714285714285
77 	 4 	 8.0 	 3 	 7 	 2 	 0.02142857142857143
78 	 4 	 8.0 	 3 	 7 	 6 	 0.02142857142857143
79 	 7 	 8.0 	 2 	 7 	 1 	 0.02857142857142857
80 	 5 	 8.0 	 2 	 7 	 2 	 0.014285714285714285
81 	 4 	 8.0 	 3 	 7 	 1 	 0.02142857142857143
82 	 5 	 8.0 	 3 	 8 	 2 	 0.02142857142857143
83 	 5 	 8.0 	 3 	 8 	 1 	 0.02142857142857143
84 	 5 	 8.0 	 3 	 8 	 1 	 0.02142857142857143
85 	 3 	 9.0 	 5 	 8 	 1 	 0.02142857142857143
86 	 4 	 9.0 	 4 	 8 	 1 	 0.014285714285714285
87 	 4 	 9.0 	 4 	 8 	 1 	 0.014285714285714285
88 	 5 	 9.0 	 3 	 8 	 1 	 0.02142857142857143
89 	 6 	 9.0 	 2 	 8 	 1 	 0.014285714285714285
90 	 5 	 9.0 	 3 	 8 	 1 	 0.014285714285714285
91 	 5 	 9.0 	 3 	 8 	 3 	 0.02857142857142857
92 	 4 	 9.0 	 4 	 8 	 1 	 0.014285714285714285
93 	 4 	 9.0 	 4 	 8 	 2 	 0.02857142857142857
94 	 6 	 9.0 	 2 	 8 	 3 	 0.02857142857142857
95 	 3 	 9.0 	 5 	 8 	 1 	 0.02142857142857143
96 	 5 	 9.0 	 3 	 8 	 2 	 0.02857142857142857
97 	 5 	 9.0 	 3 	 8 	 1 	 0.02857142857142857
98 	 5 	 9.0 	 3 	 8 	 1 	 0.02142857142857143
99 	 7 	 9.0 	 3 	 9 	 1 	 0.02857142857142857
100 	 4 	 9.0 	 4 	 8 	 1 	 0.02142857142857143
101 	 8 	 9.0 	 2 	 9 	 1 	 0.02857142857142857
102 	 3 	 9.0 	 5 	 8 	 1 	 0.014285714285714285
103 	 2 	 9.0 	 6 	 8 	 1 	 0.02142857142857143
104 	 4 	 9.0 	 4 	 8 	 1 	 0.02142857142857143
105 	 4 	 9.0 	 4 	 8 	 1 	 0.014285714285714285
106 	 6 	 9.0 	 2 	 8 	 1 	 0.03571428571428571
107 	 2 	 9.0 	 6 	 8 	 1 	 0.014285714285714285
108 	 4 	 9.0 	 3 	 7 	 1 	 0.02857142857142857
109 	 5 	 9.0 	 3 	 8 	 1 	 0.03571428571428571
110 	 5 	 9.0 	 3 	 8 	 1 	 0.03571428571428571
111 	 5 	 9.0 	 3 	 8 	 1 	 0.03571428571428571
112 	 5 	 9.0 	 3 	 8 	 3 	 0.03571428571428571
113 	 8 	 9.0 	 2 	 9 	 1 	 0.03571428571428571
114 	 6 	 9.0 	 2 	 8 	 1 	 0.03571428571428571
115 	 2 	 9.0 	 6 	 8 	 1 	 0.02857142857142857
116 	 4 	 9.0 	 4 	 8 	 3 	 0.03571428571428571
117 	 4 	 9.0 	 4 	 8 	 1 	 0.03571428571428571
118 	 6 	 9.0 	 2 	 8 	 2 	 0.02857142857142857
119 	 4 	 9.0 	 4 	 8 	 1 	 0.03571428571428571
120 	 5 	 9.0 	 3 	 8 	 2 	 0.03571428571428571
121 	 3 	 9.0 	 5 	 8 	 1 	 0.014285714285714285
122 	 4 	 9.0 	 4 	 8 	 2 	 0.03571428571428571
123 	 4 	 9.0 	 4 	 8 	 1 	 0.02857142857142857
124 	 3 	 9.0 	 5 	 8 	 1 	 0.02857142857142857
125 	 6 	 9.0 	 2 	 8 	 1 	 0.02857142857142857
126 	 4 	 9.0 	 4 	 8 	 1 	 0.02857142857142857
127 	 4 	 9.0 	 4 	 8 	 1 	 0.02857142857142857
128 	 6 	 9.0 	 2 	 8 	 3 	 0.03571428571428571
129 	 3 	 9.0 	 5 	 8 	 1 	 0.03571428571428571
130 	 5 	 9.0 	 3 	 8 	 1 	 0.014285714285714285
131 	 3 	 9.0 	 5 	 8 	 1 	 0.014285714285714285
132 	 5 	 9.0 	 3 	 8 	 1 	 0.014285714285714285
133 	 4 	 9.0 	 4 	 8 	 1 	 0.03571428571428571
134 	 5 	 9.0 	 3 	 8 	 1 	 0.03571428571428571
135 	 5 	 9.0 	 3 	 8 	 1 	 0.014285714285714285
136 	 6 	 9.0 	 3 	 9 	 1 	 0.014285714285714285
137 	 4 	 9.0 	 4 	 8 	 1 	 0.02857142857142857
138 	 4 	 9.0 	 4 	 8 	 2 	 0.02857142857142857
139 	 6 	 9.0 	 2 	 8 	 5 	 0.02857142857142857
140 	 3 	 9.0 	 4 	 8 	 1 	 0.02142857142857143
141 	 4 	 9.0 	 3 	 7 	 1 	 0.02142857142857143
142 	 7 	 9.0 	 3 	 8 	 1 	 0.02142857142857143
143 	 2 	 9.0 	 6 	 8 	 1 	 0.02857142857142857
144 	 4 	 9.0 	 4 	 8 	 5 	 0.02142857142857143
145 	 3 	 9.0 	 5 	 8 	 1 	 0.02142857142857143
146 	 4 	 9.0 	 4 	 8 	 1 	 0.02142857142857143
147 	 5 	 9.0 	 3 	 8 	 5 	 0.02857142857142857
148 	 7 	 9.0 	 2 	 9 	 1 	 0.02142857142857143
149 	 4 	 9.0 	 4 	 8 	 1 	 0.014285714285714285
150 	 5 	 9.0 	 3 	 8 	 1 	 0.014285714285714285
151 	 8 	 9.0 	 2 	 8 	 1 	 0.014285714285714285
152 	 7 	 9.0 	 3 	 8 	 1 	 0.014285714285714285
153 	 4 	 9.0 	 3 	 7 	 1 	 0.02142857142857143
154 	 5 	 9.0 	 2 	 7 	 1 	 0.02142857142857143
155 	 5 	 9.0 	 3 	 8 	 2 	 0.02142857142857143
156 	 5 	 9.0 	 3 	 8 	 9 	 0.02142857142857143
157 	 5 	 9.0 	 3 	 8 	 5 	 0.02142857142857143
158 	 4 	 9.0 	 4 	 8 	 5 	 0.02142857142857143
159 	 5 	 9.0 	 3 	 8 	 9 	 0.02142857142857143
160 	 6 	 9.0 	 2 	 8 	 8 	 0.02142857142857143
161 	 4 	 9.0 	 4 	 8 	 5 	 0.02142857142857143
162 	 5 	 9.0 	 3 	 8 	 4 	 0.02142857142857143
163 	 6 	 9.0 	 2 	 8 	 3 	 0.02142857142857143
164 	 4 	 9.0 	 4 	 8 	 5 	 0.02142857142857143
165 	 6 	 9.0 	 2 	 8 	 5 	 0.02142857142857143
166 	 5 	 9.0 	 3 	 8 	 4 	 0.02142857142857143
167 	 5 	 9.0 	 3 	 8 	 1 	 0.02142857142857143
168 	 5 	 9.0 	 3 	 8 	 2 	 0.02142857142857143
169 	 5 	 9.0 	 5 	 8 	 1 	 0.02142857142857143
170 	 6 	 9.0 	 2 	 8 	 1 	 0.02142857142857143
171 	 5 	 9.0 	 3 	 8 	 4 	 0.02857142857142857
172 	 5 	 9.0 	 3 	 8 	 2 	 0.02857142857142857
173 	 5 	 9.0 	 3 	 8 	 2 	 0.02857142857142857
174 	 5 	 9.0 	 3 	 8 	 3 	 0.02857142857142857
175 	 4 	 9.0 	 4 	 8 	 3 	 0.02857142857142857
176 	 6 	 9.0 	 2 	 8 	 2 	 0.02857142857142857
177 	 4 	 9.0 	 4 	 8 	 1 	 0.02857142857142857
178 	 6 	 9.0 	 2 	 8 	 1 	 0.02857142857142857
179 	 5 	 9.0 	 3 	 8 	 1 	 0.02142857142857143
180 	 5 	 9.0 	 3 	 8 	 1 	 0.02857142857142857
181 	 6 	 9.0 	 3 	 7 	 1 	 0.02142857142857143
182 	 5 	 9.0 	 3 	 8 	 4 	 0.02857142857142857
183 	 5 	 9.0 	 5 	 7 	 1 	 0.02142857142857143
184 	 4 	 9.0 	 4 	 8 	 1 	 0.02142857142857143
185 	 4 	 9.0 	 4 	 8 	 2 	 0.02857142857142857
186 	 5 	 9.0 	 3 	 8 	 1 	 0.02142857142857143
187 	 4 	 9.0 	 4 	 8 	 2 	 0.02857142857142857
188 	 6 	 9.0 	 2 	 8 	 4 	 0.02857142857142857
189 	 5 	 9.0 	 3 	 8 	 2 	 0.02857142857142857
190 	 4 	 9.0 	 4 	 8 	 1 	 0.02142857142857143
191 	 6 	 9.0 	 3 	 9 	 1 	 0.02857142857142857
192 	 4 	 9.0 	 4 	 8 	 3 	 0.02857142857142857
193 	 4 	 9.0 	 4 	 8 	 1 	 0.02857142857142857
194 	 6 	 9.0 	 2 	 8 	 4 	 0.02857142857142857
195 	 5 	 9.0 	 3 	 8 	 1 	 0.02857142857142857
196 	 7 	 10.0 	 2 	 9 	 1 	 0.02142857142857143
197 	 7 	 10.0 	 2 	 9 	 1 	 0.02857142857142857
198 	 6 	 10.0 	 3 	 9 	 1 	 0.02857142857142857
199 	 6 	 10.0 	 3 	 9 	 1 	 0.02142857142857143
200 	 6 	 10.0 	 3 	 9 	 1 	 0.02142857142857143
201 	 7 	 10.0 	 2 	 9 	 1 	 0.02857142857142857
202 	 6 	 10.0 	 3 	 9 	 1 	 0.02857142857142857
203 	 5 	 10.0 	 5 	 7 	 1 	 0.02142857142857143
204 	 4 	 10.0 	 5 	 9 	 1 	 0.02857142857142857
205 	 6 	 10.0 	 3 	 9 	 1 	 0.02142857142857143
206 	 5 	 10.0 	 4 	 9 	 1 	 0.03571428571428571
207 	 5 	 10.0 	 4 	 9 	 1 	 0.02142857142857143
208 	 4 	 10.0 	 6 	 8 	 1 	 0.02142857142857143
209 	 4 	 10.0 	 6 	 8 	 1 	 0.03571428571428571
210 	 5 	 10.0 	 5 	 8 	 1 	 0.03571428571428571
211 	 3 	 10.0 	 5 	 8 	 1 	 0.02142857142857143
212 	 4 	 10.0 	 4 	 8 	 1 	 0.02142857142857143
213 	 6 	 10.0 	 4 	 9 	 1 	 0.02142857142857143
214 	 4 	 10.0 	 4 	 8 	 1 	 0.02142857142857143
215 	 6 	 10.0 	 4 	 9 	 1 	 0.02142857142857143
216 	 4 	 10.0 	 4 	 8 	 1 	 0.02142857142857143
217 	 5 	 10.0 	 3 	 8 	 1 	 0.02142857142857143
218 	 3 	 10.0 	 5 	 8 	 1 	 0.02857142857142857
219 	 4 	 10.0 	 4 	 8 	 1 	 0.02857142857142857
220 	 4 	 10.0 	 5 	 9 	 1 	 0.02857142857142857
221 	 5 	 10.0 	 3 	 8 	 1 	 0.02857142857142857
222 	 7 	 10.0 	 3 	 7 	 1 	 0.02857142857142857
223 	 7 	 10.0 	 3 	 9 	 1 	 0.02857142857142857
224 	 7 	 10.0 	 3 	 9 	 1 	 0.02857142857142857
225 	 5 	 10.0 	 5 	 8 	 1 	 0.03571428571428571
226 	 5 	 10.0 	 5 	 8 	 1 	 0.03571428571428571
227 	 6 	 10.0 	 4 	 8 	 1 	 0.03571428571428571
228 	 4 	 10.0 	 4 	 8 	 1 	 0.02142857142857143
229 	 5 	 10.0 	 5 	 8 	 1 	 0.03571428571428571
230 	 6 	 10.0 	 3 	 8 	 1 	 0.014285714285714285
231 	 5 	 10.0 	 5 	 8 	 9 	 0.02857142857142857
232 	 3 	 10.0 	 5 	 8 	 3 	 0.02857142857142857
233 	 3 	 10.0 	 5 	 8 	 5 	 0.02857142857142857
234 	 4 	 10.0 	 4 	 8 	 1 	 0.02857142857142857
235 	 5 	 10.0 	 3 	 8 	 2 	 0.02857142857142857
236 	 7 	 10.0 	 3 	 9 	 1 	 0.02857142857142857
237 	 7 	 10.0 	 3 	 9 	 1 	 0.02857142857142857
238 	 5 	 10.0 	 3 	 8 	 1 	 0.03571428571428571
239 	 4 	 10.0 	 4 	 8 	 3 	 0.02857142857142857
240 	 4 	 10.0 	 4 	 8 	 1 	 0.03571428571428571
241 	 4 	 10.0 	 4 	 8 	 3 	 0.02857142857142857
242 	 5 	 10.0 	 5 	 8 	 1 	 0.03571428571428571
243 	 4 	 10.0 	 4 	 8 	 1 	 0.03571428571428571
244 	 4 	 10.0 	 4 	 8 	 1 	 0.03571428571428571
245 	 4 	 10.0 	 4 	 8 	 2 	 0.02857142857142857
246 	 3 	 10.0 	 5 	 8 	 1 	 0.03571428571428571
247 	 3 	 10.0 	 5 	 8 	 1 	 0.03571428571428571
248 	 4 	 10.0 	 4 	 8 	 1 	 0.02857142857142857
249 	 4 	 10.0 	 6 	 8 	 3 	 0.03571428571428571
250 	 4 	 10.0 	 4 	 8 	 1 	 0.02857142857142857
251 	 5 	 10.0 	 3 	 8 	 1 	 0.03571428571428571
252 	 4 	 10.0 	 4 	 8 	 1 	 0.03571428571428571
253 	 4 	 10.0 	 4 	 8 	 2 	 0.02857142857142857
254 	 5 	 10.0 	 5 	 8 	 1 	 0.02857142857142857
255 	 4 	 10.0 	 6 	 8 	 7 	 0.02857142857142857
256 	 5 	 10.0 	 3 	 8 	 2 	 0.02857142857142857
257 	 4 	 10.0 	 4 	 8 	 3 	 0.02857142857142857
258 	 3 	 10.0 	 5 	 8 	 1 	 0.02857142857142857
259 	 4 	 10.0 	 4 	 8 	 2 	 0.02857142857142857
260 	 4 	 10.0 	 4 	 8 	 4 	 0.02857142857142857
261 	 3 	 10.0 	 7 	 8 	 1 	 0.02857142857142857
262 	 5 	 10.0 	 3 	 8 	 3 	 0.02857142857142857
263 	 4 	 10.0 	 4 	 8 	 1 	 0.02857142857142857
264 	 3 	 10.0 	 5 	 8 	 2 	 0.02857142857142857
265 	 4 	 10.0 	 4 	 8 	 1 	 0.02857142857142857
266 	 4 	 10.0 	 4 	 8 	 2 	 0.02857142857142857
267 	 3 	 10.0 	 5 	 8 	 1 	 0.02857142857142857
268 	 5 	 10.0 	 5 	 8 	 3 	 0.02857142857142857
269 	 5 	 10.0 	 5 	 8 	 4 	 0.02857142857142857
270 	 4 	 10.0 	 6 	 8 	 1 	 0.02857142857142857
271 	 5 	 10.0 	 3 	 8 	 2 	 0.02857142857142857
272 	 4 	 10.0 	 4 	 8 	 1 	 0.02857142857142857
273 	 4 	 10.0 	 4 	 8 	 2 	 0.02857142857142857
274 	 5 	 10.0 	 3 	 8 	 2 	 0.02857142857142857
275 	 6 	 10.0 	 4 	 8 	 10 	 0.02857142857142857
276 	 5 	 10.0 	 5 	 8 	 1 	 0.02857142857142857
277 	 3 	 10.0 	 5 	 8 	 2 	 0.03571428571428571
278 	 3 	 10.0 	 5 	 8 	 1 	 0.02857142857142857
279 	 5 	 10.0 	 3 	 8 	 3 	 0.02857142857142857
280 	 5 	 10.0 	 5 	 8 	 5 	 0.03571428571428571
281 	 3 	 10.0 	 5 	 8 	 4 	 0.02142857142857143
282 	 4 	 10.0 	 4 	 8 	 3 	 0.02142857142857143
283 	 6 	 10.0 	 4 	 8 	 1 	 0.03571428571428571
284 	 3 	 10.0 	 5 	 8 	 1 	 0.02857142857142857
285 	 5 	 10.0 	 3 	 8 	 7 	 0.02142857142857143
286 	 4 	 10.0 	 4 	 8 	 5 	 0.02142857142857143
287 	 4 	 10.0 	 4 	 8 	 7 	 0.02142857142857143
288 	 3 	 10.0 	 5 	 8 	 6 	 0.02142857142857143
289 	 5 	 10.0 	 5 	 8 	 14 	 0.04285714285714286
290 	 6 	 10.0 	 4 	 8 	 10 	 0.04285714285714286
291 	 5 	 10.0 	 3 	 8 	 1 	 0.04285714285714286
292 	 4 	 10.0 	 4 	 8 	 1 	 0.04285714285714286
293 	 5 	 10.0 	 5 	 8 	 32 	 0.03571428571428571
294 	 6 	 10.0 	 4 	 8 	 28 	 0.03571428571428571
295 	 5 	 10.0 	 3 	 8 	 1 	 0.02142857142857143
296 	 6 	 10.0 	 4 	 8 	 2 	 0.03571428571428571
297 	 6 	 10.0 	 4 	 8 	 2 	 0.03571428571428571
298 	 5 	 10.0 	 3 	 8 	 1 	 0.03571428571428571
299 	 3 	 10.0 	 5 	 8 	 4 	 0.02142857142857143
300 	 5 	 10.0 	 3 	 8 	 1 	 0.02857142857142857
301 	 4 	 10.0 	 6 	 8 	 1 	 0.02857142857142857
302 	 4 	 10.0 	 4 	 8 	 2 	 0.03571428571428571
303 	 4 	 10.0 	 4 	 8 	 1 	 0.03571428571428571
304 	 3 	 10.0 	 5 	 8 	 1 	 0.02857142857142857
305 	 5 	 10.0 	 3 	 8 	 1 	 0.03571428571428571
306 	 4 	 10.0 	 4 	 8 	 7 	 0.02142857142857143
307 	 5 	 10.0 	 3 	 8 	 4 	 0.02142857142857143
308 	 4 	 10.0 	 4 	 8 	 4 	 0.02142857142857143
309 	 4 	 10.0 	 4 	 8 	 5 	 0.02142857142857143
310 	 4 	 10.0 	 6 	 8 	 1 	 0.03571428571428571
311 	 5 	 10.0 	 5 	 8 	 1 	 0.03571428571428571
312 	 6 	 11.0 	 3 	 9 	 1 	 0.04285714285714286
313 	 5 	 11.0 	 5 	 8 	 25 	 0.03571428571428571
314 	 6 	 11.0 	 6 	 9 	 1 	 0.03571428571428571
315 	 7 	 11.0 	 4 	 9 	 1 	 0.03571428571428571
316 	 4 	 11.0 	 6 	 8 	 9 	 0.04285714285714286
317 	 5 	 11.0 	 6 	 9 	 1 	 0.03571428571428571
318 	 4 	 11.0 	 6 	 8 	 18 	 0.03571428571428571
319 	 5 	 11.0 	 4 	 9 	 1 	 0.03571428571428571
320 	 5 	 11.0 	 4 	 9 	 1 	 0.02142857142857143
321 	 5 	 11.0 	 5 	 8 	 1 	 0.03571428571428571
322 	 7 	 11.0 	 4 	 9 	 1 	 0.04285714285714286
323 	 4 	 11.0 	 4 	 8 	 1 	 0.03571428571428571
324 	 5 	 11.0 	 5 	 8 	 6 	 0.04285714285714286
325 	 6 	 11.0 	 5 	 10 	 1 	 0.02857142857142857
326 	 7 	 11.0 	 4 	 9 	 1 	 0.02857142857142857
327 	 4 	 11.0 	 5 	 9 	 1 	 0.02857142857142857
328 	 5 	 11.0 	 4 	 9 	 1 	 0.02857142857142857
329 	 3 	 11.0 	 5 	 8 	 1 	 0.02857142857142857
330 	 6 	 11.0 	 5 	 9 	 1 	 0.04285714285714286
331 	 4 	 11.0 	 6 	 8 	 1 	 0.03571428571428571
332 	 6 	 11.0 	 4 	 8 	 1 	 0.04285714285714286
333 	 6 	 11.0 	 5 	 9 	 1 	 0.03571428571428571
334 	 5 	 11.0 	 5 	 8 	 1 	 0.03571428571428571
335 	 4 	 11.0 	 6 	 8 	 1 	 0.03571428571428571
336 	 5 	 11.0 	 5 	 8 	 1 	 0.03571428571428571
337 	 5 	 11.0 	 5 	 8 	 1 	 0.03571428571428571
338 	 4 	 11.0 	 6 	 8 	 1 	 0.03571428571428571
339 	 4 	 11.0 	 6 	 8 	 2 	 0.03571428571428571
340 	 5 	 11.0 	 5 	 8 	 1 	 0.03571428571428571
341 	 6 	 11.0 	 4 	 8 	 1 	 0.03571428571428571
342 	 5 	 11.0 	 5 	 8 	 1 	 0.03571428571428571
343 	 4 	 11.0 	 6 	 8 	 2 	 0.04285714285714286
344 	 5 	 11.0 	 5 	 8 	 1 	 0.04285714285714286
345 	 5 	 11.0 	 5 	 8 	 1 	 0.04285714285714286
346 	 5 	 11.0 	 5 	 8 	 2 	 0.04285714285714286
347 	 5 	 11.0 	 5 	 8 	 1 	 0.04285714285714286
348 	 4 	 11.0 	 6 	 8 	 1 	 0.04285714285714286
349 	 5 	 11.0 	 5 	 8 	 1 	 0.04285714285714286
350 	 4 	 11.0 	 6 	 8 	 1 	 0.04285714285714286
351 	 6 	 11.0 	 4 	 8 	 1 	 0.04285714285714286
352 	 5 	 11.0 	 5 	 8 	 1 	 0.04285714285714286
353 	 5 	 11.0 	 5 	 8 	 1 	 0.04285714285714286
354 	 6 	 11.0 	 4 	 8 	 1 	 0.04285714285714286
355 	 5 	 11.0 	 5 	 8 	 1 	 0.03571428571428571
356 	 4 	 11.0 	 6 	 8 	 1 	 0.03571428571428571
357 	 5 	 11.0 	 5 	 8 	 2 	 0.03571428571428571
358 	 5 	 11.0 	 5 	 8 	 1 	 0.03571428571428571
359 	 5 	 11.0 	 5 	 8 	 1 	 0.03571428571428571
360 	 4 	 11.0 	 6 	 8 	 1 	 0.03571428571428571
361 	 5 	 11.0 	 6 	 9 	 1 	 0.03571428571428571
362 	 4 	 11.0 	 6 	 8 	 1 	 0.03571428571428571
363 	 6 	 11.0 	 4 	 8 	 1 	 0.02857142857142857
364 	 5 	 11.0 	 3 	 8 	 1 	 0.02857142857142857
365 	 3 	 11.0 	 7 	 8 	 1 	 0.03571428571428571
366 	 6 	 11.0 	 4 	 8 	 1 	 0.02857142857142857
367 	 4 	 11.0 	 4 	 8 	 1 	 0.02857142857142857
368 	 3 	 11.0 	 5 	 8 	 1 	 0.02142857142857143
369 	 4 	 11.0 	 6 	 8 	 1 	 0.03571428571428571
370 	 4 	 12.0 	 6 	 8 	 1 	 0.04285714285714286
371 	 4 	 12.0 	 6 	 8 	 1 	 0.03571428571428571
372 	 4 	 12.0 	 6 	 8 	 1 	 0.04285714285714286
373 	 4 	 12.0 	 6 	 8 	 1 	 0.05
374 	 4 	 12.0 	 6 	 8 	 1 	 0.03571428571428571
375 	 3 	 12.0 	 7 	 8 	 1 	 0.03571428571428571
376 	 5 	 12.0 	 5 	 8 	 1 	 0.04285714285714286
377 	 4 	 12.0 	 6 	 8 	 1 	 0.04285714285714286
378 	 3 	 12.0 	 7 	 8 	 1 	 0.03571428571428571
379 	 4 	 12.0 	 6 	 8 	 2 	 0.03571428571428571
380 	 4 	 12.0 	 6 	 8 	 2 	 0.03571428571428571
381 	 4 	 12.0 	 6 	 8 	 1 	 0.03571428571428571
382 	 5 	 12.0 	 5 	 8 	 2 	 0.03571428571428571
383 	 4 	 12.0 	 6 	 8 	 1 	 0.03571428571428571
384 	 5 	 12.0 	 5 	 8 	 2 	 0.03571428571428571
385 	 4 	 12.0 	 6 	 8 	 1 	 0.04285714285714286
386 	 4 	 12.0 	 6 	 8 	 1 	 0.03571428571428571
387 	 5 	 13.0 	 7 	 8 	 1 	 0.05
388 	 4 	 14.0 	 8 	 8 	 1 	 0.04285714285714286
BestSolution
x_{0}
x_{40}
x_{46}
x_{52}
x_{21}
x_{61}
Objective: 6
ChainS-ChainL 0.2 3
Info {'qpu_sampling_time': 345960.0, 'qpu_anneal_time_per_sample': 200.0, 'qpu_readout_time_per_sample': 125.38, 'qpu_access_time': 361726.37, 'qpu_access_overhead_time': 2242.63, 'qpu_programming_time': 15766.37, 'qpu_delay_time_per_sample': 20.58, 'post_processing_overhead_time': 1.0, 'total_post_processing_time': 1.0}
Emb {'embedding': {78: (4234, 786), 1: (4233,), 3: (4249,), 10: (756, 4113), 16: (877, 4384), 79: (4264, 922), 9: (4324, 862), 20: (1027, 4355), 80: (4309, 937), 6: (4250,), 24: (908, 907, 909), 81: (4279, 4280, 1011), 19: (1176,), 29: (4356, 1222), 82: (4265, 1117), 18: (4190, 4189), 30: (1087,), 83: (1102, 1103), 15: (4310,), 36: (4459, 4460), 84: (1192, 4445), 27: (1162, 1161, 4115), 39: (4326,), 85: (4341, 4340), 35: (1057,), 41: (4325, 1042), 86: (1071, 1072, 4055), 0: (3994, 965), 43: (4070,), 87: (936,), 13: (951,), 44: (4129,), 88: (891, 4099, 4204), 17: (771, 4098), 53: (757,), 89: (773, 774, 772), 40: (4580, 1089, 4579), 54: (4609,), 90: (4595, 4594), 26: (939,), 58: (1074, 1073), 91: (983, 4565), 21: (848, 847, 4519), 61: (1104,), 92: (4549, 4550), 11: (1028, 4505), 62: (1119,), 93: (4535, 4536), 38: (1207, 1206, 1208), 63: (1223,), 94: (1193, 4490), 37: (4596,), 64: (4489,), 95: (968, 4610, 4611), 56: (924, 4639, 923), 67: (4624,), 96: (1029,), 65: (1149, 4700), 69: (4760,), 97: (4745, 4746), 28: (1239,), 70: (1224,), 98: (4731, 1254), 68: (4656,), 71: (4626, 1343), 99: (1344,), 4: (4777,), 72: (4701,), 100: (1329,), 7: (4792,), 73: (4671,), 101: (4821, 4820, 1359), 55: (4730, 1105, 4729), 75: (1360,), 104: (1237, 1238), 2: (1252,), 23: (4416,), 105: (4251,), 33: (1283, 1282), 106: (4235, 4236, 981), 34: (4220,), 107: (966,), 47: (4159,), 108: (4144, 861), 48: (846,), 109: (4083,), 51: (711,), 110: (696, 697, 4308), 52: (832, 831), 111: (4354, 4353), 31: (4368,), 112: (4369,), 57: (967, 4444), 113: (4294, 892), 59: (982, 4400), 114: (1012, 1013), 12: (996, 997), 115: (998, 999), 8: (4714, 4715), 116: (4685, 4686, 1014), 50: (1314,), 117: (1299,), 74: (1298,), 118: (1328, 4597, 4521), 76: (1313,), 121: (830,), 14: (3964,), 124: (4054,), 22: (4053,), 25: (4069,), 125: (4114, 906, 1026), 126: (4160, 4161), 42: (1086,), 127: (4084, 1041, 4085), 5: (4175,), 128: (876, 4174), 129: (817, 818, 816), 130: (833, 834), 131: (4699, 879), 45: (4654,), 132: (954, 953), 133: (4415, 938), 134: (4431, 4430), 135: (4401, 1133), 66: (4475,), 136: (4476, 1268), 32: (1373,), 137: (1269, 4641), 60: (4566,), 138: (1284,), 141: (3993,), 46: (4008,), 49: (695,), 144: (4385, 1088), 145: (4370, 1118), 146: (1147, 1148), 147: (1163, 4625), 148: (1164, 4655), 149: (1059, 4640), 150: (4669, 4670)}, 'chain_break_method': 'majority_vote', 'embedding_parameters': {}, 'chain_strength': 0.5237229365663818}
x_{0} 2
x_{1} 1
x_{2} 1
x_{3} 1
x_{4} 1
x_{5} 1
x_{6} 1
x_{7} 1
x_{8} 2
x_{9} 2
x_{10} 2
x_{11} 2
x_{12} 2
x_{13} 1
x_{14} 1
x_{15} 1
x_{16} 2
x_{17} 2
x_{18} 2
x_{19} 1
x_{20} 2
x_{21} 3
x_{22} 1
x_{23} 1
x_{24} 3
x_{25} 1
x_{26} 1
x_{27} 3
x_{28} 1
x_{29} 2
x_{30} 1
x_{31} 1
x_{32} 1
x_{33} 2
x_{34} 1
x_{35} 1
x_{36} 2
x_{37} 1
x_{38} 3
x_{39} 1
x_{40} 3
x_{41} 2
x_{42} 1
x_{43} 1
x_{44} 1
x_{45} 1
x_{46} 1
x_{47} 1
x_{48} 1
x_{49} 1
x_{50} 1
x_{51} 1
x_{52} 2
x_{53} 1
x_{54} 1
x_{55} 3
x_{56} 3
x_{57} 2
x_{58} 2
x_{59} 2
x_{60} 1
x_{61} 1
x_{62} 1
x_{63} 1
x_{64} 1
x_{65} 2
x_{66} 1
x_{67} 1
x_{68} 1
x_{69} 1
x_{70} 1
x_{71} 2
x_{72} 1
x_{73} 1
x_{74} 1
x_{75} 1
x_{76} 1
y^1_1 2
y^1_2 2
y^1_3 2
y^1_4 3
y^1_5 2
y^1_6 2
y^1_7 2
y^1_8 2
y^1_9 3
y^1_10 1
y^1_11 3
y^1_12 3
y^1_13 2
y^1_14 2
y^1_15 2
y^1_16 2
y^1_17 2
y^1_18 3
y^1_19 1
y^1_20 2
y^1_21 2
y^1_22 1
y^1_23 1
y^1_24 3
y^2_1 2
y^2_2 1
y^2_3 3
y^2_4 1
y^2_5 2
y^2_6 1
y^2_7 3
y^2_8 2
y^2_9 1
y^2_10 2
y^2_11 2
y^2_12 2
y^2_13 3
y^2_14 1
y^2_15 3
y^3_1 1
y^4_1 1
y^4_2 3
y^4_3 2
y^4_4 3
y^4_5 2
y^4_6 3
y^4_7 2
y^4_8 2
y^4_9 2
y^4_10 2
y^4_11 2
y^4_12 2
y^4_13 2
y^4_14 2
y^4_15 1
y^5_1 1
y^6_1 2
y^6_2 2
y^6_3 2
y^6_4 2
y^6_5 2
y^6_6 2
y^6_7 2
