#Var-#NoneZ: 232 - 812
0.5549094775743939 [(0.0, 0.0), (200.0, 1.0)]
TimeRunning 4.517003059387207
0 	 7 	 8.0 	 1 	 8 	 3 	 0.0047169811320754715
1 	 7 	 8.0 	 1 	 8 	 1 	 0.0
2 	 8 	 8.0 	 0 	 8 	 1 	 0.0047169811320754715
3 	 8 	 8.0 	 0 	 8 	 4 	 0.0
4 	 9 	 9.0 	 0 	 9 	 1 	 0.0
5 	 7 	 9.0 	 3 	 8 	 1 	 0.009433962264150943
6 	 9 	 9.0 	 1 	 9 	 2 	 0.009433962264150943
7 	 8 	 9.0 	 2 	 8 	 1 	 0.009433962264150943
8 	 9 	 9.0 	 1 	 9 	 1 	 0.009433962264150943
9 	 7 	 9.0 	 3 	 8 	 1 	 0.009433962264150943
10 	 9 	 9.0 	 1 	 9 	 1 	 0.0047169811320754715
11 	 7 	 9.0 	 2 	 8 	 1 	 0.0047169811320754715
12 	 8 	 9.0 	 2 	 9 	 1 	 0.0047169811320754715
13 	 8 	 9.0 	 1 	 9 	 1 	 0.0047169811320754715
14 	 7 	 9.0 	 3 	 8 	 1 	 0.0047169811320754715
15 	 7 	 9.0 	 2 	 9 	 2 	 0.0047169811320754715
16 	 6 	 9.0 	 3 	 8 	 1 	 0.0047169811320754715
17 	 8 	 9.0 	 2 	 9 	 2 	 0.009433962264150943
18 	 8 	 9.0 	 2 	 8 	 1 	 0.014150943396226415
19 	 8 	 9.0 	 1 	 9 	 1 	 0.0047169811320754715
20 	 8 	 9.0 	 1 	 9 	 1 	 0.0047169811320754715
21 	 8 	 9.0 	 1 	 9 	 1 	 0.0047169811320754715
22 	 8 	 9.0 	 1 	 9 	 1 	 0.0047169811320754715
23 	 7 	 9.0 	 2 	 8 	 1 	 0.014150943396226415
24 	 8 	 9.0 	 2 	 8 	 1 	 0.0047169811320754715
25 	 9 	 9.0 	 0 	 9 	 1 	 0.0
26 	 8 	 9.0 	 2 	 9 	 1 	 0.014150943396226415
27 	 9 	 9.0 	 1 	 9 	 1 	 0.009433962264150943
28 	 7 	 9.0 	 3 	 8 	 1 	 0.0
29 	 9 	 9.0 	 1 	 9 	 7 	 0.0047169811320754715
30 	 8 	 9.0 	 2 	 9 	 1 	 0.0047169811320754715
31 	 8 	 9.0 	 2 	 8 	 1 	 0.0047169811320754715
32 	 9 	 9.0 	 1 	 9 	 1 	 0.0047169811320754715
33 	 8 	 9.0 	 2 	 9 	 1 	 0.018867924528301886
34 	 7 	 9.0 	 3 	 8 	 1 	 0.018867924528301886
35 	 7 	 9.0 	 3 	 8 	 1 	 0.009433962264150943
36 	 7 	 9.0 	 3 	 8 	 1 	 0.0047169811320754715
37 	 8 	 9.0 	 2 	 9 	 1 	 0.014150943396226415
38 	 7 	 9.0 	 3 	 8 	 2 	 0.014150943396226415
39 	 7 	 9.0 	 3 	 8 	 2 	 0.009433962264150943
40 	 8 	 9.0 	 2 	 9 	 10 	 0.009433962264150943
41 	 8 	 9.0 	 2 	 9 	 4 	 0.009433962264150943
42 	 8 	 9.0 	 1 	 9 	 1 	 0.009433962264150943
43 	 8 	 9.0 	 2 	 9 	 1 	 0.014150943396226415
44 	 9 	 9.0 	 1 	 9 	 1 	 0.0047169811320754715
45 	 8 	 9.0 	 2 	 9 	 3 	 0.0047169811320754715
46 	 8 	 9.0 	 2 	 8 	 1 	 0.0047169811320754715
47 	 8 	 9.0 	 2 	 8 	 1 	 0.0047169811320754715
48 	 8 	 9.0 	 2 	 8 	 3 	 0.0047169811320754715
49 	 8 	 9.0 	 2 	 8 	 3 	 0.0047169811320754715
50 	 8 	 9.0 	 2 	 9 	 4 	 0.0047169811320754715
51 	 8 	 9.0 	 1 	 9 	 1 	 0.0047169811320754715
52 	 8 	 9.0 	 2 	 9 	 1 	 0.0047169811320754715
53 	 7 	 10.0 	 5 	 8 	 1 	 0.009433962264150943
54 	 8 	 10.0 	 2 	 10 	 1 	 0.009433962264150943
55 	 8 	 10.0 	 4 	 9 	 1 	 0.0047169811320754715
56 	 8 	 10.0 	 3 	 9 	 1 	 0.0047169811320754715
57 	 9 	 10.0 	 3 	 10 	 1 	 0.009433962264150943
58 	 9 	 10.0 	 2 	 9 	 1 	 0.009433962264150943
59 	 7 	 10.0 	 3 	 10 	 1 	 0.009433962264150943
60 	 8 	 10.0 	 2 	 8 	 1 	 0.0047169811320754715
61 	 7 	 10.0 	 3 	 10 	 1 	 0.009433962264150943
62 	 9 	 10.0 	 3 	 9 	 1 	 0.009433962264150943
63 	 7 	 10.0 	 5 	 8 	 1 	 0.014150943396226415
64 	 7 	 10.0 	 4 	 9 	 1 	 0.009433962264150943
65 	 10 	 10.0 	 1 	 10 	 1 	 0.009433962264150943
66 	 9 	 10.0 	 3 	 10 	 1 	 0.0047169811320754715
67 	 10 	 10.0 	 2 	 10 	 2 	 0.0047169811320754715
68 	 10 	 10.0 	 1 	 10 	 1 	 0.009433962264150943
69 	 9 	 10.0 	 2 	 10 	 1 	 0.0047169811320754715
70 	 9 	 10.0 	 1 	 10 	 1 	 0.009433962264150943
71 	 9 	 10.0 	 2 	 10 	 1 	 0.009433962264150943
72 	 7 	 10.0 	 3 	 10 	 1 	 0.0047169811320754715
73 	 8 	 10.0 	 4 	 9 	 1 	 0.009433962264150943
74 	 9 	 10.0 	 2 	 9 	 1 	 0.0
75 	 8 	 10.0 	 3 	 9 	 1 	 0.014150943396226415
76 	 10 	 10.0 	 1 	 10 	 1 	 0.014150943396226415
77 	 7 	 10.0 	 4 	 8 	 1 	 0.014150943396226415
78 	 9 	 10.0 	 1 	 10 	 1 	 0.0047169811320754715
79 	 8 	 10.0 	 4 	 9 	 1 	 0.009433962264150943
80 	 9 	 10.0 	 2 	 9 	 1 	 0.009433962264150943
81 	 8 	 10.0 	 3 	 8 	 1 	 0.014150943396226415
82 	 8 	 10.0 	 4 	 8 	 1 	 0.0047169811320754715
83 	 7 	 10.0 	 5 	 8 	 1 	 0.014150943396226415
84 	 9 	 10.0 	 2 	 10 	 1 	 0.014150943396226415
85 	 8 	 10.0 	 3 	 9 	 1 	 0.014150943396226415
86 	 9 	 10.0 	 2 	 9 	 1 	 0.009433962264150943
87 	 9 	 10.0 	 2 	 10 	 1 	 0.009433962264150943
88 	 9 	 10.0 	 2 	 10 	 1 	 0.014150943396226415
89 	 8 	 10.0 	 3 	 9 	 2 	 0.014150943396226415
90 	 7 	 10.0 	 4 	 8 	 1 	 0.014150943396226415
91 	 8 	 10.0 	 3 	 9 	 2 	 0.014150943396226415
92 	 10 	 10.0 	 1 	 10 	 1 	 0.018867924528301886
93 	 9 	 10.0 	 3 	 9 	 1 	 0.009433962264150943
94 	 9 	 10.0 	 2 	 10 	 1 	 0.009433962264150943
95 	 8 	 10.0 	 3 	 9 	 1 	 0.009433962264150943
96 	 8 	 10.0 	 3 	 9 	 1 	 0.014150943396226415
97 	 9 	 10.0 	 3 	 9 	 1 	 0.014150943396226415
98 	 8 	 10.0 	 3 	 9 	 1 	 0.014150943396226415
99 	 8 	 10.0 	 4 	 9 	 1 	 0.014150943396226415
100 	 9 	 10.0 	 2 	 9 	 1 	 0.014150943396226415
101 	 10 	 10.0 	 1 	 10 	 1 	 0.014150943396226415
102 	 10 	 10.0 	 1 	 10 	 2 	 0.009433962264150943
103 	 8 	 10.0 	 4 	 8 	 1 	 0.009433962264150943
104 	 8 	 10.0 	 3 	 9 	 2 	 0.014150943396226415
105 	 9 	 10.0 	 2 	 10 	 1 	 0.009433962264150943
106 	 9 	 10.0 	 3 	 10 	 1 	 0.009433962264150943
107 	 9 	 10.0 	 2 	 9 	 1 	 0.009433962264150943
108 	 7 	 10.0 	 4 	 9 	 1 	 0.014150943396226415
109 	 9 	 10.0 	 3 	 10 	 2 	 0.009433962264150943
110 	 9 	 10.0 	 2 	 9 	 1 	 0.009433962264150943
111 	 9 	 10.0 	 1 	 10 	 1 	 0.009433962264150943
112 	 8 	 10.0 	 4 	 9 	 1 	 0.009433962264150943
113 	 7 	 10.0 	 5 	 8 	 1 	 0.014150943396226415
114 	 8 	 10.0 	 4 	 9 	 1 	 0.009433962264150943
115 	 8 	 10.0 	 4 	 9 	 1 	 0.009433962264150943
116 	 8 	 10.0 	 3 	 10 	 1 	 0.009433962264150943
117 	 7 	 10.0 	 5 	 8 	 1 	 0.009433962264150943
118 	 9 	 11.0 	 3 	 10 	 1 	 0.018867924528301886
119 	 9 	 11.0 	 3 	 10 	 1 	 0.02358490566037736
120 	 9 	 11.0 	 3 	 10 	 1 	 0.02358490566037736
121 	 8 	 11.0 	 4 	 10 	 1 	 0.018867924528301886
122 	 8 	 11.0 	 4 	 10 	 1 	 0.009433962264150943
123 	 7 	 11.0 	 5 	 10 	 1 	 0.009433962264150943
124 	 7 	 11.0 	 3 	 10 	 1 	 0.014150943396226415
125 	 9 	 11.0 	 3 	 9 	 1 	 0.009433962264150943
126 	 7 	 11.0 	 5 	 10 	 1 	 0.014150943396226415
127 	 8 	 11.0 	 2 	 10 	 1 	 0.014150943396226415
128 	 7 	 11.0 	 5 	 10 	 1 	 0.014150943396226415
129 	 8 	 11.0 	 4 	 10 	 1 	 0.014150943396226415
130 	 7 	 11.0 	 5 	 10 	 1 	 0.009433962264150943
131 	 9 	 11.0 	 3 	 10 	 1 	 0.018867924528301886
132 	 9 	 11.0 	 3 	 11 	 1 	 0.009433962264150943
133 	 8 	 11.0 	 4 	 10 	 1 	 0.018867924528301886
134 	 9 	 11.0 	 3 	 11 	 1 	 0.014150943396226415
135 	 8 	 11.0 	 4 	 10 	 1 	 0.014150943396226415
136 	 9 	 11.0 	 4 	 9 	 1 	 0.0047169811320754715
137 	 9 	 11.0 	 3 	 11 	 1 	 0.0047169811320754715
138 	 9 	 11.0 	 3 	 10 	 1 	 0.014150943396226415
139 	 9 	 11.0 	 3 	 10 	 1 	 0.0047169811320754715
140 	 7 	 11.0 	 5 	 9 	 1 	 0.0047169811320754715
141 	 9 	 11.0 	 3 	 10 	 1 	 0.0047169811320754715
142 	 9 	 11.0 	 4 	 10 	 1 	 0.014150943396226415
143 	 7 	 11.0 	 5 	 10 	 1 	 0.014150943396226415
144 	 10 	 11.0 	 2 	 10 	 1 	 0.009433962264150943
145 	 9 	 11.0 	 3 	 10 	 1 	 0.014150943396226415
146 	 9 	 11.0 	 3 	 10 	 1 	 0.009433962264150943
147 	 7 	 11.0 	 5 	 10 	 1 	 0.014150943396226415
148 	 6 	 11.0 	 6 	 10 	 1 	 0.014150943396226415
149 	 9 	 11.0 	 4 	 9 	 1 	 0.014150943396226415
150 	 8 	 11.0 	 4 	 10 	 1 	 0.014150943396226415
151 	 7 	 11.0 	 5 	 10 	 1 	 0.009433962264150943
152 	 9 	 11.0 	 3 	 10 	 1 	 0.014150943396226415
153 	 10 	 11.0 	 2 	 10 	 1 	 0.0047169811320754715
154 	 7 	 11.0 	 5 	 10 	 1 	 0.0047169811320754715
155 	 8 	 11.0 	 4 	 10 	 1 	 0.0047169811320754715
156 	 8 	 11.0 	 4 	 10 	 1 	 0.0047169811320754715
157 	 9 	 11.0 	 3 	 10 	 1 	 0.0047169811320754715
158 	 7 	 11.0 	 5 	 10 	 1 	 0.009433962264150943
159 	 8 	 11.0 	 4 	 10 	 1 	 0.009433962264150943
160 	 9 	 11.0 	 3 	 10 	 1 	 0.009433962264150943
161 	 10 	 11.0 	 2 	 10 	 1 	 0.0047169811320754715
162 	 9 	 11.0 	 3 	 10 	 1 	 0.009433962264150943
163 	 8 	 11.0 	 4 	 10 	 1 	 0.009433962264150943
164 	 10 	 11.0 	 2 	 10 	 1 	 0.02358490566037736
165 	 10 	 11.0 	 2 	 10 	 1 	 0.009433962264150943
166 	 8 	 11.0 	 4 	 10 	 1 	 0.009433962264150943
167 	 10 	 11.0 	 2 	 10 	 1 	 0.009433962264150943
168 	 8 	 11.0 	 4 	 10 	 1 	 0.009433962264150943
169 	 8 	 11.0 	 4 	 10 	 1 	 0.009433962264150943
170 	 9 	 11.0 	 3 	 10 	 1 	 0.009433962264150943
171 	 9 	 11.0 	 3 	 10 	 1 	 0.009433962264150943
172 	 9 	 11.0 	 3 	 10 	 1 	 0.0047169811320754715
173 	 9 	 11.0 	 3 	 10 	 1 	 0.018867924528301886
174 	 9 	 11.0 	 3 	 10 	 1 	 0.018867924528301886
175 	 7 	 11.0 	 5 	 10 	 1 	 0.014150943396226415
176 	 9 	 11.0 	 4 	 10 	 1 	 0.014150943396226415
177 	 8 	 11.0 	 5 	 9 	 1 	 0.014150943396226415
178 	 8 	 11.0 	 4 	 9 	 1 	 0.014150943396226415
179 	 8 	 11.0 	 4 	 10 	 1 	 0.014150943396226415
180 	 9 	 11.0 	 3 	 10 	 1 	 0.014150943396226415
181 	 8 	 11.0 	 5 	 9 	 1 	 0.014150943396226415
182 	 9 	 11.0 	 4 	 10 	 1 	 0.014150943396226415
183 	 10 	 11.0 	 3 	 11 	 1 	 0.014150943396226415
184 	 8 	 11.0 	 3 	 11 	 1 	 0.014150943396226415
185 	 9 	 11.0 	 3 	 10 	 1 	 0.009433962264150943
186 	 8 	 11.0 	 6 	 9 	 1 	 0.009433962264150943
187 	 8 	 11.0 	 3 	 11 	 1 	 0.009433962264150943
188 	 8 	 11.0 	 4 	 10 	 1 	 0.009433962264150943
189 	 7 	 11.0 	 5 	 10 	 1 	 0.009433962264150943
190 	 9 	 11.0 	 3 	 10 	 1 	 0.014150943396226415
191 	 10 	 11.0 	 3 	 11 	 1 	 0.009433962264150943
192 	 10 	 11.0 	 2 	 11 	 1 	 0.009433962264150943
193 	 9 	 11.0 	 4 	 10 	 1 	 0.009433962264150943
194 	 9 	 11.0 	 3 	 11 	 1 	 0.014150943396226415
195 	 9 	 11.0 	 3 	 10 	 1 	 0.014150943396226415
196 	 7 	 11.0 	 5 	 10 	 1 	 0.0047169811320754715
197 	 8 	 11.0 	 4 	 10 	 1 	 0.02358490566037736
198 	 9 	 11.0 	 3 	 10 	 1 	 0.009433962264150943
199 	 10 	 11.0 	 3 	 10 	 1 	 0.009433962264150943
200 	 9 	 11.0 	 5 	 10 	 1 	 0.014150943396226415
201 	 9 	 11.0 	 3 	 9 	 1 	 0.014150943396226415
202 	 8 	 11.0 	 6 	 9 	 1 	 0.014150943396226415
203 	 8 	 11.0 	 4 	 10 	 1 	 0.014150943396226415
204 	 7 	 11.0 	 5 	 10 	 1 	 0.014150943396226415
205 	 7 	 11.0 	 5 	 10 	 3 	 0.014150943396226415
206 	 6 	 11.0 	 6 	 10 	 1 	 0.009433962264150943
207 	 8 	 11.0 	 4 	 10 	 1 	 0.014150943396226415
208 	 8 	 11.0 	 4 	 10 	 1 	 0.014150943396226415
209 	 7 	 11.0 	 5 	 10 	 1 	 0.018867924528301886
210 	 8 	 11.0 	 4 	 10 	 5 	 0.014150943396226415
211 	 9 	 11.0 	 3 	 10 	 4 	 0.014150943396226415
212 	 9 	 11.0 	 5 	 9 	 1 	 0.018867924528301886
213 	 10 	 11.0 	 3 	 10 	 1 	 0.018867924528301886
214 	 9 	 11.0 	 5 	 9 	 1 	 0.018867924528301886
215 	 9 	 11.0 	 4 	 9 	 1 	 0.009433962264150943
216 	 9 	 11.0 	 3 	 10 	 1 	 0.009433962264150943
217 	 9 	 11.0 	 3 	 10 	 1 	 0.009433962264150943
218 	 9 	 11.0 	 3 	 10 	 1 	 0.0
219 	 11 	 11.0 	 1 	 11 	 1 	 0.009433962264150943
220 	 9 	 11.0 	 3 	 10 	 1 	 0.009433962264150943
221 	 6 	 11.0 	 7 	 8 	 1 	 0.014150943396226415
222 	 8 	 11.0 	 4 	 10 	 1 	 0.009433962264150943
223 	 7 	 11.0 	 5 	 10 	 2 	 0.009433962264150943
224 	 7 	 11.0 	 5 	 10 	 1 	 0.009433962264150943
225 	 7 	 11.0 	 5 	 10 	 1 	 0.018867924528301886
226 	 7 	 11.0 	 6 	 8 	 1 	 0.014150943396226415
227 	 9 	 11.0 	 3 	 10 	 1 	 0.014150943396226415
228 	 7 	 11.0 	 5 	 10 	 2 	 0.009433962264150943
229 	 11 	 11.0 	 1 	 11 	 1 	 0.014150943396226415
230 	 9 	 11.0 	 4 	 10 	 1 	 0.009433962264150943
231 	 7 	 11.0 	 4 	 8 	 1 	 0.018867924528301886
232 	 8 	 11.0 	 5 	 9 	 1 	 0.018867924528301886
233 	 9 	 11.0 	 3 	 10 	 1 	 0.018867924528301886
234 	 10 	 11.0 	 4 	 11 	 1 	 0.018867924528301886
235 	 8 	 11.0 	 5 	 9 	 1 	 0.014150943396226415
236 	 8 	 11.0 	 3 	 9 	 1 	 0.014150943396226415
237 	 7 	 11.0 	 5 	 8 	 1 	 0.018867924528301886
238 	 9 	 11.0 	 3 	 10 	 1 	 0.02358490566037736
239 	 8 	 11.0 	 3 	 11 	 1 	 0.0047169811320754715
240 	 10 	 11.0 	 3 	 11 	 1 	 0.014150943396226415
241 	 9 	 11.0 	 3 	 10 	 1 	 0.018867924528301886
242 	 9 	 11.0 	 4 	 10 	 1 	 0.014150943396226415
243 	 8 	 11.0 	 4 	 9 	 1 	 0.014150943396226415
244 	 8 	 11.0 	 5 	 9 	 1 	 0.018867924528301886
245 	 10 	 11.0 	 3 	 10 	 1 	 0.018867924528301886
246 	 8 	 11.0 	 5 	 9 	 1 	 0.014150943396226415
247 	 8 	 11.0 	 5 	 9 	 1 	 0.014150943396226415
248 	 10 	 11.0 	 2 	 11 	 1 	 0.014150943396226415
249 	 11 	 11.0 	 1 	 11 	 1 	 0.009433962264150943
250 	 8 	 11.0 	 5 	 9 	 1 	 0.018867924528301886
251 	 11 	 12.0 	 5 	 12 	 1 	 0.018867924528301886
252 	 9 	 12.0 	 5 	 11 	 1 	 0.014150943396226415
253 	 10 	 12.0 	 3 	 11 	 1 	 0.014150943396226415
254 	 10 	 12.0 	 4 	 10 	 1 	 0.014150943396226415
255 	 11 	 12.0 	 3 	 11 	 1 	 0.014150943396226415
256 	 10 	 12.0 	 4 	 10 	 1 	 0.014150943396226415
257 	 10 	 12.0 	 4 	 11 	 1 	 0.014150943396226415
258 	 9 	 12.0 	 4 	 11 	 1 	 0.014150943396226415
259 	 8 	 12.0 	 6 	 10 	 1 	 0.009433962264150943
260 	 8 	 12.0 	 6 	 10 	 1 	 0.009433962264150943
261 	 9 	 12.0 	 5 	 10 	 1 	 0.009433962264150943
262 	 9 	 12.0 	 5 	 11 	 1 	 0.009433962264150943
263 	 8 	 12.0 	 6 	 10 	 1 	 0.014150943396226415
264 	 11 	 12.0 	 3 	 11 	 1 	 0.009433962264150943
265 	 7 	 12.0 	 7 	 10 	 1 	 0.009433962264150943
266 	 8 	 12.0 	 6 	 11 	 1 	 0.009433962264150943
267 	 6 	 12.0 	 8 	 10 	 1 	 0.009433962264150943
268 	 6 	 12.0 	 8 	 10 	 1 	 0.009433962264150943
269 	 9 	 12.0 	 4 	 11 	 1 	 0.0047169811320754715
270 	 11 	 12.0 	 2 	 11 	 1 	 0.009433962264150943
271 	 10 	 12.0 	 4 	 10 	 1 	 0.014150943396226415
272 	 10 	 12.0 	 4 	 11 	 1 	 0.014150943396226415
273 	 10 	 12.0 	 4 	 11 	 1 	 0.014150943396226415
274 	 9 	 12.0 	 5 	 10 	 1 	 0.014150943396226415
275 	 8 	 12.0 	 6 	 10 	 1 	 0.014150943396226415
276 	 9 	 12.0 	 5 	 11 	 1 	 0.014150943396226415
277 	 8 	 12.0 	 6 	 10 	 1 	 0.014150943396226415
278 	 9 	 12.0 	 5 	 10 	 1 	 0.014150943396226415
279 	 11 	 12.0 	 3 	 11 	 1 	 0.014150943396226415
280 	 9 	 12.0 	 5 	 11 	 1 	 0.014150943396226415
281 	 8 	 12.0 	 5 	 11 	 1 	 0.014150943396226415
282 	 11 	 12.0 	 3 	 11 	 1 	 0.014150943396226415
283 	 9 	 12.0 	 5 	 10 	 2 	 0.014150943396226415
284 	 10 	 12.0 	 4 	 10 	 1 	 0.014150943396226415
285 	 9 	 12.0 	 5 	 10 	 1 	 0.014150943396226415
286 	 9 	 12.0 	 5 	 10 	 1 	 0.014150943396226415
287 	 9 	 12.0 	 5 	 10 	 1 	 0.014150943396226415
288 	 9 	 12.0 	 5 	 10 	 1 	 0.014150943396226415
289 	 8 	 12.0 	 6 	 10 	 1 	 0.014150943396226415
290 	 10 	 12.0 	 4 	 11 	 1 	 0.014150943396226415
291 	 9 	 12.0 	 5 	 10 	 1 	 0.014150943396226415
292 	 10 	 12.0 	 4 	 11 	 1 	 0.014150943396226415
293 	 8 	 12.0 	 6 	 10 	 1 	 0.014150943396226415
294 	 10 	 12.0 	 4 	 11 	 1 	 0.014150943396226415
295 	 8 	 12.0 	 6 	 10 	 1 	 0.014150943396226415
296 	 10 	 12.0 	 4 	 10 	 1 	 0.014150943396226415
297 	 9 	 12.0 	 5 	 10 	 1 	 0.014150943396226415
298 	 9 	 12.0 	 4 	 11 	 1 	 0.014150943396226415
299 	 8 	 12.0 	 6 	 10 	 1 	 0.014150943396226415
300 	 8 	 12.0 	 5 	 11 	 1 	 0.014150943396226415
301 	 7 	 12.0 	 5 	 10 	 1 	 0.014150943396226415
302 	 8 	 12.0 	 6 	 10 	 1 	 0.014150943396226415
303 	 8 	 12.0 	 6 	 10 	 1 	 0.014150943396226415
304 	 8 	 12.0 	 6 	 10 	 1 	 0.014150943396226415
305 	 7 	 12.0 	 7 	 10 	 1 	 0.014150943396226415
306 	 10 	 12.0 	 5 	 11 	 1 	 0.014150943396226415
307 	 8 	 12.0 	 6 	 10 	 1 	 0.014150943396226415
308 	 9 	 12.0 	 5 	 10 	 1 	 0.014150943396226415
309 	 10 	 12.0 	 4 	 10 	 1 	 0.014150943396226415
310 	 9 	 12.0 	 4 	 11 	 1 	 0.014150943396226415
311 	 5 	 12.0 	 8 	 11 	 1 	 0.014150943396226415
312 	 6 	 12.0 	 7 	 11 	 1 	 0.009433962264150943
313 	 9 	 12.0 	 4 	 11 	 1 	 0.009433962264150943
314 	 8 	 12.0 	 5 	 11 	 1 	 0.009433962264150943
315 	 9 	 12.0 	 4 	 11 	 1 	 0.014150943396226415
316 	 7 	 12.0 	 6 	 11 	 1 	 0.009433962264150943
317 	 9 	 12.0 	 3 	 10 	 1 	 0.014150943396226415
318 	 9 	 12.0 	 5 	 10 	 1 	 0.02358490566037736
319 	 8 	 12.0 	 6 	 10 	 1 	 0.02358490566037736
320 	 8 	 12.0 	 5 	 11 	 1 	 0.009433962264150943
321 	 8 	 12.0 	 5 	 11 	 1 	 0.018867924528301886
322 	 10 	 12.0 	 4 	 11 	 1 	 0.02358490566037736
323 	 10 	 12.0 	 6 	 11 	 1 	 0.014150943396226415
324 	 9 	 12.0 	 5 	 11 	 1 	 0.014150943396226415
325 	 9 	 12.0 	 5 	 10 	 1 	 0.014150943396226415
326 	 10 	 12.0 	 4 	 11 	 1 	 0.014150943396226415
327 	 9 	 12.0 	 5 	 11 	 1 	 0.014150943396226415
328 	 7 	 12.0 	 7 	 10 	 1 	 0.014150943396226415
329 	 7 	 12.0 	 6 	 11 	 1 	 0.014150943396226415
330 	 9 	 12.0 	 5 	 11 	 1 	 0.014150943396226415
331 	 8 	 12.0 	 6 	 10 	 1 	 0.014150943396226415
332 	 8 	 12.0 	 5 	 11 	 1 	 0.014150943396226415
333 	 7 	 12.0 	 6 	 10 	 1 	 0.009433962264150943
334 	 9 	 12.0 	 4 	 11 	 1 	 0.014150943396226415
335 	 8 	 12.0 	 5 	 11 	 1 	 0.009433962264150943
336 	 10 	 12.0 	 3 	 12 	 1 	 0.014150943396226415
337 	 11 	 12.0 	 3 	 11 	 1 	 0.014150943396226415
338 	 10 	 12.0 	 3 	 10 	 1 	 0.014150943396226415
339 	 10 	 12.0 	 4 	 10 	 1 	 0.014150943396226415
340 	 9 	 12.0 	 5 	 10 	 1 	 0.014150943396226415
341 	 8 	 12.0 	 6 	 10 	 1 	 0.014150943396226415
342 	 9 	 12.0 	 5 	 10 	 1 	 0.014150943396226415
343 	 10 	 12.0 	 3 	 11 	 1 	 0.014150943396226415
344 	 8 	 12.0 	 5 	 11 	 1 	 0.014150943396226415
345 	 11 	 12.0 	 4 	 11 	 1 	 0.014150943396226415
346 	 11 	 12.0 	 4 	 11 	 1 	 0.014150943396226415
347 	 11 	 12.0 	 2 	 12 	 1 	 0.014150943396226415
348 	 10 	 12.0 	 4 	 11 	 1 	 0.014150943396226415
349 	 10 	 12.0 	 4 	 11 	 1 	 0.014150943396226415
350 	 6 	 12.0 	 7 	 11 	 1 	 0.009433962264150943
351 	 10 	 12.0 	 5 	 11 	 1 	 0.018867924528301886
352 	 9 	 12.0 	 5 	 10 	 1 	 0.014150943396226415
353 	 9 	 12.0 	 3 	 10 	 1 	 0.018867924528301886
354 	 8 	 12.0 	 5 	 11 	 1 	 0.009433962264150943
355 	 7 	 12.0 	 6 	 11 	 1 	 0.009433962264150943
356 	 6 	 12.0 	 7 	 11 	 1 	 0.009433962264150943
357 	 9 	 12.0 	 4 	 11 	 1 	 0.014150943396226415
358 	 7 	 12.0 	 7 	 10 	 1 	 0.018867924528301886
359 	 9 	 12.0 	 4 	 11 	 1 	 0.014150943396226415
360 	 7 	 12.0 	 7 	 10 	 1 	 0.014150943396226415
361 	 9 	 12.0 	 4 	 10 	 1 	 0.014150943396226415
362 	 8 	 12.0 	 5 	 11 	 1 	 0.0047169811320754715
363 	 8 	 12.0 	 6 	 10 	 1 	 0.018867924528301886
364 	 10 	 12.0 	 3 	 11 	 1 	 0.0047169811320754715
365 	 7 	 12.0 	 6 	 11 	 1 	 0.014150943396226415
366 	 9 	 12.0 	 5 	 10 	 1 	 0.02830188679245283
367 	 10 	 12.0 	 3 	 11 	 1 	 0.018867924528301886
368 	 7 	 12.0 	 8 	 8 	 1 	 0.009433962264150943
369 	 7 	 12.0 	 6 	 11 	 1 	 0.009433962264150943
370 	 10 	 12.0 	 4 	 11 	 1 	 0.009433962264150943
371 	 7 	 12.0 	 7 	 10 	 1 	 0.009433962264150943
372 	 10 	 12.0 	 4 	 11 	 1 	 0.009433962264150943
373 	 8 	 12.0 	 6 	 10 	 1 	 0.009433962264150943
374 	 10 	 12.0 	 4 	 10 	 1 	 0.009433962264150943
375 	 9 	 12.0 	 5 	 10 	 1 	 0.009433962264150943
376 	 8 	 12.0 	 6 	 10 	 1 	 0.009433962264150943
377 	 10 	 12.0 	 4 	 11 	 1 	 0.02358490566037736
378 	 8 	 12.0 	 6 	 10 	 1 	 0.009433962264150943
379 	 9 	 12.0 	 5 	 10 	 1 	 0.009433962264150943
380 	 7 	 12.0 	 6 	 11 	 1 	 0.009433962264150943
381 	 7 	 12.0 	 7 	 10 	 1 	 0.009433962264150943
382 	 9 	 12.0 	 4 	 11 	 1 	 0.009433962264150943
383 	 9 	 12.0 	 5 	 10 	 1 	 0.018867924528301886
384 	 9 	 12.0 	 5 	 10 	 1 	 0.014150943396226415
385 	 7 	 12.0 	 7 	 10 	 1 	 0.018867924528301886
386 	 8 	 12.0 	 6 	 11 	 1 	 0.018867924528301886
387 	 10 	 12.0 	 4 	 10 	 1 	 0.018867924528301886
388 	 8 	 12.0 	 5 	 11 	 1 	 0.018867924528301886
389 	 8 	 12.0 	 6 	 10 	 1 	 0.018867924528301886
390 	 10 	 12.0 	 4 	 11 	 1 	 0.018867924528301886
391 	 9 	 12.0 	 5 	 10 	 1 	 0.018867924528301886
392 	 9 	 12.0 	 5 	 10 	 1 	 0.018867924528301886
393 	 8 	 12.0 	 6 	 10 	 1 	 0.018867924528301886
394 	 9 	 12.0 	 5 	 10 	 1 	 0.018867924528301886
395 	 8 	 12.0 	 6 	 10 	 1 	 0.018867924528301886
396 	 10 	 12.0 	 3 	 11 	 1 	 0.018867924528301886
397 	 9 	 12.0 	 5 	 10 	 1 	 0.018867924528301886
398 	 9 	 12.0 	 7 	 10 	 1 	 0.018867924528301886
399 	 7 	 12.0 	 7 	 10 	 1 	 0.018867924528301886
400 	 8 	 12.0 	 6 	 10 	 1 	 0.018867924528301886
401 	 10 	 12.0 	 4 	 10 	 1 	 0.009433962264150943
402 	 9 	 12.0 	 4 	 11 	 1 	 0.009433962264150943
403 	 9 	 12.0 	 5 	 11 	 1 	 0.018867924528301886
404 	 9 	 12.0 	 5 	 10 	 1 	 0.018867924528301886
405 	 11 	 12.0 	 3 	 11 	 1 	 0.018867924528301886
406 	 9 	 12.0 	 5 	 10 	 1 	 0.018867924528301886
407 	 9 	 12.0 	 5 	 10 	 1 	 0.018867924528301886
408 	 7 	 12.0 	 6 	 10 	 1 	 0.0047169811320754715
409 	 9 	 12.0 	 5 	 10 	 1 	 0.02358490566037736
410 	 9 	 12.0 	 5 	 11 	 1 	 0.014150943396226415
411 	 7 	 12.0 	 5 	 10 	 1 	 0.014150943396226415
412 	 6 	 12.0 	 8 	 10 	 1 	 0.014150943396226415
413 	 9 	 12.0 	 5 	 10 	 1 	 0.014150943396226415
414 	 9 	 12.0 	 5 	 10 	 1 	 0.014150943396226415
415 	 9 	 12.0 	 5 	 11 	 1 	 0.014150943396226415
416 	 8 	 12.0 	 4 	 10 	 1 	 0.014150943396226415
417 	 7 	 12.0 	 7 	 10 	 1 	 0.014150943396226415
418 	 8 	 12.0 	 6 	 10 	 1 	 0.014150943396226415
419 	 9 	 12.0 	 4 	 11 	 1 	 0.018867924528301886
420 	 8 	 12.0 	 5 	 11 	 1 	 0.018867924528301886
421 	 8 	 12.0 	 5 	 11 	 1 	 0.018867924528301886
422 	 9 	 12.0 	 4 	 11 	 1 	 0.02358490566037736
423 	 9 	 12.0 	 5 	 10 	 1 	 0.018867924528301886
424 	 9 	 12.0 	 5 	 10 	 2 	 0.018867924528301886
425 	 8 	 12.0 	 6 	 10 	 1 	 0.018867924528301886
426 	 9 	 12.0 	 5 	 10 	 2 	 0.018867924528301886
427 	 10 	 12.0 	 4 	 11 	 1 	 0.018867924528301886
428 	 8 	 12.0 	 6 	 10 	 1 	 0.018867924528301886
429 	 9 	 12.0 	 5 	 11 	 1 	 0.018867924528301886
430 	 8 	 12.0 	 6 	 10 	 2 	 0.018867924528301886
431 	 9 	 12.0 	 5 	 10 	 2 	 0.018867924528301886
432 	 10 	 12.0 	 4 	 11 	 1 	 0.018867924528301886
433 	 9 	 12.0 	 5 	 10 	 1 	 0.014150943396226415
434 	 8 	 12.0 	 6 	 10 	 1 	 0.014150943396226415
435 	 5 	 12.0 	 9 	 10 	 1 	 0.014150943396226415
436 	 7 	 12.0 	 7 	 10 	 2 	 0.014150943396226415
437 	 9 	 12.0 	 6 	 10 	 1 	 0.014150943396226415
438 	 9 	 12.0 	 6 	 10 	 1 	 0.014150943396226415
439 	 8 	 12.0 	 6 	 10 	 3 	 0.014150943396226415
440 	 8 	 12.0 	 6 	 10 	 1 	 0.014150943396226415
441 	 8 	 12.0 	 6 	 10 	 1 	 0.014150943396226415
442 	 10 	 12.0 	 4 	 11 	 1 	 0.014150943396226415
443 	 9 	 12.0 	 6 	 10 	 1 	 0.014150943396226415
444 	 10 	 12.0 	 4 	 11 	 1 	 0.014150943396226415
445 	 7 	 12.0 	 7 	 10 	 1 	 0.014150943396226415
446 	 9 	 12.0 	 5 	 10 	 1 	 0.014150943396226415
447 	 9 	 12.0 	 5 	 10 	 1 	 0.018867924528301886
448 	 7 	 12.0 	 7 	 10 	 1 	 0.014150943396226415
449 	 8 	 12.0 	 6 	 10 	 1 	 0.014150943396226415
450 	 7 	 12.0 	 7 	 10 	 1 	 0.014150943396226415
451 	 7 	 12.0 	 7 	 10 	 1 	 0.014150943396226415
452 	 10 	 12.0 	 4 	 11 	 1 	 0.014150943396226415
453 	 10 	 12.0 	 4 	 11 	 2 	 0.014150943396226415
454 	 9 	 12.0 	 5 	 11 	 3 	 0.014150943396226415
455 	 9 	 12.0 	 5 	 11 	 2 	 0.014150943396226415
456 	 8 	 12.0 	 6 	 10 	 1 	 0.014150943396226415
457 	 8 	 12.0 	 6 	 10 	 1 	 0.014150943396226415
458 	 8 	 12.0 	 6 	 10 	 1 	 0.014150943396226415
459 	 9 	 12.0 	 5 	 10 	 1 	 0.014150943396226415
460 	 9 	 12.0 	 5 	 11 	 1 	 0.018867924528301886
461 	 10 	 12.0 	 4 	 11 	 1 	 0.018867924528301886
462 	 8 	 12.0 	 6 	 10 	 1 	 0.018867924528301886
463 	 8 	 12.0 	 4 	 10 	 1 	 0.018867924528301886
464 	 8 	 12.0 	 6 	 10 	 2 	 0.018867924528301886
465 	 7 	 12.0 	 7 	 10 	 1 	 0.018867924528301886
466 	 8 	 12.0 	 6 	 10 	 1 	 0.018867924528301886
467 	 7 	 12.0 	 7 	 10 	 1 	 0.018867924528301886
468 	 9 	 12.0 	 5 	 10 	 1 	 0.018867924528301886
469 	 8 	 12.0 	 6 	 10 	 1 	 0.018867924528301886
470 	 8 	 12.0 	 6 	 10 	 1 	 0.018867924528301886
471 	 8 	 12.0 	 6 	 9 	 1 	 0.018867924528301886
472 	 9 	 12.0 	 5 	 10 	 1 	 0.018867924528301886
473 	 8 	 12.0 	 6 	 10 	 1 	 0.018867924528301886
474 	 8 	 12.0 	 6 	 10 	 1 	 0.018867924528301886
475 	 8 	 12.0 	 6 	 10 	 1 	 0.018867924528301886
476 	 9 	 12.0 	 5 	 11 	 1 	 0.018867924528301886
477 	 9 	 12.0 	 5 	 10 	 1 	 0.018867924528301886
478 	 9 	 12.0 	 5 	 10 	 1 	 0.018867924528301886
479 	 8 	 12.0 	 6 	 10 	 1 	 0.018867924528301886
480 	 8 	 12.0 	 6 	 11 	 1 	 0.018867924528301886
481 	 8 	 12.0 	 6 	 10 	 1 	 0.018867924528301886
482 	 8 	 12.0 	 6 	 8 	 1 	 0.018867924528301886
483 	 11 	 12.0 	 3 	 12 	 1 	 0.018867924528301886
484 	 8 	 12.0 	 5 	 9 	 1 	 0.018867924528301886
485 	 7 	 12.0 	 7 	 10 	 2 	 0.018867924528301886
486 	 8 	 12.0 	 5 	 11 	 1 	 0.014150943396226415
487 	 7 	 12.0 	 7 	 10 	 1 	 0.018867924528301886
488 	 9 	 12.0 	 5 	 11 	 1 	 0.018867924528301886
489 	 9 	 12.0 	 5 	 10 	 1 	 0.018867924528301886
490 	 10 	 12.0 	 4 	 11 	 1 	 0.018867924528301886
491 	 9 	 12.0 	 4 	 10 	 1 	 0.018867924528301886
492 	 10 	 12.0 	 4 	 11 	 1 	 0.018867924528301886
493 	 8 	 12.0 	 6 	 10 	 1 	 0.018867924528301886
494 	 9 	 12.0 	 5 	 11 	 4 	 0.018867924528301886
495 	 9 	 12.0 	 5 	 10 	 2 	 0.018867924528301886
496 	 8 	 12.0 	 4 	 10 	 1 	 0.018867924528301886
497 	 8 	 12.0 	 6 	 10 	 2 	 0.018867924528301886
498 	 7 	 12.0 	 7 	 10 	 1 	 0.018867924528301886
499 	 8 	 12.0 	 6 	 10 	 2 	 0.018867924528301886
500 	 8 	 12.0 	 6 	 10 	 1 	 0.018867924528301886
501 	 9 	 12.0 	 4 	 11 	 1 	 0.018867924528301886
502 	 10 	 12.0 	 4 	 11 	 1 	 0.018867924528301886
503 	 8 	 12.0 	 6 	 11 	 1 	 0.018867924528301886
504 	 9 	 12.0 	 5 	 10 	 2 	 0.018867924528301886
505 	 8 	 12.0 	 6 	 10 	 1 	 0.018867924528301886
506 	 9 	 12.0 	 5 	 10 	 1 	 0.018867924528301886
507 	 7 	 12.0 	 7 	 10 	 1 	 0.018867924528301886
508 	 8 	 12.0 	 4 	 10 	 1 	 0.018867924528301886
509 	 9 	 12.0 	 5 	 11 	 1 	 0.018867924528301886
510 	 9 	 12.0 	 5 	 10 	 1 	 0.018867924528301886
511 	 8 	 12.0 	 4 	 10 	 1 	 0.018867924528301886
512 	 6 	 12.0 	 7 	 11 	 1 	 0.014150943396226415
513 	 10 	 12.0 	 4 	 11 	 3 	 0.018867924528301886
514 	 9 	 12.0 	 5 	 10 	 1 	 0.02358490566037736
515 	 6 	 12.0 	 8 	 10 	 1 	 0.018867924528301886
516 	 9 	 12.0 	 6 	 10 	 1 	 0.018867924528301886
517 	 7 	 12.0 	 7 	 10 	 1 	 0.018867924528301886
518 	 9 	 12.0 	 5 	 10 	 1 	 0.018867924528301886
519 	 10 	 12.0 	 4 	 11 	 1 	 0.02358490566037736
520 	 9 	 12.0 	 6 	 10 	 1 	 0.018867924528301886
521 	 10 	 12.0 	 4 	 11 	 1 	 0.018867924528301886
522 	 8 	 12.0 	 6 	 10 	 1 	 0.02358490566037736
523 	 7 	 12.0 	 7 	 10 	 1 	 0.018867924528301886
524 	 8 	 12.0 	 6 	 11 	 1 	 0.018867924528301886
525 	 8 	 12.0 	 6 	 10 	 1 	 0.02358490566037736
526 	 9 	 12.0 	 5 	 10 	 1 	 0.02358490566037736
527 	 10 	 12.0 	 4 	 11 	 1 	 0.02358490566037736
528 	 9 	 12.0 	 5 	 11 	 1 	 0.02830188679245283
529 	 9 	 12.0 	 5 	 10 	 1 	 0.02358490566037736
530 	 7 	 12.0 	 7 	 10 	 1 	 0.02358490566037736
531 	 7 	 12.0 	 5 	 10 	 1 	 0.02358490566037736
532 	 8 	 12.0 	 6 	 11 	 1 	 0.02358490566037736
533 	 10 	 12.0 	 4 	 11 	 1 	 0.02358490566037736
534 	 8 	 12.0 	 6 	 10 	 1 	 0.02358490566037736
535 	 9 	 12.0 	 4 	 11 	 1 	 0.018867924528301886
536 	 9 	 12.0 	 5 	 10 	 1 	 0.02358490566037736
537 	 8 	 12.0 	 6 	 10 	 1 	 0.02358490566037736
538 	 10 	 12.0 	 3 	 11 	 1 	 0.02358490566037736
539 	 9 	 12.0 	 4 	 11 	 1 	 0.02358490566037736
540 	 9 	 13.0 	 6 	 12 	 1 	 0.014150943396226415
541 	 7 	 13.0 	 6 	 11 	 1 	 0.014150943396226415
542 	 7 	 13.0 	 7 	 10 	 1 	 0.014150943396226415
543 	 10 	 13.0 	 5 	 12 	 1 	 0.014150943396226415
544 	 9 	 13.0 	 6 	 11 	 1 	 0.014150943396226415
545 	 9 	 13.0 	 4 	 11 	 1 	 0.014150943396226415
546 	 9 	 13.0 	 6 	 11 	 1 	 0.014150943396226415
547 	 8 	 13.0 	 7 	 11 	 1 	 0.014150943396226415
548 	 11 	 13.0 	 5 	 12 	 1 	 0.014150943396226415
549 	 8 	 13.0 	 5 	 11 	 1 	 0.014150943396226415
550 	 8 	 13.0 	 7 	 11 	 1 	 0.02358490566037736
551 	 8 	 13.0 	 8 	 10 	 1 	 0.02358490566037736
552 	 9 	 13.0 	 5 	 12 	 1 	 0.014150943396226415
553 	 9 	 13.0 	 6 	 12 	 1 	 0.018867924528301886
554 	 7 	 13.0 	 8 	 11 	 1 	 0.018867924528301886
555 	 9 	 13.0 	 7 	 12 	 1 	 0.018867924528301886
556 	 9 	 13.0 	 6 	 11 	 1 	 0.018867924528301886
557 	 9 	 13.0 	 5 	 12 	 1 	 0.02358490566037736
558 	 8 	 13.0 	 5 	 10 	 1 	 0.02358490566037736
559 	 8 	 13.0 	 7 	 11 	 1 	 0.02830188679245283
560 	 9 	 13.0 	 6 	 11 	 1 	 0.014150943396226415
561 	 9 	 13.0 	 5 	 10 	 1 	 0.02830188679245283
562 	 8 	 13.0 	 8 	 9 	 1 	 0.02358490566037736
563 	 10 	 13.0 	 6 	 11 	 1 	 0.02358490566037736
564 	 7 	 13.0 	 5 	 10 	 1 	 0.02830188679245283
565 	 9 	 13.0 	 6 	 11 	 1 	 0.02358490566037736
566 	 9 	 13.0 	 7 	 10 	 1 	 0.02358490566037736
567 	 9 	 13.0 	 7 	 10 	 1 	 0.02358490566037736
568 	 10 	 13.0 	 4 	 12 	 1 	 0.014150943396226415
569 	 10 	 13.0 	 5 	 12 	 1 	 0.0330188679245283
570 	 7 	 13.0 	 8 	 11 	 1 	 0.014150943396226415
571 	 10 	 13.0 	 4 	 12 	 1 	 0.014150943396226415
572 	 8 	 13.0 	 7 	 11 	 1 	 0.018867924528301886
573 	 11 	 13.0 	 4 	 12 	 1 	 0.018867924528301886
574 	 10 	 13.0 	 5 	 11 	 1 	 0.018867924528301886
575 	 11 	 13.0 	 4 	 12 	 1 	 0.018867924528301886
576 	 9 	 13.0 	 7 	 11 	 1 	 0.02358490566037736
577 	 11 	 13.0 	 5 	 12 	 1 	 0.018867924528301886
578 	 10 	 13.0 	 5 	 11 	 1 	 0.018867924528301886
579 	 10 	 13.0 	 4 	 12 	 1 	 0.018867924528301886
580 	 8 	 13.0 	 8 	 11 	 1 	 0.014150943396226415
581 	 7 	 13.0 	 7 	 12 	 1 	 0.014150943396226415
582 	 9 	 13.0 	 6 	 12 	 1 	 0.018867924528301886
583 	 8 	 13.0 	 7 	 12 	 1 	 0.014150943396226415
584 	 6 	 13.0 	 9 	 11 	 1 	 0.014150943396226415
585 	 6 	 13.0 	 9 	 11 	 1 	 0.014150943396226415
586 	 7 	 13.0 	 8 	 11 	 1 	 0.014150943396226415
587 	 7 	 13.0 	 8 	 11 	 1 	 0.014150943396226415
588 	 8 	 13.0 	 5 	 11 	 1 	 0.014150943396226415
589 	 7 	 13.0 	 8 	 12 	 1 	 0.014150943396226415
590 	 7 	 13.0 	 8 	 11 	 1 	 0.014150943396226415
591 	 8 	 13.0 	 7 	 11 	 1 	 0.014150943396226415
592 	 8 	 13.0 	 7 	 12 	 1 	 0.014150943396226415
593 	 10 	 13.0 	 5 	 12 	 1 	 0.014150943396226415
594 	 7 	 13.0 	 8 	 11 	 1 	 0.014150943396226415
595 	 7 	 13.0 	 8 	 11 	 1 	 0.014150943396226415
596 	 7 	 13.0 	 7 	 12 	 1 	 0.014150943396226415
597 	 9 	 13.0 	 6 	 11 	 1 	 0.02830188679245283
598 	 6 	 13.0 	 9 	 11 	 1 	 0.014150943396226415
599 	 8 	 13.0 	 7 	 12 	 1 	 0.014150943396226415
600 	 10 	 13.0 	 5 	 12 	 1 	 0.014150943396226415
601 	 8 	 13.0 	 7 	 10 	 1 	 0.018867924528301886
602 	 7 	 13.0 	 8 	 11 	 1 	 0.014150943396226415
603 	 7 	 13.0 	 8 	 11 	 1 	 0.014150943396226415
604 	 9 	 13.0 	 7 	 10 	 1 	 0.014150943396226415
605 	 8 	 13.0 	 6 	 10 	 1 	 0.02830188679245283
606 	 10 	 13.0 	 4 	 13 	 1 	 0.014150943396226415
607 	 9 	 13.0 	 6 	 12 	 1 	 0.02358490566037736
608 	 10 	 13.0 	 7 	 10 	 1 	 0.02358490566037736
609 	 10 	 13.0 	 3 	 11 	 1 	 0.018867924528301886
610 	 11 	 13.0 	 6 	 11 	 1 	 0.014150943396226415
611 	 9 	 13.0 	 6 	 11 	 1 	 0.014150943396226415
612 	 9 	 13.0 	 6 	 11 	 1 	 0.014150943396226415
613 	 9 	 13.0 	 6 	 12 	 1 	 0.014150943396226415
614 	 9 	 13.0 	 6 	 11 	 1 	 0.014150943396226415
615 	 7 	 13.0 	 6 	 11 	 1 	 0.014150943396226415
616 	 7 	 13.0 	 8 	 11 	 1 	 0.014150943396226415
617 	 10 	 13.0 	 5 	 13 	 1 	 0.014150943396226415
618 	 9 	 13.0 	 6 	 11 	 1 	 0.014150943396226415
619 	 8 	 13.0 	 7 	 11 	 1 	 0.014150943396226415
620 	 11 	 13.0 	 4 	 12 	 1 	 0.018867924528301886
621 	 9 	 13.0 	 6 	 11 	 1 	 0.018867924528301886
622 	 12 	 13.0 	 4 	 12 	 1 	 0.02358490566037736
623 	 11 	 13.0 	 7 	 11 	 1 	 0.02358490566037736
624 	 8 	 13.0 	 4 	 12 	 1 	 0.014150943396226415
625 	 9 	 13.0 	 7 	 10 	 1 	 0.009433962264150943
626 	 9 	 13.0 	 6 	 11 	 1 	 0.014150943396226415
627 	 10 	 13.0 	 4 	 12 	 1 	 0.009433962264150943
628 	 10 	 13.0 	 4 	 11 	 1 	 0.0047169811320754715
629 	 11 	 13.0 	 4 	 12 	 1 	 0.009433962264150943
630 	 11 	 13.0 	 2 	 13 	 1 	 0.009433962264150943
631 	 9 	 13.0 	 6 	 11 	 1 	 0.009433962264150943
632 	 10 	 13.0 	 4 	 12 	 1 	 0.014150943396226415
633 	 7 	 13.0 	 8 	 11 	 1 	 0.014150943396226415
634 	 9 	 13.0 	 5 	 10 	 1 	 0.02358490566037736
635 	 8 	 13.0 	 7 	 11 	 1 	 0.02358490566037736
636 	 9 	 13.0 	 5 	 12 	 1 	 0.009433962264150943
637 	 9 	 13.0 	 5 	 12 	 1 	 0.009433962264150943
638 	 9 	 13.0 	 5 	 11 	 1 	 0.009433962264150943
639 	 9 	 13.0 	 5 	 11 	 1 	 0.014150943396226415
640 	 9 	 13.0 	 6 	 12 	 1 	 0.014150943396226415
641 	 8 	 13.0 	 7 	 11 	 1 	 0.014150943396226415
642 	 7 	 13.0 	 8 	 11 	 1 	 0.014150943396226415
643 	 8 	 13.0 	 8 	 12 	 1 	 0.014150943396226415
644 	 8 	 13.0 	 6 	 10 	 1 	 0.02358490566037736
645 	 10 	 13.0 	 5 	 12 	 1 	 0.009433962264150943
646 	 9 	 13.0 	 6 	 12 	 1 	 0.009433962264150943
647 	 10 	 13.0 	 5 	 12 	 1 	 0.014150943396226415
648 	 9 	 13.0 	 5 	 10 	 1 	 0.014150943396226415
649 	 10 	 13.0 	 5 	 11 	 1 	 0.014150943396226415
650 	 10 	 13.0 	 5 	 12 	 1 	 0.014150943396226415
651 	 11 	 13.0 	 4 	 12 	 1 	 0.014150943396226415
652 	 10 	 13.0 	 5 	 11 	 1 	 0.014150943396226415
653 	 9 	 13.0 	 6 	 11 	 1 	 0.014150943396226415
654 	 8 	 13.0 	 8 	 10 	 1 	 0.02358490566037736
655 	 12 	 13.0 	 4 	 12 	 1 	 0.018867924528301886
656 	 9 	 13.0 	 5 	 12 	 1 	 0.014150943396226415
657 	 7 	 13.0 	 7 	 12 	 1 	 0.014150943396226415
658 	 8 	 13.0 	 7 	 12 	 1 	 0.02830188679245283
659 	 10 	 13.0 	 5 	 11 	 1 	 0.02830188679245283
660 	 6 	 13.0 	 7 	 11 	 1 	 0.014150943396226415
661 	 10 	 13.0 	 6 	 11 	 1 	 0.014150943396226415
662 	 8 	 13.0 	 7 	 11 	 1 	 0.014150943396226415
663 	 11 	 13.0 	 3 	 12 	 1 	 0.014150943396226415
664 	 8 	 13.0 	 7 	 11 	 1 	 0.014150943396226415
665 	 9 	 13.0 	 6 	 11 	 1 	 0.009433962264150943
666 	 7 	 13.0 	 6 	 11 	 1 	 0.009433962264150943
667 	 10 	 13.0 	 5 	 11 	 1 	 0.009433962264150943
668 	 7 	 13.0 	 8 	 11 	 1 	 0.009433962264150943
669 	 7 	 13.0 	 8 	 11 	 1 	 0.009433962264150943
670 	 8 	 13.0 	 7 	 9 	 1 	 0.009433962264150943
671 	 7 	 13.0 	 8 	 12 	 1 	 0.009433962264150943
672 	 10 	 13.0 	 5 	 12 	 1 	 0.009433962264150943
673 	 11 	 13.0 	 4 	 12 	 1 	 0.009433962264150943
674 	 7 	 13.0 	 8 	 11 	 1 	 0.009433962264150943
675 	 7 	 13.0 	 8 	 11 	 1 	 0.009433962264150943
676 	 9 	 13.0 	 6 	 11 	 1 	 0.009433962264150943
677 	 8 	 13.0 	 7 	 11 	 1 	 0.009433962264150943
678 	 7 	 13.0 	 8 	 11 	 1 	 0.009433962264150943
679 	 9 	 13.0 	 6 	 12 	 1 	 0.009433962264150943
680 	 4 	 13.0 	 9 	 11 	 1 	 0.009433962264150943
681 	 9 	 13.0 	 6 	 12 	 1 	 0.009433962264150943
682 	 6 	 13.0 	 9 	 11 	 1 	 0.009433962264150943
683 	 10 	 13.0 	 4 	 12 	 1 	 0.018867924528301886
684 	 9 	 13.0 	 6 	 12 	 1 	 0.014150943396226415
685 	 8 	 13.0 	 8 	 10 	 1 	 0.018867924528301886
686 	 9 	 13.0 	 5 	 10 	 1 	 0.02358490566037736
687 	 10 	 13.0 	 4 	 11 	 1 	 0.02358490566037736
688 	 9 	 13.0 	 7 	 10 	 1 	 0.02358490566037736
689 	 7 	 13.0 	 9 	 10 	 1 	 0.02358490566037736
690 	 8 	 13.0 	 8 	 10 	 1 	 0.02358490566037736
691 	 10 	 13.0 	 6 	 10 	 1 	 0.02358490566037736
692 	 9 	 13.0 	 7 	 11 	 1 	 0.02358490566037736
693 	 8 	 13.0 	 7 	 11 	 1 	 0.02358490566037736
694 	 9 	 13.0 	 5 	 12 	 1 	 0.02358490566037736
695 	 10 	 13.0 	 5 	 11 	 1 	 0.02358490566037736
696 	 9 	 13.0 	 5 	 10 	 1 	 0.02358490566037736
697 	 8 	 13.0 	 6 	 10 	 1 	 0.02358490566037736
698 	 8 	 13.0 	 6 	 10 	 1 	 0.02358490566037736
699 	 9 	 13.0 	 6 	 11 	 1 	 0.02358490566037736
700 	 7 	 13.0 	 7 	 10 	 1 	 0.02358490566037736
701 	 8 	 13.0 	 6 	 10 	 1 	 0.02358490566037736
702 	 11 	 13.0 	 4 	 11 	 1 	 0.02358490566037736
703 	 9 	 13.0 	 6 	 11 	 1 	 0.014150943396226415
704 	 9 	 13.0 	 6 	 12 	 1 	 0.02358490566037736
705 	 11 	 13.0 	 5 	 11 	 1 	 0.02358490566037736
706 	 9 	 13.0 	 6 	 12 	 1 	 0.018867924528301886
707 	 9 	 13.0 	 7 	 9 	 1 	 0.018867924528301886
708 	 9 	 13.0 	 7 	 11 	 1 	 0.018867924528301886
709 	 9 	 13.0 	 5 	 10 	 1 	 0.018867924528301886
710 	 10 	 13.0 	 5 	 11 	 1 	 0.02358490566037736
711 	 10 	 13.0 	 5 	 12 	 1 	 0.02358490566037736
712 	 11 	 13.0 	 4 	 12 	 1 	 0.02358490566037736
713 	 10 	 13.0 	 6 	 10 	 1 	 0.02358490566037736
714 	 10 	 13.0 	 5 	 11 	 1 	 0.02358490566037736
715 	 8 	 13.0 	 7 	 11 	 1 	 0.02358490566037736
716 	 7 	 13.0 	 9 	 10 	 1 	 0.018867924528301886
717 	 8 	 13.0 	 5 	 11 	 1 	 0.02358490566037736
718 	 8 	 13.0 	 7 	 11 	 1 	 0.02358490566037736
719 	 9 	 13.0 	 7 	 10 	 1 	 0.02358490566037736
720 	 9 	 13.0 	 7 	 10 	 1 	 0.02358490566037736
721 	 9 	 13.0 	 6 	 11 	 1 	 0.02358490566037736
722 	 8 	 13.0 	 7 	 11 	 1 	 0.02358490566037736
723 	 10 	 13.0 	 7 	 10 	 1 	 0.018867924528301886
724 	 10 	 13.0 	 5 	 11 	 1 	 0.014150943396226415
725 	 9 	 13.0 	 5 	 10 	 1 	 0.02358490566037736
726 	 11 	 13.0 	 4 	 12 	 1 	 0.018867924528301886
727 	 7 	 13.0 	 7 	 10 	 1 	 0.02358490566037736
728 	 9 	 13.0 	 5 	 11 	 1 	 0.02358490566037736
729 	 8 	 13.0 	 6 	 10 	 1 	 0.02358490566037736
730 	 9 	 13.0 	 7 	 10 	 1 	 0.02830188679245283
731 	 10 	 13.0 	 4 	 11 	 1 	 0.018867924528301886
732 	 9 	 13.0 	 5 	 10 	 1 	 0.018867924528301886
733 	 11 	 13.0 	 4 	 12 	 1 	 0.018867924528301886
734 	 8 	 13.0 	 6 	 10 	 1 	 0.018867924528301886
735 	 10 	 13.0 	 4 	 11 	 1 	 0.018867924528301886
736 	 8 	 13.0 	 7 	 11 	 1 	 0.02358490566037736
737 	 9 	 13.0 	 6 	 11 	 1 	 0.018867924528301886
738 	 8 	 13.0 	 6 	 10 	 1 	 0.018867924528301886
739 	 8 	 13.0 	 6 	 10 	 1 	 0.018867924528301886
740 	 9 	 13.0 	 6 	 11 	 1 	 0.018867924528301886
741 	 8 	 13.0 	 6 	 10 	 1 	 0.018867924528301886
742 	 9 	 13.0 	 5 	 10 	 1 	 0.018867924528301886
743 	 11 	 13.0 	 4 	 12 	 2 	 0.02358490566037736
744 	 9 	 13.0 	 6 	 11 	 1 	 0.018867924528301886
745 	 10 	 13.0 	 4 	 12 	 1 	 0.018867924528301886
746 	 9 	 13.0 	 5 	 11 	 1 	 0.02358490566037736
747 	 10 	 13.0 	 5 	 11 	 1 	 0.02358490566037736
748 	 7 	 13.0 	 7 	 10 	 1 	 0.014150943396226415
749 	 7 	 13.0 	 7 	 10 	 1 	 0.02358490566037736
750 	 9 	 13.0 	 5 	 11 	 1 	 0.014150943396226415
751 	 8 	 13.0 	 6 	 10 	 1 	 0.02358490566037736
752 	 8 	 13.0 	 6 	 10 	 1 	 0.014150943396226415
753 	 8 	 13.0 	 7 	 11 	 1 	 0.018867924528301886
754 	 6 	 13.0 	 8 	 10 	 1 	 0.014150943396226415
755 	 7 	 13.0 	 7 	 10 	 1 	 0.02358490566037736
756 	 9 	 13.0 	 6 	 11 	 1 	 0.02358490566037736
757 	 12 	 13.0 	 3 	 12 	 1 	 0.018867924528301886
758 	 10 	 13.0 	 5 	 11 	 1 	 0.018867924528301886
759 	 8 	 13.0 	 7 	 11 	 1 	 0.018867924528301886
760 	 11 	 13.0 	 4 	 12 	 1 	 0.018867924528301886
761 	 9 	 13.0 	 5 	 10 	 1 	 0.018867924528301886
762 	 12 	 13.0 	 3 	 12 	 1 	 0.014150943396226415
763 	 9 	 13.0 	 6 	 11 	 1 	 0.02358490566037736
764 	 9 	 13.0 	 6 	 11 	 1 	 0.02358490566037736
765 	 7 	 13.0 	 7 	 12 	 1 	 0.02358490566037736
766 	 9 	 13.0 	 6 	 10 	 1 	 0.018867924528301886
767 	 9 	 13.0 	 5 	 10 	 1 	 0.018867924528301886
768 	 8 	 13.0 	 8 	 10 	 1 	 0.02830188679245283
769 	 8 	 13.0 	 6 	 10 	 1 	 0.02830188679245283
770 	 10 	 13.0 	 5 	 11 	 1 	 0.02830188679245283
771 	 8 	 13.0 	 6 	 11 	 1 	 0.018867924528301886
772 	 9 	 13.0 	 6 	 12 	 1 	 0.018867924528301886
773 	 7 	 13.0 	 7 	 10 	 1 	 0.018867924528301886
774 	 8 	 13.0 	 6 	 11 	 1 	 0.018867924528301886
775 	 10 	 13.0 	 6 	 10 	 1 	 0.02358490566037736
776 	 11 	 13.0 	 4 	 12 	 1 	 0.02358490566037736
777 	 10 	 13.0 	 4 	 10 	 1 	 0.018867924528301886
778 	 9 	 13.0 	 4 	 11 	 1 	 0.02358490566037736
779 	 12 	 13.0 	 4 	 12 	 1 	 0.018867924528301886
780 	 12 	 13.0 	 4 	 12 	 1 	 0.018867924528301886
781 	 8 	 13.0 	 7 	 12 	 1 	 0.018867924528301886
782 	 9 	 13.0 	 5 	 10 	 1 	 0.018867924528301886
783 	 8 	 13.0 	 6 	 9 	 1 	 0.018867924528301886
784 	 10 	 13.0 	 5 	 11 	 1 	 0.018867924528301886
785 	 6 	 13.0 	 7 	 11 	 1 	 0.014150943396226415
786 	 9 	 13.0 	 6 	 10 	 1 	 0.02358490566037736
787 	 10 	 13.0 	 6 	 11 	 1 	 0.02358490566037736
788 	 9 	 13.0 	 6 	 11 	 1 	 0.02358490566037736
789 	 9 	 13.0 	 6 	 11 	 1 	 0.02358490566037736
790 	 7 	 13.0 	 7 	 10 	 1 	 0.018867924528301886
791 	 10 	 13.0 	 5 	 10 	 1 	 0.014150943396226415
792 	 10 	 13.0 	 6 	 10 	 1 	 0.018867924528301886
793 	 8 	 13.0 	 8 	 10 	 1 	 0.018867924528301886
794 	 9 	 13.0 	 6 	 11 	 1 	 0.018867924528301886
795 	 8 	 13.0 	 7 	 11 	 1 	 0.018867924528301886
796 	 12 	 13.0 	 4 	 12 	 1 	 0.018867924528301886
797 	 10 	 13.0 	 6 	 11 	 1 	 0.02358490566037736
798 	 9 	 13.0 	 5 	 12 	 1 	 0.018867924528301886
799 	 11 	 13.0 	 5 	 12 	 1 	 0.018867924528301886
800 	 8 	 13.0 	 6 	 9 	 1 	 0.018867924528301886
801 	 9 	 13.0 	 6 	 11 	 1 	 0.02358490566037736
802 	 10 	 13.0 	 6 	 11 	 1 	 0.02358490566037736
803 	 9 	 13.0 	 6 	 11 	 1 	 0.02358490566037736
804 	 9 	 13.0 	 6 	 11 	 1 	 0.018867924528301886
805 	 9 	 13.0 	 7 	 11 	 1 	 0.018867924528301886
806 	 7 	 13.0 	 6 	 11 	 1 	 0.018867924528301886
807 	 11 	 13.0 	 4 	 11 	 1 	 0.018867924528301886
808 	 9 	 13.0 	 5 	 11 	 1 	 0.018867924528301886
809 	 7 	 13.0 	 9 	 10 	 1 	 0.018867924528301886
810 	 9 	 13.0 	 8 	 10 	 1 	 0.018867924528301886
811 	 10 	 13.0 	 4 	 12 	 1 	 0.018867924528301886
812 	 6 	 14.0 	 9 	 11 	 1 	 0.014150943396226415
813 	 8 	 14.0 	 8 	 10 	 1 	 0.02358490566037736
814 	 7 	 14.0 	 8 	 11 	 1 	 0.018867924528301886
815 	 9 	 14.0 	 8 	 12 	 1 	 0.02358490566037736
816 	 10 	 14.0 	 7 	 12 	 1 	 0.02830188679245283
817 	 8 	 14.0 	 8 	 11 	 1 	 0.018867924528301886
818 	 12 	 14.0 	 5 	 13 	 1 	 0.02830188679245283
819 	 12 	 14.0 	 4 	 13 	 1 	 0.018867924528301886
820 	 9 	 14.0 	 6 	 12 	 1 	 0.009433962264150943
821 	 9 	 14.0 	 8 	 11 	 1 	 0.014150943396226415
822 	 10 	 14.0 	 6 	 12 	 1 	 0.014150943396226415
823 	 10 	 14.0 	 6 	 12 	 1 	 0.014150943396226415
824 	 7 	 14.0 	 7 	 12 	 1 	 0.014150943396226415
825 	 8 	 14.0 	 7 	 11 	 1 	 0.014150943396226415
826 	 9 	 14.0 	 8 	 12 	 1 	 0.018867924528301886
827 	 7 	 14.0 	 10 	 11 	 1 	 0.018867924528301886
828 	 11 	 14.0 	 6 	 11 	 1 	 0.02358490566037736
829 	 11 	 14.0 	 6 	 13 	 1 	 0.02358490566037736
830 	 7 	 14.0 	 9 	 12 	 1 	 0.018867924528301886
831 	 11 	 14.0 	 6 	 11 	 1 	 0.014150943396226415
832 	 9 	 14.0 	 7 	 10 	 1 	 0.02358490566037736
833 	 8 	 14.0 	 7 	 11 	 1 	 0.018867924528301886
834 	 10 	 14.0 	 6 	 12 	 1 	 0.018867924528301886
835 	 7 	 14.0 	 9 	 12 	 1 	 0.018867924528301886
836 	 9 	 14.0 	 6 	 11 	 1 	 0.018867924528301886
837 	 10 	 14.0 	 6 	 12 	 1 	 0.018867924528301886
838 	 11 	 14.0 	 5 	 12 	 1 	 0.02358490566037736
839 	 9 	 14.0 	 8 	 12 	 1 	 0.014150943396226415
840 	 9 	 14.0 	 7 	 12 	 1 	 0.014150943396226415
841 	 9 	 14.0 	 8 	 12 	 1 	 0.014150943396226415
842 	 7 	 14.0 	 8 	 11 	 1 	 0.018867924528301886
843 	 6 	 14.0 	 9 	 11 	 1 	 0.018867924528301886
844 	 9 	 14.0 	 6 	 11 	 1 	 0.018867924528301886
845 	 8 	 14.0 	 6 	 10 	 1 	 0.0330188679245283
846 	 8 	 14.0 	 8 	 10 	 1 	 0.0330188679245283
847 	 8 	 14.0 	 8 	 12 	 1 	 0.02358490566037736
848 	 9 	 14.0 	 6 	 11 	 1 	 0.0330188679245283
849 	 9 	 14.0 	 7 	 12 	 1 	 0.02358490566037736
850 	 10 	 14.0 	 6 	 13 	 1 	 0.02830188679245283
851 	 5 	 14.0 	 10 	 11 	 1 	 0.018867924528301886
852 	 10 	 14.0 	 5 	 13 	 1 	 0.02358490566037736
853 	 9 	 14.0 	 5 	 12 	 1 	 0.02358490566037736
854 	 8 	 14.0 	 7 	 11 	 1 	 0.02358490566037736
855 	 11 	 14.0 	 5 	 13 	 1 	 0.02830188679245283
856 	 10 	 14.0 	 6 	 13 	 1 	 0.018867924528301886
857 	 6 	 14.0 	 9 	 11 	 1 	 0.02358490566037736
858 	 6 	 14.0 	 9 	 11 	 1 	 0.02358490566037736
859 	 9 	 14.0 	 7 	 12 	 1 	 0.02830188679245283
860 	 7 	 14.0 	 6 	 11 	 1 	 0.018867924528301886
861 	 11 	 14.0 	 5 	 12 	 1 	 0.018867924528301886
862 	 9 	 14.0 	 7 	 11 	 1 	 0.018867924528301886
863 	 9 	 14.0 	 6 	 11 	 1 	 0.02830188679245283
864 	 8 	 14.0 	 7 	 11 	 1 	 0.02830188679245283
865 	 7 	 14.0 	 9 	 12 	 1 	 0.018867924528301886
866 	 9 	 14.0 	 7 	 11 	 1 	 0.018867924528301886
867 	 8 	 14.0 	 8 	 12 	 1 	 0.018867924528301886
868 	 9 	 14.0 	 7 	 10 	 1 	 0.0330188679245283
869 	 9 	 14.0 	 7 	 11 	 1 	 0.018867924528301886
870 	 7 	 14.0 	 9 	 12 	 1 	 0.018867924528301886
871 	 11 	 14.0 	 5 	 13 	 1 	 0.018867924528301886
872 	 10 	 14.0 	 6 	 12 	 1 	 0.018867924528301886
873 	 9 	 14.0 	 7 	 12 	 1 	 0.018867924528301886
874 	 8 	 14.0 	 8 	 12 	 1 	 0.018867924528301886
875 	 9 	 14.0 	 7 	 13 	 1 	 0.018867924528301886
876 	 9 	 14.0 	 7 	 13 	 1 	 0.018867924528301886
877 	 11 	 14.0 	 6 	 12 	 1 	 0.02358490566037736
878 	 10 	 14.0 	 7 	 11 	 1 	 0.02358490566037736
879 	 10 	 14.0 	 8 	 10 	 1 	 0.02830188679245283
880 	 10 	 14.0 	 6 	 10 	 1 	 0.0330188679245283
881 	 9 	 14.0 	 6 	 10 	 1 	 0.02830188679245283
882 	 11 	 14.0 	 5 	 12 	 1 	 0.02830188679245283
883 	 11 	 14.0 	 5 	 13 	 1 	 0.02830188679245283
884 	 9 	 14.0 	 7 	 12 	 1 	 0.02830188679245283
885 	 8 	 14.0 	 9 	 11 	 1 	 0.02830188679245283
886 	 9 	 14.0 	 6 	 12 	 1 	 0.02830188679245283
887 	 10 	 14.0 	 6 	 11 	 1 	 0.02358490566037736
888 	 7 	 14.0 	 7 	 10 	 1 	 0.02358490566037736
889 	 8 	 14.0 	 7 	 11 	 1 	 0.02358490566037736
890 	 10 	 14.0 	 5 	 12 	 1 	 0.02358490566037736
891 	 9 	 14.0 	 4 	 11 	 1 	 0.02358490566037736
892 	 10 	 14.0 	 7 	 11 	 1 	 0.018867924528301886
893 	 11 	 14.0 	 7 	 11 	 1 	 0.02358490566037736
894 	 8 	 14.0 	 8 	 12 	 1 	 0.018867924528301886
895 	 10 	 14.0 	 5 	 11 	 1 	 0.02830188679245283
896 	 9 	 14.0 	 7 	 11 	 1 	 0.02358490566037736
897 	 8 	 14.0 	 5 	 11 	 1 	 0.02358490566037736
898 	 10 	 14.0 	 6 	 12 	 1 	 0.02358490566037736
899 	 9 	 14.0 	 5 	 12 	 1 	 0.018867924528301886
900 	 8 	 14.0 	 6 	 10 	 1 	 0.02358490566037736
901 	 10 	 14.0 	 7 	 12 	 1 	 0.02830188679245283
902 	 11 	 15.0 	 7 	 11 	 1 	 0.02358490566037736
903 	 10 	 15.0 	 9 	 10 	 1 	 0.02358490566037736
904 	 11 	 15.0 	 6 	 11 	 1 	 0.0330188679245283
905 	 9 	 15.0 	 8 	 13 	 1 	 0.02830188679245283
906 	 11 	 15.0 	 6 	 12 	 1 	 0.0330188679245283
907 	 10 	 15.0 	 7 	 11 	 1 	 0.02358490566037736
908 	 10 	 15.0 	 6 	 11 	 1 	 0.02830188679245283
909 	 10 	 15.0 	 8 	 12 	 1 	 0.02358490566037736
910 	 6 	 15.0 	 11 	 11 	 1 	 0.02358490566037736
911 	 9 	 15.0 	 7 	 12 	 1 	 0.02358490566037736
912 	 11 	 15.0 	 6 	 13 	 1 	 0.02358490566037736
913 	 11 	 15.0 	 7 	 12 	 1 	 0.0330188679245283
914 	 11 	 15.0 	 6 	 14 	 1 	 0.018867924528301886
915 	 9 	 15.0 	 7 	 11 	 1 	 0.0330188679245283
916 	 9 	 16.0 	 9 	 11 	 1 	 0.02830188679245283
917 	 6 	 16.0 	 12 	 12 	 1 	 0.018867924528301886
918 	 11 	 16.0 	 7 	 13 	 1 	 0.02830188679245283
919 	 11 	 16.0 	 7 	 12 	 1 	 0.03773584905660377
920 	 9 	 16.0 	 10 	 13 	 1 	 0.02830188679245283
921 	 9 	 16.0 	 10 	 12 	 1 	 0.0330188679245283
BestSolution
x_{1}
x_{34}
x_{66}
x_{12}
x_{77}
x_{44}
x_{86}
x_{87}
Objective: 8
ChainS-ChainL 0.2 6
Info {'qpu_sampling_time': 368100.0, 'qpu_anneal_time_per_sample': 200.0, 'qpu_readout_time_per_sample': 147.52, 'qpu_access_time': 383863.17, 'qpu_access_overhead_time': 2538.83, 'qpu_programming_time': 15763.17, 'qpu_delay_time_per_sample': 20.58, 'post_processing_overhead_time': 91.0, 'total_post_processing_time': 91.0}
Emb {'embedding': {109: (3431, 3432, 3430), 15: (3433,), 17: (1923, 1922, 1924, 3610), 23: (3477, 2417), 29: (2087,), 110: (3461, 3462, 2117, 3460), 12: (2327, 2328, 2329, 2330, 2331, 2326), 44: (2358,), 111: (2373, 3493, 3492), 32: (2509, 3703, 2374, 2510), 73: (2523, 3583), 112: (2507, 2508, 3658), 4: (2492,), 75: (2554, 2553), 113: (2493, 3553), 42: (3596, 3595, 3597, 3598), 77: (2495, 2496, 4138, 2494, 3778), 114: (2659, 2658), 47: (3762, 3763), 82: (2660, 3884), 115: (2614, 3824), 67: (2584, 3823), 83: (2630, 3958, 2631, 2615), 116: (2525, 3928), 55: (2539, 2538, 2540), 88: (2480, 3988), 117: (3883,), 1: (2299, 2298, 3822, 2390, 3627), 89: (2465,), 118: (2375, 3957), 34: (2405,), 92: (3971, 2195, 3972), 119: (3852, 2360, 3851, 3837, 3987), 90: (3941, 2270, 2210), 97: (3791, 2134), 120: (3821, 2224), 19: (3836,), 99: (3774, 3775, 1849, 2089), 121: (2103, 2104, 2102, 3415), 60: (3356, 3341), 103: (3565,), 122: (2042, 2041), 27: (3446, 3445, 1907, 1908, 1909), 104: (3475, 1967), 123: (2057,), 11: (3731, 3730, 2058), 105: (2164, 3491, 2163), 126: (4152, 2391, 4153), 45: (4167, 4166), 66: (2392,), 68: (2555, 3838, 2556), 127: (4168, 2436), 22: (2451,), 128: (4136, 4137, 2136), 30: (4196,), 101: (2045, 2046, 2044, 2043, 3640, 4211), 133: (2297, 3386), 0: (2296,), 3: (2192, 2193), 6: (2282,), 134: (3417, 3416), 18: (2162,), 135: (3401, 3402), 26: (2147,), 136: (3476, 2237), 24: (3508, 3507, 3509, 3506), 28: (2240, 2241, 2239, 2238, 3746), 137: (2073, 3745, 2072, 2074), 31: (2075, 4031), 138: (1955, 1954, 3955, 3835), 38: (4045,), 139: (3954, 1865, 1925), 37: (3939,), 40: (4106, 4107, 4105, 4104), 140: (1835, 1836, 3744, 1834), 49: (1850,), 141: (3820, 2030, 3819), 46: (3925,), 52: (2014, 2013, 2015), 142: (3911, 3910, 2254), 41: (2269,), 54: (2284, 2285, 2283), 143: (3807, 3808, 2389), 39: (2524,), 144: (3688,), 36: (3673,), 57: (2478, 3567, 2477), 145: (2463, 2464), 61: (3793,), 146: (2479,), 65: (2434, 2433, 3613, 3853), 69: (3732,), 147: (3747,), 21: (2344, 3717), 72: (2448,), 148: (3718, 3719, 2418), 53: (2689,), 149: (3704, 2569), 20: (2674,), 150: (3794, 2644), 7: (3809,), 80: (2720, 3869), 151: (2719,), 71: (2703, 2597, 3539, 2718), 81: (3734,), 152: (2705, 2704, 3974), 48: (3989,), 153: (4049, 2645), 58: (2600,), 154: (2585, 3973), 85: (4064,), 155: (4078, 4079, 2511), 86: (2420,), 87: (2466, 4183), 156: (4063, 4062), 70: (4077,), 157: (2225,), 74: (4001, 2166), 158: (4016, 2090), 25: (3940,), 95: (3866, 2180, 2181, 3986), 159: (3895, 1985, 3896, 2135), 78: (3865,), 98: (1984, 1983, 3700), 160: (1969, 1970), 94: (3790,), 161: (3805, 2029), 93: (3671,), 162: (3686, 2148), 14: (3656, 2179), 102: (3536,), 163: (2118,), 16: (3626,), 166: (3611, 3612, 2133, 2343), 167: (3641, 3642), 168: (2403, 2402, 3657), 169: (3523, 3524), 170: (2613, 2612, 3748), 171: (2628, 2629, 2627, 3733), 172: (2570, 3913), 173: (4108, 2661, 2571), 174: (4092, 4093), 175: (2315, 4017, 3927, 2316), 176: (3897, 3898), 177: (3882, 3881, 3880), 178: (3760, 3759, 2059), 179: (1999,), 180: (1998, 3580, 2088), 183: (3912, 2404), 184: (3792, 2419, 3868), 185: (3776, 3777), 188: (4047,), 9: (2361,), 13: (2346,), 189: (4032,), 59: (2211,), 190: (2076, 4151, 2196), 191: (4091, 2301), 79: (2286,), 192: (4182, 4181), 193: (4228, 2421), 91: (2527,), 194: (4212, 4213), 96: (2271,), 197: (4123, 4122, 4121), 200: (2268, 3702), 2: (2359,), 35: (3672,), 201: (3761, 2194), 202: (3552, 2313, 3687, 2314), 50: (3582,), 203: (2253, 3581, 2252), 51: (3566,), 204: (3550, 3551, 2222), 205: (3521, 3522), 206: (3537, 3538), 8: (2447,), 207: (2432, 3463, 2462), 208: (3342, 3343), 209: (3357,), 62: (2251,), 210: (3327, 2266, 2207), 64: (3297,), 211: (3448, 3447, 2357), 212: (2568, 2567), 213: (3628,), 76: (2583,), 214: (2599, 2598, 3689), 215: (3899, 2675), 33: (4019,), 216: (4004,), 10: (2736,), 217: (4169, 2706, 2616), 84: (2721,), 218: (4033, 4034), 219: (2435, 4048), 220: (2450, 4018), 221: (4002, 4003), 43: (2255,), 222: (2300, 3956), 63: (3926,), 223: (2150, 2149), 224: (2119, 3701), 225: (3715, 3716, 1863), 5: (1878,), 226: (3685,), 100: (3670,), 227: (3625, 2028, 1938), 228: (1953,), 56: (3535,), 229: (3520, 1968), 230: (1848, 3505, 3490)}, 'chain_break_method': 'majority_vote', 'embedding_parameters': {}, 'chain_strength': 0.5549094775743939}
x_{0} 1
x_{1} 5
x_{2} 1
x_{3} 2
x_{4} 1
x_{5} 1
x_{6} 1
x_{7} 1
x_{8} 1
x_{9} 1
x_{10} 1
x_{11} 3
x_{12} 6
x_{13} 1
x_{14} 2
x_{15} 1
x_{16} 1
x_{17} 4
x_{18} 1
x_{19} 1
x_{20} 1
x_{21} 2
x_{22} 1
x_{23} 2
x_{24} 4
x_{25} 1
x_{26} 1
x_{27} 5
x_{28} 5
x_{29} 1
x_{30} 1
x_{31} 2
x_{32} 4
x_{33} 1
x_{34} 1
x_{35} 1
x_{36} 1
x_{37} 1
x_{38} 1
x_{39} 1
x_{40} 4
x_{41} 1
x_{42} 4
x_{43} 1
x_{44} 1
x_{45} 2
x_{46} 1
x_{47} 2
x_{48} 1
x_{49} 1
x_{50} 1
x_{51} 1
x_{52} 3
x_{53} 1
x_{54} 3
x_{55} 3
x_{56} 1
x_{57} 3
x_{58} 1
x_{59} 1
x_{60} 2
x_{61} 1
x_{62} 1
x_{63} 1
x_{64} 1
x_{65} 4
x_{66} 1
x_{67} 2
x_{68} 3
x_{69} 1
x_{70} 1
x_{71} 4
x_{72} 1
x_{73} 2
x_{74} 2
x_{75} 2
x_{76} 1
x_{77} 5
x_{78} 1
x_{79} 1
x_{80} 2
x_{81} 1
x_{82} 2
x_{83} 4
x_{84} 1
x_{85} 1
x_{86} 1
x_{87} 2
x_{88} 2
x_{89} 1
x_{90} 3
x_{91} 1
x_{92} 3
x_{93} 1
x_{94} 1
x_{95} 4
x_{96} 1
x_{97} 2
x_{98} 3
x_{99} 4
x_{100} 1
x_{101} 6
x_{102} 1
x_{103} 1
x_{104} 2
x_{105} 3
y^2_1 3
y^2_2 4
y^2_3 3
y^2_4 3
y^2_5 2
y^2_6 2
y^2_7 2
y^2_8 2
y^2_9 1
y^2_10 2
y^2_11 5
y^2_12 2
y^2_13 4
y^2_14 2
y^2_15 1
y^3_1 3
y^3_2 2
y^3_3 3
y^5_1 2
y^5_2 2
y^5_3 2
y^5_4 2
y^5_5 4
y^5_6 4
y^5_7 3
y^5_8 4
y^5_9 3
y^5_10 3
y^5_11 3
y^5_12 1
y^5_13 2
y^5_14 1
y^5_15 1
y^5_16 3
y^5_17 2
y^5_18 2
y^5_19 1
y^5_20 3
y^5_21 2
y^5_22 2
y^5_23 3
y^5_24 2
y^5_25 1
y^5_26 2
y^5_27 4
y^5_28 2
y^5_29 2
y^5_30 2
y^5_31 1
y^6_1 4
y^6_2 2
y^6_3 3
y^6_4 2
y^6_5 3
y^6_6 4
y^6_7 2
y^6_8 3
y^6_9 2
y^6_10 4
y^6_11 2
y^6_12 3
y^6_13 3
y^6_14 1
y^6_15 3
y^7_1 2
y^7_2 3
y^7_3 2
y^8_1 1
y^8_2 1
y^8_3 3
y^8_4 2
y^8_5 2
y^8_6 2
y^8_7 2
y^9_1 3
y^10_1 2
y^10_2 2
y^10_3 4
y^10_4 3
y^10_5 3
y^10_6 2
y^10_7 2
y^10_8 3
y^10_9 2
y^10_10 1
y^10_11 3
y^10_12 3
y^10_13 2
y^10_14 1
y^10_15 3
y^10_16 2
y^10_17 1
y^10_18 3
y^10_19 2
y^10_20 2
y^10_21 2
y^10_22 2
y^10_23 2
y^10_24 2
y^10_25 2
y^10_26 3
y^10_27 1
y^10_28 3
y^10_29 1
y^10_30 2
y^10_31 3
