#Var-#NoneZ: 65 - 220
0.5086486058717935 [(0.0, 0.0), (200.0, 1.0)]
TimeRunning 4.111118316650391
0 	 6 	 7.0 	 1 	 7 	 7 	 0.0
1 	 7 	 7.0 	 0 	 7 	 9 	 0.0
2 	 6 	 7.0 	 1 	 7 	 6 	 0.0
3 	 6 	 7.0 	 1 	 7 	 8 	 0.0
4 	 7 	 7.0 	 0 	 7 	 9 	 0.0
5 	 5 	 7.0 	 2 	 7 	 4 	 0.0
6 	 8 	 8.0 	 1 	 8 	 19 	 0.02127659574468085
7 	 6 	 8.0 	 3 	 7 	 20 	 0.02127659574468085
8 	 6 	 8.0 	 3 	 8 	 16 	 0.02127659574468085
9 	 7 	 8.0 	 2 	 8 	 109 	 0.02127659574468085
10 	 7 	 8.0 	 2 	 7 	 1 	 0.0425531914893617
11 	 6 	 8.0 	 3 	 7 	 1 	 0.0425531914893617
12 	 7 	 8.0 	 2 	 8 	 2 	 0.0425531914893617
13 	 7 	 8.0 	 2 	 8 	 6 	 0.0425531914893617
14 	 8 	 8.0 	 1 	 8 	 5 	 0.0425531914893617
15 	 7 	 8.0 	 2 	 8 	 14 	 0.02127659574468085
16 	 7 	 8.0 	 2 	 8 	 1 	 0.0425531914893617
17 	 8 	 8.0 	 1 	 8 	 1 	 0.0425531914893617
18 	 7 	 8.0 	 2 	 8 	 1 	 0.0425531914893617
19 	 6 	 8.0 	 2 	 8 	 1 	 0.0
20 	 8 	 8.0 	 1 	 8 	 2 	 0.0425531914893617
21 	 7 	 8.0 	 2 	 8 	 30 	 0.02127659574468085
22 	 8 	 8.0 	 1 	 8 	 125 	 0.02127659574468085
23 	 6 	 8.0 	 3 	 7 	 9 	 0.02127659574468085
24 	 7 	 8.0 	 2 	 7 	 7 	 0.02127659574468085
25 	 7 	 8.0 	 2 	 7 	 11 	 0.02127659574468085
26 	 7 	 8.0 	 2 	 8 	 14 	 0.02127659574468085
27 	 8 	 8.0 	 1 	 8 	 15 	 0.02127659574468085
28 	 6 	 8.0 	 3 	 7 	 10 	 0.02127659574468085
29 	 6 	 8.0 	 3 	 7 	 10 	 0.02127659574468085
30 	 8 	 8.0 	 1 	 8 	 21 	 0.02127659574468085
31 	 7 	 8.0 	 2 	 8 	 21 	 0.02127659574468085
32 	 7 	 8.0 	 2 	 7 	 17 	 0.02127659574468085
33 	 6 	 8.0 	 3 	 7 	 11 	 0.02127659574468085
34 	 8 	 8.0 	 1 	 8 	 210 	 0.02127659574468085
35 	 7 	 8.0 	 2 	 8 	 151 	 0.02127659574468085
36 	 5 	 8.0 	 4 	 7 	 15 	 0.02127659574468085
37 	 7 	 8.0 	 2 	 8 	 22 	 0.02127659574468085
38 	 8 	 8.0 	 1 	 8 	 20 	 0.02127659574468085
39 	 7 	 8.0 	 2 	 7 	 15 	 0.02127659574468085
40 	 9 	 9.0 	 2 	 9 	 1 	 0.02127659574468085
41 	 7 	 9.0 	 4 	 8 	 1 	 0.02127659574468085
42 	 8 	 9.0 	 2 	 9 	 1 	 0.02127659574468085
43 	 8 	 9.0 	 3 	 9 	 1 	 0.02127659574468085
44 	 9 	 9.0 	 3 	 9 	 1 	 0.02127659574468085
45 	 9 	 9.0 	 2 	 9 	 1 	 0.0425531914893617
46 	 9 	 9.0 	 2 	 9 	 2 	 0.0425531914893617
47 	 7 	 9.0 	 4 	 8 	 2 	 0.0425531914893617
48 	 8 	 9.0 	 3 	 9 	 1 	 0.0425531914893617
49 	 6 	 9.0 	 5 	 7 	 1 	 0.0425531914893617
50 	 7 	 9.0 	 4 	 7 	 1 	 0.0425531914893617
51 	 9 	 9.0 	 1 	 9 	 2 	 0.0425531914893617
52 	 8 	 9.0 	 2 	 9 	 1 	 0.02127659574468085
53 	 7 	 9.0 	 4 	 7 	 1 	 0.0425531914893617
54 	 8 	 9.0 	 3 	 8 	 1 	 0.0425531914893617
55 	 8 	 10.0 	 3 	 9 	 1 	 0.0425531914893617
56 	 9 	 10.0 	 2 	 9 	 2 	 0.0425531914893617
57 	 8 	 10.0 	 3 	 10 	 1 	 0.0425531914893617
58 	 8 	 10.0 	 3 	 9 	 1 	 0.0425531914893617
59 	 6 	 10.0 	 5 	 9 	 1 	 0.0425531914893617
BestSolution
x_{2}
x_{3}
x_{13}
x_{14}
x_{18}
x_{22}
x_{23}
Objective: 7
ChainS-ChainL 0.2 2
Info {'qpu_sampling_time': 334200.0, 'qpu_anneal_time_per_sample': 200.0, 'qpu_readout_time_per_sample': 113.62, 'qpu_access_time': 349962.77, 'qpu_access_overhead_time': 2243.23, 'qpu_programming_time': 15762.77, 'qpu_delay_time_per_sample': 20.58, 'post_processing_overhead_time': 1.0, 'total_post_processing_time': 1.0}
Emb {'embedding': {28: (4154,), 0: (2766,), 3: (2646,), 4: (4153, 2541), 12: (2691,), 29: (4169,), 2: (2721,), 14: (2751, 2752), 30: (4139, 2781), 7: (2706,), 16: (2737, 2736), 31: (4289, 2707), 6: (2692,), 18: (2677, 2676), 32: (4244,), 17: (2631, 4214), 19: (4259,), 33: (2572,), 11: (4183, 2601), 20: (4333,), 34: (2557,), 5: (2556,), 22: (4273,), 37: (4229,), 40: (4184,), 41: (4334, 2722), 42: (4349, 2647), 49: (4274,), 52: (4064, 2615), 1: (2616,), 8: (2571,), 53: (4093,), 9: (2511,), 54: (4108,), 10: (2496,), 55: (4168, 2526), 15: (4018,), 56: (2586, 2585), 21: (4079,), 57: (4034, 2630), 23: (2660,), 58: (2675, 4049), 24: (3884,), 61: (4138,), 62: (4123,), 63: (4199, 2661), 13: (4396,)}, 'chain_break_method': 'majority_vote', 'embedding_parameters': {}, 'chain_strength': 0.5086486058717935}
x_{0} 1
x_{1} 1
x_{2} 1
x_{3} 1
x_{4} 2
x_{5} 1
x_{6} 1
x_{7} 1
x_{8} 1
x_{9} 1
x_{10} 1
x_{11} 2
x_{12} 1
x_{13} 1
x_{14} 2
x_{15} 1
x_{16} 2
x_{17} 2
x_{18} 2
x_{19} 1
x_{20} 1
x_{21} 1
x_{22} 1
x_{23} 1
x_{24} 1
y^2_1 1
y^2_2 1
y^2_3 2
y^2_4 2
y^2_5 1
y^2_6 1
y^2_7 1
y^3_1 1
y^4_1 1
y^4_2 2
y^4_3 2
y^7_1 1
y^8_1 2
y^8_2 1
y^8_3 1
y^8_4 2
y^8_5 2
y^8_6 2
y^8_7 2
y^9_1 1
y^9_2 1
y^9_3 2
