#Var-#NoneZ: 117 - 382
0.48096288963372136 [(0.0, 0.0), (200.0, 1.0)]
TimeRunning 4.111034393310547
0 	 9 	 9.0 	 0 	 9 	 1 	 0.0
1 	 9 	 10.0 	 2 	 9 	 246 	 0.012048192771084338
2 	 9 	 10.0 	 2 	 9 	 8 	 0.012048192771084338
3 	 9 	 10.0 	 2 	 9 	 1 	 0.024096385542168676
4 	 9 	 11.0 	 4 	 9 	 729 	 0.024096385542168676
5 	 10 	 11.0 	 2 	 10 	 4 	 0.024096385542168676
6 	 10 	 11.0 	 2 	 10 	 1 	 0.024096385542168676
7 	 9 	 11.0 	 3 	 9 	 1 	 0.012048192771084338
8 	 10 	 11.0 	 2 	 10 	 1 	 0.012048192771084338
9 	 9 	 11.0 	 3 	 9 	 1 	 0.012048192771084338
10 	 9 	 11.0 	 4 	 9 	 1 	 0.03614457831325301
11 	 10 	 11.0 	 3 	 10 	 1 	 0.03614457831325301
12 	 10 	 12.0 	 4 	 10 	 1 	 0.03614457831325301
13 	 10 	 12.0 	 4 	 10 	 1 	 0.03614457831325301
14 	 9 	 12.0 	 5 	 9 	 1 	 0.024096385542168676
15 	 10 	 12.0 	 4 	 10 	 2 	 0.024096385542168676
BestSolution
x_{34}
x_{35}
x_{38}
x_{40}
x_{9}
x_{19}
x_{21}
x_{22}
x_{23}
Objective: 9
ChainS-ChainL 0.2 3
Info {'qpu_sampling_time': 345520.0, 'qpu_anneal_time_per_sample': 200.0, 'qpu_readout_time_per_sample': 124.94, 'qpu_access_time': 361283.57, 'qpu_access_overhead_time': 1976.43, 'qpu_programming_time': 15763.57, 'qpu_delay_time_per_sample': 20.58, 'post_processing_overhead_time': 1.0, 'total_post_processing_time': 1.0}
Emb {'embedding': {48: (5236,), 1: (5235,), 9: (446, 447), 34: (342, 343), 35: (431, 432), 51: (5341,), 7: (508,), 19: (403,), 22: (238, 5340), 38: (418, 5416), 58: (207,), 21: (5205, 252), 23: (5175, 296), 24: (192,), 32: (251, 5160, 5131), 59: (5085,), 6: (161,), 40: (266, 267, 5055), 60: (176,), 30: (175,), 43: (4996, 4995), 63: (5312,), 11: (553,), 64: (5326, 5327), 65: (313, 5355), 46: (5385,), 68: (5026,), 4: (506,), 14: (491,), 15: (461,), 69: (5132, 476), 26: (402,), 70: (5161,), 17: (417,), 33: (507,), 71: (5176,), 72: (5146, 372, 222), 2: (371,), 73: (221, 4936), 31: (4951,), 74: (386,), 27: (388, 387), 44: (4921,), 79: (282, 5221), 0: (5190,), 8: (357,), 80: (5296,), 81: (5281,), 42: (312,), 84: (236, 237), 37: (5010,), 85: (5025,), 18: (206,), 86: (191,), 41: (4935,), 89: (5266,), 5: (327,), 90: (297, 5251), 91: (5311,), 45: (358,), 94: (5265,), 13: (193,), 97: (5282,), 20: (5283,), 102: (448, 5401), 16: (5477,), 29: (433,), 103: (5371,), 104: (5386,), 109: (5117,), 3: (521,), 25: (567,), 110: (5101, 5102), 10: (326,), 111: (281, 5071), 112: (5041,), 39: (416,), 113: (5056, 356), 28: (311,), 114: (265, 4966), 36: (4875,), 115: (250,), 12: (4890,)}, 'chain_break_method': 'majority_vote', 'embedding_parameters': {}, 'chain_strength': 0.48096288963372136}
x_{0} 1
x_{1} 1
x_{2} 1
x_{3} 1
x_{4} 1
x_{5} 1
x_{6} 1
x_{7} 1
x_{8} 1
x_{9} 2
x_{10} 1
x_{11} 1
x_{12} 1
x_{13} 1
x_{14} 1
x_{15} 1
x_{16} 1
x_{17} 1
x_{18} 1
x_{19} 1
x_{20} 1
x_{21} 2
x_{22} 2
x_{23} 2
x_{24} 1
x_{25} 1
x_{26} 1
x_{27} 2
x_{28} 1
x_{29} 1
x_{30} 1
x_{31} 1
x_{32} 3
x_{33} 1
x_{34} 2
x_{35} 2
x_{36} 1
x_{37} 1
x_{38} 2
x_{39} 1
x_{40} 3
x_{41} 1
x_{42} 1
x_{43} 2
x_{44} 1
x_{45} 1
x_{46} 1
y^1_1 1
y^2_1 1
y^5_1 1
y^5_2 1
y^5_3 1
y^6_1 1
y^6_2 2
y^6_3 2
y^7_1 1
y^7_2 2
y^7_3 1
y^7_4 1
y^7_5 3
y^7_6 2
y^7_7 1
y^9_1 2
y^9_2 1
y^9_3 1
y^10_1 2
y^10_2 1
y^10_3 1
y^11_1 1
y^11_2 2
y^11_3 1
y^12_1 1
y^13_1 1
y^15_1 2
y^15_2 1
y^15_3 1
y^17_1 1
y^17_2 2
y^17_3 2
y^17_4 1
y^17_5 2
y^17_6 2
y^17_7 1
