#Var-#NoneZ: 115 - 390
0.503778823937922 [(0.0, 0.0), (200.0, 1.0)]
TimeRunning 4.184631109237671
0 	 8 	 8.0 	 0 	 8 	 290 	 0.0
1 	 8 	 8.0 	 0 	 8 	 303 	 0.011494252873563218
2 	 9 	 9.0 	 0 	 9 	 7 	 0.022988505747126436
3 	 8 	 9.0 	 1 	 8 	 4 	 0.022988505747126436
4 	 9 	 9.0 	 0 	 9 	 2 	 0.022988505747126436
5 	 8 	 9.0 	 1 	 8 	 1 	 0.022988505747126436
6 	 9 	 9.0 	 0 	 9 	 2 	 0.011494252873563218
7 	 8 	 9.0 	 1 	 8 	 2 	 0.011494252873563218
8 	 8 	 9.0 	 1 	 8 	 2 	 0.011494252873563218
9 	 9 	 9.0 	 0 	 9 	 2 	 0.011494252873563218
10 	 9 	 9.0 	 0 	 9 	 2 	 0.022988505747126436
11 	 9 	 9.0 	 0 	 9 	 362 	 0.011494252873563218
12 	 9 	 9.0 	 0 	 9 	 1 	 0.011494252873563218
13 	 9 	 10.0 	 1 	 9 	 4 	 0.022988505747126436
14 	 10 	 10.0 	 0 	 10 	 1 	 0.022988505747126436
15 	 10 	 10.0 	 0 	 10 	 2 	 0.022988505747126436
16 	 10 	 10.0 	 0 	 10 	 1 	 0.022988505747126436
17 	 9 	 10.0 	 1 	 9 	 2 	 0.022988505747126436
18 	 10 	 10.0 	 0 	 10 	 9 	 0.022988505747126436
19 	 10 	 10.0 	 0 	 10 	 1 	 0.034482758620689655
BestSolution
x_{1}
x_{35}
x_{5}
x_{39}
x_{8}
x_{20}
x_{22}
x_{23}
Objective: 8
ChainS-ChainL 0.2 4
Info {'qpu_sampling_time': 355780.0, 'qpu_anneal_time_per_sample': 200.0, 'qpu_readout_time_per_sample': 135.2, 'qpu_access_time': 371543.17, 'qpu_access_overhead_time': 2066.83, 'qpu_programming_time': 15763.17, 'qpu_delay_time_per_sample': 20.58, 'post_processing_overhead_time': 47.0, 'total_post_processing_time': 47.0}
Emb {'embedding': {47: (4062,), 2: (2346,), 5: (2211, 2210, 2212, 2213), 13: (2316,), 14: (2301, 4091, 4152), 48: (2331, 2332), 4: (2287, 4407), 17: (2226, 4227), 49: (4257, 4256), 22: (2271, 2270, 4242), 39: (2137,), 50: (4241,), 10: (2090, 2091, 4001), 40: (2017,), 51: (2107, 4285), 27: (2061,), 41: (4120, 2076), 52: (2032, 4226), 23: (2166, 2167, 2168, 2165), 42: (2046,), 53: (4270, 4271), 26: (1972,), 43: (2241,), 56: (4422,), 1: (2362, 2361, 2363), 9: (4423,), 20: (2227, 4301), 57: (4437, 4436), 38: (4421,), 58: (2183, 4466), 37: (2242, 4392), 44: (2182,), 61: (2272, 4451), 16: (2138,), 62: (4361, 4362), 63: (4331, 2092), 45: (4450,), 66: (4376,), 69: (3821,), 29: (2239,), 35: (3822,), 72: (3911,), 0: (2195,), 24: (2150,), 73: (3926,), 33: (2224,), 74: (2269, 3897), 8: (2285,), 77: (4316,), 80: (4002,), 3: (2420,), 81: (4016, 4017), 11: (2075,), 82: (2181, 4046), 25: (2060,), 83: (4106, 4105), 30: (2286,), 84: (4211, 4212, 2106), 31: (2197,), 85: (4196,), 15: (2121,), 86: (4181,), 89: (3956,), 94: (4077, 2196), 95: (4136,), 96: (4121,), 99: (2302,), 7: (2303,), 100: (4347, 2317, 4346), 6: (2152,), 101: (4286, 4287), 28: (2256,), 104: (2225, 3986), 18: (2120,), 105: (3971,), 19: (2180,), 106: (2135, 3941), 107: (4032, 4031), 32: (2045,), 108: (4061, 2136, 2016), 34: (4150,), 109: (4151,), 12: (2151,), 110: (4166,), 36: (4167,), 113: (4047,), 21: (2315,)}, 'chain_break_method': 'majority_vote', 'embedding_parameters': {}, 'chain_strength': 0.503778823937922}
x_{0} 1
x_{1} 3
x_{2} 1
x_{3} 1
x_{4} 2
x_{5} 4
x_{6} 1
x_{7} 1
x_{8} 1
x_{9} 1
x_{10} 3
x_{11} 1
x_{12} 1
x_{13} 1
x_{14} 3
x_{15} 1
x_{16} 1
x_{17} 2
x_{18} 1
x_{19} 1
x_{20} 2
x_{21} 1
x_{22} 3
x_{23} 4
x_{24} 1
x_{25} 1
x_{26} 1
x_{27} 1
x_{28} 1
x_{29} 1
x_{30} 1
x_{31} 1
x_{32} 1
x_{33} 1
x_{34} 1
x_{35} 1
x_{36} 1
x_{37} 2
x_{38} 1
x_{39} 1
x_{40} 1
x_{41} 2
x_{42} 1
x_{43} 1
x_{44} 1
x_{45} 1
y^1_1 1
y^1_2 2
y^1_3 2
y^1_4 1
y^1_5 2
y^1_6 2
y^1_7 2
y^2_1 1
y^2_2 2
y^2_3 2
y^3_1 2
y^3_2 2
y^3_3 2
y^4_1 1
y^5_1 1
y^6_1 1
y^6_2 1
y^6_3 2
y^7_1 1
y^8_1 1
y^8_2 2
y^8_3 2
y^8_4 2
y^8_5 3
y^8_6 1
y^8_7 1
y^9_1 1
y^11_1 2
y^11_2 1
y^11_3 1
y^12_1 1
y^12_2 3
y^12_3 2
y^13_1 2
y^13_2 1
y^13_3 2
y^13_4 2
y^13_5 3
y^13_6 1
y^13_7 1
y^14_1 1
