#Var-#NoneZ: 386 - 1306
0.545222669707379 [(0.0, 0.0), (200.0, 1.0)]
TimeRunning 5.392465114593506
0 	 7 	 8.0 	 3 	 8 	 1 	 0.00819672131147541
1 	 5 	 9.0 	 5 	 6 	 1 	 0.00819672131147541
2 	 5 	 9.0 	 5 	 6 	 1 	 0.01092896174863388
3 	 5 	 9.0 	 5 	 6 	 1 	 0.01092896174863388
4 	 6 	 9.0 	 4 	 7 	 1 	 0.01092896174863388
5 	 6 	 9.0 	 4 	 6 	 1 	 0.01092896174863388
6 	 6 	 9.0 	 4 	 6 	 1 	 0.01092896174863388
7 	 6 	 9.0 	 4 	 7 	 1 	 0.01092896174863388
8 	 6 	 9.0 	 4 	 7 	 1 	 0.00819672131147541
9 	 7 	 9.0 	 3 	 7 	 1 	 0.00819672131147541
10 	 5 	 9.0 	 5 	 6 	 1 	 0.01092896174863388
11 	 6 	 9.0 	 4 	 6 	 1 	 0.01639344262295082
12 	 6 	 9.0 	 4 	 7 	 1 	 0.01366120218579235
13 	 7 	 9.0 	 4 	 7 	 1 	 0.00819672131147541
14 	 8 	 9.0 	 3 	 8 	 1 	 0.01366120218579235
15 	 5 	 9.0 	 5 	 6 	 1 	 0.00546448087431694
16 	 6 	 10.0 	 6 	 7 	 1 	 0.01639344262295082
17 	 7 	 10.0 	 4 	 8 	 1 	 0.00819672131147541
18 	 6 	 10.0 	 4 	 6 	 1 	 0.01639344262295082
19 	 7 	 10.0 	 4 	 7 	 1 	 0.01092896174863388
20 	 7 	 10.0 	 5 	 8 	 1 	 0.01639344262295082
21 	 5 	 10.0 	 5 	 6 	 1 	 0.01092896174863388
22 	 7 	 10.0 	 5 	 7 	 1 	 0.01639344262295082
23 	 8 	 10.0 	 6 	 8 	 1 	 0.01639344262295082
24 	 7 	 10.0 	 5 	 7 	 1 	 0.01366120218579235
25 	 8 	 10.0 	 4 	 8 	 1 	 0.01366120218579235
26 	 6 	 10.0 	 4 	 6 	 1 	 0.00819672131147541
27 	 6 	 10.0 	 5 	 7 	 1 	 0.01639344262295082
28 	 7 	 10.0 	 5 	 7 	 1 	 0.02185792349726776
29 	 10 	 10.0 	 3 	 10 	 1 	 0.01366120218579235
30 	 6 	 10.0 	 4 	 6 	 1 	 0.01092896174863388
31 	 5 	 10.0 	 5 	 6 	 1 	 0.01092896174863388
32 	 5 	 10.0 	 5 	 6 	 1 	 0.01912568306010929
33 	 7 	 10.0 	 5 	 7 	 1 	 0.01092896174863388
34 	 5 	 10.0 	 5 	 6 	 1 	 0.01366120218579235
35 	 8 	 10.0 	 3 	 8 	 1 	 0.01366120218579235
36 	 6 	 10.0 	 4 	 6 	 1 	 0.01366120218579235
37 	 6 	 10.0 	 6 	 7 	 1 	 0.01639344262295082
38 	 8 	 10.0 	 3 	 8 	 1 	 0.01092896174863388
39 	 6 	 10.0 	 4 	 6 	 1 	 0.01092896174863388
40 	 5 	 10.0 	 5 	 6 	 1 	 0.01639344262295082
41 	 6 	 10.0 	 5 	 7 	 1 	 0.01366120218579235
42 	 5 	 10.0 	 5 	 6 	 1 	 0.01639344262295082
43 	 5 	 10.0 	 5 	 6 	 1 	 0.01639344262295082
44 	 6 	 10.0 	 4 	 6 	 1 	 0.01639344262295082
45 	 6 	 10.0 	 6 	 7 	 1 	 0.01092896174863388
46 	 7 	 10.0 	 5 	 8 	 1 	 0.01092896174863388
47 	 5 	 10.0 	 5 	 6 	 1 	 0.01639344262295082
48 	 5 	 10.0 	 5 	 6 	 1 	 0.01366120218579235
49 	 6 	 10.0 	 3 	 6 	 1 	 0.00819672131147541
50 	 5 	 10.0 	 5 	 6 	 1 	 0.01912568306010929
51 	 7 	 10.0 	 5 	 8 	 1 	 0.01366120218579235
52 	 6 	 10.0 	 4 	 6 	 1 	 0.01639344262295082
53 	 5 	 10.0 	 5 	 6 	 1 	 0.01092896174863388
54 	 6 	 10.0 	 6 	 6 	 1 	 0.01366120218579235
55 	 7 	 10.0 	 5 	 8 	 1 	 0.01639344262295082
56 	 9 	 11.0 	 6 	 9 	 1 	 0.01639344262295082
57 	 7 	 11.0 	 5 	 7 	 1 	 0.01639344262295082
58 	 6 	 11.0 	 6 	 7 	 1 	 0.01092896174863388
59 	 6 	 11.0 	 6 	 7 	 1 	 0.01639344262295082
60 	 7 	 11.0 	 5 	 7 	 1 	 0.01092896174863388
61 	 6 	 11.0 	 6 	 6 	 1 	 0.01639344262295082
62 	 6 	 11.0 	 6 	 7 	 1 	 0.01639344262295082
63 	 7 	 11.0 	 7 	 7 	 1 	 0.01092896174863388
64 	 6 	 11.0 	 6 	 7 	 1 	 0.01092896174863388
65 	 7 	 11.0 	 4 	 7 	 1 	 0.01639344262295082
66 	 5 	 11.0 	 7 	 6 	 1 	 0.01366120218579235
67 	 6 	 11.0 	 6 	 7 	 1 	 0.01912568306010929
68 	 8 	 11.0 	 6 	 8 	 1 	 0.01639344262295082
69 	 5 	 11.0 	 7 	 6 	 1 	 0.01639344262295082
70 	 6 	 11.0 	 6 	 7 	 1 	 0.01912568306010929
71 	 6 	 11.0 	 6 	 7 	 1 	 0.01639344262295082
72 	 5 	 11.0 	 7 	 6 	 1 	 0.01639344262295082
73 	 6 	 11.0 	 6 	 6 	 1 	 0.01366120218579235
74 	 6 	 11.0 	 6 	 7 	 1 	 0.01366120218579235
75 	 6 	 11.0 	 6 	 6 	 1 	 0.01092896174863388
76 	 6 	 11.0 	 6 	 7 	 1 	 0.01639344262295082
77 	 7 	 11.0 	 4 	 7 	 1 	 0.01092896174863388
78 	 7 	 11.0 	 5 	 7 	 1 	 0.01639344262295082
79 	 5 	 11.0 	 9 	 6 	 1 	 0.01366120218579235
80 	 6 	 11.0 	 6 	 6 	 1 	 0.01912568306010929
81 	 5 	 11.0 	 7 	 6 	 1 	 0.01912568306010929
82 	 5 	 11.0 	 7 	 6 	 1 	 0.01912568306010929
83 	 6 	 11.0 	 6 	 7 	 1 	 0.01639344262295082
84 	 6 	 11.0 	 6 	 6 	 1 	 0.01639344262295082
85 	 6 	 11.0 	 6 	 7 	 1 	 0.02185792349726776
86 	 7 	 11.0 	 5 	 7 	 1 	 0.01912568306010929
87 	 5 	 11.0 	 7 	 6 	 1 	 0.01912568306010929
88 	 7 	 11.0 	 5 	 7 	 1 	 0.01639344262295082
89 	 7 	 11.0 	 6 	 8 	 1 	 0.02185792349726776
90 	 7 	 11.0 	 6 	 8 	 1 	 0.01912568306010929
91 	 7 	 11.0 	 6 	 8 	 1 	 0.01912568306010929
92 	 6 	 11.0 	 5 	 7 	 1 	 0.01366120218579235
93 	 7 	 11.0 	 5 	 7 	 1 	 0.01639344262295082
94 	 8 	 11.0 	 5 	 9 	 1 	 0.01366120218579235
95 	 6 	 11.0 	 6 	 6 	 1 	 0.01366120218579235
96 	 6 	 11.0 	 6 	 7 	 1 	 0.01366120218579235
97 	 6 	 11.0 	 6 	 7 	 1 	 0.01366120218579235
98 	 6 	 11.0 	 7 	 7 	 1 	 0.01639344262295082
99 	 7 	 11.0 	 5 	 7 	 1 	 0.01092896174863388
100 	 7 	 11.0 	 6 	 8 	 1 	 0.01912568306010929
101 	 7 	 11.0 	 6 	 8 	 1 	 0.01639344262295082
102 	 6 	 11.0 	 7 	 7 	 1 	 0.01366120218579235
103 	 9 	 11.0 	 5 	 9 	 1 	 0.01639344262295082
104 	 6 	 11.0 	 6 	 6 	 1 	 0.01366120218579235
105 	 6 	 11.0 	 6 	 7 	 1 	 0.01639344262295082
106 	 7 	 11.0 	 5 	 7 	 1 	 0.01912568306010929
107 	 7 	 11.0 	 4 	 7 	 1 	 0.02185792349726776
108 	 6 	 11.0 	 6 	 7 	 1 	 0.01366120218579235
109 	 6 	 11.0 	 6 	 7 	 1 	 0.01366120218579235
110 	 7 	 11.0 	 5 	 8 	 1 	 0.01639344262295082
111 	 7 	 11.0 	 5 	 7 	 1 	 0.01366120218579235
112 	 6 	 11.0 	 5 	 7 	 1 	 0.01366120218579235
113 	 7 	 11.0 	 5 	 7 	 1 	 0.01366120218579235
114 	 6 	 11.0 	 6 	 7 	 1 	 0.01912568306010929
115 	 9 	 11.0 	 3 	 9 	 1 	 0.02185792349726776
116 	 7 	 11.0 	 6 	 7 	 1 	 0.01092896174863388
117 	 6 	 11.0 	 6 	 7 	 1 	 0.01639344262295082
118 	 7 	 11.0 	 5 	 7 	 1 	 0.01366120218579235
119 	 6 	 11.0 	 6 	 7 	 1 	 0.02185792349726776
120 	 6 	 11.0 	 6 	 7 	 1 	 0.01366120218579235
121 	 6 	 11.0 	 6 	 7 	 1 	 0.02459016393442623
122 	 8 	 11.0 	 6 	 8 	 1 	 0.01912568306010929
123 	 5 	 11.0 	 7 	 6 	 1 	 0.01366120218579235
124 	 7 	 11.0 	 7 	 8 	 1 	 0.01639344262295082
125 	 5 	 11.0 	 7 	 6 	 1 	 0.01639344262295082
126 	 6 	 11.0 	 7 	 7 	 1 	 0.01912568306010929
127 	 8 	 11.0 	 5 	 9 	 1 	 0.01912568306010929
128 	 7 	 11.0 	 5 	 7 	 1 	 0.01639344262295082
129 	 6 	 11.0 	 6 	 7 	 1 	 0.01639344262295082
130 	 5 	 11.0 	 7 	 6 	 1 	 0.01912568306010929
131 	 6 	 11.0 	 6 	 7 	 1 	 0.01366120218579235
132 	 5 	 11.0 	 7 	 6 	 1 	 0.01912568306010929
133 	 7 	 11.0 	 5 	 7 	 1 	 0.01366120218579235
134 	 7 	 11.0 	 5 	 7 	 1 	 0.02185792349726776
135 	 7 	 11.0 	 4 	 7 	 1 	 0.01366120218579235
136 	 7 	 11.0 	 6 	 7 	 1 	 0.01366120218579235
137 	 7 	 11.0 	 5 	 7 	 1 	 0.01092896174863388
138 	 5 	 11.0 	 7 	 6 	 1 	 0.02185792349726776
139 	 7 	 11.0 	 4 	 7 	 1 	 0.01366120218579235
140 	 7 	 11.0 	 5 	 7 	 1 	 0.01912568306010929
141 	 6 	 11.0 	 6 	 6 	 1 	 0.01912568306010929
142 	 7 	 11.0 	 7 	 7 	 1 	 0.01912568306010929
143 	 5 	 11.0 	 7 	 6 	 1 	 0.01912568306010929
144 	 7 	 11.0 	 6 	 8 	 1 	 0.01092896174863388
145 	 7 	 11.0 	 5 	 7 	 1 	 0.01092896174863388
146 	 6 	 11.0 	 6 	 7 	 1 	 0.01092896174863388
147 	 6 	 11.0 	 5 	 7 	 1 	 0.01912568306010929
148 	 7 	 12.0 	 9 	 7 	 1 	 0.02459016393442623
149 	 5 	 12.0 	 7 	 6 	 1 	 0.01639344262295082
150 	 10 	 12.0 	 7 	 11 	 1 	 0.01092896174863388
151 	 6 	 12.0 	 6 	 6 	 1 	 0.01639344262295082
152 	 5 	 12.0 	 7 	 6 	 1 	 0.01366120218579235
153 	 8 	 12.0 	 6 	 8 	 1 	 0.01912568306010929
154 	 8 	 12.0 	 7 	 8 	 1 	 0.01912568306010929
155 	 6 	 12.0 	 6 	 6 	 1 	 0.01912568306010929
156 	 8 	 12.0 	 5 	 8 	 1 	 0.01639344262295082
157 	 5 	 12.0 	 7 	 6 	 1 	 0.02459016393442623
158 	 7 	 12.0 	 6 	 7 	 1 	 0.01639344262295082
159 	 5 	 12.0 	 7 	 6 	 1 	 0.01912568306010929
160 	 6 	 12.0 	 8 	 7 	 1 	 0.02185792349726776
161 	 7 	 12.0 	 6 	 7 	 1 	 0.02459016393442623
162 	 5 	 12.0 	 9 	 6 	 1 	 0.01639344262295082
163 	 5 	 12.0 	 7 	 6 	 1 	 0.01912568306010929
164 	 8 	 12.0 	 6 	 8 	 1 	 0.01639344262295082
165 	 6 	 12.0 	 7 	 7 	 1 	 0.02459016393442623
166 	 8 	 12.0 	 5 	 8 	 1 	 0.01912568306010929
167 	 7 	 12.0 	 6 	 7 	 1 	 0.02185792349726776
168 	 6 	 12.0 	 7 	 7 	 1 	 0.01366120218579235
169 	 8 	 12.0 	 5 	 8 	 1 	 0.01639344262295082
170 	 6 	 12.0 	 6 	 6 	 1 	 0.01639344262295082
171 	 5 	 12.0 	 7 	 6 	 1 	 0.01092896174863388
172 	 6 	 12.0 	 6 	 6 	 1 	 0.01912568306010929
173 	 8 	 12.0 	 7 	 9 	 1 	 0.01092896174863388
174 	 7 	 12.0 	 6 	 8 	 1 	 0.01092896174863388
175 	 7 	 12.0 	 7 	 7 	 1 	 0.01366120218579235
176 	 7 	 12.0 	 6 	 8 	 1 	 0.01639344262295082
177 	 10 	 12.0 	 6 	 10 	 1 	 0.00819672131147541
178 	 6 	 12.0 	 8 	 6 	 1 	 0.01912568306010929
179 	 6 	 12.0 	 6 	 6 	 1 	 0.01912568306010929
180 	 7 	 12.0 	 6 	 8 	 1 	 0.02185792349726776
181 	 6 	 12.0 	 6 	 6 	 1 	 0.01912568306010929
182 	 7 	 12.0 	 8 	 8 	 1 	 0.01912568306010929
183 	 6 	 12.0 	 6 	 6 	 1 	 0.01912568306010929
184 	 5 	 12.0 	 9 	 6 	 1 	 0.01912568306010929
185 	 7 	 12.0 	 5 	 8 	 1 	 0.02459016393442623
186 	 7 	 12.0 	 6 	 7 	 1 	 0.01366120218579235
187 	 8 	 12.0 	 6 	 9 	 1 	 0.01366120218579235
188 	 5 	 12.0 	 7 	 6 	 1 	 0.01912568306010929
189 	 8 	 12.0 	 5 	 8 	 1 	 0.01912568306010929
190 	 7 	 12.0 	 7 	 7 	 1 	 0.01912568306010929
191 	 8 	 12.0 	 7 	 8 	 1 	 0.01366120218579235
192 	 7 	 12.0 	 8 	 8 	 1 	 0.01639344262295082
193 	 8 	 12.0 	 5 	 8 	 1 	 0.01912568306010929
194 	 6 	 12.0 	 6 	 6 	 1 	 0.01912568306010929
195 	 6 	 12.0 	 8 	 6 	 1 	 0.01912568306010929
196 	 5 	 12.0 	 9 	 6 	 1 	 0.01639344262295082
197 	 6 	 12.0 	 6 	 6 	 1 	 0.01639344262295082
198 	 7 	 12.0 	 6 	 7 	 1 	 0.02185792349726776
199 	 5 	 12.0 	 7 	 6 	 1 	 0.01912568306010929
200 	 6 	 12.0 	 8 	 6 	 1 	 0.01912568306010929
201 	 6 	 12.0 	 8 	 6 	 1 	 0.01639344262295082
202 	 6 	 12.0 	 8 	 7 	 1 	 0.01639344262295082
203 	 6 	 12.0 	 6 	 6 	 1 	 0.01639344262295082
204 	 8 	 12.0 	 5 	 8 	 1 	 0.01912568306010929
205 	 8 	 12.0 	 6 	 9 	 1 	 0.01639344262295082
206 	 6 	 12.0 	 8 	 7 	 1 	 0.01912568306010929
207 	 6 	 12.0 	 6 	 6 	 1 	 0.01639344262295082
208 	 8 	 12.0 	 7 	 8 	 1 	 0.01639344262295082
209 	 6 	 12.0 	 6 	 6 	 1 	 0.01639344262295082
210 	 6 	 12.0 	 6 	 6 	 1 	 0.01639344262295082
211 	 5 	 12.0 	 7 	 6 	 1 	 0.01639344262295082
212 	 5 	 12.0 	 7 	 6 	 1 	 0.02459016393442623
213 	 8 	 12.0 	 5 	 8 	 1 	 0.02185792349726776
214 	 7 	 12.0 	 6 	 8 	 1 	 0.02185792349726776
215 	 5 	 12.0 	 7 	 6 	 1 	 0.02185792349726776
216 	 5 	 12.0 	 7 	 6 	 1 	 0.02185792349726776
217 	 6 	 12.0 	 6 	 6 	 1 	 0.01639344262295082
218 	 8 	 12.0 	 5 	 8 	 1 	 0.01639344262295082
219 	 5 	 12.0 	 7 	 6 	 1 	 0.01912568306010929
220 	 5 	 12.0 	 7 	 6 	 1 	 0.01639344262295082
221 	 5 	 12.0 	 7 	 6 	 1 	 0.01366120218579235
222 	 5 	 12.0 	 7 	 6 	 1 	 0.01366120218579235
223 	 6 	 12.0 	 6 	 6 	 1 	 0.01639344262295082
224 	 5 	 12.0 	 7 	 6 	 1 	 0.01366120218579235
225 	 7 	 12.0 	 7 	 7 	 1 	 0.01912568306010929
226 	 6 	 12.0 	 9 	 7 	 1 	 0.02185792349726776
227 	 8 	 12.0 	 6 	 8 	 1 	 0.01639344262295082
228 	 5 	 12.0 	 7 	 6 	 1 	 0.01639344262295082
229 	 8 	 12.0 	 6 	 8 	 1 	 0.02185792349726776
230 	 9 	 12.0 	 6 	 9 	 1 	 0.01639344262295082
231 	 5 	 12.0 	 7 	 6 	 1 	 0.01912568306010929
232 	 7 	 12.0 	 6 	 7 	 1 	 0.01912568306010929
233 	 8 	 12.0 	 5 	 8 	 1 	 0.01366120218579235
234 	 7 	 12.0 	 7 	 7 	 1 	 0.01912568306010929
235 	 7 	 12.0 	 7 	 8 	 1 	 0.01639344262295082
236 	 7 	 12.0 	 7 	 8 	 1 	 0.01639344262295082
237 	 5 	 12.0 	 7 	 6 	 1 	 0.01912568306010929
238 	 5 	 12.0 	 7 	 6 	 1 	 0.01912568306010929
239 	 6 	 12.0 	 6 	 6 	 1 	 0.01912568306010929
240 	 5 	 12.0 	 7 	 6 	 1 	 0.01366120218579235
241 	 8 	 12.0 	 6 	 8 	 1 	 0.01912568306010929
242 	 8 	 12.0 	 5 	 8 	 1 	 0.01912568306010929
243 	 7 	 12.0 	 6 	 7 	 1 	 0.01366120218579235
244 	 5 	 12.0 	 7 	 6 	 1 	 0.01366120218579235
245 	 5 	 12.0 	 9 	 6 	 1 	 0.01639344262295082
246 	 5 	 12.0 	 7 	 6 	 1 	 0.01366120218579235
247 	 6 	 12.0 	 7 	 7 	 1 	 0.01639344262295082
248 	 8 	 12.0 	 6 	 8 	 1 	 0.01639344262295082
249 	 6 	 12.0 	 7 	 7 	 1 	 0.01366120218579235
250 	 8 	 12.0 	 5 	 8 	 1 	 0.01366120218579235
251 	 8 	 12.0 	 5 	 8 	 1 	 0.01366120218579235
252 	 6 	 12.0 	 7 	 7 	 1 	 0.01639344262295082
253 	 6 	 12.0 	 9 	 7 	 1 	 0.01639344262295082
254 	 5 	 12.0 	 7 	 6 	 1 	 0.01366120218579235
255 	 6 	 12.0 	 6 	 6 	 1 	 0.01912568306010929
256 	 7 	 12.0 	 6 	 7 	 1 	 0.01639344262295082
257 	 6 	 12.0 	 7 	 7 	 1 	 0.01639344262295082
258 	 8 	 12.0 	 7 	 8 	 1 	 0.01639344262295082
259 	 8 	 12.0 	 6 	 8 	 1 	 0.01912568306010929
260 	 6 	 12.0 	 8 	 6 	 1 	 0.02185792349726776
261 	 5 	 12.0 	 9 	 6 	 1 	 0.01639344262295082
262 	 7 	 12.0 	 6 	 8 	 1 	 0.02185792349726776
263 	 7 	 12.0 	 7 	 7 	 1 	 0.02185792349726776
264 	 7 	 12.0 	 6 	 7 	 1 	 0.01639344262295082
265 	 7 	 12.0 	 8 	 7 	 1 	 0.01639344262295082
266 	 5 	 12.0 	 7 	 6 	 1 	 0.01366120218579235
267 	 5 	 12.0 	 7 	 6 	 1 	 0.02185792349726776
268 	 8 	 13.0 	 7 	 8 	 1 	 0.01912568306010929
269 	 7 	 13.0 	 6 	 7 	 1 	 0.01366120218579235
270 	 6 	 13.0 	 8 	 6 	 1 	 0.01366120218579235
271 	 6 	 13.0 	 8 	 6 	 1 	 0.02185792349726776
272 	 8 	 13.0 	 6 	 9 	 1 	 0.02185792349726776
273 	 7 	 13.0 	 8 	 7 	 1 	 0.02185792349726776
274 	 7 	 13.0 	 7 	 7 	 1 	 0.02459016393442623
275 	 6 	 13.0 	 7 	 7 	 1 	 0.01639344262295082
276 	 6 	 13.0 	 9 	 7 	 1 	 0.01639344262295082
277 	 6 	 13.0 	 8 	 7 	 1 	 0.01639344262295082
278 	 6 	 13.0 	 8 	 7 	 1 	 0.01639344262295082
279 	 6 	 13.0 	 8 	 7 	 1 	 0.01639344262295082
280 	 7 	 13.0 	 7 	 7 	 1 	 0.02185792349726776
281 	 6 	 13.0 	 8 	 7 	 1 	 0.02185792349726776
282 	 6 	 13.0 	 8 	 6 	 1 	 0.02185792349726776
283 	 6 	 13.0 	 8 	 7 	 1 	 0.02185792349726776
284 	 5 	 13.0 	 9 	 6 	 1 	 0.02185792349726776
285 	 6 	 13.0 	 8 	 7 	 1 	 0.02459016393442623
286 	 5 	 13.0 	 9 	 6 	 1 	 0.02459016393442623
287 	 6 	 13.0 	 8 	 7 	 1 	 0.02459016393442623
288 	 8 	 13.0 	 6 	 8 	 1 	 0.01912568306010929
289 	 7 	 13.0 	 7 	 7 	 1 	 0.01912568306010929
290 	 7 	 13.0 	 7 	 7 	 1 	 0.01912568306010929
291 	 6 	 13.0 	 8 	 6 	 1 	 0.01912568306010929
292 	 7 	 13.0 	 7 	 7 	 1 	 0.01912568306010929
293 	 5 	 13.0 	 9 	 6 	 1 	 0.01912568306010929
294 	 6 	 13.0 	 8 	 7 	 1 	 0.01912568306010929
295 	 6 	 13.0 	 8 	 6 	 1 	 0.02459016393442623
296 	 7 	 13.0 	 8 	 7 	 1 	 0.02459016393442623
297 	 6 	 13.0 	 8 	 6 	 1 	 0.02459016393442623
298 	 5 	 13.0 	 9 	 6 	 1 	 0.0273224043715847
299 	 8 	 13.0 	 7 	 9 	 1 	 0.02185792349726776
300 	 6 	 13.0 	 8 	 7 	 1 	 0.01912568306010929
301 	 6 	 13.0 	 8 	 7 	 1 	 0.02185792349726776
302 	 7 	 13.0 	 8 	 8 	 1 	 0.01366120218579235
303 	 5 	 13.0 	 9 	 6 	 1 	 0.02459016393442623
304 	 6 	 13.0 	 8 	 7 	 1 	 0.01912568306010929
305 	 5 	 13.0 	 9 	 6 	 1 	 0.01912568306010929
306 	 6 	 13.0 	 8 	 6 	 1 	 0.01912568306010929
307 	 8 	 13.0 	 6 	 8 	 1 	 0.03278688524590164
308 	 9 	 13.0 	 8 	 10 	 1 	 0.02459016393442623
309 	 7 	 13.0 	 8 	 8 	 1 	 0.01366120218579235
310 	 6 	 13.0 	 9 	 7 	 1 	 0.02459016393442623
311 	 7 	 13.0 	 9 	 7 	 1 	 0.01639344262295082
312 	 8 	 13.0 	 7 	 8 	 1 	 0.01639344262295082
313 	 9 	 13.0 	 8 	 9 	 1 	 0.01639344262295082
314 	 5 	 13.0 	 9 	 6 	 1 	 0.02185792349726776
315 	 7 	 13.0 	 7 	 7 	 1 	 0.02459016393442623
316 	 6 	 13.0 	 8 	 7 	 1 	 0.01639344262295082
317 	 7 	 13.0 	 6 	 7 	 1 	 0.01092896174863388
318 	 7 	 13.0 	 10 	 8 	 1 	 0.02185792349726776
319 	 9 	 13.0 	 7 	 9 	 1 	 0.0273224043715847
320 	 9 	 13.0 	 6 	 9 	 1 	 0.01912568306010929
321 	 9 	 13.0 	 9 	 9 	 1 	 0.030054644808743168
322 	 11 	 13.0 	 6 	 11 	 1 	 0.01092896174863388
323 	 10 	 13.0 	 9 	 10 	 1 	 0.02459016393442623
324 	 8 	 13.0 	 8 	 8 	 1 	 0.01639344262295082
325 	 6 	 13.0 	 9 	 7 	 1 	 0.01366120218579235
326 	 9 	 13.0 	 8 	 9 	 1 	 0.01912568306010929
327 	 11 	 13.0 	 5 	 11 	 1 	 0.01639344262295082
328 	 9 	 13.0 	 8 	 9 	 1 	 0.02459016393442623
329 	 6 	 13.0 	 8 	 7 	 1 	 0.01912568306010929
330 	 7 	 13.0 	 8 	 7 	 1 	 0.01912568306010929
331 	 10 	 13.0 	 8 	 10 	 1 	 0.0273224043715847
332 	 9 	 13.0 	 5 	 9 	 1 	 0.01912568306010929
333 	 7 	 13.0 	 8 	 8 	 1 	 0.01912568306010929
334 	 7 	 13.0 	 10 	 8 	 1 	 0.01639344262295082
335 	 7 	 13.0 	 7 	 7 	 1 	 0.02185792349726776
336 	 5 	 13.0 	 8 	 6 	 1 	 0.01639344262295082
337 	 8 	 13.0 	 7 	 9 	 1 	 0.01639344262295082
338 	 6 	 13.0 	 9 	 7 	 1 	 0.01366120218579235
339 	 6 	 13.0 	 8 	 7 	 1 	 0.02459016393442623
340 	 8 	 13.0 	 7 	 8 	 1 	 0.02185792349726776
341 	 7 	 13.0 	 7 	 7 	 1 	 0.02185792349726776
342 	 7 	 13.0 	 9 	 8 	 1 	 0.02459016393442623
343 	 6 	 13.0 	 8 	 7 	 1 	 0.02459016393442623
344 	 6 	 13.0 	 8 	 7 	 1 	 0.02459016393442623
345 	 6 	 13.0 	 7 	 7 	 1 	 0.02459016393442623
346 	 7 	 13.0 	 9 	 7 	 1 	 0.02459016393442623
347 	 5 	 13.0 	 9 	 6 	 1 	 0.02185792349726776
348 	 6 	 13.0 	 7 	 7 	 1 	 0.02185792349726776
349 	 9 	 13.0 	 6 	 9 	 1 	 0.01912568306010929
350 	 6 	 13.0 	 8 	 6 	 1 	 0.02185792349726776
351 	 8 	 13.0 	 8 	 9 	 1 	 0.01639344262295082
352 	 6 	 13.0 	 8 	 7 	 1 	 0.01639344262295082
353 	 7 	 13.0 	 9 	 7 	 1 	 0.01639344262295082
354 	 7 	 13.0 	 9 	 8 	 1 	 0.01639344262295082
355 	 7 	 13.0 	 8 	 8 	 1 	 0.01639344262295082
356 	 8 	 13.0 	 7 	 8 	 1 	 0.01639344262295082
357 	 7 	 13.0 	 8 	 7 	 1 	 0.01639344262295082
358 	 7 	 13.0 	 9 	 8 	 1 	 0.01912568306010929
359 	 7 	 13.0 	 7 	 7 	 1 	 0.02459016393442623
360 	 9 	 13.0 	 6 	 9 	 1 	 0.0273224043715847
361 	 5 	 13.0 	 9 	 6 	 1 	 0.0273224043715847
362 	 5 	 13.0 	 9 	 6 	 1 	 0.01639344262295082
363 	 8 	 13.0 	 7 	 8 	 1 	 0.01639344262295082
364 	 6 	 13.0 	 7 	 7 	 1 	 0.01639344262295082
365 	 6 	 13.0 	 8 	 7 	 1 	 0.01639344262295082
366 	 7 	 13.0 	 7 	 8 	 1 	 0.01639344262295082
367 	 7 	 13.0 	 8 	 7 	 1 	 0.01639344262295082
368 	 7 	 13.0 	 8 	 8 	 1 	 0.02185792349726776
369 	 7 	 13.0 	 10 	 8 	 1 	 0.02185792349726776
370 	 5 	 13.0 	 9 	 6 	 1 	 0.02185792349726776
371 	 6 	 13.0 	 8 	 7 	 1 	 0.02185792349726776
372 	 9 	 13.0 	 7 	 9 	 1 	 0.02185792349726776
373 	 6 	 13.0 	 8 	 6 	 1 	 0.01912568306010929
374 	 6 	 13.0 	 9 	 7 	 1 	 0.01912568306010929
375 	 6 	 13.0 	 8 	 6 	 1 	 0.01912568306010929
376 	 8 	 13.0 	 7 	 9 	 1 	 0.01912568306010929
377 	 6 	 13.0 	 9 	 7 	 1 	 0.01639344262295082
378 	 7 	 13.0 	 8 	 8 	 1 	 0.01366120218579235
379 	 7 	 13.0 	 7 	 7 	 1 	 0.02185792349726776
380 	 8 	 13.0 	 7 	 9 	 1 	 0.01639344262295082
381 	 7 	 13.0 	 8 	 8 	 1 	 0.01639344262295082
382 	 6 	 13.0 	 8 	 6 	 1 	 0.01639344262295082
383 	 6 	 13.0 	 8 	 7 	 1 	 0.01639344262295082
384 	 7 	 13.0 	 7 	 7 	 1 	 0.01639344262295082
385 	 6 	 13.0 	 8 	 6 	 1 	 0.01639344262295082
386 	 6 	 13.0 	 7 	 7 	 1 	 0.02185792349726776
387 	 6 	 13.0 	 8 	 7 	 1 	 0.02185792349726776
388 	 7 	 13.0 	 7 	 7 	 1 	 0.01912568306010929
389 	 6 	 13.0 	 8 	 7 	 1 	 0.01639344262295082
390 	 7 	 13.0 	 7 	 7 	 1 	 0.01912568306010929
391 	 6 	 13.0 	 7 	 7 	 1 	 0.02185792349726776
392 	 5 	 13.0 	 9 	 6 	 1 	 0.02185792349726776
393 	 6 	 13.0 	 8 	 7 	 1 	 0.02185792349726776
394 	 7 	 13.0 	 7 	 7 	 1 	 0.01912568306010929
395 	 5 	 13.0 	 9 	 6 	 1 	 0.01912568306010929
396 	 5 	 13.0 	 9 	 6 	 1 	 0.01912568306010929
397 	 5 	 13.0 	 9 	 6 	 1 	 0.02185792349726776
398 	 7 	 13.0 	 7 	 7 	 1 	 0.01639344262295082
399 	 6 	 13.0 	 8 	 7 	 1 	 0.01639344262295082
400 	 6 	 13.0 	 8 	 7 	 1 	 0.01639344262295082
401 	 7 	 13.0 	 8 	 8 	 1 	 0.02185792349726776
402 	 5 	 13.0 	 9 	 6 	 1 	 0.02185792349726776
403 	 7 	 13.0 	 7 	 7 	 1 	 0.02185792349726776
404 	 6 	 13.0 	 8 	 7 	 1 	 0.02185792349726776
405 	 6 	 13.0 	 8 	 7 	 1 	 0.02185792349726776
406 	 6 	 13.0 	 8 	 6 	 1 	 0.02185792349726776
407 	 6 	 13.0 	 8 	 7 	 1 	 0.01639344262295082
408 	 7 	 13.0 	 7 	 7 	 1 	 0.01912568306010929
409 	 6 	 13.0 	 8 	 7 	 1 	 0.01912568306010929
410 	 7 	 13.0 	 7 	 7 	 1 	 0.02185792349726776
411 	 6 	 13.0 	 8 	 6 	 1 	 0.02185792349726776
412 	 6 	 13.0 	 8 	 6 	 1 	 0.02185792349726776
413 	 6 	 13.0 	 8 	 6 	 1 	 0.01639344262295082
414 	 5 	 13.0 	 9 	 6 	 1 	 0.01639344262295082
415 	 5 	 13.0 	 9 	 6 	 1 	 0.01639344262295082
416 	 5 	 13.0 	 9 	 6 	 1 	 0.01912568306010929
417 	 6 	 13.0 	 8 	 7 	 1 	 0.01912568306010929
418 	 8 	 13.0 	 7 	 8 	 1 	 0.01912568306010929
419 	 7 	 13.0 	 7 	 7 	 1 	 0.01912568306010929
420 	 7 	 13.0 	 7 	 7 	 1 	 0.02185792349726776
421 	 6 	 13.0 	 7 	 7 	 1 	 0.02185792349726776
422 	 6 	 13.0 	 8 	 6 	 1 	 0.02459016393442623
423 	 7 	 13.0 	 7 	 7 	 1 	 0.01639344262295082
424 	 6 	 13.0 	 8 	 7 	 1 	 0.02185792349726776
425 	 7 	 13.0 	 7 	 7 	 1 	 0.01639344262295082
426 	 6 	 13.0 	 8 	 6 	 1 	 0.01639344262295082
427 	 6 	 13.0 	 8 	 7 	 1 	 0.01639344262295082
428 	 5 	 13.0 	 9 	 6 	 1 	 0.01639344262295082
429 	 7 	 13.0 	 7 	 7 	 1 	 0.01639344262295082
430 	 5 	 13.0 	 9 	 6 	 1 	 0.02459016393442623
431 	 5 	 13.0 	 9 	 6 	 1 	 0.01912568306010929
432 	 7 	 13.0 	 7 	 7 	 1 	 0.01912568306010929
433 	 7 	 13.0 	 7 	 7 	 1 	 0.01912568306010929
434 	 7 	 13.0 	 7 	 7 	 1 	 0.01366120218579235
435 	 6 	 13.0 	 8 	 6 	 1 	 0.02185792349726776
436 	 5 	 13.0 	 9 	 6 	 1 	 0.02185792349726776
437 	 7 	 13.0 	 7 	 7 	 1 	 0.02185792349726776
438 	 5 	 13.0 	 9 	 6 	 1 	 0.02459016393442623
439 	 6 	 13.0 	 8 	 7 	 1 	 0.01366120218579235
440 	 7 	 13.0 	 7 	 7 	 1 	 0.01366120218579235
441 	 6 	 13.0 	 8 	 6 	 1 	 0.01912568306010929
442 	 6 	 13.0 	 8 	 7 	 1 	 0.01912568306010929
443 	 7 	 13.0 	 8 	 8 	 1 	 0.01912568306010929
444 	 6 	 13.0 	 8 	 6 	 1 	 0.01912568306010929
445 	 6 	 13.0 	 8 	 7 	 1 	 0.01912568306010929
446 	 7 	 13.0 	 7 	 7 	 1 	 0.01912568306010929
447 	 7 	 13.0 	 7 	 7 	 1 	 0.01912568306010929
448 	 7 	 13.0 	 7 	 7 	 1 	 0.01912568306010929
449 	 6 	 13.0 	 8 	 6 	 1 	 0.01912568306010929
450 	 7 	 13.0 	 7 	 7 	 1 	 0.01912568306010929
451 	 6 	 13.0 	 8 	 6 	 1 	 0.01912568306010929
452 	 6 	 13.0 	 8 	 6 	 1 	 0.02185792349726776
453 	 7 	 13.0 	 7 	 7 	 1 	 0.02185792349726776
454 	 6 	 13.0 	 8 	 7 	 1 	 0.02459016393442623
455 	 7 	 13.0 	 7 	 7 	 1 	 0.02185792349726776
456 	 7 	 13.0 	 7 	 7 	 1 	 0.01912568306010929
457 	 7 	 13.0 	 7 	 7 	 1 	 0.01912568306010929
458 	 7 	 13.0 	 7 	 7 	 1 	 0.01912568306010929
459 	 7 	 13.0 	 7 	 7 	 1 	 0.01912568306010929
460 	 7 	 13.0 	 7 	 7 	 1 	 0.01912568306010929
461 	 6 	 13.0 	 8 	 7 	 1 	 0.01912568306010929
462 	 6 	 13.0 	 8 	 7 	 1 	 0.01912568306010929
463 	 5 	 13.0 	 9 	 6 	 1 	 0.01912568306010929
464 	 5 	 13.0 	 9 	 6 	 1 	 0.01912568306010929
465 	 5 	 13.0 	 9 	 6 	 1 	 0.01912568306010929
466 	 7 	 13.0 	 7 	 7 	 1 	 0.02459016393442623
467 	 7 	 13.0 	 7 	 7 	 1 	 0.02459016393442623
468 	 6 	 13.0 	 8 	 7 	 1 	 0.02459016393442623
469 	 5 	 13.0 	 9 	 6 	 1 	 0.01366120218579235
470 	 6 	 13.0 	 8 	 7 	 1 	 0.01912568306010929
471 	 6 	 13.0 	 8 	 6 	 1 	 0.01912568306010929
472 	 6 	 13.0 	 8 	 6 	 1 	 0.01912568306010929
473 	 6 	 13.0 	 8 	 7 	 1 	 0.01912568306010929
474 	 6 	 13.0 	 8 	 6 	 1 	 0.01912568306010929
475 	 7 	 13.0 	 7 	 7 	 1 	 0.02185792349726776
476 	 6 	 13.0 	 8 	 6 	 1 	 0.02185792349726776
477 	 6 	 13.0 	 8 	 6 	 1 	 0.02185792349726776
478 	 6 	 13.0 	 9 	 7 	 1 	 0.02185792349726776
479 	 7 	 13.0 	 9 	 8 	 1 	 0.02185792349726776
480 	 6 	 13.0 	 8 	 7 	 1 	 0.02185792349726776
481 	 5 	 13.0 	 9 	 6 	 1 	 0.02185792349726776
482 	 6 	 13.0 	 8 	 7 	 1 	 0.0273224043715847
483 	 7 	 13.0 	 7 	 7 	 1 	 0.0273224043715847
484 	 7 	 13.0 	 6 	 7 	 1 	 0.01912568306010929
485 	 7 	 13.0 	 7 	 7 	 1 	 0.01912568306010929
486 	 6 	 13.0 	 9 	 7 	 1 	 0.0273224043715847
487 	 7 	 13.0 	 6 	 7 	 1 	 0.01639344262295082
488 	 6 	 13.0 	 8 	 7 	 1 	 0.02459016393442623
489 	 6 	 13.0 	 8 	 7 	 1 	 0.01912568306010929
490 	 9 	 14.0 	 8 	 9 	 1 	 0.02459016393442623
491 	 5 	 14.0 	 9 	 6 	 1 	 0.01912568306010929
492 	 6 	 14.0 	 10 	 7 	 1 	 0.02185792349726776
493 	 8 	 14.0 	 7 	 8 	 1 	 0.01912568306010929
494 	 8 	 14.0 	 7 	 8 	 1 	 0.02185792349726776
495 	 8 	 14.0 	 9 	 8 	 1 	 0.02185792349726776
496 	 8 	 14.0 	 8 	 8 	 1 	 0.02185792349726776
497 	 7 	 14.0 	 8 	 8 	 1 	 0.01366120218579235
498 	 6 	 14.0 	 8 	 6 	 1 	 0.02459016393442623
499 	 7 	 14.0 	 8 	 7 	 1 	 0.02185792349726776
500 	 9 	 14.0 	 9 	 10 	 1 	 0.01912568306010929
501 	 5 	 14.0 	 11 	 6 	 1 	 0.0273224043715847
502 	 8 	 14.0 	 8 	 9 	 1 	 0.0273224043715847
503 	 5 	 14.0 	 9 	 6 	 1 	 0.0273224043715847
504 	 8 	 14.0 	 10 	 9 	 1 	 0.0273224043715847
505 	 5 	 14.0 	 9 	 6 	 1 	 0.0273224043715847
506 	 6 	 14.0 	 10 	 7 	 1 	 0.030054644808743168
507 	 7 	 14.0 	 8 	 7 	 1 	 0.01639344262295082
508 	 5 	 14.0 	 9 	 6 	 1 	 0.02185792349726776
509 	 6 	 14.0 	 8 	 6 	 1 	 0.02185792349726776
510 	 8 	 14.0 	 8 	 9 	 1 	 0.02459016393442623
511 	 6 	 14.0 	 8 	 6 	 1 	 0.02185792349726776
512 	 7 	 14.0 	 11 	 7 	 1 	 0.03551912568306011
513 	 5 	 14.0 	 9 	 6 	 1 	 0.030054644808743168
514 	 6 	 14.0 	 8 	 6 	 1 	 0.01912568306010929
515 	 5 	 14.0 	 9 	 6 	 1 	 0.01639344262295082
516 	 5 	 14.0 	 9 	 6 	 1 	 0.01912568306010929
517 	 5 	 14.0 	 11 	 6 	 1 	 0.02459016393442623
518 	 5 	 14.0 	 9 	 6 	 1 	 0.01912568306010929
519 	 5 	 14.0 	 9 	 6 	 1 	 0.02459016393442623
520 	 5 	 14.0 	 9 	 6 	 1 	 0.01912568306010929
521 	 5 	 14.0 	 9 	 6 	 1 	 0.01912568306010929
522 	 8 	 14.0 	 8 	 8 	 1 	 0.02185792349726776
523 	 7 	 14.0 	 8 	 7 	 1 	 0.02185792349726776
524 	 7 	 14.0 	 9 	 7 	 1 	 0.02459016393442623
525 	 5 	 14.0 	 9 	 6 	 1 	 0.02185792349726776
526 	 6 	 14.0 	 8 	 6 	 1 	 0.01912568306010929
527 	 8 	 14.0 	 7 	 8 	 1 	 0.02459016393442623
528 	 6 	 14.0 	 8 	 6 	 1 	 0.01912568306010929
529 	 10 	 14.0 	 7 	 10 	 1 	 0.01912568306010929
530 	 7 	 14.0 	 8 	 7 	 1 	 0.0273224043715847
531 	 6 	 14.0 	 8 	 6 	 1 	 0.01912568306010929
532 	 5 	 14.0 	 9 	 6 	 1 	 0.01912568306010929
533 	 5 	 14.0 	 9 	 6 	 1 	 0.01912568306010929
534 	 7 	 14.0 	 8 	 8 	 1 	 0.01912568306010929
535 	 7 	 14.0 	 8 	 8 	 1 	 0.02185792349726776
536 	 8 	 14.0 	 7 	 8 	 1 	 0.01912568306010929
537 	 6 	 14.0 	 10 	 7 	 1 	 0.01912568306010929
538 	 9 	 14.0 	 9 	 10 	 1 	 0.0273224043715847
539 	 6 	 14.0 	 8 	 6 	 1 	 0.02459016393442623
540 	 8 	 14.0 	 10 	 8 	 1 	 0.01912568306010929
541 	 5 	 14.0 	 9 	 6 	 1 	 0.02185792349726776
542 	 8 	 14.0 	 8 	 8 	 1 	 0.02459016393442623
543 	 7 	 14.0 	 10 	 8 	 1 	 0.0273224043715847
544 	 6 	 14.0 	 8 	 6 	 1 	 0.02185792349726776
545 	 5 	 14.0 	 9 	 6 	 1 	 0.02185792349726776
546 	 6 	 14.0 	 8 	 6 	 1 	 0.02185792349726776
547 	 8 	 14.0 	 9 	 8 	 1 	 0.01912568306010929
548 	 7 	 14.0 	 9 	 7 	 1 	 0.01912568306010929
549 	 7 	 14.0 	 8 	 7 	 1 	 0.02185792349726776
550 	 7 	 14.0 	 8 	 8 	 1 	 0.02185792349726776
551 	 8 	 14.0 	 9 	 9 	 1 	 0.01912568306010929
552 	 8 	 14.0 	 8 	 9 	 1 	 0.01912568306010929
553 	 8 	 14.0 	 7 	 8 	 1 	 0.0273224043715847
554 	 8 	 14.0 	 8 	 8 	 1 	 0.02185792349726776
555 	 8 	 14.0 	 7 	 8 	 1 	 0.0273224043715847
556 	 8 	 14.0 	 8 	 9 	 1 	 0.02185792349726776
557 	 8 	 14.0 	 9 	 8 	 1 	 0.02185792349726776
558 	 8 	 14.0 	 7 	 8 	 1 	 0.02185792349726776
559 	 5 	 14.0 	 9 	 6 	 1 	 0.02185792349726776
560 	 7 	 14.0 	 9 	 7 	 1 	 0.02185792349726776
561 	 5 	 14.0 	 9 	 6 	 1 	 0.030054644808743168
562 	 8 	 14.0 	 7 	 8 	 1 	 0.02185792349726776
563 	 9 	 14.0 	 8 	 9 	 1 	 0.01639344262295082
564 	 10 	 14.0 	 7 	 10 	 1 	 0.01639344262295082
565 	 6 	 14.0 	 9 	 7 	 1 	 0.01639344262295082
566 	 5 	 14.0 	 9 	 6 	 1 	 0.02459016393442623
567 	 6 	 14.0 	 8 	 6 	 1 	 0.01639344262295082
568 	 7 	 14.0 	 9 	 7 	 1 	 0.02459016393442623
569 	 6 	 14.0 	 8 	 6 	 1 	 0.02459016393442623
570 	 5 	 14.0 	 9 	 6 	 1 	 0.01912568306010929
571 	 5 	 14.0 	 9 	 6 	 1 	 0.02459016393442623
572 	 8 	 14.0 	 7 	 8 	 1 	 0.02459016393442623
573 	 5 	 14.0 	 11 	 6 	 1 	 0.02459016393442623
574 	 7 	 14.0 	 8 	 8 	 1 	 0.02459016393442623
575 	 7 	 14.0 	 9 	 8 	 1 	 0.02459016393442623
576 	 7 	 14.0 	 8 	 8 	 1 	 0.02185792349726776
577 	 5 	 14.0 	 9 	 6 	 1 	 0.02185792349726776
578 	 6 	 14.0 	 8 	 6 	 1 	 0.02185792349726776
579 	 8 	 14.0 	 6 	 8 	 1 	 0.01912568306010929
580 	 6 	 14.0 	 11 	 7 	 1 	 0.01912568306010929
581 	 7 	 14.0 	 9 	 7 	 1 	 0.01912568306010929
582 	 8 	 14.0 	 9 	 8 	 1 	 0.01912568306010929
583 	 7 	 14.0 	 9 	 7 	 1 	 0.01912568306010929
584 	 6 	 14.0 	 8 	 6 	 1 	 0.02459016393442623
585 	 7 	 14.0 	 8 	 7 	 1 	 0.030054644808743168
586 	 6 	 14.0 	 8 	 6 	 1 	 0.02185792349726776
587 	 6 	 14.0 	 9 	 7 	 1 	 0.0273224043715847
588 	 6 	 14.0 	 8 	 6 	 1 	 0.02185792349726776
589 	 7 	 14.0 	 8 	 7 	 1 	 0.02185792349726776
590 	 9 	 14.0 	 9 	 9 	 1 	 0.02185792349726776
591 	 6 	 14.0 	 9 	 6 	 1 	 0.01092896174863388
592 	 6 	 14.0 	 9 	 7 	 1 	 0.02185792349726776
593 	 7 	 14.0 	 8 	 7 	 1 	 0.02459016393442623
594 	 5 	 14.0 	 9 	 6 	 1 	 0.01912568306010929
595 	 5 	 14.0 	 9 	 6 	 1 	 0.02459016393442623
596 	 6 	 14.0 	 8 	 6 	 1 	 0.03278688524590164
597 	 6 	 14.0 	 8 	 6 	 1 	 0.0273224043715847
598 	 7 	 14.0 	 7 	 8 	 1 	 0.02459016393442623
599 	 8 	 14.0 	 7 	 8 	 1 	 0.02185792349726776
600 	 9 	 14.0 	 8 	 9 	 1 	 0.01912568306010929
601 	 6 	 14.0 	 10 	 6 	 1 	 0.03278688524590164
602 	 5 	 14.0 	 9 	 6 	 1 	 0.02185792349726776
603 	 5 	 14.0 	 9 	 6 	 1 	 0.02185792349726776
604 	 7 	 14.0 	 9 	 7 	 1 	 0.03278688524590164
605 	 5 	 14.0 	 9 	 6 	 1 	 0.0273224043715847
606 	 9 	 14.0 	 8 	 9 	 1 	 0.02459016393442623
607 	 7 	 14.0 	 9 	 8 	 1 	 0.01639344262295082
608 	 5 	 14.0 	 9 	 6 	 1 	 0.02185792349726776
609 	 8 	 14.0 	 8 	 8 	 1 	 0.01912568306010929
610 	 8 	 14.0 	 9 	 9 	 1 	 0.01366120218579235
611 	 6 	 14.0 	 8 	 6 	 1 	 0.01912568306010929
612 	 6 	 14.0 	 9 	 7 	 1 	 0.02185792349726776
613 	 5 	 14.0 	 9 	 6 	 1 	 0.02185792349726776
614 	 5 	 14.0 	 9 	 6 	 1 	 0.01912568306010929
615 	 6 	 14.0 	 8 	 6 	 1 	 0.02185792349726776
616 	 10 	 14.0 	 9 	 10 	 1 	 0.02459016393442623
617 	 5 	 14.0 	 9 	 6 	 1 	 0.02459016393442623
618 	 8 	 14.0 	 10 	 8 	 1 	 0.030054644808743168
619 	 6 	 14.0 	 9 	 7 	 1 	 0.02185792349726776
620 	 7 	 14.0 	 9 	 8 	 1 	 0.01639344262295082
621 	 7 	 14.0 	 8 	 8 	 1 	 0.02459016393442623
622 	 6 	 14.0 	 9 	 7 	 1 	 0.01912568306010929
623 	 7 	 14.0 	 9 	 7 	 1 	 0.0273224043715847
624 	 8 	 14.0 	 8 	 8 	 1 	 0.0273224043715847
625 	 6 	 14.0 	 9 	 7 	 1 	 0.0273224043715847
626 	 6 	 14.0 	 10 	 6 	 1 	 0.0273224043715847
627 	 6 	 14.0 	 8 	 7 	 1 	 0.02185792349726776
628 	 6 	 14.0 	 8 	 6 	 1 	 0.02185792349726776
629 	 6 	 14.0 	 8 	 6 	 1 	 0.01639344262295082
630 	 5 	 14.0 	 9 	 6 	 1 	 0.02459016393442623
631 	 6 	 14.0 	 9 	 7 	 1 	 0.02459016393442623
632 	 5 	 14.0 	 11 	 6 	 1 	 0.02459016393442623
633 	 5 	 14.0 	 9 	 6 	 1 	 0.02459016393442623
634 	 9 	 14.0 	 8 	 9 	 1 	 0.02185792349726776
635 	 7 	 14.0 	 8 	 7 	 1 	 0.02459016393442623
636 	 6 	 14.0 	 8 	 6 	 1 	 0.01912568306010929
637 	 8 	 14.0 	 8 	 9 	 1 	 0.02185792349726776
638 	 7 	 14.0 	 8 	 8 	 1 	 0.01912568306010929
639 	 8 	 14.0 	 6 	 8 	 1 	 0.02185792349726776
640 	 6 	 14.0 	 8 	 6 	 1 	 0.0273224043715847
641 	 8 	 14.0 	 7 	 8 	 1 	 0.02459016393442623
642 	 9 	 14.0 	 8 	 9 	 1 	 0.01639344262295082
643 	 6 	 14.0 	 8 	 6 	 1 	 0.02459016393442623
644 	 9 	 14.0 	 8 	 9 	 1 	 0.02185792349726776
645 	 7 	 14.0 	 8 	 8 	 1 	 0.02185792349726776
646 	 7 	 14.0 	 10 	 8 	 1 	 0.02459016393442623
647 	 9 	 14.0 	 8 	 9 	 1 	 0.02185792349726776
648 	 8 	 14.0 	 10 	 8 	 1 	 0.030054644808743168
649 	 6 	 14.0 	 10 	 7 	 1 	 0.01912568306010929
650 	 5 	 14.0 	 9 	 6 	 1 	 0.01912568306010929
651 	 5 	 14.0 	 9 	 6 	 1 	 0.02185792349726776
652 	 5 	 14.0 	 11 	 6 	 1 	 0.01912568306010929
653 	 5 	 14.0 	 9 	 6 	 1 	 0.02459016393442623
654 	 5 	 14.0 	 9 	 6 	 1 	 0.02459016393442623
655 	 5 	 14.0 	 9 	 6 	 1 	 0.02459016393442623
656 	 5 	 14.0 	 9 	 6 	 1 	 0.02459016393442623
657 	 5 	 14.0 	 9 	 6 	 1 	 0.02185792349726776
658 	 8 	 14.0 	 9 	 9 	 1 	 0.02459016393442623
659 	 6 	 14.0 	 10 	 6 	 1 	 0.02459016393442623
660 	 6 	 14.0 	 8 	 6 	 1 	 0.02185792349726776
661 	 7 	 14.0 	 8 	 8 	 1 	 0.02459016393442623
662 	 6 	 14.0 	 9 	 7 	 1 	 0.0273224043715847
663 	 8 	 14.0 	 7 	 8 	 1 	 0.02459016393442623
664 	 8 	 14.0 	 7 	 8 	 1 	 0.01912568306010929
665 	 8 	 14.0 	 8 	 8 	 1 	 0.01912568306010929
666 	 8 	 14.0 	 7 	 8 	 1 	 0.01912568306010929
667 	 6 	 14.0 	 8 	 6 	 1 	 0.02185792349726776
668 	 6 	 14.0 	 8 	 6 	 1 	 0.01912568306010929
669 	 9 	 14.0 	 9 	 9 	 1 	 0.01912568306010929
670 	 6 	 14.0 	 9 	 7 	 1 	 0.02185792349726776
671 	 5 	 14.0 	 9 	 6 	 1 	 0.03278688524590164
672 	 7 	 14.0 	 10 	 8 	 1 	 0.01639344262295082
673 	 6 	 14.0 	 10 	 7 	 1 	 0.01912568306010929
674 	 6 	 15.0 	 10 	 6 	 1 	 0.03278688524590164
675 	 9 	 15.0 	 8 	 9 	 1 	 0.01639344262295082
676 	 9 	 15.0 	 9 	 9 	 1 	 0.01912568306010929
677 	 7 	 15.0 	 10 	 8 	 1 	 0.030054644808743168
678 	 9 	 15.0 	 9 	 9 	 1 	 0.01366120218579235
679 	 10 	 15.0 	 9 	 10 	 1 	 0.02459016393442623
680 	 8 	 15.0 	 7 	 9 	 1 	 0.02185792349726776
681 	 7 	 15.0 	 10 	 8 	 1 	 0.02185792349726776
682 	 7 	 15.0 	 10 	 7 	 1 	 0.02459016393442623
683 	 11 	 15.0 	 10 	 12 	 1 	 0.02185792349726776
684 	 6 	 15.0 	 10 	 6 	 1 	 0.03278688524590164
685 	 9 	 15.0 	 8 	 9 	 1 	 0.02185792349726776
686 	 7 	 15.0 	 9 	 7 	 1 	 0.03278688524590164
687 	 9 	 15.0 	 7 	 9 	 1 	 0.02185792349726776
688 	 7 	 15.0 	 11 	 7 	 1 	 0.0273224043715847
689 	 7 	 15.0 	 10 	 8 	 1 	 0.02459016393442623
690 	 6 	 15.0 	 10 	 7 	 1 	 0.02459016393442623
691 	 9 	 15.0 	 9 	 9 	 1 	 0.02459016393442623
692 	 7 	 15.0 	 9 	 7 	 1 	 0.02459016393442623
693 	 7 	 15.0 	 9 	 7 	 1 	 0.030054644808743168
694 	 5 	 15.0 	 11 	 6 	 1 	 0.02459016393442623
695 	 6 	 15.0 	 10 	 6 	 1 	 0.02459016393442623
696 	 9 	 15.0 	 10 	 10 	 1 	 0.02185792349726776
697 	 9 	 15.0 	 9 	 10 	 1 	 0.02185792349726776
698 	 9 	 15.0 	 8 	 9 	 1 	 0.02185792349726776
699 	 8 	 15.0 	 9 	 8 	 1 	 0.02459016393442623
700 	 6 	 15.0 	 10 	 7 	 1 	 0.01912568306010929
701 	 7 	 15.0 	 10 	 8 	 1 	 0.02185792349726776
702 	 6 	 15.0 	 11 	 7 	 1 	 0.01912568306010929
703 	 6 	 15.0 	 10 	 6 	 1 	 0.02459016393442623
704 	 8 	 15.0 	 9 	 8 	 1 	 0.01912568306010929
705 	 8 	 15.0 	 8 	 9 	 1 	 0.02459016393442623
706 	 8 	 15.0 	 9 	 9 	 1 	 0.02185792349726776
707 	 6 	 15.0 	 12 	 6 	 1 	 0.0273224043715847
708 	 6 	 15.0 	 11 	 7 	 1 	 0.0273224043715847
709 	 9 	 15.0 	 8 	 9 	 1 	 0.0273224043715847
710 	 11 	 15.0 	 7 	 11 	 1 	 0.02459016393442623
711 	 9 	 15.0 	 9 	 9 	 1 	 0.030054644808743168
712 	 8 	 15.0 	 10 	 9 	 1 	 0.0273224043715847
713 	 8 	 15.0 	 10 	 9 	 1 	 0.02185792349726776
714 	 6 	 15.0 	 11 	 7 	 1 	 0.02459016393442623
715 	 8 	 15.0 	 9 	 8 	 1 	 0.02185792349726776
716 	 9 	 15.0 	 8 	 9 	 1 	 0.0273224043715847
717 	 8 	 15.0 	 9 	 8 	 1 	 0.01912568306010929
718 	 7 	 15.0 	 10 	 7 	 1 	 0.02185792349726776
719 	 6 	 15.0 	 10 	 6 	 1 	 0.02185792349726776
720 	 6 	 15.0 	 11 	 7 	 1 	 0.02185792349726776
721 	 10 	 15.0 	 8 	 10 	 1 	 0.0273224043715847
722 	 7 	 15.0 	 10 	 7 	 1 	 0.02185792349726776
723 	 7 	 15.0 	 11 	 7 	 1 	 0.01912568306010929
724 	 7 	 15.0 	 12 	 8 	 1 	 0.0273224043715847
725 	 5 	 15.0 	 10 	 6 	 1 	 0.01639344262295082
726 	 7 	 15.0 	 10 	 7 	 1 	 0.0273224043715847
727 	 8 	 15.0 	 9 	 9 	 1 	 0.02459016393442623
728 	 9 	 15.0 	 8 	 9 	 1 	 0.01912568306010929
729 	 8 	 15.0 	 8 	 9 	 1 	 0.02185792349726776
730 	 8 	 15.0 	 8 	 8 	 1 	 0.0273224043715847
731 	 10 	 15.0 	 9 	 10 	 1 	 0.02185792349726776
732 	 7 	 15.0 	 10 	 7 	 1 	 0.03551912568306011
733 	 8 	 15.0 	 9 	 8 	 1 	 0.01912568306010929
734 	 7 	 15.0 	 11 	 8 	 1 	 0.02459016393442623
735 	 6 	 15.0 	 10 	 6 	 1 	 0.030054644808743168
736 	 6 	 15.0 	 11 	 7 	 1 	 0.0273224043715847
737 	 8 	 15.0 	 9 	 8 	 1 	 0.030054644808743168
738 	 7 	 15.0 	 11 	 8 	 1 	 0.01912568306010929
739 	 8 	 15.0 	 9 	 8 	 1 	 0.02185792349726776
740 	 8 	 15.0 	 9 	 8 	 1 	 0.02185792349726776
741 	 7 	 15.0 	 9 	 7 	 1 	 0.02459016393442623
742 	 8 	 15.0 	 9 	 8 	 1 	 0.02459016393442623
743 	 7 	 15.0 	 10 	 7 	 1 	 0.02459016393442623
744 	 7 	 15.0 	 9 	 7 	 1 	 0.02459016393442623
745 	 7 	 15.0 	 9 	 7 	 1 	 0.0273224043715847
746 	 7 	 15.0 	 10 	 8 	 1 	 0.030054644808743168
747 	 6 	 15.0 	 10 	 7 	 1 	 0.02459016393442623
748 	 6 	 15.0 	 10 	 7 	 1 	 0.0273224043715847
749 	 5 	 15.0 	 11 	 6 	 1 	 0.02185792349726776
750 	 6 	 15.0 	 10 	 7 	 1 	 0.02185792349726776
751 	 7 	 15.0 	 10 	 7 	 1 	 0.02459016393442623
752 	 5 	 15.0 	 11 	 6 	 1 	 0.01912568306010929
753 	 7 	 15.0 	 9 	 7 	 1 	 0.02459016393442623
754 	 6 	 15.0 	 10 	 7 	 1 	 0.030054644808743168
755 	 6 	 15.0 	 10 	 7 	 1 	 0.02185792349726776
756 	 8 	 15.0 	 10 	 8 	 1 	 0.0273224043715847
757 	 6 	 15.0 	 10 	 7 	 1 	 0.02185792349726776
758 	 6 	 15.0 	 10 	 6 	 1 	 0.01912568306010929
759 	 6 	 15.0 	 10 	 7 	 1 	 0.02459016393442623
760 	 5 	 15.0 	 11 	 6 	 1 	 0.01912568306010929
761 	 7 	 15.0 	 9 	 7 	 1 	 0.02185792349726776
762 	 10 	 15.0 	 11 	 10 	 1 	 0.02185792349726776
763 	 5 	 15.0 	 11 	 6 	 1 	 0.030054644808743168
764 	 7 	 15.0 	 9 	 7 	 1 	 0.02185792349726776
765 	 6 	 15.0 	 10 	 7 	 1 	 0.02185792349726776
766 	 5 	 15.0 	 11 	 6 	 1 	 0.02185792349726776
767 	 6 	 15.0 	 10 	 7 	 1 	 0.02185792349726776
768 	 6 	 15.0 	 10 	 7 	 1 	 0.02185792349726776
769 	 6 	 15.0 	 10 	 6 	 1 	 0.02185792349726776
770 	 6 	 15.0 	 10 	 7 	 1 	 0.030054644808743168
771 	 8 	 15.0 	 9 	 8 	 1 	 0.02185792349726776
772 	 7 	 15.0 	 11 	 7 	 1 	 0.02459016393442623
773 	 6 	 15.0 	 10 	 7 	 1 	 0.02185792349726776
774 	 7 	 15.0 	 10 	 8 	 1 	 0.01912568306010929
775 	 7 	 15.0 	 8 	 7 	 1 	 0.02459016393442623
776 	 5 	 15.0 	 11 	 6 	 1 	 0.01912568306010929
777 	 5 	 15.0 	 11 	 6 	 1 	 0.0273224043715847
778 	 6 	 15.0 	 10 	 7 	 1 	 0.0273224043715847
779 	 6 	 15.0 	 10 	 7 	 1 	 0.0273224043715847
780 	 7 	 15.0 	 9 	 7 	 1 	 0.0273224043715847
781 	 5 	 15.0 	 11 	 6 	 1 	 0.0273224043715847
782 	 7 	 15.0 	 10 	 8 	 1 	 0.03278688524590164
783 	 6 	 15.0 	 10 	 7 	 1 	 0.03278688524590164
784 	 6 	 15.0 	 10 	 6 	 1 	 0.02185792349726776
785 	 6 	 15.0 	 9 	 6 	 1 	 0.02185792349726776
786 	 8 	 15.0 	 8 	 8 	 1 	 0.02459016393442623
787 	 6 	 15.0 	 10 	 6 	 1 	 0.0273224043715847
788 	 5 	 15.0 	 11 	 6 	 1 	 0.03551912568306011
789 	 6 	 15.0 	 10 	 6 	 1 	 0.02185792349726776
790 	 5 	 15.0 	 11 	 6 	 1 	 0.02185792349726776
791 	 7 	 15.0 	 9 	 7 	 1 	 0.0273224043715847
792 	 8 	 15.0 	 9 	 8 	 1 	 0.02459016393442623
793 	 6 	 15.0 	 10 	 7 	 1 	 0.02459016393442623
794 	 5 	 15.0 	 11 	 6 	 1 	 0.0273224043715847
795 	 7 	 15.0 	 9 	 7 	 1 	 0.0273224043715847
796 	 5 	 15.0 	 11 	 6 	 1 	 0.0273224043715847
797 	 6 	 15.0 	 10 	 6 	 1 	 0.0273224043715847
798 	 6 	 15.0 	 10 	 6 	 1 	 0.02459016393442623
799 	 8 	 15.0 	 8 	 8 	 1 	 0.01912568306010929
800 	 5 	 15.0 	 11 	 6 	 1 	 0.0273224043715847
801 	 6 	 15.0 	 10 	 6 	 1 	 0.01912568306010929
802 	 7 	 15.0 	 10 	 8 	 1 	 0.0273224043715847
803 	 5 	 15.0 	 11 	 6 	 1 	 0.0273224043715847
804 	 6 	 15.0 	 10 	 7 	 1 	 0.0273224043715847
805 	 8 	 15.0 	 9 	 8 	 1 	 0.02185792349726776
806 	 6 	 15.0 	 10 	 6 	 1 	 0.02459016393442623
807 	 7 	 15.0 	 11 	 7 	 1 	 0.01912568306010929
808 	 7 	 15.0 	 8 	 7 	 1 	 0.01912568306010929
809 	 7 	 15.0 	 8 	 7 	 1 	 0.02459016393442623
810 	 6 	 15.0 	 10 	 6 	 1 	 0.02459016393442623
811 	 7 	 15.0 	 9 	 7 	 1 	 0.01912568306010929
812 	 7 	 15.0 	 9 	 8 	 1 	 0.02459016393442623
813 	 7 	 15.0 	 8 	 7 	 1 	 0.02459016393442623
814 	 6 	 15.0 	 10 	 7 	 1 	 0.02459016393442623
815 	 9 	 15.0 	 7 	 9 	 1 	 0.0273224043715847
816 	 5 	 15.0 	 11 	 6 	 1 	 0.02185792349726776
817 	 6 	 15.0 	 10 	 7 	 1 	 0.02459016393442623
818 	 7 	 15.0 	 10 	 8 	 1 	 0.02459016393442623
819 	 7 	 15.0 	 10 	 8 	 1 	 0.02459016393442623
820 	 6 	 15.0 	 9 	 7 	 1 	 0.02185792349726776
821 	 6 	 15.0 	 10 	 7 	 1 	 0.0273224043715847
822 	 7 	 15.0 	 8 	 7 	 1 	 0.01639344262295082
823 	 5 	 15.0 	 11 	 6 	 1 	 0.030054644808743168
824 	 8 	 15.0 	 9 	 9 	 1 	 0.01912568306010929
825 	 8 	 15.0 	 9 	 9 	 1 	 0.02185792349726776
826 	 6 	 15.0 	 10 	 6 	 1 	 0.02185792349726776
827 	 7 	 15.0 	 11 	 7 	 1 	 0.02459016393442623
828 	 8 	 15.0 	 9 	 8 	 1 	 0.02459016393442623
829 	 6 	 15.0 	 9 	 6 	 1 	 0.0273224043715847
830 	 6 	 15.0 	 10 	 6 	 1 	 0.02459016393442623
831 	 7 	 15.0 	 9 	 7 	 1 	 0.02185792349726776
832 	 6 	 15.0 	 10 	 6 	 1 	 0.02459016393442623
833 	 6 	 15.0 	 10 	 7 	 1 	 0.02459016393442623
834 	 6 	 15.0 	 10 	 7 	 1 	 0.030054644808743168
835 	 7 	 15.0 	 10 	 8 	 1 	 0.0273224043715847
836 	 7 	 15.0 	 9 	 7 	 1 	 0.02459016393442623
837 	 5 	 15.0 	 11 	 6 	 1 	 0.030054644808743168
838 	 7 	 15.0 	 8 	 7 	 1 	 0.02459016393442623
839 	 5 	 15.0 	 11 	 6 	 1 	 0.02185792349726776
840 	 7 	 15.0 	 9 	 7 	 1 	 0.01639344262295082
841 	 6 	 15.0 	 10 	 6 	 1 	 0.02185792349726776
842 	 8 	 15.0 	 9 	 8 	 1 	 0.02459016393442623
843 	 10 	 15.0 	 8 	 10 	 1 	 0.02459016393442623
844 	 6 	 15.0 	 10 	 6 	 1 	 0.02459016393442623
845 	 7 	 15.0 	 9 	 7 	 1 	 0.02459016393442623
846 	 7 	 15.0 	 9 	 8 	 1 	 0.02185792349726776
847 	 6 	 15.0 	 10 	 7 	 1 	 0.02459016393442623
848 	 5 	 15.0 	 11 	 6 	 1 	 0.02459016393442623
849 	 5 	 15.0 	 11 	 6 	 1 	 0.0273224043715847
850 	 6 	 15.0 	 10 	 6 	 1 	 0.02459016393442623
851 	 6 	 15.0 	 10 	 6 	 1 	 0.02459016393442623
852 	 5 	 15.0 	 11 	 6 	 1 	 0.02459016393442623
853 	 7 	 15.0 	 9 	 8 	 1 	 0.02459016393442623
854 	 7 	 15.0 	 9 	 7 	 1 	 0.0273224043715847
855 	 6 	 15.0 	 10 	 6 	 1 	 0.030054644808743168
856 	 5 	 15.0 	 11 	 6 	 1 	 0.02459016393442623
857 	 7 	 15.0 	 8 	 7 	 1 	 0.02459016393442623
858 	 5 	 15.0 	 11 	 6 	 1 	 0.02459016393442623
859 	 6 	 16.0 	 13 	 7 	 1 	 0.030054644808743168
860 	 6 	 16.0 	 11 	 6 	 1 	 0.030054644808743168
861 	 9 	 16.0 	 11 	 9 	 1 	 0.02459016393442623
862 	 6 	 16.0 	 11 	 7 	 1 	 0.030054644808743168
863 	 11 	 16.0 	 11 	 11 	 1 	 0.01912568306010929
864 	 7 	 16.0 	 11 	 7 	 1 	 0.0273224043715847
865 	 10 	 16.0 	 10 	 11 	 1 	 0.0273224043715847
866 	 9 	 16.0 	 10 	 9 	 1 	 0.02459016393442623
867 	 10 	 16.0 	 7 	 10 	 1 	 0.01912568306010929
868 	 10 	 16.0 	 10 	 10 	 1 	 0.03278688524590164
869 	 9 	 16.0 	 11 	 9 	 1 	 0.0273224043715847
870 	 8 	 16.0 	 11 	 9 	 1 	 0.02459016393442623
871 	 7 	 16.0 	 11 	 7 	 1 	 0.02459016393442623
872 	 10 	 16.0 	 10 	 10 	 1 	 0.030054644808743168
873 	 7 	 16.0 	 11 	 7 	 1 	 0.02185792349726776
874 	 10 	 16.0 	 10 	 10 	 1 	 0.0273224043715847
875 	 7 	 16.0 	 11 	 7 	 1 	 0.030054644808743168
876 	 8 	 16.0 	 10 	 9 	 1 	 0.02459016393442623
877 	 9 	 16.0 	 10 	 9 	 1 	 0.01912568306010929
878 	 8 	 16.0 	 11 	 8 	 1 	 0.03278688524590164
879 	 8 	 16.0 	 10 	 9 	 1 	 0.0273224043715847
880 	 8 	 16.0 	 11 	 8 	 1 	 0.02459016393442623
881 	 9 	 16.0 	 9 	 9 	 1 	 0.02459016393442623
882 	 8 	 16.0 	 11 	 8 	 1 	 0.02459016393442623
883 	 7 	 16.0 	 10 	 8 	 1 	 0.03825136612021858
884 	 6 	 16.0 	 12 	 6 	 1 	 0.03551912568306011
885 	 7 	 16.0 	 12 	 8 	 1 	 0.02185792349726776
886 	 9 	 16.0 	 10 	 9 	 1 	 0.02185792349726776
887 	 9 	 16.0 	 10 	 9 	 1 	 0.0273224043715847
888 	 8 	 16.0 	 9 	 8 	 1 	 0.0273224043715847
889 	 7 	 16.0 	 10 	 7 	 1 	 0.01912568306010929
890 	 9 	 16.0 	 10 	 9 	 1 	 0.02459016393442623
891 	 5 	 16.0 	 11 	 6 	 1 	 0.030054644808743168
892 	 7 	 16.0 	 10 	 8 	 1 	 0.030054644808743168
893 	 6 	 16.0 	 11 	 7 	 1 	 0.030054644808743168
894 	 7 	 16.0 	 11 	 8 	 1 	 0.03278688524590164
895 	 9 	 16.0 	 9 	 9 	 1 	 0.0273224043715847
896 	 6 	 16.0 	 11 	 7 	 1 	 0.0273224043715847
897 	 7 	 16.0 	 10 	 7 	 1 	 0.0273224043715847
898 	 6 	 16.0 	 10 	 6 	 1 	 0.030054644808743168
899 	 5 	 16.0 	 11 	 6 	 1 	 0.030054644808743168
900 	 5 	 16.0 	 11 	 6 	 1 	 0.02185792349726776
901 	 6 	 16.0 	 10 	 6 	 1 	 0.02185792349726776
902 	 6 	 16.0 	 10 	 6 	 1 	 0.030054644808743168
903 	 6 	 16.0 	 10 	 6 	 1 	 0.030054644808743168
904 	 7 	 16.0 	 10 	 7 	 1 	 0.03278688524590164
905 	 5 	 16.0 	 11 	 6 	 1 	 0.030054644808743168
906 	 8 	 16.0 	 12 	 9 	 1 	 0.0273224043715847
907 	 5 	 16.0 	 12 	 6 	 1 	 0.0273224043715847
908 	 8 	 16.0 	 9 	 8 	 1 	 0.01912568306010929
909 	 7 	 16.0 	 11 	 7 	 1 	 0.0273224043715847
910 	 5 	 16.0 	 11 	 6 	 1 	 0.0273224043715847
911 	 6 	 16.0 	 11 	 7 	 1 	 0.02185792349726776
912 	 5 	 16.0 	 11 	 6 	 1 	 0.030054644808743168
913 	 7 	 16.0 	 10 	 7 	 1 	 0.02459016393442623
914 	 6 	 16.0 	 10 	 6 	 1 	 0.030054644808743168
915 	 7 	 16.0 	 10 	 7 	 1 	 0.02459016393442623
916 	 5 	 16.0 	 10 	 6 	 1 	 0.02459016393442623
917 	 8 	 16.0 	 9 	 8 	 1 	 0.02459016393442623
918 	 8 	 16.0 	 9 	 8 	 1 	 0.02459016393442623
919 	 6 	 16.0 	 10 	 7 	 1 	 0.01912568306010929
920 	 7 	 16.0 	 10 	 8 	 1 	 0.02459016393442623
921 	 8 	 16.0 	 9 	 8 	 1 	 0.02459016393442623
922 	 9 	 16.0 	 10 	 9 	 1 	 0.02459016393442623
923 	 9 	 16.0 	 9 	 9 	 1 	 0.02459016393442623
924 	 7 	 16.0 	 10 	 7 	 1 	 0.0273224043715847
925 	 6 	 16.0 	 12 	 6 	 1 	 0.02459016393442623
926 	 7 	 16.0 	 10 	 8 	 1 	 0.02459016393442623
927 	 7 	 16.0 	 10 	 7 	 1 	 0.0273224043715847
928 	 8 	 16.0 	 9 	 8 	 1 	 0.0273224043715847
929 	 7 	 16.0 	 10 	 7 	 1 	 0.0273224043715847
930 	 5 	 16.0 	 13 	 6 	 1 	 0.03278688524590164
931 	 10 	 16.0 	 8 	 10 	 1 	 0.0273224043715847
932 	 7 	 16.0 	 10 	 8 	 1 	 0.0273224043715847
933 	 7 	 16.0 	 10 	 7 	 1 	 0.02459016393442623
934 	 7 	 16.0 	 10 	 7 	 1 	 0.030054644808743168
935 	 6 	 16.0 	 12 	 6 	 1 	 0.0273224043715847
936 	 7 	 16.0 	 10 	 7 	 1 	 0.0273224043715847
937 	 7 	 16.0 	 10 	 8 	 1 	 0.0273224043715847
938 	 7 	 16.0 	 10 	 8 	 1 	 0.030054644808743168
939 	 6 	 16.0 	 10 	 7 	 1 	 0.02459016393442623
940 	 7 	 16.0 	 10 	 8 	 1 	 0.0273224043715847
941 	 5 	 16.0 	 11 	 6 	 1 	 0.01912568306010929
942 	 6 	 16.0 	 10 	 6 	 1 	 0.03278688524590164
943 	 7 	 16.0 	 10 	 7 	 1 	 0.030054644808743168
944 	 6 	 17.0 	 11 	 7 	 1 	 0.0273224043715847
945 	 8 	 17.0 	 12 	 8 	 1 	 0.02459016393442623
946 	 7 	 17.0 	 11 	 8 	 1 	 0.03278688524590164
947 	 6 	 17.0 	 11 	 7 	 1 	 0.0273224043715847
948 	 5 	 17.0 	 13 	 6 	 1 	 0.03278688524590164
949 	 9 	 17.0 	 10 	 9 	 1 	 0.0273224043715847
950 	 6 	 17.0 	 12 	 6 	 1 	 0.03825136612021858
951 	 8 	 17.0 	 12 	 9 	 1 	 0.03278688524590164
952 	 7 	 17.0 	 10 	 7 	 1 	 0.030054644808743168
953 	 9 	 17.0 	 10 	 9 	 1 	 0.02185792349726776
954 	 9 	 17.0 	 11 	 9 	 1 	 0.0273224043715847
955 	 7 	 17.0 	 13 	 7 	 1 	 0.0273224043715847
956 	 8 	 17.0 	 11 	 8 	 1 	 0.040983606557377046
957 	 9 	 17.0 	 12 	 9 	 1 	 0.03551912568306011
958 	 7 	 17.0 	 11 	 7 	 1 	 0.030054644808743168
959 	 7 	 17.0 	 11 	 7 	 1 	 0.03278688524590164
960 	 6 	 17.0 	 13 	 7 	 1 	 0.0273224043715847
961 	 6 	 17.0 	 12 	 7 	 1 	 0.03278688524590164
962 	 6 	 17.0 	 11 	 7 	 1 	 0.03278688524590164
963 	 8 	 17.0 	 13 	 8 	 1 	 0.02185792349726776
964 	 7 	 17.0 	 11 	 7 	 1 	 0.03551912568306011
965 	 8 	 17.0 	 12 	 8 	 1 	 0.0273224043715847
966 	 6 	 17.0 	 12 	 6 	 1 	 0.030054644808743168
967 	 7 	 17.0 	 10 	 7 	 1 	 0.030054644808743168
968 	 10 	 17.0 	 11 	 10 	 1 	 0.0273224043715847
969 	 6 	 17.0 	 12 	 6 	 1 	 0.0273224043715847
970 	 6 	 17.0 	 12 	 6 	 1 	 0.02185792349726776
971 	 6 	 17.0 	 12 	 7 	 1 	 0.0273224043715847
972 	 8 	 17.0 	 12 	 8 	 1 	 0.030054644808743168
973 	 10 	 17.0 	 11 	 10 	 1 	 0.03278688524590164
974 	 6 	 17.0 	 12 	 6 	 1 	 0.0273224043715847
975 	 8 	 17.0 	 10 	 8 	 1 	 0.02459016393442623
976 	 6 	 17.0 	 11 	 7 	 1 	 0.02459016393442623
977 	 6 	 17.0 	 11 	 7 	 1 	 0.0273224043715847
978 	 7 	 17.0 	 10 	 7 	 1 	 0.030054644808743168
979 	 7 	 17.0 	 11 	 7 	 1 	 0.02185792349726776
980 	 7 	 17.0 	 11 	 8 	 1 	 0.03278688524590164
981 	 9 	 18.0 	 12 	 9 	 1 	 0.0273224043715847
982 	 8 	 18.0 	 11 	 8 	 1 	 0.030054644808743168
983 	 7 	 18.0 	 11 	 7 	 1 	 0.030054644808743168
984 	 9 	 18.0 	 12 	 10 	 1 	 0.03278688524590164
985 	 9 	 18.0 	 12 	 9 	 1 	 0.0273224043715847
986 	 7 	 18.0 	 11 	 8 	 1 	 0.030054644808743168
987 	 7 	 18.0 	 12 	 7 	 1 	 0.03278688524590164
988 	 7 	 18.0 	 13 	 7 	 1 	 0.030054644808743168
989 	 8 	 18.0 	 11 	 8 	 1 	 0.030054644808743168
990 	 7 	 18.0 	 12 	 8 	 1 	 0.0273224043715847
991 	 6 	 18.0 	 12 	 6 	 1 	 0.030054644808743168
992 	 9 	 18.0 	 11 	 9 	 1 	 0.030054644808743168
993 	 5 	 18.0 	 12 	 6 	 1 	 0.030054644808743168
994 	 7 	 18.0 	 13 	 7 	 1 	 0.030054644808743168
995 	 7 	 18.0 	 12 	 8 	 1 	 0.030054644808743168
996 	 8 	 18.0 	 12 	 8 	 1 	 0.03551912568306011
997 	 7 	 19.0 	 13 	 7 	 1 	 0.03551912568306011
998 	 10 	 19.0 	 12 	 10 	 1 	 0.03278688524590164
999 	 7 	 20.0 	 15 	 7 	 1 	 0.03551912568306011
BestSolution
x_{102}
x_{42}
x_{43}
x_{51}
x_{57}
x_{95}
Objective: 6
ChainS-ChainL 0.2 9
Info {'qpu_sampling_time': 418740.0, 'qpu_anneal_time_per_sample': 200.0, 'qpu_readout_time_per_sample': 198.16, 'qpu_access_time': 434504.77, 'qpu_access_overhead_time': 3743.23, 'qpu_programming_time': 15764.77, 'qpu_delay_time_per_sample': 20.58, 'post_processing_overhead_time': 23.0, 'total_post_processing_time': 23.0}
Emb {'embedding': {193: (4930, 1975, 4810, 1974, 1973, 1841), 11: (1977, 1976, 1978, 5425, 2068), 29: (1972,), 44: (2259, 4811, 2258, 2257, 2256), 62: (5018, 5017, 5016, 5019), 194: (5020, 5021, 2006), 10: (5036, 2186, 2276), 64: (2441, 5083, 5084, 5022, 5082, 2786, 2681), 195: (2289, 2288, 2287, 4377, 2290, 2291), 33: (2332, 4302, 2331), 66: (4317, 2317), 196: (2422, 4408), 15: (4528, 2528, 2588), 70: (2514, 2513, 2512, 4558), 197: (4360, 4359, 4361, 4362, 4363, 4358, 1537), 4: (1822, 1823, 4269, 4270), 73: (1540, 1539, 1538, 1541, 1542, 5362), 198: (1718, 4569, 1824, 1717, 4568), 12: (4555, 1898, 1899, 1900, 4554, 4915, 4556), 78: (4676, 2274, 4675, 4674, 2275, 4887), 199: (1764, 1763, 4673), 27: (4449, 4448, 4450, 2077), 81: (4615, 4614, 4613, 4616, 2093, 2092, 4617, 2364), 200: (1600, 1601, 1599, 1602, 1598), 35: (5274, 5273, 1633, 1632), 83: (5046, 5048, 5047), 201: (1630, 4718, 1631, 1614, 4628), 40: (4720, 2020, 4719), 85: (4344, 4345, 4346, 2227, 1732, 1733), 202: (4808, 1734), 30: (1615, 4853), 89: (4689, 4690, 4691, 4692, 4693, 1884, 1885, 2349), 203: (4975, 1735, 1961, 5005, 4974, 2095), 57: (1963, 1962, 5140, 5350, 5170), 95: (4871, 2110, 4872, 4873), 204: (2066, 2065, 5111, 4870), 42: (2321, 4961, 1869, 4962, 4960, 1870, 1868, 2320), 101: (5065, 5066, 2231), 205: (5112, 5113, 5114, 2471, 4963), 80: (2650, 2651, 2649, 2648), 109: (2545, 2546, 2544), 206: (5293, 2516, 2517, 5008), 48: (2576, 2575, 2574, 2573, 2572, 4333, 4332, 4331, 2577), 115: (5292, 2232, 2203), 207: (5203, 5202, 2322, 2323, 2562), 56: (5233,), 128: (5427, 2278, 5428, 2533), 208: (2531, 2532), 21: (2439, 2438, 4543, 4753, 4662, 2530), 129: (2412, 5232, 2411, 5143), 209: (2410, 2409, 4933, 4827), 71: (4918, 2500, 4919, 4903, 2590), 133: (2200, 4767, 4768, 2201), 210: (4900, 4901, 1930, 4902, 1929), 108: (1944, 4750, 4644, 1809), 139: (4823, 4824, 4825, 4658, 1689), 211: (4899, 4898, 1795, 1794), 102: (4912, 1390, 4913, 4914), 140: (4884, 4883, 4882), 212: (4838, 1690, 1750), 50: (4706, 4707, 4708, 4709, 4705, 4704, 1719, 1720), 141: (5002, 5003, 1555, 5001), 213: (4988,), 148: (1676, 1675, 1674, 4959), 153: (1657, 1658, 1659, 1660, 1661, 1662, 5213, 5214), 214: (1767, 1766, 1768), 120: (5410, 1918, 5411, 5412, 5409, 1813), 157: (5168, 5167, 5169, 1932), 215: (5288, 5289, 1587, 1828, 5212), 106: (1451, 1452, 1450, 4762, 4897), 162: (1721, 5064, 1722, 5139), 216: (5348, 5347, 1512, 5227), 142: (5377, 1498, 1588, 5483, 1483), 168: (1737, 1736), 217: (5484, 5485, 5486, 1753, 1738, 5487), 0: (2336, 2337, 2338, 4977, 4978), 170: (1887, 5305, 1888, 5320, 5199, 5470, 5364), 218: (5471, 5472, 2053), 110: (5050, 2051, 2052, 5049, 1811, 5156), 176: (2188, 2189), 219: (2172, 2171, 2173, 2170, 4766, 2174), 17: (2169, 4586), 180: (4947, 4946, 2230, 2155), 220: (2154, 4631, 2153), 8: (4422, 2333, 4421, 4420), 182: (2272, 2273, 4301), 221: (4497, 4496, 4498, 2198), 75: (5188, 2636, 2635, 2634, 2633, 2502, 2503), 184: (1914, 1915, 1913, 4510, 4511, 2213), 222: (4390, 4393, 4391, 4513, 4392, 2543, 4514), 60: (4478, 4479, 4480, 4481, 4482, 2483), 185: (4465, 2018, 4466), 223: (2003,), 37: (4540, 2004, 4539, 1646, 4538, 1644, 1645, 1647, 1648), 189: (1927, 4405), 226: (2108,), 9: (4436,), 22: (2123,), 227: (2078, 4541), 32: (4645,), 228: (2034, 4630), 5: (2019,), 229: (4661, 4660), 38: (2049,), 230: (4752, 4751, 2244), 19: (2094,), 231: (2185, 4796), 23: (4856,), 232: (2215, 2216, 2217, 4886), 47: (5201,), 233: (2487, 5172, 5171, 2292), 41: (2397,), 234: (2472, 5187), 68: (5367, 5366, 2473, 2457), 235: (2455, 2454, 2453, 2456), 24: (4723,), 236: (2499, 4618), 46: (4633,), 237: (2665, 2664, 4648), 77: (4649,), 238: (2694, 4619), 25: (2695,), 239: (2680, 4949, 2679), 82: (4844,), 240: (2785, 2784, 4859), 84: (2769,), 241: (4694, 2619), 14: (4754,), 242: (2589, 4799), 94: (4769,), 243: (2606, 2605, 5053, 2604, 5098), 43: (5052, 5051), 244: (5096, 2111, 5097), 1: (2096, 5141), 245: (5033, 5034, 5035, 1616, 1931), 105: (4958,), 246: (1496, 1495, 4793, 4973), 53: (4748,), 247: (4763, 4764, 4765), 36: (2005,), 248: (1991, 1992, 1993, 1990, 5290), 111: (2008,), 249: (5395, 5396), 49: (2263,), 250: (5380, 5381), 119: (5456, 2098), 251: (5441, 5442, 5443, 2113), 125: (2354,), 252: (5532, 2428, 5473), 127: (5547,), 253: (2443, 5413), 58: (2442,), 254: (2488, 5323, 2398), 97: (5338,), 255: (2425, 2424, 2426, 2427), 132: (4737,), 256: (4721, 4722), 6: (2079,), 257: (4734, 4735, 4733, 4736, 1584), 138: (1569,), 258: (4657,), 131: (4672,), 259: (1465, 4867, 4822, 1509), 13: (1360,), 260: (1375, 4972), 76: (1376,), 261: (1436, 1497, 5092), 123: (5153,), 262: (4583, 1583, 1479, 1480, 1481, 1482, 4477), 147: (1629,), 263: (1613, 4553, 4493), 39: (4463,), 264: (1672, 4224, 4225, 4226, 4227, 1673), 150: (4182, 2286), 265: (2347,), 152: (2362,), 266: (4255, 4257, 4256, 4254), 100: (1701,), 267: (1896, 4284, 4283), 154: (1597,), 268: (4403, 4404, 1777), 155: (4388,), 269: (1553, 1552, 4642, 4343), 156: (4492,), 270: (1525, 1526, 1524, 1523), 69: (5123,), 271: (1511, 1510, 4987), 158: (5062,), 272: (1466, 5032), 161: (1467, 5137), 273: (5138, 1556, 5108), 45: (1586,), 274: (5063,), 163: (1706,), 275: (1692, 1691, 5334), 166: (1798,), 276: (5319, 1783), 149: (5349,), 277: (5394, 1843), 172: (5335,), 278: (5275, 5276, 1902, 1903, 2218), 116: (2067,), 279: (5322, 5321), 177: (2277,), 280: (2261, 2260, 2262, 5157), 88: (5067,), 281: (4917, 4916, 2396), 181: (5037,), 282: (2379, 4557, 2380, 2381), 7: (4542,), 283: (2408, 4603, 4527), 183: (4588,), 284: (4572, 4573, 4571, 2048), 3: (2063,), 285: (4525,), 99: (1928,), 286: (1958, 4435, 4570), 188: (1882,), 287: (1867, 1866), 167: (1881,), 288: (4240,), 190: (2002,), 291: (1872, 1871), 294: (1826, 4989), 295: (1812, 5184, 1827, 1886), 296: (1917, 1916), 299: (2127, 2128, 2126), 300: (5336, 2143, 2097), 301: (5365,), 308: (2081, 2080, 5081, 5080), 51: (2140, 4931), 67: (4841, 2245, 2246, 4932), 309: (5185, 5186), 137: (2022, 2021), 310: (2112, 5200, 5306), 173: (2082,), 313: (2365, 2366), 314: (2351, 2350, 2352), 315: (5216, 5215, 5217, 2007, 2202), 316: (5155, 1857, 1901, 5079), 317: (4945, 1856, 1945), 318: (1960, 4885, 2050, 1959), 319: (1854, 1853, 4600, 4464, 1839, 1840), 322: (4286, 4287, 4285), 16: (2392,), 52: (4272,), 323: (2437, 2436), 55: (2452,), 324: (2498, 4438), 20: (2378,), 325: (2394, 2393, 4677, 2395, 4857), 61: (4467,), 326: (2319, 2318), 63: (4647,), 327: (2335, 2334), 328: (4842, 4843, 2515, 2440), 31: (4858,), 329: (2559, 2560, 4604), 72: (2618,), 330: (4589,), 18: (4574,), 331: (4544, 2663, 2678), 54: (4468,), 332: (4452, 4453, 4451), 87: (2363,), 333: (2348, 4407), 34: (4512,), 334: (2304, 2303, 4437), 90: (4587,), 335: (4646, 2199), 91: (2184,), 336: (2139, 4601), 92: (2109,), 337: (2124, 2125), 338: (4779, 4778, 4777, 4780, 4781), 96: (1315,), 339: (1330, 4851, 1331, 1329), 103: (1271, 4911), 340: (1361, 1286, 5031), 104: (4896,), 341: (1316, 4942), 74: (1301,), 342: (4928, 4927), 107: (4929,), 343: (4944, 1780, 4943), 2: (4854,), 344: (1810, 4794), 112: (1704,), 345: (4749, 1749), 114: (4599,), 346: (1778, 1779), 117: (1793,), 347: (1942, 4330, 1943, 4494), 121: (2017,), 348: (4241, 2107, 4376, 4375), 122: (2167,), 349: (4271, 2152), 126: (2212,), 350: (4242, 4243, 2271), 130: (2482,), 351: (2468, 2469, 2467), 118: (2470,), 352: (2485, 2486, 2484, 4738), 134: (5007,), 353: (4991, 4992, 4993), 136: (5006,), 354: (4976, 2156), 355: (2035, 2036), 26: (4855,), 356: (4839, 1825, 4840), 98: (1855,), 357: (4868, 4869), 65: (1585,), 358: (1571, 1572, 1573, 1570), 113: (5438, 5439), 359: (5454, 5453, 5455, 1543), 143: (5440,), 360: (5516, 2024, 5517), 144: (2114,), 361: (5500, 5501, 5502), 145: (5515,), 362: (1708, 5423, 5514, 1723, 5499), 146: (1693,), 363: (5393,), 151: (1603,), 364: (1617, 1618, 5198), 124: (5228,), 365: (1752, 5229), 93: (5244,), 366: (5230, 5245, 5231), 159: (2157,), 367: (5247, 5246, 5248), 160: (2607,), 368: (2591, 2592), 164: (5038,), 369: (5023, 2561, 2666), 165: (2621,), 370: (5127, 5126, 5125, 5124, 5128, 5129), 79: (1751,), 371: (5109, 1677), 169: (1796,), 372: (1782, 1781), 135: (1797,), 373: (5304,), 171: (1663,), 374: (1678, 5363), 174: (1707,), 375: (5259, 5258, 5260), 175: (2023,), 376: (5291, 2038, 2142), 377: (5261, 5262), 179: (5277,), 378: (2306, 2305, 2307, 4782), 28: (4797,), 379: (2229, 2228), 178: (2243,), 380: (4526, 2168), 59: (2183,), 381: (4406, 2122), 186: (2047,), 382: (4316, 4315), 187: (2032,), 383: (4300, 4299), 86: (1912,), 384: (1897,), 191: (4314,)}, 'chain_break_method': 'majority_vote', 'embedding_parameters': {}, 'chain_strength': 0.545222669707379}
x_{0} 5
x_{1} 2
x_{2} 1
x_{3} 1
x_{4} 4
x_{5} 1
x_{6} 1
x_{7} 1
x_{8} 4
x_{9} 1
x_{10} 3
x_{11} 5
x_{12} 7
x_{13} 1
x_{14} 1
x_{15} 3
x_{16} 1
x_{17} 2
x_{18} 1
x_{19} 1
x_{20} 1
x_{21} 6
x_{22} 1
x_{23} 1
x_{24} 1
x_{25} 1
x_{26} 1
x_{27} 4
x_{28} 1
x_{29} 1
x_{30} 2
x_{31} 1
x_{32} 1
x_{33} 3
x_{34} 1
x_{35} 4
x_{36} 1
x_{37} 9
x_{38} 1
x_{39} 1
x_{40} 3
x_{41} 1
x_{42} 8
x_{43} 2
x_{44} 5
x_{45} 1
x_{46} 1
x_{47} 1
x_{48} 9
x_{49} 1
x_{50} 8
x_{51} 2
x_{52} 1
x_{53} 1
x_{54} 1
x_{55} 1
x_{56} 1
x_{57} 5
x_{58} 1
x_{59} 1
x_{60} 6
x_{61} 1
x_{62} 4
x_{63} 1
x_{64} 7
x_{65} 1
x_{66} 2
x_{67} 4
x_{68} 4
x_{69} 1
x_{70} 4
x_{71} 5
x_{72} 1
x_{73} 6
x_{74} 1
x_{75} 7
x_{76} 1
x_{77} 1
x_{78} 6
x_{79} 1
x_{80} 4
x_{81} 8
x_{82} 1
x_{83} 3
x_{84} 1
x_{85} 6
x_{86} 1
x_{87} 1
x_{88} 1
x_{89} 8
x_{90} 1
x_{91} 1
x_{92} 1
x_{93} 1
x_{94} 1
x_{95} 4
x_{96} 1
x_{97} 1
x_{98} 1
x_{99} 1
x_{100} 1
x_{101} 3
x_{102} 4
x_{103} 2
x_{104} 1
x_{105} 1
x_{106} 5
x_{107} 1
x_{108} 4
x_{109} 3
x_{110} 6
x_{111} 1
x_{112} 1
x_{113} 2
x_{114} 1
x_{115} 3
x_{116} 1
x_{117} 1
x_{118} 1
x_{119} 2
x_{120} 6
x_{121} 1
x_{122} 1
x_{123} 1
x_{124} 1
x_{125} 1
x_{126} 1
x_{127} 1
x_{128} 4
x_{129} 4
x_{130} 1
x_{131} 1
x_{132} 1
x_{133} 4
x_{134} 1
x_{135} 1
x_{136} 1
x_{137} 2
x_{138} 1
x_{139} 5
x_{140} 3
x_{141} 4
x_{142} 5
x_{143} 1
x_{144} 1
x_{145} 1
x_{146} 1
x_{147} 1
x_{148} 4
x_{149} 1
x_{150} 2
x_{151} 1
x_{152} 1
x_{153} 8
x_{154} 1
x_{155} 1
x_{156} 1
x_{157} 4
x_{158} 1
x_{159} 1
x_{160} 1
x_{161} 2
x_{162} 4
x_{163} 1
x_{164} 1
x_{165} 1
x_{166} 1
x_{167} 1
x_{168} 2
x_{169} 1
x_{170} 7
x_{171} 1
x_{172} 1
x_{173} 1
x_{174} 1
x_{175} 1
x_{176} 2
x_{177} 1
x_{178} 1
x_{179} 1
x_{180} 4
x_{181} 1
x_{182} 3
x_{183} 1
x_{184} 6
x_{185} 3
x_{186} 1
x_{187} 1
x_{188} 1
x_{189} 2
x_{190} 1
x_{191} 1
y^1_1 6
y^1_2 3
y^1_3 6
y^1_4 2
y^1_5 7
y^1_6 5
y^1_7 3
y^1_8 5
y^1_9 5
y^1_10 2
y^1_11 6
y^1_12 4
y^1_13 5
y^1_14 4
y^1_15 5
y^1_16 2
y^1_17 4
y^1_18 5
y^1_19 4
y^1_20 3
y^1_21 1
y^1_22 3
y^1_23 5
y^1_24 4
y^1_25 6
y^1_26 3
y^1_27 6
y^1_28 3
y^1_29 4
y^1_30 7
y^1_31 1
y^2_1 1
y^2_2 2
y^2_3 2
y^2_4 2
y^2_5 3
y^2_6 2
y^2_7 4
y^2_8 4
y^2_9 2
y^2_10 4
y^2_11 2
y^2_12 3
y^2_13 2
y^2_14 3
y^2_15 3
y^2_16 2
y^2_17 2
y^2_18 5
y^2_19 3
y^2_20 5
y^2_21 4
y^2_22 3
y^2_23 5
y^2_24 2
y^2_25 2
y^2_26 4
y^2_27 3
y^2_28 2
y^2_29 3
y^2_30 4
y^2_31 2
y^2_32 5
y^2_33 1
y^2_34 4
y^2_35 2
y^2_36 3
y^2_37 7
y^2_38 3
y^2_39 6
y^2_40 1
y^2_41 4
y^2_42 3
y^2_43 3
y^2_44 4
y^2_45 4
y^2_46 3
y^2_47 2
y^2_48 3
y^2_49 1
y^2_50 3
y^2_51 2
y^2_52 2
y^2_53 5
y^2_54 2
y^2_55 4
y^2_56 3
y^2_57 4
y^2_58 3
y^2_59 4
y^2_60 1
y^2_61 3
y^2_62 2
y^2_63 1
y^3_1 2
y^4_1 2
y^4_2 4
y^4_3 2
y^5_1 3
y^5_2 3
y^5_3 1
y^8_1 4
y^8_2 2
y^8_3 3
y^9_1 2
y^9_2 3
y^9_3 5
y^9_4 4
y^9_5 3
y^9_6 4
y^9_7 6
y^10_1 3
y^10_2 2
y^10_3 2
y^10_4 5
y^10_5 2
y^10_6 2
y^10_7 4
y^10_8 3
y^10_9 1
y^10_10 3
y^10_11 3
y^10_12 2
y^10_13 3
y^10_14 2
y^10_15 2
y^10_16 2
y^10_17 5
y^10_18 4
y^10_19 3
y^10_20 2
y^10_21 2
y^10_22 3
y^10_23 2
y^10_24 2
y^10_25 2
y^10_26 4
y^10_27 4
y^10_28 2
y^10_29 3
y^10_30 3
y^10_31 4
y^10_32 3
y^10_33 2
y^10_34 2
y^10_35 3
y^10_36 2
y^10_37 4
y^10_38 4
y^10_39 3
y^10_40 3
y^10_41 5
y^10_42 1
y^10_43 3
y^10_44 2
y^10_45 3
y^10_46 3
y^10_47 2
y^10_48 3
y^10_49 6
y^10_50 2
y^10_51 2
y^10_52 1
y^10_53 2
y^10_54 3
y^10_55 3
y^10_56 2
y^10_57 4
y^10_58 2
y^10_59 2
y^10_60 2
y^10_61 2
y^10_62 2
y^10_63 1
