#Var-#NoneZ: 192 - 607
0.5099019513592784 [(0.0, 0.0), (200.0, 1.0)]
TimeRunning 4.181848049163818
0 	 5 	 6.0 	 1 	 6 	 100 	 0.0
1 	 5 	 6.0 	 1 	 6 	 174 	 0.0
2 	 6 	 6.0 	 0 	 6 	 158 	 0.0
3 	 6 	 6.0 	 0 	 6 	 34 	 0.0
4 	 5 	 6.0 	 1 	 6 	 54 	 0.005681818181818182
5 	 6 	 6.0 	 0 	 6 	 97 	 0.005681818181818182
6 	 5 	 6.0 	 1 	 6 	 78 	 0.005681818181818182
7 	 6 	 6.0 	 0 	 6 	 21 	 0.005681818181818182
8 	 5 	 6.0 	 1 	 6 	 1 	 0.011363636363636364
9 	 6 	 6.0 	 0 	 6 	 2 	 0.011363636363636364
10 	 6 	 7.0 	 2 	 6 	 4 	 0.011363636363636364
11 	 6 	 7.0 	 2 	 6 	 5 	 0.011363636363636364
12 	 7 	 7.0 	 1 	 7 	 1 	 0.011363636363636364
13 	 6 	 7.0 	 2 	 6 	 3 	 0.011363636363636364
14 	 5 	 7.0 	 3 	 6 	 4 	 0.011363636363636364
15 	 7 	 7.0 	 1 	 7 	 4 	 0.011363636363636364
16 	 7 	 7.0 	 1 	 7 	 3 	 0.011363636363636364
17 	 7 	 7.0 	 1 	 7 	 2 	 0.011363636363636364
18 	 7 	 7.0 	 1 	 7 	 2 	 0.005681818181818182
19 	 6 	 7.0 	 2 	 7 	 7 	 0.011363636363636364
20 	 6 	 7.0 	 2 	 7 	 9 	 0.011363636363636364
21 	 6 	 7.0 	 2 	 6 	 1 	 0.005681818181818182
22 	 6 	 7.0 	 2 	 6 	 3 	 0.005681818181818182
23 	 7 	 7.0 	 1 	 7 	 1 	 0.011363636363636364
24 	 7 	 7.0 	 1 	 7 	 15 	 0.005681818181818182
25 	 5 	 7.0 	 3 	 6 	 3 	 0.011363636363636364
26 	 6 	 7.0 	 2 	 6 	 1 	 0.005681818181818182
27 	 7 	 7.0 	 0 	 7 	 1 	 0.005681818181818182
28 	 6 	 7.0 	 1 	 7 	 1 	 0.0
29 	 6 	 7.0 	 2 	 7 	 14 	 0.005681818181818182
30 	 5 	 7.0 	 3 	 6 	 4 	 0.005681818181818182
31 	 5 	 7.0 	 3 	 6 	 11 	 0.005681818181818182
32 	 7 	 7.0 	 1 	 7 	 4 	 0.005681818181818182
33 	 6 	 7.0 	 2 	 6 	 2 	 0.005681818181818182
34 	 6 	 7.0 	 2 	 7 	 9 	 0.005681818181818182
35 	 6 	 7.0 	 2 	 6 	 10 	 0.005681818181818182
36 	 7 	 8.0 	 2 	 8 	 1 	 0.011363636363636364
37 	 7 	 8.0 	 2 	 8 	 1 	 0.005681818181818182
38 	 5 	 8.0 	 3 	 6 	 1 	 0.011363636363636364
39 	 5 	 8.0 	 3 	 6 	 1 	 0.011363636363636364
40 	 5 	 8.0 	 3 	 6 	 1 	 0.011363636363636364
41 	 7 	 8.0 	 2 	 7 	 1 	 0.011363636363636364
42 	 6 	 8.0 	 4 	 6 	 1 	 0.011363636363636364
43 	 5 	 8.0 	 3 	 6 	 1 	 0.011363636363636364
44 	 6 	 8.0 	 2 	 6 	 1 	 0.011363636363636364
45 	 5 	 8.0 	 3 	 6 	 1 	 0.017045454545454544
46 	 5 	 8.0 	 3 	 6 	 1 	 0.011363636363636364
47 	 8 	 8.0 	 2 	 8 	 1 	 0.011363636363636364
48 	 7 	 8.0 	 3 	 7 	 1 	 0.011363636363636364
49 	 7 	 8.0 	 2 	 7 	 1 	 0.005681818181818182
50 	 6 	 8.0 	 2 	 6 	 1 	 0.017045454545454544
51 	 7 	 8.0 	 2 	 7 	 1 	 0.011363636363636364
52 	 6 	 8.0 	 2 	 6 	 1 	 0.017045454545454544
53 	 5 	 8.0 	 3 	 6 	 1 	 0.011363636363636364
54 	 6 	 8.0 	 2 	 6 	 1 	 0.017045454545454544
55 	 6 	 8.0 	 2 	 6 	 5 	 0.017045454545454544
56 	 6 	 8.0 	 2 	 6 	 1 	 0.005681818181818182
57 	 6 	 8.0 	 2 	 6 	 8 	 0.017045454545454544
58 	 5 	 8.0 	 3 	 6 	 5 	 0.017045454545454544
59 	 6 	 8.0 	 2 	 6 	 1 	 0.005681818181818182
60 	 5 	 8.0 	 3 	 6 	 1 	 0.005681818181818182
61 	 6 	 8.0 	 2 	 6 	 4 	 0.011363636363636364
62 	 5 	 8.0 	 3 	 6 	 1 	 0.011363636363636364
63 	 5 	 8.0 	 3 	 6 	 2 	 0.011363636363636364
64 	 5 	 8.0 	 3 	 6 	 4 	 0.011363636363636364
65 	 6 	 8.0 	 2 	 6 	 8 	 0.011363636363636364
66 	 5 	 8.0 	 3 	 6 	 3 	 0.011363636363636364
67 	 6 	 8.0 	 2 	 6 	 2 	 0.011363636363636364
68 	 5 	 8.0 	 3 	 6 	 4 	 0.017045454545454544
69 	 6 	 8.0 	 2 	 6 	 8 	 0.011363636363636364
70 	 5 	 8.0 	 3 	 6 	 1 	 0.011363636363636364
71 	 5 	 8.0 	 3 	 6 	 1 	 0.017045454545454544
72 	 5 	 8.0 	 3 	 6 	 14 	 0.011363636363636364
73 	 5 	 8.0 	 3 	 6 	 1 	 0.017045454545454544
74 	 6 	 8.0 	 2 	 6 	 5 	 0.017045454545454544
75 	 6 	 8.0 	 2 	 6 	 9 	 0.011363636363636364
76 	 5 	 8.0 	 3 	 6 	 6 	 0.017045454545454544
77 	 5 	 8.0 	 3 	 6 	 1 	 0.017045454545454544
78 	 6 	 8.0 	 2 	 6 	 1 	 0.017045454545454544
79 	 5 	 8.0 	 3 	 6 	 12 	 0.011363636363636364
80 	 5 	 8.0 	 3 	 6 	 6 	 0.011363636363636364
81 	 6 	 8.0 	 2 	 6 	 2 	 0.017045454545454544
82 	 8 	 9.0 	 3 	 8 	 1 	 0.017045454545454544
83 	 5 	 9.0 	 4 	 6 	 1 	 0.017045454545454544
84 	 6 	 9.0 	 3 	 7 	 1 	 0.011363636363636364
85 	 6 	 9.0 	 4 	 6 	 1 	 0.017045454545454544
86 	 9 	 9.0 	 3 	 9 	 1 	 0.022727272727272728
87 	 6 	 9.0 	 4 	 6 	 1 	 0.022727272727272728
88 	 5 	 9.0 	 5 	 6 	 1 	 0.022727272727272728
89 	 6 	 9.0 	 4 	 7 	 1 	 0.017045454545454544
90 	 5 	 9.0 	 5 	 6 	 1 	 0.022727272727272728
91 	 6 	 9.0 	 4 	 6 	 1 	 0.017045454545454544
92 	 5 	 9.0 	 5 	 6 	 2 	 0.017045454545454544
93 	 8 	 9.0 	 2 	 8 	 1 	 0.017045454545454544
94 	 6 	 9.0 	 4 	 7 	 2 	 0.017045454545454544
95 	 6 	 9.0 	 4 	 7 	 1 	 0.022727272727272728
96 	 6 	 9.0 	 4 	 6 	 1 	 0.022727272727272728
97 	 6 	 9.0 	 4 	 7 	 1 	 0.022727272727272728
98 	 5 	 10.0 	 5 	 6 	 1 	 0.022727272727272728
99 	 5 	 10.0 	 5 	 6 	 1 	 0.022727272727272728
100 	 5 	 10.0 	 5 	 6 	 1 	 0.017045454545454544
101 	 7 	 10.0 	 6 	 8 	 1 	 0.03409090909090909
BestSolution
x_{99}
x_{68}
x_{36}
x_{75}
x_{47}
x_{86}
Objective: 6
ChainS-ChainL 0.2 3
Info {'qpu_sampling_time': 322480.0, 'qpu_anneal_time_per_sample': 200.0, 'qpu_readout_time_per_sample': 101.9, 'qpu_access_time': 338244.37, 'qpu_access_overhead_time': 1714.63, 'qpu_programming_time': 15764.37, 'qpu_delay_time_per_sample': 20.58, 'post_processing_overhead_time': 59.0, 'total_post_processing_time': 59.0}
Emb {'embedding': {102: (5124, 5123), 20: (1751, 5003), 29: (1632, 1631, 1633), 47: (5126, 5125, 2066), 86: (1767, 1766), 105: (5142,), 0: (5141, 2157, 2158), 2: (2322,), 16: (2217,), 36: (2202,), 106: (5201, 2292), 68: (2142, 5260, 5261), 79: (2307,), 107: (5171,), 75: (2187,), 99: (2261,), 110: (4973,), 4: (1540,), 7: (4958,), 15: (4974,), 111: (4913, 4914, 1646), 24: (1871, 1870), 32: (1780,), 112: (4884, 1720), 33: (4869,), 113: (1750,), 30: (4929,), 37: (1885, 4899), 114: (4944, 4945), 9: (5049, 1856), 41: (2007, 2006, 2008), 115: (4931, 4930), 5: (1975,), 45: (2065,), 116: (1945, 4870), 23: (1899, 4795), 46: (4915,), 117: (4960, 1900), 12: (1901,), 50: (5004,), 118: (1946, 5050), 42: (5065,), 52: (5080, 1961), 119: (2051,), 57: (5111,), 120: (5185, 2037), 25: (2081, 2080), 60: (2022,), 121: (2082, 5215), 35: (2127,), 62: (2052,), 122: (5306,), 54: (2038, 2039, 5395), 64: (2112,), 123: (5291,), 8: (2097,), 66: (2023,), 124: (5365, 2067), 125: (1992, 1993, 5335), 19: (5318, 5319, 5320), 69: (5425,), 126: (1948,), 65: (5470,), 71: (5456, 5455), 127: (1933, 5364), 10: (1858,), 72: (5411, 5410), 128: (5379, 1918), 55: (5394,), 74: (1783,), 129: (1797, 1798), 22: (5229,), 76: (1782,), 130: (5244,), 61: (1872, 1873), 78: (1887,), 131: (1842, 5214), 21: (5110, 1916), 83: (5199,), 132: (5109, 1827), 49: (1691,), 133: (5168, 1677), 59: (5079, 5078), 89: (5183,), 134: (1647,), 87: (5228,), 90: (5198,), 135: (1707, 5213), 3: (5289,), 91: (5258,), 136: (1693, 1692), 56: (5485, 5484, 5486), 93: (5528,), 137: (1708, 5438), 51: (1543,), 94: (1573,), 138: (5408,), 58: (1723, 5409), 96: (1618,), 139: (5378, 1663), 43: (1678,), 97: (1722, 5348), 140: (5304,), 39: (1947, 5305), 100: (5303,), 143: (5231,), 146: (5186,), 149: (4809,), 14: (1884,), 28: (4824,), 150: (1795,), 17: (4854,), 151: (4839, 4840), 44: (4855,), 152: (2095, 4976), 38: (2050,), 153: (5005,), 1: (4990,), 154: (1977, 1976), 53: (5200,), 155: (1963, 1962), 18: (1978,), 156: (5440, 5439), 40: (5454,), 157: (1888,), 34: (5515,), 158: (5501, 5500, 2159), 63: (2068,), 159: (2024, 5471), 48: (2083,), 160: (2053, 5380), 67: (2113,), 161: (5336, 2128), 27: (5321,), 162: (5381, 2143), 13: (5396,), 163: (2188, 2189), 73: (5576,), 164: (2173, 2172, 2174), 165: (5156, 5155, 5154), 26: (1706,), 166: (5139, 1721), 77: (1736,), 167: (1796, 5094), 80: (5034,), 168: (1886,), 82: (5064,), 169: (5019, 1841), 84: (4989,), 170: (1811,), 85: (1826,), 171: (4959,), 11: (1690,), 172: (4988, 1705), 88: (1601,), 173: (1616, 1617), 70: (5153,), 174: (1602,), 31: (5288,), 175: (5273, 1542), 92: (1557,), 176: (1588, 5362), 81: (1498,), 177: (5333,), 95: (1603,), 178: (1648, 5363), 6: (5393,), 179: (1753, 5469), 98: (1679,), 182: (1857, 5140), 183: (5169,), 184: (1812, 5184, 1813), 185: (5350, 1828, 5349), 186: (5274, 5275), 187: (5259, 1752), 188: (1737, 1738)}, 'chain_break_method': 'majority_vote', 'embedding_parameters': {}, 'chain_strength': 0.5099019513592784}
x_{0} 3
x_{1} 1
x_{2} 1
x_{3} 1
x_{4} 1
x_{5} 1
x_{6} 1
x_{7} 1
x_{8} 1
x_{9} 2
x_{10} 1
x_{11} 1
x_{12} 1
x_{13} 1
x_{14} 1
x_{15} 1
x_{16} 1
x_{17} 1
x_{18} 1
x_{19} 3
x_{20} 2
x_{21} 2
x_{22} 1
x_{23} 2
x_{24} 2
x_{25} 2
x_{26} 1
x_{27} 1
x_{28} 1
x_{29} 3
x_{30} 1
x_{31} 1
x_{32} 1
x_{33} 1
x_{34} 1
x_{35} 1
x_{36} 1
x_{37} 2
x_{38} 1
x_{39} 2
x_{40} 1
x_{41} 3
x_{42} 1
x_{43} 1
x_{44} 1
x_{45} 1
x_{46} 1
x_{47} 3
x_{48} 1
x_{49} 1
x_{50} 1
x_{51} 1
x_{52} 2
x_{53} 1
x_{54} 3
x_{55} 1
x_{56} 3
x_{57} 1
x_{58} 2
x_{59} 2
x_{60} 1
x_{61} 2
x_{62} 1
x_{63} 1
x_{64} 1
x_{65} 1
x_{66} 1
x_{67} 1
x_{68} 3
x_{69} 1
x_{70} 1
x_{71} 2
x_{72} 2
x_{73} 1
x_{74} 1
x_{75} 1
x_{76} 1
x_{77} 1
x_{78} 1
x_{79} 1
x_{80} 1
x_{81} 1
x_{82} 1
x_{83} 1
x_{84} 1
x_{85} 1
x_{86} 2
x_{87} 1
x_{88} 1
x_{89} 1
x_{90} 1
x_{91} 1
x_{92} 1
x_{93} 1
x_{94} 1
x_{95} 1
x_{96} 1
x_{97} 2
x_{98} 1
x_{99} 1
x_{100} 1
y^1_1 2
y^2_1 1
y^2_2 2
y^2_3 1
y^3_1 1
y^3_2 3
y^3_3 2
y^3_4 1
y^3_5 2
y^3_6 2
y^3_7 2
y^3_8 2
y^3_9 2
y^3_10 1
y^3_11 2
y^3_12 2
y^3_13 1
y^3_14 1
y^3_15 2
y^3_16 3
y^3_17 1
y^3_18 2
y^3_19 2
y^3_20 2
y^3_21 1
y^3_22 2
y^3_23 2
y^3_24 2
y^3_25 1
y^3_26 2
y^3_27 2
y^3_28 2
y^3_29 1
y^3_30 2
y^3_31 1
y^4_1 1
y^5_1 1
y^6_1 1
y^6_2 1
y^6_3 2
y^6_4 2
y^6_5 1
y^6_6 2
y^6_7 2
y^6_8 2
y^6_9 1
y^6_10 3
y^6_11 2
y^6_12 2
y^6_13 2
y^6_14 2
y^6_15 2
y^6_16 3
y^6_17 3
y^6_18 2
y^6_19 2
y^6_20 1
y^6_21 2
y^6_22 1
y^6_23 1
y^6_24 2
y^6_25 2
y^6_26 1
y^6_27 2
y^6_28 2
y^6_29 1
y^6_30 2
y^6_31 2
y^7_1 2
y^7_2 1
y^7_3 3
y^7_4 3
y^7_5 2
y^7_6 2
y^7_7 2
