#Var-#NoneZ: 312 - 1067
0.5469717380192334 [(0.0, 0.0), (200.0, 1.0)]
TimeRunning 5.033467531204224
0 	 6 	 6.0 	 0 	 6 	 2 	 0.0
1 	 6 	 6.0 	 0 	 6 	 1 	 0.003424657534246575
2 	 6 	 7.0 	 1 	 7 	 1 	 0.0
3 	 7 	 7.0 	 0 	 7 	 1 	 0.003424657534246575
4 	 6 	 7.0 	 1 	 6 	 1 	 0.003424657534246575
5 	 7 	 7.0 	 1 	 7 	 1 	 0.00684931506849315
6 	 7 	 7.0 	 1 	 7 	 1 	 0.00684931506849315
7 	 7 	 7.0 	 1 	 7 	 1 	 0.003424657534246575
8 	 6 	 7.0 	 2 	 6 	 2 	 0.003424657534246575
9 	 6 	 7.0 	 2 	 6 	 1 	 0.00684931506849315
10 	 7 	 8.0 	 2 	 7 	 1 	 0.00684931506849315
11 	 7 	 8.0 	 2 	 7 	 1 	 0.010273972602739725
12 	 7 	 8.0 	 3 	 7 	 1 	 0.003424657534246575
13 	 6 	 8.0 	 3 	 6 	 1 	 0.003424657534246575
14 	 7 	 8.0 	 2 	 7 	 1 	 0.003424657534246575
15 	 7 	 8.0 	 2 	 8 	 1 	 0.003424657534246575
16 	 7 	 8.0 	 2 	 8 	 1 	 0.003424657534246575
17 	 8 	 8.0 	 1 	 8 	 2 	 0.003424657534246575
18 	 6 	 8.0 	 3 	 7 	 1 	 0.00684931506849315
19 	 7 	 8.0 	 2 	 7 	 1 	 0.00684931506849315
20 	 8 	 8.0 	 1 	 8 	 2 	 0.00684931506849315
21 	 8 	 8.0 	 1 	 8 	 1 	 0.010273972602739725
22 	 7 	 8.0 	 3 	 7 	 1 	 0.003424657534246575
23 	 6 	 8.0 	 3 	 7 	 1 	 0.00684931506849315
24 	 7 	 8.0 	 2 	 7 	 1 	 0.010273972602739725
25 	 7 	 8.0 	 2 	 7 	 1 	 0.003424657534246575
26 	 7 	 8.0 	 3 	 7 	 1 	 0.003424657534246575
27 	 8 	 8.0 	 1 	 8 	 1 	 0.003424657534246575
28 	 6 	 8.0 	 3 	 7 	 1 	 0.003424657534246575
29 	 6 	 8.0 	 3 	 7 	 1 	 0.00684931506849315
30 	 6 	 8.0 	 4 	 6 	 1 	 0.00684931506849315
31 	 6 	 8.0 	 3 	 6 	 1 	 0.00684931506849315
32 	 6 	 8.0 	 3 	 7 	 2 	 0.00684931506849315
33 	 7 	 8.0 	 2 	 7 	 1 	 0.010273972602739725
34 	 7 	 8.0 	 3 	 7 	 1 	 0.00684931506849315
35 	 7 	 8.0 	 3 	 7 	 1 	 0.00684931506849315
36 	 7 	 8.0 	 3 	 7 	 1 	 0.00684931506849315
37 	 6 	 8.0 	 2 	 6 	 1 	 0.00684931506849315
38 	 6 	 8.0 	 3 	 7 	 1 	 0.010273972602739725
39 	 8 	 8.0 	 1 	 8 	 1 	 0.010273972602739725
40 	 7 	 8.0 	 2 	 7 	 1 	 0.00684931506849315
41 	 6 	 8.0 	 2 	 8 	 1 	 0.00684931506849315
42 	 6 	 8.0 	 2 	 6 	 1 	 0.00684931506849315
43 	 6 	 8.0 	 3 	 7 	 1 	 0.00684931506849315
44 	 6 	 8.0 	 3 	 7 	 1 	 0.00684931506849315
45 	 6 	 8.0 	 4 	 6 	 1 	 0.00684931506849315
46 	 8 	 8.0 	 1 	 8 	 1 	 0.0136986301369863
47 	 6 	 9.0 	 4 	 7 	 1 	 0.00684931506849315
48 	 7 	 9.0 	 3 	 8 	 1 	 0.00684931506849315
49 	 7 	 9.0 	 3 	 8 	 1 	 0.00684931506849315
50 	 7 	 9.0 	 4 	 8 	 1 	 0.00684931506849315
51 	 6 	 9.0 	 6 	 6 	 1 	 0.00684931506849315
52 	 8 	 9.0 	 2 	 8 	 1 	 0.0136986301369863
53 	 8 	 9.0 	 2 	 8 	 1 	 0.003424657534246575
54 	 8 	 9.0 	 2 	 8 	 1 	 0.003424657534246575
55 	 7 	 9.0 	 4 	 7 	 1 	 0.00684931506849315
56 	 7 	 9.0 	 3 	 8 	 1 	 0.0136986301369863
57 	 9 	 9.0 	 1 	 9 	 1 	 0.010273972602739725
58 	 8 	 9.0 	 3 	 8 	 1 	 0.010273972602739725
59 	 6 	 9.0 	 3 	 7 	 1 	 0.010273972602739725
60 	 8 	 9.0 	 3 	 8 	 1 	 0.00684931506849315
61 	 6 	 9.0 	 3 	 7 	 1 	 0.00684931506849315
62 	 6 	 9.0 	 4 	 8 	 1 	 0.003424657534246575
63 	 7 	 9.0 	 4 	 7 	 1 	 0.00684931506849315
64 	 8 	 9.0 	 3 	 8 	 1 	 0.00684931506849315
65 	 7 	 9.0 	 2 	 7 	 1 	 0.00684931506849315
66 	 9 	 9.0 	 2 	 9 	 1 	 0.003424657534246575
67 	 6 	 9.0 	 4 	 8 	 1 	 0.0136986301369863
68 	 6 	 9.0 	 4 	 8 	 1 	 0.00684931506849315
69 	 6 	 9.0 	 3 	 9 	 1 	 0.00684931506849315
70 	 9 	 9.0 	 0 	 9 	 1 	 0.003424657534246575
71 	 9 	 9.0 	 1 	 9 	 1 	 0.010273972602739725
72 	 6 	 9.0 	 4 	 8 	 1 	 0.00684931506849315
73 	 8 	 9.0 	 2 	 9 	 1 	 0.00684931506849315
74 	 9 	 9.0 	 2 	 9 	 1 	 0.010273972602739725
75 	 7 	 9.0 	 3 	 8 	 1 	 0.00684931506849315
76 	 7 	 9.0 	 4 	 7 	 1 	 0.010273972602739725
77 	 6 	 9.0 	 5 	 7 	 1 	 0.010273972602739725
78 	 4 	 9.0 	 6 	 7 	 1 	 0.010273972602739725
79 	 9 	 9.0 	 2 	 9 	 1 	 0.003424657534246575
80 	 6 	 9.0 	 3 	 6 	 1 	 0.00684931506849315
81 	 8 	 9.0 	 3 	 8 	 1 	 0.00684931506849315
82 	 8 	 9.0 	 3 	 9 	 1 	 0.00684931506849315
83 	 8 	 9.0 	 3 	 8 	 1 	 0.00684931506849315
84 	 7 	 9.0 	 2 	 7 	 1 	 0.00684931506849315
85 	 7 	 9.0 	 2 	 7 	 2 	 0.00684931506849315
86 	 7 	 9.0 	 4 	 7 	 1 	 0.010273972602739725
87 	 7 	 9.0 	 2 	 7 	 1 	 0.00684931506849315
88 	 8 	 9.0 	 3 	 8 	 1 	 0.0136986301369863
89 	 6 	 9.0 	 3 	 7 	 1 	 0.00684931506849315
90 	 7 	 9.0 	 4 	 7 	 1 	 0.010273972602739725
91 	 6 	 9.0 	 3 	 7 	 1 	 0.010273972602739725
92 	 6 	 9.0 	 3 	 7 	 1 	 0.010273972602739725
93 	 7 	 9.0 	 2 	 7 	 1 	 0.00684931506849315
94 	 6 	 9.0 	 3 	 7 	 1 	 0.00684931506849315
95 	 7 	 9.0 	 2 	 7 	 1 	 0.00684931506849315
96 	 7 	 9.0 	 3 	 8 	 1 	 0.00684931506849315
97 	 6 	 9.0 	 3 	 7 	 1 	 0.00684931506849315
98 	 7 	 9.0 	 2 	 7 	 3 	 0.00684931506849315
99 	 7 	 9.0 	 2 	 7 	 1 	 0.00684931506849315
100 	 6 	 9.0 	 3 	 6 	 1 	 0.00684931506849315
101 	 7 	 9.0 	 2 	 7 	 1 	 0.010273972602739725
102 	 6 	 9.0 	 3 	 7 	 1 	 0.00684931506849315
103 	 7 	 9.0 	 2 	 7 	 1 	 0.0136986301369863
104 	 7 	 9.0 	 2 	 7 	 1 	 0.0136986301369863
105 	 6 	 9.0 	 3 	 7 	 2 	 0.010273972602739725
106 	 7 	 9.0 	 3 	 7 	 1 	 0.010273972602739725
107 	 8 	 9.0 	 3 	 8 	 1 	 0.010273972602739725
108 	 7 	 9.0 	 3 	 7 	 1 	 0.010273972602739725
109 	 8 	 9.0 	 2 	 8 	 1 	 0.010273972602739725
110 	 7 	 9.0 	 2 	 7 	 1 	 0.010273972602739725
111 	 8 	 9.0 	 2 	 8 	 1 	 0.010273972602739725
112 	 8 	 9.0 	 2 	 8 	 1 	 0.010273972602739725
113 	 6 	 9.0 	 2 	 8 	 1 	 0.00684931506849315
114 	 9 	 9.0 	 1 	 9 	 2 	 0.0136986301369863
115 	 6 	 9.0 	 3 	 7 	 1 	 0.010273972602739725
116 	 8 	 9.0 	 2 	 8 	 1 	 0.00684931506849315
117 	 7 	 9.0 	 2 	 7 	 1 	 0.010273972602739725
118 	 6 	 9.0 	 3 	 7 	 1 	 0.0136986301369863
119 	 7 	 9.0 	 4 	 7 	 1 	 0.010273972602739725
120 	 7 	 9.0 	 3 	 7 	 1 	 0.010273972602739725
121 	 9 	 9.0 	 1 	 9 	 1 	 0.010273972602739725
122 	 6 	 9.0 	 3 	 7 	 1 	 0.00684931506849315
123 	 7 	 9.0 	 2 	 9 	 1 	 0.00684931506849315
124 	 6 	 9.0 	 3 	 7 	 1 	 0.00684931506849315
125 	 6 	 9.0 	 4 	 6 	 1 	 0.010273972602739725
126 	 6 	 9.0 	 4 	 6 	 1 	 0.010273972602739725
127 	 7 	 10.0 	 5 	 9 	 1 	 0.010273972602739725
128 	 5 	 10.0 	 6 	 7 	 1 	 0.0136986301369863
129 	 9 	 10.0 	 3 	 10 	 1 	 0.010273972602739725
130 	 7 	 10.0 	 3 	 8 	 1 	 0.00684931506849315
131 	 8 	 10.0 	 5 	 9 	 1 	 0.010273972602739725
132 	 5 	 10.0 	 7 	 8 	 1 	 0.010273972602739725
133 	 7 	 10.0 	 6 	 8 	 1 	 0.010273972602739725
134 	 6 	 10.0 	 5 	 7 	 1 	 0.0136986301369863
135 	 6 	 10.0 	 5 	 6 	 1 	 0.00684931506849315
136 	 7 	 10.0 	 4 	 9 	 1 	 0.010273972602739725
137 	 8 	 10.0 	 3 	 8 	 1 	 0.00684931506849315
138 	 8 	 10.0 	 4 	 8 	 1 	 0.02054794520547945
139 	 7 	 10.0 	 4 	 7 	 1 	 0.00684931506849315
140 	 8 	 10.0 	 4 	 8 	 1 	 0.0136986301369863
141 	 6 	 10.0 	 5 	 7 	 1 	 0.017123287671232876
142 	 7 	 10.0 	 4 	 7 	 1 	 0.010273972602739725
143 	 8 	 10.0 	 3 	 9 	 1 	 0.010273972602739725
144 	 7 	 10.0 	 4 	 8 	 1 	 0.010273972602739725
145 	 7 	 10.0 	 4 	 7 	 1 	 0.017123287671232876
146 	 7 	 10.0 	 4 	 7 	 1 	 0.017123287671232876
147 	 6 	 10.0 	 5 	 7 	 1 	 0.017123287671232876
148 	 7 	 10.0 	 4 	 7 	 1 	 0.017123287671232876
149 	 5 	 10.0 	 6 	 7 	 1 	 0.017123287671232876
150 	 7 	 10.0 	 5 	 8 	 1 	 0.0136986301369863
151 	 7 	 10.0 	 4 	 7 	 1 	 0.010273972602739725
152 	 8 	 10.0 	 2 	 8 	 1 	 0.00684931506849315
153 	 7 	 10.0 	 4 	 7 	 1 	 0.00684931506849315
154 	 6 	 10.0 	 5 	 7 	 1 	 0.00684931506849315
155 	 8 	 10.0 	 4 	 9 	 1 	 0.010273972602739725
156 	 8 	 10.0 	 4 	 9 	 1 	 0.00684931506849315
157 	 7 	 10.0 	 3 	 8 	 1 	 0.010273972602739725
158 	 8 	 10.0 	 3 	 8 	 1 	 0.0136986301369863
159 	 7 	 10.0 	 5 	 8 	 1 	 0.00684931506849315
160 	 6 	 10.0 	 5 	 7 	 1 	 0.017123287671232876
161 	 7 	 10.0 	 6 	 8 	 1 	 0.010273972602739725
162 	 5 	 10.0 	 7 	 7 	 1 	 0.010273972602739725
163 	 6 	 10.0 	 5 	 8 	 1 	 0.00684931506849315
164 	 7 	 10.0 	 5 	 7 	 1 	 0.010273972602739725
165 	 7 	 10.0 	 3 	 8 	 1 	 0.010273972602739725
166 	 7 	 10.0 	 4 	 8 	 1 	 0.010273972602739725
167 	 10 	 10.0 	 1 	 10 	 1 	 0.00684931506849315
168 	 7 	 10.0 	 4 	 8 	 1 	 0.010273972602739725
169 	 6 	 10.0 	 6 	 6 	 1 	 0.010273972602739725
170 	 8 	 10.0 	 3 	 10 	 1 	 0.00684931506849315
171 	 6 	 10.0 	 5 	 7 	 1 	 0.010273972602739725
172 	 7 	 10.0 	 5 	 9 	 1 	 0.010273972602739725
173 	 7 	 10.0 	 4 	 8 	 1 	 0.02054794520547945
174 	 7 	 10.0 	 5 	 8 	 1 	 0.017123287671232876
175 	 8 	 10.0 	 5 	 8 	 1 	 0.0136986301369863
176 	 6 	 10.0 	 5 	 7 	 1 	 0.0136986301369863
177 	 9 	 10.0 	 2 	 10 	 1 	 0.00684931506849315
178 	 7 	 10.0 	 4 	 8 	 1 	 0.00684931506849315
179 	 9 	 10.0 	 2 	 9 	 1 	 0.00684931506849315
180 	 6 	 10.0 	 6 	 6 	 1 	 0.017123287671232876
181 	 7 	 10.0 	 3 	 7 	 1 	 0.010273972602739725
182 	 6 	 10.0 	 6 	 8 	 1 	 0.010273972602739725
183 	 7 	 10.0 	 3 	 8 	 1 	 0.010273972602739725
184 	 8 	 10.0 	 3 	 9 	 1 	 0.010273972602739725
185 	 8 	 10.0 	 4 	 8 	 1 	 0.0136986301369863
186 	 7 	 10.0 	 4 	 7 	 1 	 0.0136986301369863
187 	 6 	 10.0 	 4 	 8 	 1 	 0.0136986301369863
188 	 6 	 10.0 	 6 	 6 	 1 	 0.017123287671232876
189 	 7 	 10.0 	 4 	 7 	 1 	 0.0136986301369863
190 	 6 	 10.0 	 6 	 6 	 1 	 0.017123287671232876
191 	 7 	 10.0 	 4 	 8 	 1 	 0.010273972602739725
192 	 7 	 10.0 	 4 	 9 	 1 	 0.010273972602739725
193 	 7 	 10.0 	 5 	 8 	 1 	 0.010273972602739725
194 	 8 	 10.0 	 3 	 8 	 1 	 0.010273972602739725
195 	 6 	 10.0 	 3 	 9 	 1 	 0.00684931506849315
196 	 6 	 10.0 	 6 	 8 	 1 	 0.0136986301369863
197 	 6 	 10.0 	 6 	 6 	 1 	 0.0136986301369863
198 	 6 	 10.0 	 4 	 6 	 1 	 0.010273972602739725
199 	 8 	 10.0 	 3 	 8 	 1 	 0.0136986301369863
200 	 6 	 10.0 	 3 	 7 	 1 	 0.010273972602739725
201 	 5 	 10.0 	 6 	 7 	 1 	 0.010273972602739725
202 	 6 	 10.0 	 4 	 8 	 1 	 0.010273972602739725
203 	 6 	 10.0 	 3 	 7 	 1 	 0.010273972602739725
204 	 6 	 10.0 	 5 	 7 	 1 	 0.0136986301369863
205 	 6 	 10.0 	 5 	 7 	 1 	 0.017123287671232876
206 	 7 	 10.0 	 4 	 7 	 1 	 0.017123287671232876
207 	 6 	 10.0 	 5 	 7 	 1 	 0.010273972602739725
208 	 7 	 10.0 	 4 	 7 	 1 	 0.017123287671232876
209 	 6 	 10.0 	 4 	 8 	 1 	 0.017123287671232876
210 	 5 	 10.0 	 6 	 7 	 1 	 0.017123287671232876
211 	 6 	 10.0 	 5 	 7 	 1 	 0.010273972602739725
212 	 7 	 10.0 	 4 	 7 	 1 	 0.010273972602739725
213 	 6 	 10.0 	 3 	 7 	 1 	 0.0136986301369863
214 	 7 	 10.0 	 4 	 7 	 1 	 0.0136986301369863
215 	 7 	 10.0 	 4 	 7 	 1 	 0.010273972602739725
216 	 7 	 10.0 	 3 	 8 	 1 	 0.010273972602739725
217 	 6 	 10.0 	 6 	 6 	 1 	 0.0136986301369863
218 	 7 	 10.0 	 4 	 8 	 1 	 0.0136986301369863
219 	 7 	 10.0 	 4 	 7 	 1 	 0.0136986301369863
220 	 7 	 10.0 	 4 	 7 	 1 	 0.0136986301369863
221 	 5 	 10.0 	 6 	 7 	 1 	 0.0136986301369863
222 	 8 	 10.0 	 3 	 8 	 1 	 0.010273972602739725
223 	 8 	 10.0 	 3 	 8 	 1 	 0.0136986301369863
224 	 7 	 10.0 	 4 	 7 	 1 	 0.010273972602739725
225 	 7 	 10.0 	 3 	 7 	 1 	 0.0136986301369863
226 	 8 	 10.0 	 5 	 8 	 1 	 0.017123287671232876
227 	 7 	 10.0 	 5 	 7 	 1 	 0.0136986301369863
228 	 8 	 10.0 	 3 	 9 	 1 	 0.0136986301369863
229 	 6 	 10.0 	 3 	 7 	 1 	 0.010273972602739725
230 	 6 	 10.0 	 3 	 7 	 1 	 0.010273972602739725
231 	 7 	 10.0 	 4 	 7 	 1 	 0.0136986301369863
232 	 6 	 10.0 	 5 	 7 	 1 	 0.0136986301369863
233 	 8 	 10.0 	 4 	 8 	 1 	 0.0136986301369863
234 	 7 	 10.0 	 4 	 9 	 1 	 0.0136986301369863
235 	 6 	 10.0 	 5 	 7 	 1 	 0.0136986301369863
236 	 7 	 11.0 	 6 	 7 	 1 	 0.010273972602739725
237 	 8 	 11.0 	 7 	 8 	 1 	 0.02054794520547945
238 	 8 	 11.0 	 5 	 9 	 1 	 0.010273972602739725
239 	 7 	 11.0 	 6 	 8 	 1 	 0.017123287671232876
240 	 8 	 11.0 	 6 	 8 	 1 	 0.010273972602739725
241 	 8 	 11.0 	 4 	 8 	 1 	 0.010273972602739725
242 	 6 	 11.0 	 5 	 7 	 1 	 0.010273972602739725
243 	 8 	 11.0 	 5 	 9 	 1 	 0.010273972602739725
244 	 6 	 11.0 	 7 	 7 	 1 	 0.010273972602739725
245 	 7 	 11.0 	 5 	 8 	 1 	 0.010273972602739725
246 	 5 	 11.0 	 7 	 7 	 1 	 0.010273972602739725
247 	 8 	 11.0 	 5 	 8 	 1 	 0.0136986301369863
248 	 8 	 11.0 	 4 	 8 	 1 	 0.0136986301369863
249 	 8 	 11.0 	 4 	 8 	 1 	 0.0136986301369863
250 	 8 	 11.0 	 5 	 8 	 1 	 0.00684931506849315
251 	 7 	 11.0 	 5 	 8 	 1 	 0.0136986301369863
252 	 5 	 11.0 	 8 	 7 	 1 	 0.02054794520547945
253 	 9 	 11.0 	 4 	 11 	 1 	 0.00684931506849315
254 	 6 	 11.0 	 6 	 8 	 1 	 0.02054794520547945
255 	 8 	 11.0 	 5 	 10 	 1 	 0.010273972602739725
256 	 8 	 11.0 	 5 	 9 	 1 	 0.010273972602739725
257 	 8 	 11.0 	 4 	 8 	 1 	 0.02054794520547945
258 	 9 	 11.0 	 2 	 9 	 1 	 0.010273972602739725
259 	 7 	 11.0 	 6 	 7 	 1 	 0.0136986301369863
260 	 7 	 11.0 	 7 	 7 	 1 	 0.0136986301369863
261 	 7 	 11.0 	 6 	 8 	 1 	 0.0136986301369863
262 	 7 	 11.0 	 4 	 7 	 1 	 0.0136986301369863
263 	 8 	 11.0 	 6 	 9 	 1 	 0.017123287671232876
264 	 8 	 11.0 	 6 	 8 	 1 	 0.0136986301369863
265 	 8 	 11.0 	 5 	 8 	 1 	 0.017123287671232876
266 	 7 	 11.0 	 4 	 7 	 1 	 0.017123287671232876
267 	 8 	 11.0 	 5 	 8 	 1 	 0.023972602739726026
268 	 9 	 11.0 	 5 	 10 	 1 	 0.017123287671232876
269 	 7 	 11.0 	 5 	 8 	 1 	 0.010273972602739725
270 	 6 	 11.0 	 7 	 7 	 1 	 0.010273972602739725
271 	 6 	 11.0 	 5 	 7 	 1 	 0.010273972602739725
272 	 6 	 11.0 	 6 	 7 	 1 	 0.0136986301369863
273 	 8 	 11.0 	 6 	 9 	 1 	 0.02054794520547945
274 	 8 	 11.0 	 4 	 8 	 1 	 0.017123287671232876
275 	 6 	 11.0 	 6 	 8 	 1 	 0.017123287671232876
276 	 8 	 11.0 	 5 	 8 	 1 	 0.017123287671232876
277 	 6 	 11.0 	 6 	 7 	 1 	 0.00684931506849315
278 	 9 	 11.0 	 3 	 9 	 1 	 0.00684931506849315
279 	 6 	 11.0 	 6 	 8 	 1 	 0.0136986301369863
280 	 7 	 11.0 	 6 	 8 	 1 	 0.0136986301369863
281 	 8 	 11.0 	 5 	 8 	 1 	 0.017123287671232876
282 	 9 	 11.0 	 5 	 9 	 1 	 0.0136986301369863
283 	 9 	 11.0 	 5 	 9 	 1 	 0.017123287671232876
284 	 9 	 11.0 	 5 	 9 	 1 	 0.010273972602739725
285 	 8 	 11.0 	 6 	 8 	 1 	 0.017123287671232876
286 	 7 	 11.0 	 6 	 8 	 1 	 0.010273972602739725
287 	 7 	 11.0 	 5 	 7 	 1 	 0.010273972602739725
288 	 9 	 11.0 	 4 	 9 	 1 	 0.0136986301369863
289 	 5 	 11.0 	 7 	 8 	 1 	 0.010273972602739725
290 	 8 	 11.0 	 4 	 9 	 1 	 0.017123287671232876
291 	 8 	 11.0 	 5 	 8 	 1 	 0.0136986301369863
292 	 8 	 11.0 	 6 	 8 	 1 	 0.02054794520547945
293 	 8 	 11.0 	 5 	 8 	 1 	 0.0136986301369863
294 	 6 	 11.0 	 6 	 6 	 1 	 0.0136986301369863
295 	 9 	 11.0 	 4 	 10 	 1 	 0.0136986301369863
296 	 8 	 11.0 	 5 	 9 	 1 	 0.010273972602739725
297 	 7 	 11.0 	 5 	 8 	 1 	 0.017123287671232876
298 	 8 	 11.0 	 5 	 8 	 1 	 0.017123287671232876
299 	 7 	 11.0 	 6 	 7 	 1 	 0.017123287671232876
300 	 8 	 11.0 	 3 	 10 	 1 	 0.010273972602739725
301 	 8 	 11.0 	 4 	 8 	 1 	 0.02054794520547945
302 	 5 	 11.0 	 5 	 8 	 1 	 0.0136986301369863
303 	 5 	 11.0 	 7 	 8 	 1 	 0.0136986301369863
304 	 6 	 11.0 	 6 	 8 	 1 	 0.0136986301369863
305 	 8 	 11.0 	 4 	 9 	 1 	 0.0136986301369863
306 	 9 	 11.0 	 3 	 9 	 1 	 0.0136986301369863
307 	 9 	 11.0 	 3 	 9 	 1 	 0.0136986301369863
308 	 7 	 11.0 	 5 	 9 	 1 	 0.0136986301369863
309 	 8 	 11.0 	 4 	 8 	 1 	 0.0136986301369863
310 	 7 	 11.0 	 7 	 8 	 1 	 0.0136986301369863
311 	 9 	 11.0 	 3 	 9 	 1 	 0.0136986301369863
312 	 7 	 11.0 	 7 	 8 	 1 	 0.0136986301369863
313 	 8 	 11.0 	 5 	 8 	 1 	 0.0136986301369863
314 	 8 	 11.0 	 6 	 8 	 1 	 0.02054794520547945
315 	 6 	 11.0 	 6 	 8 	 1 	 0.00684931506849315
316 	 7 	 11.0 	 6 	 8 	 1 	 0.010273972602739725
317 	 8 	 11.0 	 4 	 9 	 1 	 0.0136986301369863
318 	 7 	 11.0 	 4 	 7 	 1 	 0.010273972602739725
319 	 7 	 11.0 	 7 	 9 	 1 	 0.0136986301369863
320 	 6 	 11.0 	 6 	 8 	 1 	 0.010273972602739725
321 	 6 	 11.0 	 6 	 7 	 1 	 0.0136986301369863
322 	 7 	 11.0 	 5 	 8 	 1 	 0.0136986301369863
323 	 7 	 11.0 	 5 	 9 	 1 	 0.010273972602739725
324 	 7 	 11.0 	 6 	 9 	 1 	 0.017123287671232876
325 	 7 	 11.0 	 6 	 7 	 1 	 0.0136986301369863
326 	 7 	 11.0 	 4 	 7 	 1 	 0.010273972602739725
327 	 7 	 11.0 	 6 	 7 	 1 	 0.017123287671232876
328 	 6 	 11.0 	 5 	 7 	 1 	 0.0136986301369863
329 	 8 	 11.0 	 4 	 9 	 1 	 0.0136986301369863
330 	 6 	 11.0 	 5 	 7 	 1 	 0.017123287671232876
331 	 7 	 11.0 	 5 	 7 	 1 	 0.0136986301369863
332 	 6 	 11.0 	 5 	 7 	 1 	 0.010273972602739725
333 	 6 	 11.0 	 4 	 8 	 1 	 0.010273972602739725
334 	 7 	 11.0 	 4 	 7 	 1 	 0.010273972602739725
335 	 6 	 11.0 	 5 	 7 	 1 	 0.010273972602739725
336 	 7 	 11.0 	 3 	 8 	 1 	 0.010273972602739725
337 	 7 	 11.0 	 4 	 7 	 1 	 0.010273972602739725
338 	 7 	 11.0 	 4 	 7 	 1 	 0.010273972602739725
339 	 7 	 11.0 	 6 	 8 	 1 	 0.0136986301369863
340 	 9 	 11.0 	 4 	 9 	 1 	 0.017123287671232876
341 	 7 	 11.0 	 5 	 9 	 1 	 0.0136986301369863
342 	 7 	 11.0 	 6 	 7 	 1 	 0.017123287671232876
343 	 5 	 11.0 	 7 	 7 	 1 	 0.0136986301369863
344 	 6 	 11.0 	 6 	 8 	 1 	 0.02054794520547945
345 	 7 	 11.0 	 7 	 7 	 1 	 0.017123287671232876
346 	 6 	 11.0 	 6 	 9 	 1 	 0.0136986301369863
347 	 7 	 11.0 	 5 	 8 	 1 	 0.0136986301369863
348 	 5 	 11.0 	 5 	 7 	 1 	 0.0136986301369863
349 	 7 	 11.0 	 5 	 8 	 1 	 0.0136986301369863
350 	 7 	 11.0 	 7 	 7 	 1 	 0.0136986301369863
351 	 9 	 11.0 	 7 	 9 	 1 	 0.0136986301369863
352 	 7 	 11.0 	 5 	 10 	 1 	 0.0136986301369863
353 	 7 	 11.0 	 6 	 7 	 1 	 0.0136986301369863
354 	 6 	 11.0 	 5 	 6 	 1 	 0.017123287671232876
355 	 9 	 11.0 	 3 	 9 	 1 	 0.0136986301369863
356 	 7 	 11.0 	 5 	 7 	 1 	 0.02054794520547945
357 	 8 	 11.0 	 5 	 9 	 1 	 0.0136986301369863
358 	 5 	 11.0 	 6 	 7 	 1 	 0.017123287671232876
359 	 6 	 11.0 	 5 	 7 	 1 	 0.017123287671232876
360 	 6 	 11.0 	 5 	 7 	 1 	 0.017123287671232876
361 	 10 	 11.0 	 3 	 11 	 1 	 0.00684931506849315
362 	 7 	 11.0 	 5 	 7 	 1 	 0.017123287671232876
363 	 7 	 11.0 	 3 	 8 	 1 	 0.010273972602739725
364 	 7 	 11.0 	 5 	 7 	 1 	 0.017123287671232876
365 	 7 	 11.0 	 5 	 7 	 1 	 0.017123287671232876
366 	 7 	 11.0 	 5 	 7 	 1 	 0.017123287671232876
367 	 8 	 11.0 	 5 	 8 	 1 	 0.017123287671232876
368 	 6 	 11.0 	 5 	 8 	 1 	 0.0136986301369863
369 	 6 	 11.0 	 5 	 7 	 1 	 0.0136986301369863
370 	 6 	 11.0 	 6 	 8 	 1 	 0.0136986301369863
371 	 6 	 11.0 	 4 	 8 	 1 	 0.0136986301369863
372 	 7 	 11.0 	 4 	 9 	 1 	 0.017123287671232876
373 	 8 	 11.0 	 4 	 8 	 1 	 0.017123287671232876
374 	 6 	 11.0 	 5 	 7 	 1 	 0.017123287671232876
375 	 7 	 11.0 	 4 	 7 	 1 	 0.017123287671232876
376 	 6 	 11.0 	 6 	 6 	 1 	 0.017123287671232876
377 	 6 	 11.0 	 6 	 6 	 1 	 0.017123287671232876
378 	 7 	 11.0 	 4 	 7 	 1 	 0.017123287671232876
379 	 7 	 11.0 	 5 	 8 	 1 	 0.02054794520547945
380 	 7 	 11.0 	 4 	 7 	 1 	 0.0136986301369863
381 	 7 	 11.0 	 5 	 9 	 1 	 0.0136986301369863
382 	 8 	 11.0 	 5 	 9 	 1 	 0.0136986301369863
383 	 5 	 11.0 	 6 	 7 	 1 	 0.0136986301369863
384 	 7 	 11.0 	 5 	 8 	 1 	 0.023972602739726026
385 	 6 	 11.0 	 5 	 7 	 1 	 0.0136986301369863
386 	 9 	 11.0 	 3 	 9 	 1 	 0.017123287671232876
387 	 7 	 11.0 	 4 	 9 	 1 	 0.0136986301369863
388 	 6 	 11.0 	 7 	 7 	 1 	 0.017123287671232876
389 	 6 	 11.0 	 6 	 8 	 1 	 0.0136986301369863
390 	 7 	 11.0 	 5 	 7 	 1 	 0.017123287671232876
391 	 7 	 11.0 	 6 	 7 	 1 	 0.017123287671232876
392 	 8 	 11.0 	 4 	 8 	 1 	 0.017123287671232876
393 	 9 	 11.0 	 3 	 9 	 1 	 0.0136986301369863
394 	 6 	 11.0 	 5 	 7 	 1 	 0.010273972602739725
395 	 9 	 11.0 	 3 	 9 	 1 	 0.010273972602739725
396 	 9 	 11.0 	 2 	 9 	 1 	 0.010273972602739725
397 	 9 	 11.0 	 2 	 9 	 1 	 0.017123287671232876
398 	 6 	 11.0 	 7 	 7 	 1 	 0.017123287671232876
399 	 8 	 11.0 	 5 	 8 	 1 	 0.017123287671232876
400 	 8 	 11.0 	 4 	 9 	 1 	 0.0136986301369863
401 	 7 	 11.0 	 4 	 7 	 1 	 0.0136986301369863
402 	 7 	 11.0 	 6 	 8 	 1 	 0.017123287671232876
403 	 8 	 11.0 	 5 	 8 	 1 	 0.017123287671232876
404 	 8 	 11.0 	 5 	 8 	 1 	 0.02054794520547945
405 	 10 	 11.0 	 4 	 10 	 1 	 0.0136986301369863
406 	 7 	 11.0 	 5 	 7 	 1 	 0.023972602739726026
407 	 5 	 12.0 	 7 	 7 	 1 	 0.0136986301369863
408 	 6 	 12.0 	 7 	 8 	 1 	 0.017123287671232876
409 	 9 	 12.0 	 8 	 9 	 1 	 0.017123287671232876
410 	 9 	 12.0 	 6 	 9 	 1 	 0.023972602739726026
411 	 7 	 12.0 	 5 	 8 	 1 	 0.0136986301369863
412 	 8 	 12.0 	 6 	 9 	 1 	 0.010273972602739725
413 	 9 	 12.0 	 7 	 9 	 1 	 0.017123287671232876
414 	 7 	 12.0 	 6 	 9 	 1 	 0.02054794520547945
415 	 6 	 12.0 	 9 	 7 	 1 	 0.010273972602739725
416 	 6 	 12.0 	 8 	 8 	 1 	 0.0136986301369863
417 	 10 	 12.0 	 6 	 11 	 1 	 0.017123287671232876
418 	 7 	 12.0 	 6 	 7 	 1 	 0.02054794520547945
419 	 9 	 12.0 	 5 	 10 	 1 	 0.0136986301369863
420 	 6 	 12.0 	 6 	 6 	 1 	 0.0136986301369863
421 	 6 	 12.0 	 7 	 6 	 1 	 0.02054794520547945
422 	 7 	 12.0 	 7 	 8 	 1 	 0.02054794520547945
423 	 9 	 12.0 	 5 	 9 	 1 	 0.0136986301369863
424 	 7 	 12.0 	 7 	 9 	 1 	 0.0136986301369863
425 	 5 	 12.0 	 7 	 8 	 1 	 0.02054794520547945
426 	 9 	 12.0 	 4 	 10 	 1 	 0.010273972602739725
427 	 6 	 12.0 	 8 	 7 	 1 	 0.02054794520547945
428 	 8 	 12.0 	 5 	 8 	 1 	 0.0136986301369863
429 	 8 	 12.0 	 6 	 9 	 1 	 0.017123287671232876
430 	 7 	 12.0 	 6 	 7 	 1 	 0.0136986301369863
431 	 7 	 12.0 	 6 	 7 	 1 	 0.0136986301369863
432 	 8 	 12.0 	 5 	 9 	 1 	 0.017123287671232876
433 	 6 	 12.0 	 7 	 7 	 1 	 0.02054794520547945
434 	 7 	 12.0 	 7 	 9 	 1 	 0.017123287671232876
435 	 10 	 12.0 	 6 	 10 	 1 	 0.0136986301369863
436 	 7 	 12.0 	 7 	 8 	 1 	 0.023972602739726026
437 	 7 	 12.0 	 6 	 7 	 1 	 0.017123287671232876
438 	 8 	 12.0 	 8 	 9 	 1 	 0.0136986301369863
439 	 7 	 12.0 	 7 	 8 	 1 	 0.023972602739726026
440 	 9 	 12.0 	 7 	 10 	 1 	 0.023972602739726026
441 	 6 	 12.0 	 8 	 8 	 1 	 0.023972602739726026
442 	 10 	 12.0 	 3 	 10 	 1 	 0.010273972602739725
443 	 7 	 12.0 	 8 	 9 	 1 	 0.023972602739726026
444 	 8 	 12.0 	 6 	 9 	 1 	 0.010273972602739725
445 	 9 	 12.0 	 7 	 11 	 1 	 0.023972602739726026
446 	 8 	 12.0 	 5 	 8 	 1 	 0.0136986301369863
447 	 6 	 12.0 	 6 	 8 	 1 	 0.017123287671232876
448 	 8 	 12.0 	 6 	 11 	 1 	 0.017123287671232876
449 	 6 	 12.0 	 5 	 8 	 1 	 0.017123287671232876
450 	 6 	 12.0 	 7 	 7 	 1 	 0.017123287671232876
451 	 8 	 12.0 	 5 	 8 	 1 	 0.0136986301369863
452 	 10 	 12.0 	 4 	 11 	 1 	 0.0136986301369863
453 	 7 	 12.0 	 7 	 8 	 1 	 0.017123287671232876
454 	 7 	 12.0 	 8 	 7 	 1 	 0.0136986301369863
455 	 7 	 12.0 	 7 	 9 	 1 	 0.017123287671232876
456 	 8 	 12.0 	 7 	 9 	 1 	 0.017123287671232876
457 	 10 	 12.0 	 4 	 10 	 1 	 0.017123287671232876
458 	 9 	 12.0 	 6 	 9 	 1 	 0.017123287671232876
459 	 8 	 12.0 	 5 	 8 	 1 	 0.017123287671232876
460 	 7 	 12.0 	 7 	 8 	 1 	 0.017123287671232876
461 	 5 	 12.0 	 7 	 7 	 1 	 0.017123287671232876
462 	 8 	 12.0 	 6 	 8 	 1 	 0.02054794520547945
463 	 6 	 12.0 	 5 	 8 	 1 	 0.010273972602739725
464 	 10 	 12.0 	 4 	 10 	 1 	 0.017123287671232876
465 	 7 	 12.0 	 7 	 8 	 1 	 0.010273972602739725
466 	 7 	 12.0 	 6 	 9 	 1 	 0.0136986301369863
467 	 7 	 12.0 	 9 	 8 	 1 	 0.023972602739726026
468 	 7 	 12.0 	 5 	 8 	 1 	 0.017123287671232876
469 	 6 	 12.0 	 7 	 7 	 1 	 0.010273972602739725
470 	 9 	 12.0 	 7 	 10 	 1 	 0.0136986301369863
471 	 8 	 12.0 	 6 	 9 	 1 	 0.017123287671232876
472 	 7 	 12.0 	 6 	 9 	 1 	 0.0136986301369863
473 	 5 	 12.0 	 9 	 8 	 1 	 0.017123287671232876
474 	 10 	 12.0 	 7 	 10 	 1 	 0.02054794520547945
475 	 8 	 12.0 	 5 	 8 	 1 	 0.02054794520547945
476 	 6 	 12.0 	 7 	 7 	 1 	 0.017123287671232876
477 	 7 	 12.0 	 6 	 7 	 1 	 0.0136986301369863
478 	 8 	 12.0 	 8 	 8 	 1 	 0.017123287671232876
479 	 10 	 12.0 	 3 	 10 	 1 	 0.02054794520547945
480 	 8 	 12.0 	 7 	 9 	 1 	 0.017123287671232876
481 	 9 	 12.0 	 6 	 10 	 1 	 0.0136986301369863
482 	 6 	 12.0 	 9 	 7 	 1 	 0.0136986301369863
483 	 6 	 12.0 	 8 	 7 	 1 	 0.0136986301369863
484 	 8 	 12.0 	 9 	 8 	 1 	 0.017123287671232876
485 	 8 	 12.0 	 5 	 8 	 1 	 0.0136986301369863
486 	 6 	 12.0 	 7 	 7 	 1 	 0.023972602739726026
487 	 9 	 12.0 	 5 	 9 	 1 	 0.0136986301369863
488 	 7 	 12.0 	 6 	 9 	 1 	 0.023972602739726026
489 	 9 	 12.0 	 7 	 10 	 1 	 0.02054794520547945
490 	 8 	 12.0 	 8 	 8 	 1 	 0.0136986301369863
491 	 8 	 12.0 	 6 	 9 	 1 	 0.0273972602739726
492 	 6 	 12.0 	 4 	 8 	 1 	 0.017123287671232876
493 	 5 	 12.0 	 8 	 7 	 1 	 0.017123287671232876
494 	 8 	 12.0 	 4 	 8 	 1 	 0.017123287671232876
495 	 6 	 12.0 	 5 	 7 	 1 	 0.017123287671232876
496 	 7 	 12.0 	 6 	 7 	 1 	 0.017123287671232876
497 	 6 	 12.0 	 7 	 8 	 1 	 0.02054794520547945
498 	 6 	 12.0 	 7 	 7 	 1 	 0.023972602739726026
499 	 7 	 12.0 	 6 	 7 	 1 	 0.02054794520547945
500 	 7 	 12.0 	 7 	 7 	 1 	 0.0273972602739726
501 	 5 	 12.0 	 8 	 7 	 1 	 0.017123287671232876
502 	 6 	 12.0 	 5 	 7 	 1 	 0.017123287671232876
503 	 7 	 12.0 	 6 	 8 	 1 	 0.017123287671232876
504 	 7 	 12.0 	 6 	 7 	 1 	 0.017123287671232876
505 	 8 	 12.0 	 5 	 8 	 1 	 0.02054794520547945
506 	 7 	 12.0 	 6 	 8 	 1 	 0.02054794520547945
507 	 6 	 12.0 	 6 	 8 	 1 	 0.0136986301369863
508 	 6 	 12.0 	 6 	 7 	 1 	 0.0136986301369863
509 	 8 	 12.0 	 5 	 9 	 1 	 0.0136986301369863
510 	 8 	 12.0 	 6 	 8 	 1 	 0.0136986301369863
511 	 7 	 12.0 	 6 	 7 	 1 	 0.0136986301369863
512 	 8 	 12.0 	 5 	 8 	 1 	 0.0136986301369863
513 	 8 	 12.0 	 6 	 8 	 1 	 0.0136986301369863
514 	 7 	 12.0 	 6 	 9 	 1 	 0.02054794520547945
515 	 6 	 12.0 	 6 	 8 	 1 	 0.02054794520547945
516 	 7 	 12.0 	 6 	 8 	 1 	 0.02054794520547945
517 	 5 	 12.0 	 7 	 8 	 1 	 0.023972602739726026
518 	 6 	 12.0 	 7 	 7 	 1 	 0.023972602739726026
519 	 6 	 12.0 	 6 	 8 	 1 	 0.023972602739726026
520 	 7 	 12.0 	 7 	 9 	 1 	 0.02054794520547945
521 	 10 	 12.0 	 5 	 11 	 1 	 0.02054794520547945
522 	 6 	 12.0 	 7 	 7 	 1 	 0.02054794520547945
523 	 6 	 12.0 	 7 	 7 	 1 	 0.02054794520547945
524 	 8 	 12.0 	 4 	 8 	 1 	 0.02054794520547945
525 	 6 	 12.0 	 5 	 6 	 1 	 0.0136986301369863
526 	 8 	 12.0 	 4 	 8 	 1 	 0.017123287671232876
527 	 8 	 12.0 	 4 	 8 	 1 	 0.017123287671232876
528 	 7 	 12.0 	 6 	 8 	 1 	 0.023972602739726026
529 	 7 	 12.0 	 5 	 8 	 1 	 0.02054794520547945
530 	 6 	 12.0 	 5 	 7 	 1 	 0.02054794520547945
531 	 6 	 12.0 	 6 	 6 	 1 	 0.017123287671232876
532 	 6 	 12.0 	 5 	 7 	 1 	 0.02054794520547945
533 	 7 	 12.0 	 6 	 7 	 1 	 0.017123287671232876
534 	 8 	 12.0 	 4 	 8 	 1 	 0.017123287671232876
535 	 6 	 12.0 	 8 	 8 	 1 	 0.023972602739726026
536 	 8 	 12.0 	 4 	 8 	 1 	 0.017123287671232876
537 	 7 	 12.0 	 6 	 8 	 1 	 0.017123287671232876
538 	 7 	 12.0 	 6 	 8 	 1 	 0.0136986301369863
539 	 6 	 12.0 	 5 	 7 	 1 	 0.017123287671232876
540 	 7 	 12.0 	 5 	 8 	 1 	 0.017123287671232876
541 	 7 	 12.0 	 7 	 7 	 1 	 0.017123287671232876
542 	 7 	 12.0 	 5 	 8 	 1 	 0.02054794520547945
543 	 6 	 12.0 	 7 	 7 	 1 	 0.02054794520547945
544 	 7 	 12.0 	 6 	 7 	 1 	 0.02054794520547945
545 	 7 	 12.0 	 9 	 7 	 1 	 0.02054794520547945
546 	 7 	 12.0 	 6 	 8 	 1 	 0.0136986301369863
547 	 5 	 12.0 	 8 	 7 	 1 	 0.02054794520547945
548 	 8 	 12.0 	 7 	 9 	 1 	 0.02054794520547945
549 	 8 	 12.0 	 6 	 9 	 1 	 0.02054794520547945
550 	 7 	 12.0 	 7 	 7 	 1 	 0.0136986301369863
551 	 7 	 12.0 	 6 	 7 	 1 	 0.023972602739726026
552 	 6 	 12.0 	 6 	 6 	 1 	 0.0136986301369863
553 	 5 	 12.0 	 8 	 7 	 1 	 0.017123287671232876
554 	 7 	 12.0 	 4 	 7 	 1 	 0.010273972602739725
555 	 6 	 12.0 	 6 	 8 	 1 	 0.0136986301369863
556 	 6 	 12.0 	 8 	 6 	 1 	 0.017123287671232876
557 	 7 	 12.0 	 5 	 8 	 1 	 0.0136986301369863
558 	 6 	 12.0 	 7 	 8 	 1 	 0.017123287671232876
559 	 8 	 12.0 	 6 	 8 	 1 	 0.02054794520547945
560 	 8 	 12.0 	 5 	 8 	 1 	 0.017123287671232876
561 	 9 	 12.0 	 4 	 9 	 1 	 0.017123287671232876
562 	 7 	 12.0 	 6 	 8 	 1 	 0.017123287671232876
563 	 6 	 12.0 	 6 	 8 	 1 	 0.017123287671232876
564 	 6 	 12.0 	 7 	 7 	 1 	 0.02054794520547945
565 	 7 	 12.0 	 7 	 8 	 1 	 0.017123287671232876
566 	 5 	 12.0 	 8 	 7 	 1 	 0.02054794520547945
567 	 7 	 12.0 	 6 	 8 	 1 	 0.017123287671232876
568 	 8 	 12.0 	 5 	 9 	 1 	 0.02054794520547945
569 	 8 	 12.0 	 8 	 9 	 1 	 0.02054794520547945
570 	 8 	 12.0 	 5 	 10 	 1 	 0.0136986301369863
571 	 8 	 12.0 	 6 	 9 	 1 	 0.02054794520547945
572 	 7 	 12.0 	 7 	 8 	 1 	 0.017123287671232876
573 	 7 	 12.0 	 6 	 7 	 1 	 0.017123287671232876
574 	 9 	 12.0 	 5 	 9 	 1 	 0.017123287671232876
575 	 6 	 12.0 	 7 	 9 	 1 	 0.017123287671232876
576 	 10 	 12.0 	 5 	 10 	 1 	 0.017123287671232876
577 	 5 	 12.0 	 8 	 7 	 1 	 0.017123287671232876
578 	 7 	 12.0 	 5 	 8 	 1 	 0.0136986301369863
579 	 7 	 12.0 	 7 	 8 	 1 	 0.0136986301369863
580 	 8 	 12.0 	 6 	 8 	 1 	 0.017123287671232876
581 	 9 	 12.0 	 4 	 10 	 1 	 0.017123287671232876
582 	 7 	 13.0 	 8 	 8 	 1 	 0.023972602739726026
583 	 8 	 13.0 	 10 	 8 	 1 	 0.0273972602739726
584 	 9 	 13.0 	 7 	 9 	 1 	 0.023972602739726026
585 	 8 	 13.0 	 9 	 10 	 1 	 0.023972602739726026
586 	 7 	 13.0 	 9 	 9 	 1 	 0.023972602739726026
587 	 9 	 13.0 	 7 	 10 	 1 	 0.0273972602739726
588 	 7 	 13.0 	 7 	 7 	 1 	 0.02054794520547945
589 	 6 	 13.0 	 8 	 8 	 1 	 0.02054794520547945
590 	 7 	 13.0 	 9 	 9 	 1 	 0.023972602739726026
591 	 8 	 13.0 	 7 	 9 	 1 	 0.02054794520547945
592 	 6 	 13.0 	 8 	 6 	 1 	 0.0273972602739726
593 	 9 	 13.0 	 9 	 9 	 1 	 0.023972602739726026
594 	 8 	 13.0 	 8 	 9 	 1 	 0.02054794520547945
595 	 6 	 13.0 	 8 	 8 	 1 	 0.02054794520547945
596 	 8 	 13.0 	 7 	 8 	 1 	 0.0273972602739726
597 	 9 	 13.0 	 9 	 10 	 1 	 0.023972602739726026
598 	 7 	 13.0 	 7 	 8 	 1 	 0.02054794520547945
599 	 6 	 13.0 	 9 	 8 	 1 	 0.017123287671232876
600 	 6 	 13.0 	 9 	 8 	 1 	 0.017123287671232876
601 	 6 	 13.0 	 7 	 7 	 1 	 0.023972602739726026
602 	 9 	 13.0 	 6 	 9 	 1 	 0.017123287671232876
603 	 8 	 13.0 	 7 	 9 	 1 	 0.02054794520547945
604 	 8 	 13.0 	 8 	 9 	 1 	 0.02054794520547945
605 	 8 	 13.0 	 5 	 9 	 1 	 0.02054794520547945
606 	 6 	 13.0 	 6 	 7 	 1 	 0.0273972602739726
607 	 8 	 13.0 	 8 	 8 	 1 	 0.02054794520547945
608 	 10 	 13.0 	 6 	 10 	 1 	 0.030821917808219176
609 	 8 	 13.0 	 9 	 8 	 1 	 0.02054794520547945
610 	 10 	 13.0 	 5 	 11 	 1 	 0.017123287671232876
611 	 7 	 13.0 	 7 	 9 	 1 	 0.017123287671232876
612 	 10 	 13.0 	 6 	 10 	 1 	 0.023972602739726026
613 	 8 	 13.0 	 8 	 9 	 1 	 0.030821917808219176
614 	 8 	 13.0 	 5 	 8 	 1 	 0.017123287671232876
615 	 9 	 13.0 	 7 	 11 	 1 	 0.0273972602739726
616 	 9 	 13.0 	 4 	 9 	 1 	 0.0136986301369863
617 	 8 	 13.0 	 6 	 8 	 1 	 0.02054794520547945
618 	 8 	 13.0 	 5 	 9 	 1 	 0.023972602739726026
619 	 8 	 13.0 	 6 	 8 	 1 	 0.023972602739726026
620 	 6 	 13.0 	 6 	 8 	 1 	 0.017123287671232876
621 	 7 	 13.0 	 8 	 8 	 1 	 0.0136986301369863
622 	 10 	 13.0 	 5 	 11 	 1 	 0.017123287671232876
623 	 9 	 13.0 	 6 	 11 	 1 	 0.02054794520547945
624 	 5 	 13.0 	 9 	 8 	 1 	 0.0136986301369863
625 	 5 	 13.0 	 9 	 7 	 1 	 0.02054794520547945
626 	 8 	 13.0 	 6 	 9 	 1 	 0.017123287671232876
627 	 5 	 13.0 	 9 	 8 	 1 	 0.023972602739726026
628 	 8 	 13.0 	 7 	 10 	 1 	 0.017123287671232876
629 	 5 	 13.0 	 10 	 8 	 1 	 0.0273972602739726
630 	 9 	 13.0 	 7 	 9 	 1 	 0.00684931506849315
631 	 7 	 13.0 	 7 	 9 	 1 	 0.010273972602739725
632 	 7 	 13.0 	 8 	 7 	 1 	 0.0136986301369863
633 	 6 	 13.0 	 7 	 7 	 1 	 0.02054794520547945
634 	 10 	 13.0 	 4 	 11 	 1 	 0.017123287671232876
635 	 6 	 13.0 	 8 	 7 	 1 	 0.017123287671232876
636 	 8 	 13.0 	 6 	 9 	 1 	 0.0136986301369863
637 	 9 	 13.0 	 6 	 9 	 1 	 0.017123287671232876
638 	 10 	 13.0 	 6 	 11 	 1 	 0.0136986301369863
639 	 8 	 13.0 	 6 	 10 	 1 	 0.02054794520547945
640 	 9 	 13.0 	 7 	 10 	 1 	 0.0273972602739726
641 	 7 	 13.0 	 5 	 8 	 1 	 0.02054794520547945
642 	 10 	 13.0 	 5 	 10 	 1 	 0.0136986301369863
643 	 6 	 13.0 	 10 	 6 	 1 	 0.023972602739726026
644 	 7 	 13.0 	 5 	 8 	 1 	 0.02054794520547945
645 	 9 	 13.0 	 6 	 11 	 1 	 0.017123287671232876
646 	 10 	 13.0 	 6 	 10 	 1 	 0.02054794520547945
647 	 9 	 13.0 	 6 	 10 	 1 	 0.023972602739726026
648 	 8 	 13.0 	 7 	 9 	 1 	 0.02054794520547945
649 	 8 	 13.0 	 10 	 8 	 1 	 0.023972602739726026
650 	 8 	 13.0 	 8 	 10 	 1 	 0.02054794520547945
651 	 8 	 13.0 	 7 	 9 	 1 	 0.0273972602739726
652 	 8 	 13.0 	 8 	 10 	 1 	 0.0273972602739726
653 	 7 	 13.0 	 9 	 9 	 1 	 0.0273972602739726
654 	 10 	 13.0 	 8 	 10 	 1 	 0.0273972602739726
655 	 6 	 13.0 	 9 	 8 	 1 	 0.017123287671232876
656 	 7 	 13.0 	 7 	 8 	 1 	 0.02054794520547945
657 	 7 	 13.0 	 9 	 8 	 1 	 0.02054794520547945
658 	 6 	 13.0 	 8 	 8 	 1 	 0.02054794520547945
659 	 9 	 13.0 	 7 	 10 	 1 	 0.023972602739726026
660 	 8 	 13.0 	 7 	 8 	 1 	 0.02054794520547945
661 	 7 	 13.0 	 8 	 8 	 1 	 0.02054794520547945
662 	 5 	 13.0 	 8 	 8 	 1 	 0.017123287671232876
663 	 8 	 13.0 	 5 	 10 	 1 	 0.0136986301369863
664 	 7 	 13.0 	 8 	 8 	 1 	 0.02054794520547945
665 	 7 	 13.0 	 7 	 7 	 1 	 0.030821917808219176
666 	 10 	 13.0 	 5 	 10 	 1 	 0.017123287671232876
667 	 6 	 13.0 	 8 	 8 	 1 	 0.02054794520547945
668 	 7 	 13.0 	 7 	 8 	 1 	 0.017123287671232876
669 	 8 	 13.0 	 7 	 8 	 1 	 0.017123287671232876
670 	 6 	 13.0 	 8 	 8 	 1 	 0.017123287671232876
671 	 6 	 13.0 	 8 	 6 	 1 	 0.0273972602739726
672 	 5 	 13.0 	 8 	 7 	 1 	 0.023972602739726026
673 	 8 	 13.0 	 8 	 8 	 1 	 0.023972602739726026
674 	 8 	 13.0 	 6 	 9 	 1 	 0.023972602739726026
675 	 10 	 13.0 	 7 	 10 	 1 	 0.023972602739726026
676 	 7 	 13.0 	 8 	 7 	 1 	 0.023972602739726026
677 	 8 	 13.0 	 6 	 9 	 1 	 0.017123287671232876
678 	 7 	 13.0 	 7 	 8 	 1 	 0.0273972602739726
679 	 6 	 13.0 	 7 	 7 	 1 	 0.0273972602739726
680 	 9 	 13.0 	 6 	 10 	 1 	 0.017123287671232876
681 	 8 	 13.0 	 7 	 9 	 1 	 0.0136986301369863
682 	 6 	 13.0 	 6 	 8 	 1 	 0.017123287671232876
683 	 7 	 13.0 	 8 	 9 	 1 	 0.017123287671232876
684 	 6 	 13.0 	 7 	 7 	 1 	 0.023972602739726026
685 	 7 	 13.0 	 6 	 9 	 1 	 0.023972602739726026
686 	 8 	 13.0 	 8 	 10 	 1 	 0.030821917808219176
687 	 7 	 13.0 	 6 	 9 	 1 	 0.02054794520547945
688 	 7 	 13.0 	 5 	 8 	 1 	 0.017123287671232876
689 	 7 	 13.0 	 7 	 7 	 1 	 0.017123287671232876
690 	 8 	 13.0 	 6 	 8 	 1 	 0.017123287671232876
691 	 5 	 13.0 	 7 	 8 	 1 	 0.02054794520547945
692 	 10 	 13.0 	 6 	 12 	 1 	 0.02054794520547945
693 	 8 	 13.0 	 7 	 8 	 1 	 0.023972602739726026
694 	 7 	 13.0 	 7 	 8 	 1 	 0.0136986301369863
695 	 7 	 13.0 	 6 	 8 	 1 	 0.02054794520547945
696 	 8 	 13.0 	 6 	 8 	 1 	 0.023972602739726026
697 	 7 	 13.0 	 6 	 7 	 1 	 0.02054794520547945
698 	 6 	 13.0 	 7 	 6 	 1 	 0.02054794520547945
699 	 10 	 13.0 	 5 	 10 	 1 	 0.02054794520547945
700 	 8 	 13.0 	 7 	 9 	 1 	 0.023972602739726026
701 	 6 	 13.0 	 8 	 8 	 1 	 0.02054794520547945
702 	 7 	 13.0 	 6 	 7 	 1 	 0.02054794520547945
703 	 8 	 13.0 	 8 	 8 	 1 	 0.023972602739726026
704 	 8 	 13.0 	 8 	 8 	 1 	 0.0273972602739726
705 	 9 	 13.0 	 5 	 9 	 1 	 0.02054794520547945
706 	 9 	 13.0 	 9 	 11 	 1 	 0.030821917808219176
707 	 6 	 13.0 	 7 	 7 	 1 	 0.02054794520547945
708 	 8 	 13.0 	 7 	 8 	 1 	 0.0273972602739726
709 	 8 	 13.0 	 8 	 9 	 1 	 0.0273972602739726
710 	 7 	 13.0 	 7 	 8 	 1 	 0.023972602739726026
711 	 10 	 13.0 	 6 	 12 	 1 	 0.02054794520547945
712 	 6 	 13.0 	 9 	 9 	 1 	 0.02054794520547945
713 	 6 	 13.0 	 8 	 8 	 1 	 0.02054794520547945
714 	 7 	 13.0 	 8 	 9 	 1 	 0.02054794520547945
715 	 9 	 13.0 	 7 	 10 	 1 	 0.0273972602739726
716 	 9 	 13.0 	 7 	 9 	 1 	 0.02054794520547945
717 	 9 	 13.0 	 7 	 9 	 1 	 0.023972602739726026
718 	 6 	 13.0 	 8 	 8 	 1 	 0.017123287671232876
719 	 6 	 13.0 	 8 	 8 	 1 	 0.0273972602739726
720 	 8 	 13.0 	 7 	 8 	 1 	 0.02054794520547945
721 	 10 	 13.0 	 6 	 10 	 1 	 0.023972602739726026
722 	 9 	 13.0 	 6 	 10 	 1 	 0.023972602739726026
723 	 8 	 13.0 	 7 	 10 	 1 	 0.02054794520547945
724 	 9 	 13.0 	 7 	 9 	 1 	 0.02054794520547945
725 	 7 	 13.0 	 6 	 7 	 1 	 0.0273972602739726
726 	 8 	 13.0 	 7 	 10 	 1 	 0.017123287671232876
727 	 8 	 13.0 	 5 	 8 	 1 	 0.02054794520547945
728 	 9 	 13.0 	 4 	 9 	 1 	 0.017123287671232876
729 	 10 	 13.0 	 5 	 10 	 1 	 0.017123287671232876
730 	 7 	 13.0 	 7 	 7 	 1 	 0.0273972602739726
731 	 7 	 13.0 	 6 	 8 	 1 	 0.0136986301369863
732 	 8 	 13.0 	 6 	 8 	 1 	 0.02054794520547945
733 	 9 	 13.0 	 7 	 9 	 1 	 0.023972602739726026
734 	 8 	 13.0 	 9 	 8 	 1 	 0.023972602739726026
735 	 8 	 13.0 	 7 	 10 	 1 	 0.023972602739726026
736 	 7 	 13.0 	 8 	 8 	 1 	 0.02054794520547945
737 	 6 	 13.0 	 9 	 6 	 1 	 0.023972602739726026
738 	 7 	 13.0 	 8 	 9 	 1 	 0.02054794520547945
739 	 7 	 13.0 	 7 	 9 	 1 	 0.02054794520547945
740 	 7 	 13.0 	 7 	 7 	 1 	 0.02054794520547945
741 	 12 	 14.0 	 5 	 12 	 1 	 0.023972602739726026
742 	 11 	 14.0 	 6 	 12 	 1 	 0.030821917808219176
743 	 7 	 14.0 	 11 	 9 	 1 	 0.023972602739726026
744 	 9 	 14.0 	 6 	 10 	 1 	 0.023972602739726026
745 	 10 	 14.0 	 7 	 11 	 1 	 0.03767123287671233
746 	 6 	 14.0 	 11 	 8 	 1 	 0.023972602739726026
747 	 8 	 14.0 	 9 	 8 	 1 	 0.023972602739726026
748 	 7 	 14.0 	 10 	 9 	 1 	 0.023972602739726026
749 	 8 	 14.0 	 10 	 8 	 1 	 0.023972602739726026
750 	 6 	 14.0 	 8 	 7 	 1 	 0.017123287671232876
751 	 11 	 14.0 	 7 	 11 	 1 	 0.030821917808219176
752 	 8 	 14.0 	 9 	 9 	 1 	 0.0273972602739726
753 	 6 	 14.0 	 8 	 9 	 1 	 0.02054794520547945
754 	 9 	 14.0 	 8 	 9 	 1 	 0.02054794520547945
755 	 7 	 14.0 	 9 	 9 	 1 	 0.017123287671232876
756 	 11 	 14.0 	 6 	 11 	 1 	 0.0273972602739726
757 	 8 	 14.0 	 7 	 9 	 1 	 0.0273972602739726
758 	 7 	 14.0 	 7 	 7 	 1 	 0.017123287671232876
759 	 8 	 14.0 	 7 	 10 	 1 	 0.017123287671232876
760 	 5 	 14.0 	 8 	 8 	 1 	 0.0136986301369863
761 	 8 	 14.0 	 9 	 8 	 1 	 0.017123287671232876
762 	 9 	 14.0 	 5 	 10 	 1 	 0.017123287671232876
763 	 11 	 14.0 	 6 	 11 	 1 	 0.0273972602739726
764 	 7 	 14.0 	 8 	 7 	 1 	 0.023972602739726026
765 	 7 	 14.0 	 7 	 8 	 1 	 0.02054794520547945
766 	 9 	 14.0 	 9 	 9 	 1 	 0.023972602739726026
767 	 11 	 14.0 	 7 	 12 	 1 	 0.023972602739726026
768 	 7 	 14.0 	 9 	 8 	 1 	 0.023972602739726026
769 	 8 	 14.0 	 11 	 8 	 1 	 0.0273972602739726
770 	 10 	 14.0 	 9 	 10 	 1 	 0.02054794520547945
771 	 7 	 14.0 	 9 	 8 	 1 	 0.023972602739726026
772 	 8 	 14.0 	 9 	 10 	 1 	 0.030821917808219176
773 	 10 	 14.0 	 8 	 11 	 1 	 0.017123287671232876
774 	 8 	 14.0 	 7 	 9 	 1 	 0.0136986301369863
775 	 10 	 14.0 	 8 	 10 	 1 	 0.017123287671232876
776 	 8 	 14.0 	 6 	 8 	 1 	 0.02054794520547945
777 	 8 	 14.0 	 6 	 8 	 1 	 0.02054794520547945
778 	 10 	 14.0 	 7 	 11 	 1 	 0.030821917808219176
779 	 8 	 14.0 	 7 	 10 	 1 	 0.017123287671232876
780 	 7 	 14.0 	 8 	 8 	 1 	 0.010273972602739725
781 	 7 	 14.0 	 10 	 8 	 1 	 0.02054794520547945
782 	 7 	 14.0 	 12 	 7 	 1 	 0.0273972602739726
783 	 9 	 14.0 	 7 	 9 	 1 	 0.017123287671232876
784 	 5 	 14.0 	 11 	 7 	 1 	 0.017123287671232876
785 	 9 	 14.0 	 9 	 9 	 1 	 0.0273972602739726
786 	 8 	 14.0 	 8 	 8 	 1 	 0.023972602739726026
787 	 9 	 14.0 	 9 	 10 	 1 	 0.02054794520547945
788 	 11 	 14.0 	 6 	 11 	 1 	 0.023972602739726026
789 	 7 	 14.0 	 10 	 7 	 1 	 0.02054794520547945
790 	 10 	 14.0 	 7 	 11 	 1 	 0.023972602739726026
791 	 9 	 14.0 	 7 	 11 	 1 	 0.0273972602739726
792 	 6 	 14.0 	 8 	 7 	 1 	 0.02054794520547945
793 	 7 	 14.0 	 8 	 7 	 1 	 0.017123287671232876
794 	 8 	 14.0 	 8 	 9 	 1 	 0.02054794520547945
795 	 5 	 14.0 	 9 	 8 	 1 	 0.0273972602739726
796 	 8 	 14.0 	 9 	 10 	 1 	 0.030821917808219176
797 	 7 	 14.0 	 8 	 7 	 1 	 0.0273972602739726
798 	 7 	 14.0 	 5 	 8 	 1 	 0.017123287671232876
799 	 5 	 14.0 	 10 	 7 	 1 	 0.023972602739726026
800 	 8 	 14.0 	 7 	 10 	 1 	 0.0273972602739726
801 	 7 	 14.0 	 9 	 9 	 1 	 0.0273972602739726
802 	 7 	 14.0 	 7 	 8 	 1 	 0.023972602739726026
803 	 7 	 14.0 	 8 	 9 	 1 	 0.017123287671232876
804 	 8 	 14.0 	 6 	 8 	 1 	 0.02054794520547945
805 	 8 	 14.0 	 10 	 9 	 1 	 0.030821917808219176
806 	 6 	 14.0 	 10 	 8 	 1 	 0.017123287671232876
807 	 7 	 14.0 	 7 	 8 	 1 	 0.017123287671232876
808 	 6 	 14.0 	 8 	 8 	 1 	 0.0273972602739726
809 	 6 	 14.0 	 8 	 8 	 1 	 0.023972602739726026
810 	 7 	 14.0 	 7 	 8 	 1 	 0.02054794520547945
811 	 8 	 14.0 	 8 	 10 	 1 	 0.023972602739726026
812 	 9 	 14.0 	 7 	 9 	 1 	 0.0273972602739726
813 	 8 	 14.0 	 6 	 9 	 1 	 0.023972602739726026
814 	 8 	 14.0 	 9 	 9 	 1 	 0.02054794520547945
815 	 7 	 14.0 	 9 	 9 	 1 	 0.02054794520547945
816 	 9 	 14.0 	 9 	 9 	 1 	 0.03424657534246575
817 	 8 	 14.0 	 7 	 9 	 1 	 0.030821917808219176
818 	 9 	 14.0 	 6 	 10 	 1 	 0.02054794520547945
819 	 6 	 14.0 	 9 	 8 	 1 	 0.02054794520547945
820 	 8 	 14.0 	 8 	 8 	 1 	 0.02054794520547945
821 	 10 	 14.0 	 9 	 10 	 1 	 0.023972602739726026
822 	 9 	 14.0 	 8 	 10 	 1 	 0.023972602739726026
823 	 5 	 14.0 	 10 	 7 	 1 	 0.0273972602739726
824 	 9 	 14.0 	 8 	 10 	 1 	 0.023972602739726026
825 	 8 	 14.0 	 6 	 9 	 1 	 0.02054794520547945
826 	 8 	 14.0 	 9 	 10 	 1 	 0.030821917808219176
827 	 7 	 14.0 	 8 	 9 	 1 	 0.023972602739726026
828 	 6 	 14.0 	 9 	 8 	 1 	 0.03424657534246575
829 	 7 	 14.0 	 10 	 8 	 1 	 0.023972602739726026
830 	 7 	 14.0 	 9 	 9 	 1 	 0.02054794520547945
831 	 9 	 14.0 	 7 	 12 	 1 	 0.02054794520547945
832 	 5 	 14.0 	 8 	 7 	 1 	 0.023972602739726026
833 	 7 	 14.0 	 8 	 8 	 1 	 0.02054794520547945
834 	 8 	 14.0 	 7 	 9 	 1 	 0.02054794520547945
835 	 6 	 14.0 	 8 	 7 	 1 	 0.023972602739726026
836 	 7 	 14.0 	 6 	 8 	 1 	 0.02054794520547945
837 	 5 	 14.0 	 8 	 7 	 1 	 0.030821917808219176
838 	 8 	 14.0 	 7 	 10 	 1 	 0.02054794520547945
839 	 8 	 14.0 	 7 	 8 	 1 	 0.02054794520547945
840 	 8 	 14.0 	 6 	 10 	 1 	 0.023972602739726026
841 	 8 	 14.0 	 8 	 9 	 1 	 0.0273972602739726
842 	 7 	 14.0 	 8 	 7 	 1 	 0.017123287671232876
843 	 9 	 14.0 	 7 	 9 	 1 	 0.023972602739726026
844 	 7 	 14.0 	 7 	 8 	 1 	 0.017123287671232876
845 	 7 	 14.0 	 9 	 8 	 1 	 0.0273972602739726
846 	 7 	 14.0 	 9 	 7 	 1 	 0.02054794520547945
847 	 9 	 14.0 	 8 	 10 	 1 	 0.0273972602739726
848 	 7 	 14.0 	 9 	 7 	 1 	 0.030821917808219176
849 	 8 	 14.0 	 8 	 9 	 1 	 0.0273972602739726
850 	 6 	 14.0 	 7 	 8 	 1 	 0.023972602739726026
851 	 9 	 14.0 	 7 	 11 	 1 	 0.03767123287671233
852 	 7 	 14.0 	 9 	 9 	 1 	 0.023972602739726026
853 	 6 	 14.0 	 7 	 8 	 1 	 0.017123287671232876
854 	 7 	 14.0 	 8 	 8 	 1 	 0.0273972602739726
855 	 8 	 14.0 	 8 	 9 	 1 	 0.0273972602739726
856 	 7 	 14.0 	 8 	 7 	 1 	 0.0273972602739726
857 	 7 	 14.0 	 9 	 8 	 1 	 0.023972602739726026
858 	 7 	 14.0 	 9 	 9 	 1 	 0.03424657534246575
859 	 7 	 14.0 	 10 	 9 	 1 	 0.02054794520547945
860 	 7 	 14.0 	 7 	 7 	 1 	 0.02054794520547945
861 	 8 	 15.0 	 10 	 10 	 1 	 0.0273972602739726
862 	 9 	 15.0 	 9 	 10 	 1 	 0.03424657534246575
863 	 9 	 15.0 	 8 	 9 	 1 	 0.030821917808219176
864 	 6 	 15.0 	 11 	 9 	 1 	 0.030821917808219176
865 	 8 	 15.0 	 8 	 8 	 1 	 0.0273972602739726
866 	 9 	 15.0 	 10 	 9 	 1 	 0.030821917808219176
867 	 9 	 15.0 	 10 	 10 	 1 	 0.030821917808219176
868 	 9 	 15.0 	 9 	 9 	 1 	 0.023972602739726026
869 	 7 	 15.0 	 9 	 8 	 1 	 0.02054794520547945
870 	 7 	 15.0 	 10 	 8 	 1 	 0.0136986301369863
871 	 11 	 15.0 	 8 	 12 	 1 	 0.030821917808219176
872 	 11 	 15.0 	 8 	 11 	 1 	 0.0273972602739726
873 	 7 	 15.0 	 10 	 8 	 1 	 0.023972602739726026
874 	 10 	 15.0 	 9 	 11 	 1 	 0.023972602739726026
875 	 9 	 15.0 	 7 	 10 	 1 	 0.0273972602739726
876 	 12 	 15.0 	 5 	 13 	 1 	 0.017123287671232876
877 	 9 	 15.0 	 10 	 10 	 1 	 0.02054794520547945
878 	 9 	 15.0 	 10 	 10 	 1 	 0.0273972602739726
879 	 11 	 15.0 	 7 	 12 	 1 	 0.023972602739726026
880 	 8 	 15.0 	 10 	 8 	 1 	 0.030821917808219176
881 	 5 	 15.0 	 10 	 8 	 1 	 0.02054794520547945
882 	 9 	 15.0 	 7 	 10 	 1 	 0.02054794520547945
883 	 6 	 15.0 	 9 	 7 	 1 	 0.030821917808219176
884 	 11 	 15.0 	 8 	 11 	 1 	 0.030821917808219176
885 	 9 	 15.0 	 9 	 10 	 1 	 0.030821917808219176
886 	 10 	 15.0 	 10 	 10 	 1 	 0.0273972602739726
887 	 11 	 15.0 	 8 	 12 	 1 	 0.023972602739726026
888 	 9 	 15.0 	 8 	 10 	 1 	 0.023972602739726026
889 	 7 	 15.0 	 10 	 9 	 1 	 0.03767123287671233
890 	 8 	 15.0 	 8 	 10 	 1 	 0.0273972602739726
891 	 8 	 15.0 	 8 	 8 	 1 	 0.023972602739726026
892 	 6 	 15.0 	 10 	 7 	 1 	 0.023972602739726026
893 	 6 	 15.0 	 9 	 6 	 1 	 0.023972602739726026
894 	 6 	 15.0 	 11 	 7 	 1 	 0.0273972602739726
895 	 7 	 15.0 	 10 	 8 	 1 	 0.0273972602739726
896 	 7 	 15.0 	 8 	 9 	 1 	 0.023972602739726026
897 	 8 	 15.0 	 9 	 10 	 1 	 0.023972602739726026
898 	 5 	 15.0 	 9 	 8 	 1 	 0.023972602739726026
899 	 8 	 15.0 	 9 	 8 	 1 	 0.023972602739726026
900 	 7 	 15.0 	 11 	 7 	 1 	 0.0273972602739726
901 	 7 	 15.0 	 8 	 9 	 1 	 0.023972602739726026
902 	 7 	 15.0 	 8 	 7 	 1 	 0.023972602739726026
903 	 8 	 15.0 	 9 	 9 	 1 	 0.030821917808219176
904 	 8 	 15.0 	 9 	 8 	 1 	 0.023972602739726026
905 	 9 	 15.0 	 8 	 9 	 1 	 0.030821917808219176
906 	 6 	 15.0 	 8 	 7 	 1 	 0.017123287671232876
907 	 6 	 15.0 	 9 	 6 	 1 	 0.030821917808219176
908 	 7 	 15.0 	 9 	 8 	 1 	 0.030821917808219176
909 	 9 	 15.0 	 7 	 9 	 1 	 0.023972602739726026
910 	 9 	 15.0 	 9 	 9 	 1 	 0.0273972602739726
911 	 8 	 15.0 	 8 	 10 	 1 	 0.023972602739726026
912 	 8 	 15.0 	 8 	 8 	 1 	 0.02054794520547945
913 	 9 	 15.0 	 7 	 10 	 1 	 0.0273972602739726
914 	 9 	 15.0 	 9 	 9 	 1 	 0.0273972602739726
915 	 9 	 15.0 	 7 	 10 	 1 	 0.0273972602739726
916 	 8 	 15.0 	 8 	 8 	 1 	 0.030821917808219176
917 	 8 	 15.0 	 7 	 10 	 1 	 0.023972602739726026
918 	 5 	 15.0 	 11 	 7 	 1 	 0.0273972602739726
919 	 7 	 15.0 	 9 	 7 	 1 	 0.030821917808219176
920 	 8 	 15.0 	 9 	 10 	 1 	 0.03424657534246575
921 	 8 	 15.0 	 8 	 8 	 1 	 0.030821917808219176
922 	 8 	 15.0 	 7 	 8 	 1 	 0.030821917808219176
923 	 7 	 15.0 	 8 	 9 	 1 	 0.0273972602739726
924 	 8 	 15.0 	 8 	 8 	 1 	 0.030821917808219176
925 	 7 	 15.0 	 9 	 10 	 1 	 0.0273972602739726
926 	 10 	 15.0 	 10 	 10 	 1 	 0.0273972602739726
927 	 6 	 15.0 	 10 	 8 	 1 	 0.0273972602739726
928 	 6 	 15.0 	 11 	 7 	 1 	 0.030821917808219176
929 	 5 	 15.0 	 9 	 7 	 1 	 0.02054794520547945
930 	 10 	 15.0 	 7 	 10 	 1 	 0.023972602739726026
931 	 7 	 15.0 	 8 	 8 	 1 	 0.023972602739726026
932 	 11 	 15.0 	 6 	 12 	 1 	 0.023972602739726026
933 	 9 	 15.0 	 9 	 10 	 1 	 0.030821917808219176
934 	 9 	 16.0 	 10 	 10 	 1 	 0.030821917808219176
935 	 8 	 16.0 	 10 	 8 	 1 	 0.0273972602739726
936 	 9 	 16.0 	 7 	 9 	 1 	 0.023972602739726026
937 	 11 	 16.0 	 7 	 11 	 1 	 0.0136986301369863
938 	 8 	 16.0 	 11 	 8 	 1 	 0.02054794520547945
939 	 5 	 16.0 	 11 	 8 	 1 	 0.0273972602739726
940 	 7 	 16.0 	 10 	 10 	 1 	 0.0273972602739726
941 	 7 	 16.0 	 11 	 8 	 1 	 0.0273972602739726
942 	 7 	 16.0 	 9 	 8 	 1 	 0.023972602739726026
943 	 10 	 16.0 	 8 	 10 	 1 	 0.02054794520547945
944 	 10 	 16.0 	 9 	 11 	 1 	 0.0273972602739726
945 	 8 	 16.0 	 9 	 9 	 1 	 0.03424657534246575
946 	 7 	 16.0 	 10 	 9 	 1 	 0.030821917808219176
947 	 7 	 16.0 	 11 	 8 	 1 	 0.03424657534246575
948 	 10 	 16.0 	 10 	 11 	 1 	 0.03424657534246575
949 	 7 	 16.0 	 9 	 8 	 1 	 0.03424657534246575
950 	 8 	 16.0 	 10 	 8 	 1 	 0.023972602739726026
951 	 6 	 16.0 	 10 	 8 	 1 	 0.03767123287671233
952 	 8 	 16.0 	 10 	 8 	 1 	 0.0273972602739726
953 	 10 	 16.0 	 10 	 10 	 1 	 0.03767123287671233
954 	 7 	 16.0 	 10 	 9 	 1 	 0.030821917808219176
955 	 6 	 16.0 	 13 	 8 	 1 	 0.03424657534246575
956 	 9 	 16.0 	 9 	 10 	 1 	 0.030821917808219176
957 	 7 	 16.0 	 9 	 8 	 1 	 0.030821917808219176
958 	 5 	 16.0 	 11 	 7 	 1 	 0.030821917808219176
959 	 10 	 16.0 	 10 	 11 	 1 	 0.0273972602739726
960 	 7 	 16.0 	 9 	 9 	 1 	 0.0273972602739726
961 	 11 	 16.0 	 9 	 11 	 1 	 0.03424657534246575
962 	 7 	 16.0 	 10 	 10 	 1 	 0.03424657534246575
963 	 10 	 16.0 	 8 	 11 	 1 	 0.030821917808219176
964 	 7 	 16.0 	 10 	 7 	 1 	 0.030821917808219176
965 	 7 	 16.0 	 11 	 7 	 1 	 0.030821917808219176
966 	 7 	 16.0 	 11 	 9 	 1 	 0.0273972602739726
967 	 8 	 16.0 	 10 	 8 	 1 	 0.03767123287671233
968 	 10 	 17.0 	 10 	 11 	 1 	 0.030821917808219176
969 	 10 	 17.0 	 11 	 12 	 1 	 0.04452054794520548
970 	 11 	 17.0 	 10 	 13 	 1 	 0.023972602739726026
971 	 9 	 17.0 	 11 	 9 	 1 	 0.030821917808219176
972 	 8 	 17.0 	 11 	 10 	 1 	 0.030821917808219176
973 	 7 	 17.0 	 11 	 9 	 1 	 0.03424657534246575
974 	 7 	 17.0 	 11 	 8 	 1 	 0.030821917808219176
975 	 12 	 17.0 	 8 	 12 	 1 	 0.03767123287671233
976 	 9 	 17.0 	 10 	 11 	 1 	 0.030821917808219176
977 	 6 	 17.0 	 12 	 8 	 1 	 0.03424657534246575
978 	 7 	 17.0 	 12 	 10 	 1 	 0.03767123287671233
979 	 8 	 17.0 	 11 	 9 	 1 	 0.03424657534246575
980 	 6 	 17.0 	 12 	 8 	 1 	 0.03767123287671233
981 	 9 	 17.0 	 12 	 11 	 1 	 0.03767123287671233
982 	 10 	 17.0 	 9 	 10 	 1 	 0.03424657534246575
983 	 8 	 18.0 	 10 	 8 	 1 	 0.03767123287671233
984 	 7 	 18.0 	 12 	 7 	 1 	 0.030821917808219176
985 	 8 	 18.0 	 11 	 9 	 1 	 0.03424657534246575
986 	 10 	 18.0 	 12 	 10 	 1 	 0.03424657534246575
987 	 9 	 18.0 	 13 	 11 	 1 	 0.03424657534246575
988 	 8 	 18.0 	 15 	 10 	 1 	 0.04452054794520548
989 	 9 	 21.0 	 14 	 9 	 1 	 0.04452054794520548
BestSolution
x_{33}
x_{98}
x_{37}
x_{41}
x_{81}
x_{54}
Objective: 6
ChainS-ChainL 0.2 8
Info {'qpu_sampling_time': 372120.0, 'qpu_anneal_time_per_sample': 200.0, 'qpu_readout_time_per_sample': 151.54, 'qpu_access_time': 387883.97, 'qpu_access_overhead_time': 3983.03, 'qpu_programming_time': 15763.97, 'qpu_delay_time_per_sample': 20.58, 'post_processing_overhead_time': 23.0, 'total_post_processing_time': 23.0}
Emb {'embedding': {152: (1668,), 0: (3458,), 2: (3504,), 3: (1653,), 11: (1758, 3519), 153: (3578,), 10: (1728, 1727, 1729, 3684, 1726), 12: (1593, 3638), 154: (1698,), 29: (1699,), 38: (3701, 3702, 3700, 3699), 155: (1759, 3728, 3758), 26: (1939, 3759), 39: (1669,), 156: (3715, 3714, 3716, 2058), 15: (2057, 3506, 3505), 46: (1984,), 157: (3580, 1983, 2043), 8: (2028,), 50: (3491, 2042), 158: (3565,), 43: (2013,), 54: (3521, 2072, 2071, 2133, 2134, 2135, 3520), 159: (3550,), 27: (1968,), 65: (1997, 1996, 1998, 3535), 160: (1954, 1953, 1955, 1956), 49: (1971,), 66: (4106, 4105), 161: (4120, 2106), 6: (4211,), 69: (2391, 4152, 4151, 2390, 4150, 2389, 2388), 162: (2046, 4135), 7: (4286, 4285, 2167), 70: (4256,), 163: (2031, 2032), 20: (2016,), 73: (3940, 3941, 3939, 2030, 2180, 1790), 164: (4000, 2045), 23: (1910,), 75: (4032, 2330, 4031, 2329), 165: (1895, 4030, 1894), 33: (1745, 3894, 4029), 81: (3820, 2059), 166: (3970, 3971, 3969, 1985), 78: (3925, 2120, 3926), 82: (3986,), 167: (4001, 2225), 52: (2196,), 84: (4076, 2181), 168: (4078, 4077, 2526, 4079), 5: (4064,), 86: (2525, 2524, 3958), 169: (2585, 4003), 77: (4002, 4017, 4018), 87: (2495,), 170: (2465, 3988), 59: (2450,), 88: (2419, 3912), 171: (3957, 2420), 56: (2285, 3972, 2284), 90: (3942,), 172: (2360,), 71: (3896, 3897, 1940, 3895), 92: (2361,), 173: (2346, 2345), 40: (4165, 4166, 4167), 93: (4061, 4062, 2316), 174: (4137, 2406), 35: (2404, 2403, 2402, 3402, 2405), 96: (2421, 4122), 175: (4048, 2376, 4047, 4046, 4045, 4044, 4043), 16: (1577, 1578, 1579, 1580, 1576, 3248), 97: (1565,), 176: (1550, 1655, 3983), 98: (1909, 3774, 3773, 3772, 1654), 99: (1760, 3908), 177: (3924, 3923), 47: (1819, 1818, 1820), 100: (1925,), 178: (3910, 3909, 3911), 14: (2239,), 101: (2119, 3806, 2209, 2089), 179: (2224,), 76: (3882,), 102: (3777, 2314, 3776, 2179), 180: (3867, 2210, 2254), 30: (3746, 2253, 2149, 3747), 103: (3837,), 181: (3833, 1564, 3727, 1503, 1502, 3834, 3835, 3836), 9: (3427,), 106: (3277, 3323, 1501), 182: (3442, 1487), 17: (3292,), 107: (3412, 3413), 183: (1441, 1442, 3127), 34: (1425,), 110: (3128,), 184: (3037, 1440, 1500), 95: (1517, 1518, 1516, 1515), 111: (3098, 1575), 185: (1561, 1562, 1560, 3397), 31: (3473,), 112: (1606, 3158, 3308), 186: (1607, 3338, 3503), 94: (1637,), 113: (1531,), 187: (3428, 1532), 80: (1609, 1610, 1608, 3608, 1533), 114: (3533,), 188: (3518,), 109: (1547, 3443), 115: (1473,), 189: (3577, 1563, 1548), 18: (3595, 3593, 3592, 3594), 118: (1443,), 190: (1413, 3622), 55: (1639, 3653, 3654, 1640, 3652, 1713), 120: (3532,), 191: (1427, 1426, 1428), 58: (3232,), 121: (1486, 3247, 3187, 3262), 192: (3218, 3217), 83: (3383, 1710, 1711, 3053), 122: (1651,), 193: (1665, 2979, 1666), 45: (1756, 1755, 1757), 124: (1800,), 194: (2995, 2994, 2996, 2997, 2190), 72: (2325,), 125: (2026, 2027, 2025), 195: (2191, 2192, 3147, 3132, 3131), 48: (2193,), 126: (3281,), 196: (2208, 2207), 22: (3566,), 127: (2267, 3416, 3551, 2268), 197: (2163, 3476, 3475), 74: (1772, 3459, 3460, 1773, 3354, 1681), 128: (2222,), 198: (2236, 3461, 2237, 3386), 13: (3371,), 129: (3492,), 199: (2297,), 51: (3462,), 131: (3447, 2252), 200: (2373, 3477, 3478), 63: (3627, 3626, 2178), 132: (3463,), 201: (3628, 2523), 108: (2433, 3718), 134: (2538,), 202: (2432, 3493, 2431), 57: (3253,), 136: (3222, 3223), 203: (2521, 3268), 36: (2536,), 137: (2461,), 204: (3163,), 104: (2417, 2416, 2415, 2418), 138: (2386,), 205: (3117, 2371, 3102, 3237), 1: (3116,), 140: (3161, 3162, 2265, 2206), 206: (3101, 3100), 117: (3295, 3296, 3297, 1921, 1920, 3189), 141: (1965,), 207: (1981, 3145), 53: (3130,), 142: (1966, 3190, 3310, 1832, 3325, 3294), 208: (3099, 1831), 44: (1801,), 143: (1786, 1787, 3279, 1785), 209: (3219,), 119: (1861,), 145: (1892, 1891), 210: (3369, 1876), 37: (1878, 1877, 3490, 3744, 3743), 146: (1906,), 211: (3356, 3355, 3357, 1967), 133: (2357, 3282, 2356), 147: (2342,), 212: (2327, 3417, 2328), 79: (2313,), 148: (3343, 2492, 2493, 2462, 3342, 2221), 213: (3687, 3688), 64: (3672,), 149: (2508,), 214: (3673,), 68: (2374,), 150: (2539,), 217: (3821,), 218: (2195, 2194), 219: (3717,), 222: (1862, 3414), 225: (3624, 1833), 226: (1789, 1788), 227: (1849, 1850, 3639), 228: (3819, 1774, 1835), 229: (3730, 3731, 1969, 3729), 230: (3807, 2299), 231: (2344, 3657), 232: (3732,), 233: (2447, 2448, 2449, 3927, 2446, 3372, 2372), 234: (2387,), 235: (3432,), 236: (2281, 2282, 3177, 3176, 3175, 3174), 237: (3159, 3160), 238: (1771, 3309), 239: (3251, 3250, 3249), 242: (3489,), 243: (1803, 3474), 244: (3610, 3609, 3611, 2148), 245: (3596,), 246: (3656, 2073, 2238), 247: (2166, 3671, 2165, 2164), 248: (4091, 2240, 2241, 2286), 249: (2255,), 250: (3956, 2300), 251: (3954, 3955, 3953, 1775), 252: (4014, 4013, 4015, 2060, 1641), 253: (2075, 4016), 254: (3881, 2150, 3880, 2151), 255: (3805, 2044), 256: (3760, 3761, 2014, 3762), 257: (3791, 3790, 3789, 1744, 1743, 1742, 3792), 258: (1667, 3339), 259: (3278, 1622), 260: (1590, 1591, 3203, 3204), 261: (3188, 1636), 262: (3264, 3265, 2056, 3263), 263: (3341, 2132), 264: (2117, 3446, 2177, 2176), 265: (3221, 2251, 2146, 2147, 3191), 266: (3192, 2341), 267: (3206, 3207, 3205), 268: (3115, 3114, 3113, 2011), 269: (3233, 1696, 1697, 1621, 1741, 3293), 270: (3399, 3400, 3398, 3401), 271: (3641, 3642, 3643, 3640, 1893, 2088, 2087), 272: (3658,), 275: (1907, 1908, 3445), 276: (3444, 3430, 1802, 3429), 277: (3324,), 280: (3866, 3864, 3865), 41: (3849, 3850), 61: (1864,), 281: (3852, 3851, 3853), 19: (3868,), 282: (2479,), 62: (2464,), 283: (3613, 3612, 2478, 2463), 123: (2283,), 284: (2298, 3581), 24: (3522,), 285: (3536, 3537), 139: (2118,), 286: (2103, 2104), 144: (2102,), 289: (1638,), 4: (3564, 3563, 1848), 25: (3548,), 290: (1624, 1623), 21: (3623,), 291: (1684, 1683, 3803), 292: (1670, 1671, 3879), 60: (4059,), 293: (4075, 4074, 1941, 1730), 67: (1986,), 294: (2000, 2001, 1999), 85: (3685,), 295: (3668, 3669, 3670), 28: (3683,), 296: (3757, 3742, 1489), 42: (3802,), 297: (1457, 1458, 1459), 105: (3382,), 298: (3367, 1546, 1545), 32: (3068,), 299: (3084, 3083, 1530), 91: (1845, 1846), 300: (3039, 3040, 3038, 1680), 89: (2115,), 301: (3146, 2070), 135: (3086,), 302: (2086, 2085), 116: (3220,), 303: (3235, 3234), 130: (2041,), 308: (1924, 1923), 309: (1937, 1938, 1936, 3384), 310: (1847,)}, 'chain_break_method': 'majority_vote', 'embedding_parameters': {}, 'chain_strength': 0.5469717380192334}
x_{0} 1
x_{1} 1
x_{2} 1
x_{3} 1
x_{4} 3
x_{5} 1
x_{6} 1
x_{7} 3
x_{8} 1
x_{9} 1
x_{10} 5
x_{11} 2
x_{12} 2
x_{13} 1
x_{14} 1
x_{15} 3
x_{16} 6
x_{17} 1
x_{18} 4
x_{19} 1
x_{20} 1
x_{21} 1
x_{22} 1
x_{23} 1
x_{24} 1
x_{25} 1
x_{26} 2
x_{27} 1
x_{28} 1
x_{29} 1
x_{30} 4
x_{31} 1
x_{32} 1
x_{33} 3
x_{34} 1
x_{35} 5
x_{36} 1
x_{37} 5
x_{38} 4
x_{39} 1
x_{40} 3
x_{41} 2
x_{42} 1
x_{43} 1
x_{44} 1
x_{45} 3
x_{46} 1
x_{47} 3
x_{48} 1
x_{49} 1
x_{50} 2
x_{51} 1
x_{52} 1
x_{53} 1
x_{54} 7
x_{55} 6
x_{56} 3
x_{57} 1
x_{58} 1
x_{59} 1
x_{60} 1
x_{61} 1
x_{62} 1
x_{63} 3
x_{64} 1
x_{65} 4
x_{66} 2
x_{67} 1
x_{68} 1
x_{69} 7
x_{70} 1
x_{71} 4
x_{72} 1
x_{73} 6
x_{74} 6
x_{75} 4
x_{76} 1
x_{77} 3
x_{78} 3
x_{79} 1
x_{80} 5
x_{81} 2
x_{82} 1
x_{83} 4
x_{84} 2
x_{85} 1
x_{86} 3
x_{87} 1
x_{88} 2
x_{89} 1
x_{90} 1
x_{91} 2
x_{92} 1
x_{93} 3
x_{94} 1
x_{95} 4
x_{96} 2
x_{97} 1
x_{98} 5
x_{99} 2
x_{100} 1
x_{101} 4
x_{102} 4
x_{103} 1
x_{104} 4
x_{105} 1
x_{106} 3
x_{107} 2
x_{108} 2
x_{109} 2
x_{110} 1
x_{111} 2
x_{112} 3
x_{113} 1
x_{114} 1
x_{115} 1
x_{116} 1
x_{117} 6
x_{118} 1
x_{119} 1
x_{120} 1
x_{121} 4
x_{122} 1
x_{123} 1
x_{124} 1
x_{125} 3
x_{126} 1
x_{127} 4
x_{128} 1
x_{129} 1
x_{130} 1
x_{131} 2
x_{132} 1
x_{133} 3
x_{134} 1
x_{135} 1
x_{136} 2
x_{137} 1
x_{138} 1
x_{139} 1
x_{140} 4
x_{141} 1
x_{142} 6
x_{143} 4
x_{144} 1
x_{145} 2
x_{146} 1
x_{147} 1
x_{148} 6
x_{149} 1
x_{150} 1
y^1_1 1
y^1_2 1
y^1_3 1
y^1_4 3
y^1_5 4
y^1_6 3
y^1_7 1
y^1_8 1
y^1_9 4
y^1_10 2
y^1_11 2
y^1_12 2
y^1_13 2
y^1_14 3
y^1_15 4
y^1_16 2
y^1_17 4
y^1_18 2
y^1_19 2
y^1_20 2
y^1_21 1
y^1_22 2
y^1_23 2
y^1_24 7
y^1_25 3
y^1_26 2
y^1_27 3
y^1_28 1
y^1_29 3
y^1_30 8
y^1_31 2
y^1_32 3
y^1_33 3
y^1_34 4
y^1_35 3
y^1_36 2
y^1_37 1
y^1_38 3
y^1_39 2
y^1_40 3
y^1_41 2
y^1_42 3
y^1_43 5
y^1_44 5
y^1_45 2
y^1_46 3
y^1_47 4
y^1_48 1
y^1_49 3
y^1_50 2
y^1_51 3
y^1_52 2
y^1_53 1
y^1_54 4
y^1_55 2
y^1_56 2
y^1_57 2
y^1_58 1
y^1_59 2
y^1_60 4
y^1_61 3
y^1_62 2
y^1_63 1
y^2_1 1
y^2_2 2
y^2_3 1
y^3_1 2
y^4_1 2
y^4_2 2
y^4_3 3
y^4_4 3
y^4_5 4
y^4_6 2
y^4_7 2
y^4_8 1
y^4_9 7
y^4_10 1
y^4_11 1
y^4_12 6
y^4_13 2
y^4_14 2
y^4_15 3
y^5_1 1
y^5_2 2
y^5_3 4
y^5_4 1
y^5_5 3
y^5_6 4
y^5_7 4
y^5_8 1
y^5_9 2
y^5_10 4
y^5_11 5
y^5_12 2
y^5_13 4
y^5_14 2
y^5_15 4
y^5_16 7
y^5_17 2
y^5_18 2
y^5_19 4
y^5_20 2
y^5_21 4
y^5_22 2
y^5_23 4
y^5_24 5
y^5_25 2
y^5_26 3
y^5_27 4
y^5_28 6
y^5_29 4
y^5_30 7
y^5_31 1
y^6_1 3
y^6_2 4
y^6_3 1
y^7_1 3
y^7_2 3
y^7_3 1
y^7_4 4
y^7_5 2
y^7_6 2
y^7_7 2
y^8_1 1
y^8_2 2
y^8_3 3
y^8_4 3
y^8_5 4
y^8_6 3
y^8_7 3
y^8_8 3
y^8_9 3
y^8_10 3
y^8_11 3
y^8_12 4
y^8_13 2
y^8_14 2
y^8_15 2
y^10_1 2
y^10_2 4
y^10_3 1
