#Var-#NoneZ: 54 - 169
0.44009568337614474 [(0.0, 0.0), (200.0, 1.0)]
TimeRunning 4.418556451797485
0 	 6 	 7.0 	 1 	 7 	 551 	 0.02631578947368421
1 	 6 	 7.0 	 1 	 7 	 44 	 0.0
2 	 7 	 7.0 	 0 	 7 	 85 	 0.0
3 	 6 	 7.0 	 1 	 7 	 82 	 0.0
4 	 7 	 7.0 	 0 	 7 	 77 	 0.0
5 	 6 	 7.0 	 1 	 7 	 52 	 0.05263157894736842
6 	 7 	 7.0 	 0 	 7 	 1 	 0.02631578947368421
7 	 6 	 7.0 	 1 	 7 	 4 	 0.02631578947368421
8 	 6 	 8.0 	 2 	 7 	 3 	 0.02631578947368421
9 	 6 	 8.0 	 2 	 8 	 4 	 0.02631578947368421
10 	 7 	 8.0 	 1 	 8 	 1 	 0.02631578947368421
11 	 6 	 8.0 	 2 	 8 	 4 	 0.02631578947368421
12 	 5 	 8.0 	 3 	 7 	 3 	 0.02631578947368421
13 	 6 	 8.0 	 2 	 7 	 3 	 0.02631578947368421
14 	 4 	 8.0 	 4 	 7 	 1 	 0.02631578947368421
15 	 7 	 8.0 	 1 	 8 	 3 	 0.02631578947368421
16 	 5 	 8.0 	 3 	 7 	 2 	 0.02631578947368421
17 	 7 	 8.0 	 1 	 8 	 1 	 0.02631578947368421
18 	 5 	 8.0 	 3 	 8 	 2 	 0.02631578947368421
19 	 4 	 8.0 	 4 	 7 	 3 	 0.02631578947368421
20 	 5 	 8.0 	 3 	 7 	 2 	 0.02631578947368421
21 	 5 	 8.0 	 3 	 7 	 1 	 0.02631578947368421
22 	 6 	 8.0 	 2 	 7 	 1 	 0.02631578947368421
23 	 6 	 8.0 	 2 	 7 	 1 	 0.0
24 	 7 	 8.0 	 1 	 7 	 1 	 0.02631578947368421
25 	 6 	 8.0 	 2 	 7 	 1 	 0.02631578947368421
26 	 5 	 8.0 	 3 	 8 	 2 	 0.02631578947368421
27 	 5 	 8.0 	 3 	 8 	 19 	 0.05263157894736842
28 	 6 	 8.0 	 2 	 8 	 11 	 0.05263157894736842
29 	 4 	 8.0 	 4 	 7 	 12 	 0.05263157894736842
30 	 5 	 8.0 	 3 	 7 	 11 	 0.05263157894736842
31 	 5 	 8.0 	 3 	 7 	 3 	 0.05263157894736842
32 	 6 	 8.0 	 2 	 7 	 5 	 0.05263157894736842
33 	 6 	 8.0 	 2 	 7 	 3 	 0.02631578947368421
34 	 4 	 9.0 	 5 	 8 	 1 	 0.05263157894736842
BestSolution
x_{3}
x_{5}
x_{7}
x_{8}
x_{11}
x_{12}
x_{16}
Objective: 7
ChainS-ChainL 0.2 2
Info {'qpu_sampling_time': 267880.0, 'qpu_anneal_time_per_sample': 200.0, 'qpu_readout_time_per_sample': 47.3, 'qpu_access_time': 283642.77, 'qpu_access_overhead_time': 1541.23, 'qpu_programming_time': 15762.77, 'qpu_delay_time_per_sample': 20.58, 'post_processing_overhead_time': 50.0, 'total_post_processing_time': 50.0}
Emb {'embedding': {24: (2343,), 5: (3597,), 7: (3612, 2388), 8: (3537, 2267), 14: (3492,), 25: (3508, 3507), 2: (2402, 3402), 19: (2492,), 26: (3493,), 17: (3494,), 21: (2417,), 31: (3582,), 11: (3583,), 13: (2433,), 34: (2387,), 9: (3297,), 15: (2372,), 35: (3447,), 16: (2282,), 36: (3432,), 1: (2297,), 39: (2328,), 3: (2329,), 6: (3687,), 40: (2313, 2312), 20: (2327,), 41: (3417,), 18: (2477,), 44: (2283,), 10: (3551,), 12: (3627,), 47: (3538,), 50: (3567,), 0: (3552,), 4: (3568,), 51: (2358,), 52: (3477, 2373), 22: (3478,)}, 'chain_break_method': 'majority_vote', 'embedding_parameters': {}, 'chain_strength': 0.44009568337614474}
x_{0} 1
x_{1} 1
x_{2} 2
x_{3} 1
x_{4} 1
x_{5} 1
x_{6} 1
x_{7} 2
x_{8} 2
x_{9} 1
x_{10} 1
x_{11} 1
x_{12} 1
x_{13} 1
x_{14} 1
x_{15} 1
x_{16} 1
x_{17} 1
x_{18} 1
x_{19} 1
x_{20} 1
x_{21} 1
x_{22} 1
y^1_1 1
y^1_2 2
y^1_3 1
y^3_1 1
y^4_1 1
y^4_2 1
y^4_3 1
y^5_1 1
y^5_2 2
y^5_3 1
y^6_1 1
y^7_1 1
y^8_1 1
y^8_2 1
y^8_3 2
