#Var-#NoneZ: 126 - 411
0.5009794328681196 [(0.0, 0.0), (200.0, 1.0)]
TimeRunning 4.143063545227051
0 	 8 	 8.0 	 0 	 8 	 133 	 0.0
1 	 7 	 8.0 	 1 	 8 	 33 	 0.0
2 	 8 	 8.0 	 0 	 8 	 46 	 0.0
3 	 7 	 8.0 	 1 	 8 	 25 	 0.0
4 	 8 	 8.0 	 0 	 8 	 60 	 0.00980392156862745
5 	 9 	 9.0 	 1 	 9 	 3 	 0.00980392156862745
6 	 9 	 9.0 	 1 	 9 	 5 	 0.00980392156862745
7 	 8 	 9.0 	 2 	 8 	 2 	 0.00980392156862745
8 	 7 	 9.0 	 3 	 8 	 1 	 0.00980392156862745
9 	 8 	 9.0 	 2 	 9 	 3 	 0.00980392156862745
10 	 9 	 9.0 	 1 	 9 	 1 	 0.0196078431372549
11 	 8 	 9.0 	 2 	 8 	 1 	 0.00980392156862745
12 	 8 	 9.0 	 2 	 8 	 3 	 0.00980392156862745
13 	 8 	 9.0 	 2 	 8 	 1 	 0.0196078431372549
14 	 8 	 9.0 	 2 	 8 	 4 	 0.0196078431372549
15 	 9 	 9.0 	 1 	 9 	 7 	 0.0196078431372549
16 	 8 	 9.0 	 2 	 9 	 2 	 0.00980392156862745
17 	 8 	 9.0 	 2 	 8 	 1 	 0.00980392156862745
18 	 9 	 9.0 	 1 	 9 	 1 	 0.00980392156862745
19 	 9 	 9.0 	 0 	 9 	 1 	 0.00980392156862745
20 	 9 	 9.0 	 0 	 9 	 94 	 0.00980392156862745
21 	 8 	 9.0 	 1 	 8 	 2 	 0.00980392156862745
22 	 8 	 9.0 	 2 	 9 	 75 	 0.00980392156862745
23 	 8 	 9.0 	 2 	 8 	 35 	 0.0196078431372549
24 	 7 	 9.0 	 3 	 8 	 75 	 0.00980392156862745
25 	 7 	 9.0 	 3 	 8 	 78 	 0.00980392156862745
26 	 8 	 9.0 	 2 	 8 	 65 	 0.00980392156862745
27 	 8 	 9.0 	 2 	 9 	 79 	 0.00980392156862745
28 	 8 	 10.0 	 2 	 8 	 3 	 0.029411764705882353
29 	 8 	 10.0 	 3 	 9 	 1 	 0.0196078431372549
30 	 8 	 10.0 	 4 	 9 	 2 	 0.0196078431372549
31 	 7 	 10.0 	 5 	 8 	 1 	 0.0196078431372549
32 	 7 	 10.0 	 3 	 8 	 1 	 0.0196078431372549
33 	 7 	 10.0 	 3 	 8 	 2 	 0.0196078431372549
34 	 7 	 10.0 	 5 	 8 	 1 	 0.0196078431372549
35 	 9 	 10.0 	 3 	 9 	 2 	 0.029411764705882353
36 	 8 	 10.0 	 4 	 8 	 1 	 0.029411764705882353
37 	 8 	 10.0 	 4 	 8 	 2 	 0.029411764705882353
38 	 9 	 10.0 	 3 	 9 	 2 	 0.029411764705882353
39 	 7 	 10.0 	 4 	 8 	 1 	 0.0196078431372549
40 	 8 	 10.0 	 3 	 9 	 1 	 0.0196078431372549
41 	 9 	 10.0 	 2 	 10 	 1 	 0.0196078431372549
42 	 8 	 10.0 	 4 	 9 	 2 	 0.0196078431372549
43 	 7 	 10.0 	 4 	 8 	 1 	 0.0196078431372549
44 	 8 	 10.0 	 2 	 8 	 1 	 0.029411764705882353
45 	 8 	 10.0 	 2 	 8 	 1 	 0.0196078431372549
46 	 9 	 10.0 	 2 	 9 	 3 	 0.0196078431372549
47 	 9 	 10.0 	 2 	 10 	 1 	 0.00980392156862745
48 	 10 	 10.0 	 1 	 10 	 4 	 0.0196078431372549
49 	 8 	 10.0 	 4 	 8 	 1 	 0.0196078431372549
50 	 9 	 10.0 	 1 	 9 	 1 	 0.0196078431372549
51 	 8 	 10.0 	 3 	 8 	 1 	 0.0196078431372549
52 	 8 	 10.0 	 2 	 8 	 6 	 0.0196078431372549
53 	 8 	 10.0 	 2 	 8 	 1 	 0.0196078431372549
54 	 9 	 10.0 	 3 	 9 	 2 	 0.0196078431372549
55 	 9 	 10.0 	 2 	 9 	 58 	 0.0196078431372549
56 	 9 	 10.0 	 3 	 9 	 6 	 0.0196078431372549
57 	 10 	 10.0 	 1 	 10 	 6 	 0.0196078431372549
58 	 9 	 10.0 	 2 	 9 	 5 	 0.0196078431372549
59 	 8 	 10.0 	 4 	 8 	 1 	 0.0196078431372549
60 	 8 	 11.0 	 4 	 8 	 1 	 0.029411764705882353
61 	 8 	 11.0 	 3 	 8 	 2 	 0.0196078431372549
62 	 8 	 11.0 	 4 	 8 	 2 	 0.0392156862745098
63 	 7 	 11.0 	 5 	 8 	 2 	 0.029411764705882353
64 	 7 	 11.0 	 5 	 8 	 1 	 0.029411764705882353
65 	 9 	 11.0 	 4 	 9 	 2 	 0.029411764705882353
66 	 9 	 11.0 	 3 	 10 	 4 	 0.0196078431372549
67 	 8 	 11.0 	 4 	 9 	 1 	 0.0196078431372549
68 	 8 	 11.0 	 4 	 8 	 1 	 0.029411764705882353
69 	 10 	 11.0 	 3 	 10 	 4 	 0.029411764705882353
70 	 10 	 11.0 	 3 	 10 	 5 	 0.029411764705882353
71 	 9 	 11.0 	 3 	 10 	 1 	 0.0196078431372549
72 	 8 	 11.0 	 4 	 9 	 2 	 0.0196078431372549
73 	 9 	 11.0 	 2 	 9 	 2 	 0.029411764705882353
74 	 9 	 11.0 	 4 	 9 	 3 	 0.029411764705882353
75 	 8 	 11.0 	 4 	 8 	 1 	 0.029411764705882353
76 	 9 	 12.0 	 4 	 9 	 2 	 0.029411764705882353
77 	 9 	 12.0 	 4 	 9 	 1 	 0.0392156862745098
78 	 9 	 12.0 	 4 	 9 	 1 	 0.0392156862745098
79 	 8 	 12.0 	 4 	 9 	 3 	 0.029411764705882353
80 	 8 	 14.0 	 7 	 8 	 1 	 0.049019607843137254
BestSolution
x_{39}
x_{15}
x_{16}
x_{48}
x_{21}
x_{53}
x_{23}
x_{54}
Objective: 8
ChainS-ChainL 0.2 3
Info {'qpu_sampling_time': 342480.0, 'qpu_anneal_time_per_sample': 200.0, 'qpu_readout_time_per_sample': 121.9, 'qpu_access_time': 358242.37, 'qpu_access_overhead_time': 1623.63, 'qpu_programming_time': 15762.37, 'qpu_delay_time_per_sample': 20.58, 'post_processing_overhead_time': 35.0, 'total_post_processing_time': 35.0}
Emb {'embedding': {58: (3773,), 0: (3772,), 15: (3803, 1684, 3802), 19: (3774,), 39: (1729, 1730), 59: (1594, 3758), 16: (1490, 3863, 1491), 41: (3743,), 60: (1609,), 13: (1608,), 42: (3787, 1384, 3788), 65: (4058,), 23: (1610, 1611), 28: (1596, 1595), 36: (1566,), 38: (1505,), 66: (4043, 1535), 30: (3998,), 48: (1445, 3952, 1446), 67: (1565,), 21: (1580,), 53: (3921, 3922), 70: (3831, 3832), 3: (1295, 1296), 8: (3817,), 11: (1249,), 71: (1474, 1475), 6: (3742,), 18: (3713,), 72: (1579, 3727), 73: (3818, 1655, 3983), 10: (1685,), 74: (4013, 1700), 20: (4059,), 75: (1656,), 24: (1670, 1671), 31: (4163,), 76: (4148,), 33: (1686,), 77: (1536, 4193), 29: (4208,), 78: (1581, 4087), 34: (1521, 4117), 79: (1520, 1519), 32: (1504,), 80: (1414, 3757), 46: (3697,), 81: (1430, 1429), 9: (1415,), 82: (3892,), 4: (1339,), 50: (1385,), 83: (3877, 1324), 37: (1369,), 51: (1310,), 84: (3906,), 27: (1265,), 85: (1280,), 17: (1281, 4146), 55: (3981,), 88: (4028, 1550), 91: (1534,), 7: (1533,), 47: (3907,), 92: (1549,), 49: (3878,), 93: (3894, 3893), 54: (1714,), 96: (1489,), 99: (3864,), 2: (1789,), 102: (4073, 1626), 25: (4074,), 26: (1641,), 103: (4088,), 104: (4102, 4103, 4101), 43: (1386,), 105: (4086,), 45: (1340,), 106: (3951, 1355), 5: (1325,), 107: (4027,), 1: (4042,), 108: (1400,), 35: (3936,), 111: (1564, 3833), 112: (3848, 3847, 3849), 113: (1354,), 116: (4147,), 12: (1416,), 22: (1356,), 117: (1401, 4116), 44: (1311,), 118: (4072,), 14: (4057,), 119: (1370, 3997), 40: (3982,), 120: (3968, 3967), 52: (1625,), 121: (3908, 1640), 122: (3923,), 56: (1699,)}, 'chain_break_method': 'majority_vote', 'embedding_parameters': {}, 'chain_strength': 0.5009794328681196}
x_{0} 1
x_{1} 1
x_{2} 1
x_{3} 2
x_{4} 1
x_{5} 1
x_{6} 1
x_{7} 1
x_{8} 1
x_{9} 1
x_{10} 1
x_{11} 1
x_{12} 1
x_{13} 1
x_{14} 1
x_{15} 3
x_{16} 3
x_{17} 2
x_{18} 1
x_{19} 1
x_{20} 1
x_{21} 1
x_{22} 1
x_{23} 2
x_{24} 2
x_{25} 1
x_{26} 1
x_{27} 1
x_{28} 2
x_{29} 1
x_{30} 1
x_{31} 1
x_{32} 1
x_{33} 1
x_{34} 2
x_{35} 1
x_{36} 1
x_{37} 1
x_{38} 1
x_{39} 2
x_{40} 1
x_{41} 1
x_{42} 3
x_{43} 1
x_{44} 1
x_{45} 1
x_{46} 1
x_{47} 1
x_{48} 3
x_{49} 1
x_{50} 1
x_{51} 1
x_{52} 1
x_{53} 2
x_{54} 1
x_{55} 1
x_{56} 1
y^1_1 1
y^1_2 2
y^1_3 1
y^3_1 1
y^3_2 2
y^3_3 1
y^4_1 2
y^4_2 2
y^4_3 2
y^4_4 3
y^4_5 2
y^4_6 1
y^4_7 1
y^4_8 2
y^4_9 2
y^4_10 2
y^4_11 2
y^4_12 2
y^4_13 1
y^4_14 2
y^4_15 1
y^4_16 1
y^5_1 2
y^6_1 1
y^6_2 1
y^6_3 2
y^7_1 1
y^8_1 1
y^9_1 2
y^9_2 1
y^9_3 3
y^9_4 1
y^9_5 2
y^9_6 1
y^9_7 1
y^10_1 2
y^10_2 3
y^10_3 1
y^11_1 1
y^11_2 2
y^11_3 1
y^11_4 2
y^11_5 2
y^11_6 2
y^11_7 1
