#Var-#NoneZ: 109 - 349
0.4925823409719055 [(0.0, 0.0), (200.0, 1.0)]
TimeRunning 4.195240259170532
0 	 6 	 6.0 	 0 	 6 	 855 	 0.01098901098901099
1 	 6 	 6.0 	 0 	 6 	 1 	 0.03296703296703297
2 	 6 	 6.0 	 0 	 6 	 1 	 0.0
3 	 6 	 6.0 	 0 	 6 	 1 	 0.02197802197802198
4 	 6 	 7.0 	 1 	 7 	 4 	 0.01098901098901099
5 	 7 	 7.0 	 0 	 7 	 2 	 0.01098901098901099
6 	 6 	 7.0 	 1 	 7 	 6 	 0.01098901098901099
7 	 5 	 7.0 	 2 	 6 	 1 	 0.01098901098901099
8 	 6 	 7.0 	 1 	 7 	 2 	 0.02197802197802198
9 	 5 	 7.0 	 2 	 6 	 1 	 0.02197802197802198
10 	 7 	 7.0 	 0 	 7 	 1 	 0.01098901098901099
11 	 7 	 7.0 	 1 	 7 	 25 	 0.02197802197802198
12 	 7 	 7.0 	 1 	 7 	 8 	 0.02197802197802198
13 	 6 	 7.0 	 2 	 6 	 9 	 0.02197802197802198
14 	 6 	 7.0 	 2 	 6 	 3 	 0.02197802197802198
15 	 8 	 8.0 	 0 	 8 	 2 	 0.0
16 	 5 	 8.0 	 2 	 6 	 1 	 0.03296703296703297
17 	 5 	 8.0 	 2 	 6 	 4 	 0.02197802197802198
18 	 6 	 8.0 	 1 	 7 	 2 	 0.02197802197802198
19 	 7 	 8.0 	 2 	 7 	 1 	 0.02197802197802198
20 	 6 	 8.0 	 2 	 6 	 40 	 0.03296703296703297
21 	 7 	 9.0 	 3 	 7 	 1 	 0.04395604395604396
22 	 6 	 9.0 	 4 	 6 	 1 	 0.04395604395604396
23 	 8 	 10.0 	 2 	 10 	 1 	 0.01098901098901099
24 	 9 	 10.0 	 1 	 10 	 1 	 0.01098901098901099
25 	 7 	 10.0 	 3 	 10 	 1 	 0.01098901098901099
26 	 9 	 10.0 	 1 	 10 	 1 	 0.01098901098901099
27 	 6 	 10.0 	 4 	 10 	 1 	 0.01098901098901099
28 	 8 	 10.0 	 2 	 10 	 1 	 0.01098901098901099
29 	 9 	 10.0 	 1 	 10 	 1 	 0.01098901098901099
30 	 6 	 10.0 	 4 	 10 	 1 	 0.01098901098901099
31 	 9 	 10.0 	 1 	 10 	 2 	 0.02197802197802198
32 	 8 	 10.0 	 2 	 10 	 1 	 0.02197802197802198
33 	 6 	 10.0 	 4 	 10 	 1 	 0.02197802197802198
34 	 7 	 10.0 	 4 	 9 	 1 	 0.03296703296703297
35 	 8 	 10.0 	 2 	 10 	 1 	 0.02197802197802198
36 	 7 	 10.0 	 3 	 10 	 1 	 0.03296703296703297
37 	 5 	 10.0 	 5 	 10 	 1 	 0.03296703296703297
38 	 9 	 10.0 	 2 	 10 	 1 	 0.02197802197802198
39 	 9 	 10.0 	 2 	 10 	 2 	 0.02197802197802198
40 	 10 	 10.0 	 1 	 10 	 1 	 0.02197802197802198
41 	 9 	 10.0 	 1 	 10 	 1 	 0.01098901098901099
42 	 8 	 10.0 	 3 	 9 	 1 	 0.03296703296703297
43 	 7 	 11.0 	 3 	 10 	 1 	 0.02197802197802198
44 	 9 	 11.0 	 1 	 10 	 1 	 0.02197802197802198
45 	 6 	 11.0 	 4 	 10 	 1 	 0.02197802197802198
46 	 9 	 11.0 	 1 	 10 	 1 	 0.02197802197802198
47 	 6 	 11.0 	 5 	 11 	 1 	 0.02197802197802198
48 	 6 	 12.0 	 4 	 10 	 1 	 0.03296703296703297
BestSolution
x_{7}
x_{8}
x_{9}
x_{45}
x_{19}
x_{21}
Objective: 6
ChainS-ChainL 0.2 3
Info {'qpu_sampling_time': 268600.0, 'qpu_anneal_time_per_sample': 200.0, 'qpu_readout_time_per_sample': 48.02, 'qpu_access_time': 284363.97, 'qpu_access_overhead_time': 1673.03, 'qpu_programming_time': 15763.97, 'qpu_delay_time_per_sample': 20.58, 'post_processing_overhead_time': 29.0, 'total_post_processing_time': 29.0}
Emb {'embedding': {53: (2416,), 8: (2417,), 9: (3358,), 16: (3343, 2431), 32: (2401,), 54: (3222,), 23: (2311, 2312, 2310), 41: (2446,), 55: (3237,), 40: (2475, 2476), 46: (3238,), 58: (3372, 3371), 6: (2147,), 7: (2326, 2327, 2325), 25: (3373,), 31: (2192,), 59: (3162, 2206, 2207), 33: (2250,), 60: (3147, 3148), 24: (2400,), 61: (3133, 2521), 20: (3163,), 44: (3208,), 62: (2537, 2536), 45: (3432, 2357, 3433), 63: (2522, 2523), 10: (3463,), 49: (3493,), 64: (2432, 3448), 50: (2433,), 67: (3297, 3298), 11: (3296,), 17: (2552,), 19: (2567, 3388), 21: (2342,), 68: (3282, 3283), 4: (2266,), 69: (3267, 2386, 2296), 22: (2341,), 28: (3178,), 70: (2356, 3177), 38: (2265,), 71: (3117, 3118), 1: (2580,), 39: (3103,), 72: (3193, 2566), 34: (2491,), 48: (2551,), 73: (3253, 3252), 14: (2506,), 51: (2281,), 76: (3462,), 43: (3477,), 79: (3327,), 82: (2252, 3507), 2: (3551,), 36: (2267,), 83: (3447,), 84: (2402,), 87: (3357,), 12: (3356,), 88: (3342,), 47: (2297,), 89: (2282, 3492), 92: (3402, 2387), 15: (2372,), 93: (3387,), 37: (2462,), 94: (2477,), 30: (2478,), 97: (2507,), 98: (2492,), 18: (3418,), 99: (2657, 3403), 26: (2642,), 100: (3344, 2581), 27: (2596,), 101: (3268, 2461), 13: (3192,), 102: (3207, 2445), 29: (2430,), 103: (3057,), 35: (2340,), 104: (2460, 3012), 3: (3088,), 105: (3073,), 42: (2535, 3043), 106: (2595,), 5: (3164,), 107: (2625, 3179), 0: (3074,)}, 'chain_break_method': 'majority_vote', 'embedding_parameters': {}, 'chain_strength': 0.4925823409719055}
x_{0} 1
x_{1} 1
x_{2} 1
x_{3} 1
x_{4} 1
x_{5} 1
x_{6} 1
x_{7} 3
x_{8} 1
x_{9} 1
x_{10} 1
x_{11} 1
x_{12} 1
x_{13} 1
x_{14} 1
x_{15} 1
x_{16} 2
x_{17} 1
x_{18} 1
x_{19} 2
x_{20} 1
x_{21} 1
x_{22} 1
x_{23} 3
x_{24} 1
x_{25} 1
x_{26} 1
x_{27} 1
x_{28} 1
x_{29} 1
x_{30} 1
x_{31} 1
x_{32} 1
x_{33} 1
x_{34} 1
x_{35} 1
x_{36} 1
x_{37} 1
x_{38} 1
x_{39} 1
x_{40} 2
x_{41} 1
x_{42} 2
x_{43} 1
x_{44} 1
x_{45} 3
x_{46} 1
x_{47} 1
x_{48} 1
x_{49} 1
x_{50} 1
x_{51} 1
y^1_1 1
y^1_2 1
y^1_3 1
y^2_1 2
y^2_2 3
y^2_3 2
y^2_4 2
y^2_5 2
y^2_6 2
y^2_7 2
y^3_1 2
y^3_2 2
y^3_3 3
y^3_4 2
y^3_5 2
y^3_6 2
y^3_7 2
y^4_1 1
y^5_1 1
y^6_1 2
y^6_2 1
y^6_3 1
y^7_1 1
y^7_2 1
y^7_3 2
y^8_1 2
y^8_2 1
y^8_3 1
y^9_1 1
y^9_2 1
y^9_3 2
y^9_4 2
y^9_5 2
y^9_6 2
y^9_7 1
y^9_8 2
y^9_9 1
y^9_10 1
y^9_11 2
