#Var-#NoneZ: 225 - 785
0.5419811710231175 [(0.0, 0.0), (200.0, 1.0)]
TimeRunning 4.866337537765503
0 	 9 	 9.0 	 0 	 9 	 1 	 0.005128205128205128
1 	 9 	 10.0 	 3 	 9 	 159 	 0.015384615384615385
2 	 9 	 10.0 	 3 	 9 	 1 	 0.020512820512820513
3 	 10 	 10.0 	 0 	 10 	 1 	 0.015384615384615385
4 	 9 	 10.0 	 2 	 9 	 1 	 0.020512820512820513
5 	 9 	 10.0 	 3 	 9 	 1 	 0.020512820512820513
6 	 9 	 10.0 	 3 	 9 	 1 	 0.020512820512820513
7 	 9 	 10.0 	 3 	 9 	 1 	 0.020512820512820513
8 	 9 	 10.0 	 2 	 9 	 1 	 0.020512820512820513
9 	 9 	 10.0 	 3 	 9 	 2 	 0.020512820512820513
10 	 9 	 10.0 	 3 	 9 	 1 	 0.020512820512820513
11 	 9 	 10.0 	 3 	 9 	 2 	 0.015384615384615385
12 	 9 	 10.0 	 3 	 9 	 2 	 0.03076923076923077
13 	 9 	 10.0 	 3 	 9 	 1 	 0.03076923076923077
14 	 9 	 10.0 	 3 	 9 	 2 	 0.03076923076923077
15 	 9 	 10.0 	 3 	 9 	 1 	 0.02564102564102564
16 	 9 	 10.0 	 3 	 9 	 1 	 0.02564102564102564
17 	 9 	 10.0 	 3 	 9 	 1 	 0.02564102564102564
18 	 9 	 10.0 	 3 	 9 	 2 	 0.02564102564102564
19 	 9 	 10.0 	 3 	 9 	 3 	 0.015384615384615385
20 	 9 	 10.0 	 2 	 9 	 15 	 0.015384615384615385
21 	 9 	 10.0 	 3 	 9 	 1 	 0.020512820512820513
22 	 9 	 10.0 	 3 	 9 	 1 	 0.020512820512820513
23 	 9 	 10.0 	 2 	 9 	 3 	 0.020512820512820513
24 	 9 	 10.0 	 3 	 9 	 1 	 0.020512820512820513
25 	 9 	 10.0 	 3 	 9 	 1 	 0.02564102564102564
26 	 10 	 10.0 	 1 	 10 	 3 	 0.015384615384615385
27 	 9 	 10.0 	 3 	 9 	 1 	 0.015384615384615385
28 	 9 	 10.0 	 3 	 9 	 1 	 0.03076923076923077
29 	 9 	 10.0 	 3 	 9 	 1 	 0.02564102564102564
30 	 9 	 10.0 	 2 	 9 	 1 	 0.015384615384615385
31 	 9 	 10.0 	 2 	 9 	 1 	 0.02564102564102564
32 	 9 	 10.0 	 2 	 9 	 1 	 0.02564102564102564
33 	 9 	 10.0 	 2 	 9 	 2 	 0.02564102564102564
34 	 9 	 10.0 	 2 	 9 	 1 	 0.02564102564102564
35 	 9 	 10.0 	 3 	 9 	 1 	 0.02564102564102564
36 	 9 	 10.0 	 2 	 9 	 2 	 0.020512820512820513
37 	 9 	 10.0 	 2 	 9 	 1 	 0.020512820512820513
38 	 9 	 10.0 	 2 	 9 	 1 	 0.020512820512820513
39 	 9 	 10.0 	 3 	 9 	 1 	 0.03076923076923077
40 	 9 	 10.0 	 3 	 9 	 2 	 0.020512820512820513
41 	 9 	 10.0 	 3 	 9 	 1 	 0.020512820512820513
42 	 9 	 10.0 	 3 	 9 	 1 	 0.020512820512820513
43 	 9 	 10.0 	 2 	 9 	 2 	 0.020512820512820513
44 	 9 	 10.0 	 3 	 9 	 8 	 0.015384615384615385
45 	 9 	 10.0 	 3 	 9 	 2 	 0.015384615384615385
46 	 9 	 10.0 	 2 	 9 	 2 	 0.015384615384615385
47 	 9 	 10.0 	 2 	 9 	 6 	 0.015384615384615385
48 	 9 	 10.0 	 3 	 9 	 7 	 0.02564102564102564
49 	 9 	 10.0 	 3 	 9 	 7 	 0.02564102564102564
50 	 9 	 10.0 	 3 	 9 	 5 	 0.02564102564102564
51 	 9 	 10.0 	 3 	 9 	 3 	 0.02564102564102564
52 	 9 	 10.0 	 3 	 9 	 3 	 0.02564102564102564
53 	 9 	 10.0 	 3 	 9 	 3 	 0.015384615384615385
54 	 9 	 10.0 	 3 	 9 	 5 	 0.02564102564102564
55 	 9 	 10.0 	 3 	 9 	 1 	 0.02564102564102564
56 	 9 	 10.0 	 3 	 9 	 1 	 0.02564102564102564
57 	 9 	 10.0 	 3 	 9 	 2 	 0.020512820512820513
58 	 9 	 10.0 	 2 	 9 	 6 	 0.010256410256410256
59 	 9 	 10.0 	 3 	 9 	 14 	 0.010256410256410256
60 	 9 	 10.0 	 2 	 9 	 42 	 0.010256410256410256
61 	 9 	 10.0 	 3 	 9 	 13 	 0.010256410256410256
62 	 9 	 10.0 	 3 	 9 	 20 	 0.010256410256410256
63 	 9 	 10.0 	 3 	 9 	 4 	 0.010256410256410256
64 	 9 	 10.0 	 3 	 9 	 33 	 0.020512820512820513
65 	 9 	 10.0 	 3 	 9 	 15 	 0.020512820512820513
66 	 9 	 10.0 	 3 	 9 	 33 	 0.020512820512820513
67 	 9 	 10.0 	 3 	 9 	 27 	 0.020512820512820513
68 	 9 	 10.0 	 3 	 9 	 12 	 0.020512820512820513
69 	 9 	 10.0 	 3 	 9 	 2 	 0.015384615384615385
70 	 9 	 10.0 	 3 	 9 	 1 	 0.015384615384615385
71 	 9 	 10.0 	 3 	 9 	 1 	 0.03076923076923077
72 	 9 	 10.0 	 3 	 9 	 2 	 0.015384615384615385
73 	 9 	 10.0 	 3 	 9 	 1 	 0.015384615384615385
74 	 9 	 10.0 	 3 	 9 	 1 	 0.015384615384615385
75 	 9 	 10.0 	 3 	 9 	 1 	 0.015384615384615385
76 	 9 	 10.0 	 3 	 9 	 3 	 0.015384615384615385
77 	 9 	 10.0 	 2 	 9 	 5 	 0.015384615384615385
78 	 9 	 10.0 	 3 	 9 	 1 	 0.015384615384615385
79 	 9 	 10.0 	 3 	 9 	 3 	 0.015384615384615385
80 	 9 	 10.0 	 2 	 9 	 8 	 0.015384615384615385
81 	 9 	 10.0 	 2 	 9 	 7 	 0.015384615384615385
82 	 9 	 10.0 	 3 	 9 	 2 	 0.015384615384615385
83 	 9 	 10.0 	 3 	 9 	 4 	 0.015384615384615385
84 	 9 	 10.0 	 3 	 9 	 1 	 0.015384615384615385
85 	 9 	 10.0 	 3 	 9 	 2 	 0.015384615384615385
86 	 10 	 11.0 	 4 	 10 	 1 	 0.03076923076923077
87 	 10 	 11.0 	 3 	 10 	 1 	 0.03076923076923077
88 	 10 	 11.0 	 4 	 10 	 1 	 0.03076923076923077
89 	 10 	 11.0 	 4 	 10 	 1 	 0.02564102564102564
90 	 10 	 11.0 	 4 	 10 	 1 	 0.03076923076923077
91 	 10 	 11.0 	 4 	 10 	 1 	 0.015384615384615385
92 	 10 	 11.0 	 3 	 10 	 1 	 0.03076923076923077
93 	 10 	 11.0 	 3 	 10 	 1 	 0.03076923076923077
94 	 9 	 11.0 	 4 	 9 	 1 	 0.015384615384615385
95 	 10 	 11.0 	 3 	 10 	 1 	 0.015384615384615385
96 	 10 	 11.0 	 3 	 10 	 1 	 0.015384615384615385
97 	 10 	 11.0 	 3 	 10 	 1 	 0.015384615384615385
98 	 9 	 11.0 	 4 	 9 	 1 	 0.015384615384615385
99 	 10 	 11.0 	 3 	 10 	 1 	 0.02564102564102564
100 	 10 	 11.0 	 3 	 10 	 1 	 0.02564102564102564
101 	 9 	 11.0 	 5 	 9 	 1 	 0.015384615384615385
102 	 10 	 11.0 	 4 	 10 	 1 	 0.02564102564102564
103 	 10 	 11.0 	 2 	 10 	 1 	 0.015384615384615385
104 	 10 	 11.0 	 3 	 10 	 1 	 0.015384615384615385
105 	 10 	 11.0 	 2 	 10 	 1 	 0.03076923076923077
106 	 10 	 11.0 	 4 	 10 	 1 	 0.02564102564102564
107 	 10 	 11.0 	 3 	 10 	 1 	 0.015384615384615385
108 	 10 	 11.0 	 4 	 10 	 1 	 0.02564102564102564
109 	 10 	 11.0 	 3 	 10 	 4 	 0.02564102564102564
110 	 10 	 11.0 	 2 	 10 	 4 	 0.015384615384615385
111 	 10 	 11.0 	 4 	 10 	 1 	 0.035897435897435895
112 	 10 	 11.0 	 3 	 10 	 2 	 0.015384615384615385
113 	 10 	 11.0 	 4 	 10 	 2 	 0.015384615384615385
114 	 10 	 11.0 	 4 	 10 	 1 	 0.03076923076923077
115 	 10 	 11.0 	 4 	 10 	 1 	 0.015384615384615385
116 	 9 	 11.0 	 4 	 9 	 1 	 0.015384615384615385
117 	 10 	 11.0 	 3 	 10 	 3 	 0.015384615384615385
118 	 9 	 11.0 	 3 	 10 	 1 	 0.015384615384615385
119 	 10 	 11.0 	 3 	 10 	 3 	 0.015384615384615385
120 	 10 	 11.0 	 4 	 10 	 1 	 0.041025641025641026
121 	 10 	 11.0 	 2 	 10 	 1 	 0.03076923076923077
122 	 10 	 11.0 	 3 	 10 	 2 	 0.015384615384615385
123 	 10 	 11.0 	 3 	 10 	 1 	 0.015384615384615385
124 	 10 	 11.0 	 4 	 10 	 1 	 0.041025641025641026
125 	 10 	 11.0 	 4 	 10 	 1 	 0.015384615384615385
126 	 10 	 11.0 	 3 	 10 	 1 	 0.02564102564102564
127 	 10 	 11.0 	 4 	 10 	 1 	 0.020512820512820513
128 	 9 	 11.0 	 5 	 9 	 1 	 0.02564102564102564
129 	 10 	 11.0 	 4 	 10 	 2 	 0.02564102564102564
130 	 10 	 11.0 	 3 	 10 	 1 	 0.02564102564102564
131 	 10 	 11.0 	 3 	 10 	 1 	 0.02564102564102564
132 	 10 	 11.0 	 3 	 10 	 1 	 0.015384615384615385
133 	 10 	 11.0 	 3 	 10 	 1 	 0.015384615384615385
134 	 10 	 11.0 	 2 	 10 	 1 	 0.015384615384615385
135 	 10 	 11.0 	 2 	 10 	 1 	 0.03076923076923077
136 	 10 	 11.0 	 4 	 10 	 1 	 0.020512820512820513
137 	 10 	 11.0 	 2 	 10 	 1 	 0.020512820512820513
138 	 10 	 11.0 	 3 	 10 	 1 	 0.03076923076923077
139 	 10 	 11.0 	 4 	 10 	 1 	 0.020512820512820513
140 	 10 	 11.0 	 4 	 10 	 1 	 0.020512820512820513
141 	 10 	 11.0 	 4 	 10 	 1 	 0.02564102564102564
142 	 11 	 11.0 	 2 	 11 	 1 	 0.02564102564102564
143 	 10 	 11.0 	 3 	 10 	 1 	 0.03076923076923077
144 	 10 	 11.0 	 2 	 10 	 1 	 0.03076923076923077
145 	 10 	 11.0 	 3 	 10 	 1 	 0.020512820512820513
146 	 10 	 11.0 	 3 	 10 	 1 	 0.020512820512820513
147 	 10 	 11.0 	 2 	 10 	 1 	 0.010256410256410256
148 	 10 	 11.0 	 2 	 10 	 1 	 0.010256410256410256
149 	 10 	 11.0 	 4 	 10 	 1 	 0.010256410256410256
150 	 10 	 11.0 	 3 	 10 	 1 	 0.020512820512820513
151 	 10 	 11.0 	 3 	 10 	 1 	 0.020512820512820513
152 	 10 	 11.0 	 3 	 10 	 1 	 0.020512820512820513
153 	 10 	 11.0 	 3 	 10 	 2 	 0.020512820512820513
154 	 10 	 11.0 	 2 	 10 	 1 	 0.020512820512820513
155 	 10 	 11.0 	 2 	 10 	 2 	 0.020512820512820513
156 	 10 	 11.0 	 2 	 10 	 1 	 0.020512820512820513
157 	 10 	 11.0 	 4 	 10 	 1 	 0.020512820512820513
158 	 10 	 11.0 	 3 	 10 	 1 	 0.020512820512820513
159 	 10 	 11.0 	 3 	 10 	 1 	 0.020512820512820513
160 	 9 	 11.0 	 4 	 9 	 1 	 0.020512820512820513
161 	 10 	 11.0 	 3 	 10 	 1 	 0.020512820512820513
162 	 10 	 11.0 	 4 	 10 	 1 	 0.020512820512820513
163 	 9 	 11.0 	 4 	 9 	 1 	 0.020512820512820513
164 	 10 	 11.0 	 3 	 10 	 1 	 0.020512820512820513
165 	 10 	 11.0 	 2 	 10 	 1 	 0.02564102564102564
166 	 10 	 11.0 	 3 	 10 	 1 	 0.03076923076923077
167 	 10 	 11.0 	 4 	 10 	 1 	 0.010256410256410256
168 	 10 	 11.0 	 4 	 10 	 1 	 0.010256410256410256
169 	 10 	 11.0 	 2 	 10 	 1 	 0.020512820512820513
170 	 10 	 11.0 	 4 	 10 	 2 	 0.02564102564102564
171 	 10 	 11.0 	 4 	 10 	 1 	 0.02564102564102564
172 	 10 	 11.0 	 3 	 10 	 2 	 0.02564102564102564
173 	 10 	 11.0 	 4 	 10 	 1 	 0.03076923076923077
174 	 10 	 11.0 	 3 	 10 	 1 	 0.015384615384615385
175 	 10 	 11.0 	 4 	 10 	 7 	 0.03076923076923077
176 	 10 	 11.0 	 2 	 10 	 6 	 0.015384615384615385
177 	 10 	 11.0 	 4 	 10 	 5 	 0.03076923076923077
178 	 10 	 11.0 	 3 	 10 	 1 	 0.015384615384615385
179 	 10 	 11.0 	 4 	 10 	 7 	 0.03076923076923077
180 	 10 	 11.0 	 4 	 10 	 9 	 0.03076923076923077
181 	 10 	 11.0 	 3 	 10 	 9 	 0.020512820512820513
182 	 10 	 11.0 	 3 	 10 	 1 	 0.020512820512820513
183 	 9 	 11.0 	 3 	 9 	 7 	 0.015384615384615385
184 	 10 	 11.0 	 4 	 10 	 1 	 0.020512820512820513
185 	 10 	 11.0 	 4 	 10 	 3 	 0.020512820512820513
186 	 10 	 11.0 	 4 	 10 	 1 	 0.020512820512820513
187 	 10 	 11.0 	 3 	 10 	 1 	 0.02564102564102564
188 	 10 	 11.0 	 4 	 10 	 1 	 0.020512820512820513
189 	 10 	 11.0 	 4 	 10 	 2 	 0.020512820512820513
190 	 10 	 11.0 	 3 	 10 	 1 	 0.020512820512820513
191 	 10 	 11.0 	 3 	 10 	 3 	 0.02564102564102564
192 	 10 	 11.0 	 3 	 10 	 1 	 0.02564102564102564
193 	 9 	 11.0 	 5 	 9 	 3 	 0.020512820512820513
194 	 10 	 11.0 	 2 	 10 	 6 	 0.020512820512820513
195 	 9 	 11.0 	 3 	 10 	 2 	 0.015384615384615385
196 	 10 	 11.0 	 3 	 10 	 1 	 0.020512820512820513
197 	 10 	 11.0 	 2 	 10 	 3 	 0.020512820512820513
198 	 10 	 11.0 	 2 	 10 	 3 	 0.020512820512820513
199 	 10 	 11.0 	 3 	 10 	 1 	 0.03076923076923077
200 	 9 	 11.0 	 3 	 9 	 1 	 0.020512820512820513
201 	 10 	 11.0 	 3 	 10 	 1 	 0.02564102564102564
202 	 9 	 11.0 	 3 	 9 	 1 	 0.02564102564102564
203 	 10 	 11.0 	 3 	 10 	 1 	 0.02564102564102564
204 	 10 	 11.0 	 3 	 10 	 1 	 0.02564102564102564
205 	 10 	 11.0 	 3 	 10 	 1 	 0.020512820512820513
206 	 9 	 11.0 	 3 	 9 	 2 	 0.020512820512820513
207 	 9 	 11.0 	 3 	 9 	 1 	 0.02564102564102564
208 	 9 	 11.0 	 4 	 9 	 1 	 0.020512820512820513
209 	 9 	 11.0 	 5 	 9 	 1 	 0.03076923076923077
210 	 10 	 11.0 	 2 	 10 	 2 	 0.020512820512820513
211 	 10 	 11.0 	 3 	 10 	 1 	 0.03076923076923077
212 	 10 	 11.0 	 3 	 10 	 1 	 0.020512820512820513
213 	 10 	 11.0 	 4 	 10 	 47 	 0.02564102564102564
214 	 10 	 11.0 	 3 	 10 	 3 	 0.02564102564102564
215 	 10 	 11.0 	 3 	 10 	 1 	 0.03076923076923077
216 	 10 	 11.0 	 3 	 10 	 19 	 0.020512820512820513
217 	 10 	 11.0 	 4 	 10 	 2 	 0.020512820512820513
218 	 10 	 11.0 	 3 	 10 	 1 	 0.020512820512820513
219 	 10 	 11.0 	 3 	 10 	 1 	 0.02564102564102564
220 	 10 	 11.0 	 4 	 10 	 1 	 0.02564102564102564
221 	 10 	 11.0 	 4 	 10 	 1 	 0.02564102564102564
222 	 10 	 11.0 	 4 	 10 	 1 	 0.02564102564102564
223 	 10 	 11.0 	 4 	 10 	 5 	 0.020512820512820513
224 	 10 	 11.0 	 4 	 10 	 1 	 0.02564102564102564
225 	 10 	 11.0 	 4 	 10 	 1 	 0.02564102564102564
226 	 10 	 11.0 	 4 	 10 	 1 	 0.02564102564102564
227 	 10 	 11.0 	 3 	 10 	 1 	 0.02564102564102564
228 	 10 	 11.0 	 3 	 10 	 1 	 0.02564102564102564
229 	 10 	 11.0 	 4 	 10 	 1 	 0.02564102564102564
230 	 10 	 11.0 	 3 	 10 	 1 	 0.02564102564102564
231 	 10 	 11.0 	 3 	 10 	 2 	 0.02564102564102564
232 	 10 	 11.0 	 3 	 10 	 4 	 0.02564102564102564
233 	 10 	 11.0 	 4 	 10 	 1 	 0.02564102564102564
234 	 10 	 11.0 	 3 	 10 	 26 	 0.020512820512820513
235 	 10 	 11.0 	 3 	 10 	 2 	 0.02564102564102564
236 	 10 	 11.0 	 3 	 10 	 1 	 0.02564102564102564
237 	 9 	 11.0 	 3 	 10 	 1 	 0.015384615384615385
238 	 10 	 11.0 	 4 	 10 	 1 	 0.02564102564102564
239 	 10 	 11.0 	 4 	 10 	 1 	 0.035897435897435895
240 	 10 	 11.0 	 2 	 10 	 1 	 0.02564102564102564
241 	 10 	 11.0 	 2 	 10 	 1 	 0.02564102564102564
242 	 10 	 11.0 	 2 	 10 	 1 	 0.02564102564102564
243 	 10 	 11.0 	 3 	 10 	 5 	 0.02564102564102564
244 	 10 	 11.0 	 4 	 10 	 1 	 0.035897435897435895
245 	 10 	 11.0 	 4 	 10 	 1 	 0.035897435897435895
246 	 10 	 11.0 	 4 	 10 	 1 	 0.035897435897435895
247 	 10 	 12.0 	 4 	 10 	 1 	 0.02564102564102564
248 	 10 	 12.0 	 5 	 10 	 1 	 0.02564102564102564
249 	 10 	 12.0 	 4 	 10 	 1 	 0.02564102564102564
250 	 9 	 12.0 	 6 	 9 	 1 	 0.02564102564102564
251 	 11 	 12.0 	 3 	 11 	 1 	 0.02564102564102564
252 	 10 	 12.0 	 4 	 11 	 1 	 0.015384615384615385
253 	 11 	 12.0 	 3 	 11 	 1 	 0.010256410256410256
254 	 11 	 12.0 	 3 	 11 	 1 	 0.020512820512820513
255 	 11 	 12.0 	 2 	 11 	 1 	 0.020512820512820513
256 	 11 	 12.0 	 2 	 11 	 1 	 0.020512820512820513
257 	 11 	 12.0 	 5 	 11 	 1 	 0.02564102564102564
258 	 11 	 12.0 	 3 	 11 	 1 	 0.02564102564102564
259 	 11 	 12.0 	 3 	 11 	 1 	 0.020512820512820513
260 	 10 	 12.0 	 5 	 10 	 1 	 0.02564102564102564
261 	 11 	 12.0 	 4 	 11 	 1 	 0.020512820512820513
262 	 11 	 12.0 	 4 	 11 	 1 	 0.020512820512820513
263 	 11 	 12.0 	 4 	 11 	 1 	 0.020512820512820513
264 	 10 	 12.0 	 5 	 10 	 1 	 0.03076923076923077
265 	 11 	 12.0 	 4 	 11 	 1 	 0.020512820512820513
266 	 11 	 12.0 	 2 	 11 	 1 	 0.015384615384615385
267 	 11 	 12.0 	 3 	 11 	 2 	 0.020512820512820513
268 	 10 	 12.0 	 5 	 10 	 1 	 0.03076923076923077
269 	 11 	 12.0 	 3 	 11 	 1 	 0.03076923076923077
270 	 9 	 12.0 	 5 	 10 	 1 	 0.02564102564102564
271 	 11 	 12.0 	 5 	 11 	 1 	 0.020512820512820513
272 	 11 	 12.0 	 3 	 11 	 1 	 0.02564102564102564
273 	 9 	 12.0 	 5 	 9 	 1 	 0.02564102564102564
274 	 11 	 12.0 	 3 	 11 	 1 	 0.020512820512820513
275 	 11 	 12.0 	 4 	 11 	 1 	 0.03076923076923077
276 	 11 	 12.0 	 4 	 11 	 1 	 0.041025641025641026
277 	 10 	 12.0 	 4 	 10 	 1 	 0.02564102564102564
278 	 9 	 12.0 	 5 	 9 	 5 	 0.02564102564102564
279 	 9 	 12.0 	 5 	 9 	 2 	 0.03076923076923077
280 	 10 	 12.0 	 4 	 10 	 1 	 0.03076923076923077
281 	 10 	 12.0 	 4 	 10 	 1 	 0.03076923076923077
282 	 10 	 12.0 	 4 	 10 	 1 	 0.03076923076923077
283 	 11 	 12.0 	 4 	 11 	 4 	 0.02564102564102564
284 	 9 	 12.0 	 4 	 11 	 1 	 0.020512820512820513
285 	 9 	 12.0 	 5 	 9 	 1 	 0.020512820512820513
286 	 9 	 12.0 	 4 	 9 	 1 	 0.020512820512820513
287 	 11 	 12.0 	 4 	 11 	 2 	 0.035897435897435895
288 	 10 	 12.0 	 5 	 10 	 2 	 0.02564102564102564
289 	 11 	 12.0 	 4 	 11 	 2 	 0.02564102564102564
290 	 10 	 12.0 	 4 	 10 	 1 	 0.02564102564102564
291 	 11 	 12.0 	 4 	 11 	 1 	 0.02564102564102564
292 	 11 	 12.0 	 4 	 11 	 1 	 0.03076923076923077
293 	 10 	 12.0 	 5 	 10 	 1 	 0.020512820512820513
294 	 11 	 12.0 	 4 	 11 	 1 	 0.046153846153846156
295 	 11 	 12.0 	 2 	 11 	 1 	 0.020512820512820513
296 	 9 	 12.0 	 5 	 9 	 1 	 0.02564102564102564
297 	 10 	 12.0 	 4 	 10 	 1 	 0.02564102564102564
298 	 11 	 12.0 	 3 	 11 	 1 	 0.02564102564102564
299 	 10 	 12.0 	 3 	 10 	 1 	 0.02564102564102564
300 	 9 	 12.0 	 5 	 9 	 1 	 0.035897435897435895
301 	 9 	 12.0 	 5 	 9 	 1 	 0.020512820512820513
302 	 11 	 12.0 	 3 	 11 	 1 	 0.020512820512820513
303 	 9 	 12.0 	 5 	 9 	 1 	 0.02564102564102564
304 	 11 	 12.0 	 3 	 11 	 1 	 0.020512820512820513
305 	 9 	 12.0 	 4 	 9 	 1 	 0.020512820512820513
306 	 9 	 12.0 	 5 	 9 	 1 	 0.020512820512820513
307 	 9 	 12.0 	 4 	 9 	 1 	 0.020512820512820513
308 	 9 	 12.0 	 5 	 9 	 1 	 0.020512820512820513
309 	 11 	 12.0 	 3 	 11 	 1 	 0.020512820512820513
310 	 11 	 12.0 	 4 	 11 	 5 	 0.03076923076923077
311 	 11 	 12.0 	 3 	 11 	 2 	 0.02564102564102564
312 	 11 	 12.0 	 4 	 11 	 1 	 0.02564102564102564
313 	 10 	 13.0 	 5 	 10 	 1 	 0.020512820512820513
314 	 11 	 13.0 	 6 	 11 	 1 	 0.02564102564102564
315 	 10 	 13.0 	 6 	 10 	 1 	 0.041025641025641026
316 	 10 	 13.0 	 5 	 10 	 1 	 0.020512820512820513
317 	 10 	 13.0 	 4 	 10 	 2 	 0.02564102564102564
318 	 11 	 13.0 	 4 	 11 	 1 	 0.02564102564102564
319 	 10 	 13.0 	 5 	 10 	 1 	 0.035897435897435895
320 	 9 	 13.0 	 5 	 9 	 1 	 0.02564102564102564
321 	 10 	 13.0 	 4 	 10 	 1 	 0.03076923076923077
322 	 10 	 13.0 	 5 	 10 	 1 	 0.03076923076923077
323 	 10 	 13.0 	 6 	 10 	 2 	 0.035897435897435895
324 	 11 	 13.0 	 4 	 11 	 1 	 0.035897435897435895
325 	 10 	 13.0 	 5 	 10 	 1 	 0.041025641025641026
326 	 11 	 14.0 	 5 	 11 	 1 	 0.03076923076923077
327 	 11 	 14.0 	 6 	 12 	 1 	 0.035897435897435895
328 	 10 	 14.0 	 6 	 10 	 1 	 0.020512820512820513
329 	 9 	 14.0 	 8 	 12 	 1 	 0.03076923076923077
330 	 12 	 15.0 	 6 	 13 	 1 	 0.035897435897435895
331 	 12 	 15.0 	 6 	 12 	 1 	 0.041025641025641026
BestSolution
x_{2}
x_{6}
x_{71}
x_{75}
x_{17}
x_{19}
x_{53}
x_{55}
x_{58}
Objective: 9
ChainS-ChainL 0.2 7
Info {'qpu_sampling_time': 396220.0, 'qpu_anneal_time_per_sample': 200.0, 'qpu_readout_time_per_sample': 175.64, 'qpu_access_time': 411985.97, 'qpu_access_overhead_time': 2420.03, 'qpu_programming_time': 15765.97, 'qpu_delay_time_per_sample': 20.58, 'post_processing_overhead_time': 59.0, 'total_post_processing_time': 59.0}
Emb {'embedding': {99: (3918, 725), 17: (727, 728, 726), 19: (4023, 4024, 4022, 4021, 845, 846), 83: (980, 3949, 3948, 3947), 93: (905, 3889, 3844, 799), 102: (4217, 4218), 6: (4487, 593, 592), 21: (515, 4037, 514, 516), 42: (4172, 486, 4173, 786), 103: (530, 3887, 531), 75: (545, 546, 3827), 104: (3902, 680), 33: (577, 3812, 575, 3813, 576), 96: (3903,), 107: (4098, 4099), 2: (742, 743, 741), 53: (801, 4249, 802, 803, 800), 108: (740, 3933, 815), 90: (3963, 3964, 695, 770, 769), 109: (860,), 29: (756, 757, 758, 4039), 112: (785,), 71: (3977, 3978, 3976, 3975, 3979, 605, 606), 86: (3767, 3766, 859, 784, 3768, 349), 115: (517, 518), 37: (4337,), 38: (4397,), 45: (547, 4262, 562), 116: (563, 4442, 4367), 27: (548,), 46: (651, 650, 649, 652, 4143), 117: (352, 4382, 4381, 4383), 26: (337,), 49: (322,), 118: (4246, 4245), 28: (276, 4156, 4231), 50: (157,), 119: (202, 4275), 8: (4261, 4260, 502, 172, 4291), 61: (4215,), 120: (171, 4200), 60: (141,), 69: (4080,), 121: (200, 201, 4050), 1: (3825,), 122: (3811, 3810, 395), 7: (3946, 440), 74: (424,), 123: (3916, 469, 410), 55: (456, 457, 455, 3931, 458), 124: (604, 3782, 454), 88: (3873,), 125: (710, 711, 3888), 94: (4188,), 128: (350,), 65: (244, 3871, 243), 129: (3991, 335), 73: (289, 3886, 3796), 130: (275, 274), 92: (273,), 133: (4052, 425), 5: (4054, 4053, 906), 11: (470,), 12: (4006,), 134: (4007, 4008, 561), 30: (3993,), 135: (771, 4113), 43: (4128,), 136: (4144, 816), 20: (951,), 137: (817, 4458, 4457, 4324, 952), 18: (4456, 398), 51: (637, 638), 138: (4533, 713, 4532, 488), 44: (788,), 139: (4518, 4519, 653), 39: (908, 909), 56: (833,), 140: (4608, 4609, 608), 58: (4578, 698), 141: (683, 684), 25: (666, 665, 664, 667, 668), 67: (4413,), 142: (4428, 4429), 34: (4414, 863), 68: (4368, 787, 4293), 143: (831, 832, 830), 22: (3994,), 144: (890, 4009), 54: (4010,), 145: (3904, 1025, 964), 0: (3934, 950), 84: (979, 3784), 146: (3814,), 91: (814,), 147: (3829, 3828), 97: (3830,), 150: (4277,), 153: (591,), 154: (4038, 635), 155: (3932,), 158: (847, 848, 4278), 3: (4504,), 159: (4473,), 160: (773, 4503), 76: (4399,), 161: (4385, 4384), 78: (1072,), 162: (4250, 981, 982), 72: (967,), 163: (966, 965, 4040), 164: (3890, 1055, 3965, 4025), 167: (441,), 13: (4202,), 15: (4126,), 168: (426,), 23: (4247,), 169: (4232, 4233), 4: (697,), 47: (4234,), 170: (4338, 712, 772), 171: (4322, 532, 4323), 172: (4352, 4351, 4353), 59: (368, 4366), 173: (306, 231, 307, 4110), 64: (4125,), 174: (216,), 40: (4051,), 175: (4005, 260), 10: (3960,), 176: (170,), 32: (155,), 77: (3915,), 177: (3900, 259), 79: (3750,), 178: (3765,), 80: (319,), 179: (304, 3781), 87: (394, 3692, 484), 180: (364, 3631), 66: (438,), 181: (3737, 3738, 3735, 844, 3736), 41: (3739, 919), 184: (501, 4187), 185: (621, 4112, 4111), 186: (4142,), 189: (4203, 4204), 9: (4219,), 190: (861,), 31: (4189,), 191: (907, 4174), 192: (4263, 862, 4369, 4339), 193: (4308, 4307, 4306), 194: (622, 4292, 4398), 195: (682, 4248), 52: (636,), 196: (4158, 681, 4157), 197: (4083, 4082), 82: (4097,), 198: (620, 3962), 57: (619,), 199: (559, 3797, 560), 200: (3857, 3858), 89: (590,), 201: (694, 3843), 202: (3783,), 203: (829, 3799, 3798), 206: (4444, 4443), 209: (397, 396), 24: (4081,), 210: (366, 4141), 36: (4096,), 211: (351,), 35: (336,), 212: (4069, 4068, 4067, 4066, 920, 921), 213: (876, 877, 875, 874), 16: (4309,), 214: (892, 893), 48: (878,), 215: (4563, 4564, 4562), 216: (353, 4577, 4471, 443), 70: (4426,), 217: (291, 292, 290, 4411), 218: (3930, 320), 63: (3945,), 219: (215,), 81: (230,), 220: (3841, 365), 85: (3901,), 221: (379, 380), 14: (3826,), 222: (3691, 334), 62: (214,), 223: (3706,), 95: (288,)}, 'chain_break_method': 'majority_vote', 'embedding_parameters': {}, 'chain_strength': 0.5419811710231175}
x_{0} 2
x_{1} 1
x_{2} 3
x_{3} 1
x_{4} 1
x_{5} 3
x_{6} 3
x_{7} 2
x_{8} 5
x_{9} 1
x_{10} 1
x_{11} 1
x_{12} 1
x_{13} 1
x_{14} 1
x_{15} 1
x_{16} 1
x_{17} 3
x_{18} 2
x_{19} 6
x_{20} 1
x_{21} 4
x_{22} 1
x_{23} 1
x_{24} 1
x_{25} 5
x_{26} 1
x_{27} 1
x_{28} 3
x_{29} 4
x_{30} 1
x_{31} 1
x_{32} 1
x_{33} 5
x_{34} 2
x_{35} 1
x_{36} 1
x_{37} 1
x_{38} 1
x_{39} 2
x_{40} 1
x_{41} 2
x_{42} 4
x_{43} 1
x_{44} 1
x_{45} 3
x_{46} 5
x_{47} 1
x_{48} 1
x_{49} 1
x_{50} 1
x_{51} 2
x_{52} 1
x_{53} 5
x_{54} 1
x_{55} 5
x_{56} 1
x_{57} 1
x_{58} 2
x_{59} 2
x_{60} 1
x_{61} 1
x_{62} 1
x_{63} 1
x_{64} 1
x_{65} 3
x_{66} 1
x_{67} 1
x_{68} 3
x_{69} 1
x_{70} 1
x_{71} 7
x_{72} 1
x_{73} 3
x_{74} 1
x_{75} 3
x_{76} 1
x_{77} 1
x_{78} 1
x_{79} 1
x_{80} 1
x_{81} 1
x_{82} 1
x_{83} 4
x_{84} 2
x_{85} 1
x_{86} 6
x_{87} 3
x_{88} 1
x_{89} 1
x_{90} 5
x_{91} 1
x_{92} 1
x_{93} 4
x_{94} 1
x_{95} 1
x_{96} 1
x_{97} 1
y^1_1 2
y^2_1 2
y^2_2 3
y^2_3 2
y^3_1 2
y^3_2 3
y^3_3 1
y^4_1 1
y^5_1 2
y^5_2 3
y^5_3 4
y^5_4 2
y^5_5 2
y^5_6 2
y^5_7 3
y^5_8 3
y^5_9 3
y^5_10 3
y^5_11 3
y^6_1 1
y^6_2 2
y^6_3 2
y^7_1 2
y^7_2 3
y^7_3 2
y^7_4 2
y^7_5 5
y^7_6 4
y^7_7 3
y^7_8 3
y^7_9 2
y^7_10 2
y^7_11 3
y^7_12 2
y^7_13 3
y^7_14 1
y^7_15 2
y^8_1 1
y^9_1 1
y^9_2 2
y^9_3 1
y^10_1 3
y^10_2 1
y^10_3 2
y^10_4 2
y^10_5 3
y^10_6 3
y^10_7 4
y^11_1 1
y^11_2 1
y^11_3 2
y^11_4 3
y^11_5 3
y^11_6 3
y^11_7 4
y^11_8 1
y^11_9 2
y^11_10 1
y^11_11 2
y^11_12 1
y^11_13 2
y^11_14 2
y^11_15 5
y^12_1 2
y^12_2 3
y^12_3 1
y^13_1 2
y^13_2 1
y^13_3 2
y^13_4 4
y^13_5 3
y^13_6 3
y^13_7 2
y^13_8 3
y^13_9 2
y^13_10 2
y^13_11 3
y^13_12 2
y^13_13 2
y^13_14 1
y^13_15 3
y^14_1 2
y^15_1 2
y^15_2 2
y^15_3 1
y^15_4 6
y^15_5 4
y^15_6 2
y^15_7 3
y^15_8 4
y^15_9 4
y^15_10 2
y^15_11 1
y^15_12 2
y^15_13 2
y^15_14 2
y^15_15 1
