#Var-#NoneZ: 180 - 600
0.5296166794583549 [(0.0, 0.0), (200.0, 1.0)]
TimeRunning 4.222559213638306
0 	 6 	 6.0 	 0 	 6 	 287 	 0.0
1 	 6 	 6.0 	 0 	 6 	 5 	 0.012345679012345678
2 	 6 	 6.0 	 0 	 6 	 1 	 0.006172839506172839
3 	 6 	 6.0 	 0 	 6 	 1 	 0.012345679012345678
4 	 6 	 6.0 	 0 	 6 	 2 	 0.006172839506172839
5 	 6 	 6.0 	 0 	 6 	 27 	 0.006172839506172839
6 	 7 	 7.0 	 0 	 7 	 2 	 0.006172839506172839
7 	 5 	 7.0 	 2 	 6 	 1 	 0.006172839506172839
8 	 6 	 7.0 	 2 	 6 	 1 	 0.006172839506172839
9 	 6 	 7.0 	 1 	 7 	 2 	 0.006172839506172839
10 	 6 	 7.0 	 1 	 7 	 1 	 0.006172839506172839
11 	 5 	 7.0 	 2 	 6 	 3 	 0.006172839506172839
12 	 7 	 7.0 	 0 	 7 	 1 	 0.0
13 	 7 	 7.0 	 0 	 7 	 1 	 0.0
14 	 6 	 7.0 	 2 	 6 	 1 	 0.0
15 	 7 	 7.0 	 0 	 7 	 17 	 0.006172839506172839
16 	 7 	 7.0 	 0 	 7 	 3 	 0.012345679012345678
17 	 7 	 7.0 	 0 	 7 	 1 	 0.006172839506172839
18 	 7 	 7.0 	 0 	 7 	 1 	 0.012345679012345678
19 	 8 	 8.0 	 1 	 8 	 1 	 0.006172839506172839
20 	 6 	 8.0 	 2 	 6 	 1 	 0.030864197530864196
21 	 8 	 8.0 	 1 	 8 	 1 	 0.012345679012345678
22 	 6 	 8.0 	 1 	 6 	 1 	 0.006172839506172839
23 	 6 	 8.0 	 2 	 6 	 1 	 0.006172839506172839
24 	 6 	 8.0 	 2 	 6 	 2 	 0.006172839506172839
25 	 6 	 8.0 	 2 	 6 	 2 	 0.006172839506172839
26 	 7 	 8.0 	 2 	 7 	 1 	 0.006172839506172839
27 	 7 	 8.0 	 2 	 7 	 3 	 0.012345679012345678
28 	 6 	 8.0 	 2 	 6 	 1 	 0.012345679012345678
29 	 7 	 8.0 	 2 	 7 	 1 	 0.006172839506172839
30 	 7 	 8.0 	 1 	 8 	 1 	 0.012345679012345678
31 	 6 	 8.0 	 2 	 6 	 1 	 0.012345679012345678
32 	 6 	 8.0 	 2 	 6 	 1 	 0.018518518518518517
33 	 7 	 8.0 	 2 	 7 	 1 	 0.012345679012345678
34 	 6 	 8.0 	 2 	 6 	 1 	 0.024691358024691357
35 	 6 	 8.0 	 2 	 6 	 10 	 0.018518518518518517
36 	 6 	 8.0 	 2 	 6 	 82 	 0.012345679012345678
37 	 6 	 8.0 	 2 	 6 	 8 	 0.018518518518518517
38 	 6 	 8.0 	 2 	 6 	 1 	 0.018518518518518517
39 	 6 	 8.0 	 2 	 6 	 8 	 0.018518518518518517
40 	 6 	 8.0 	 2 	 6 	 3 	 0.018518518518518517
41 	 6 	 8.0 	 2 	 6 	 5 	 0.018518518518518517
42 	 6 	 8.0 	 2 	 6 	 15 	 0.018518518518518517
43 	 6 	 8.0 	 2 	 6 	 3 	 0.018518518518518517
44 	 6 	 8.0 	 2 	 6 	 37 	 0.012345679012345678
45 	 6 	 8.0 	 2 	 6 	 2 	 0.018518518518518517
46 	 6 	 8.0 	 2 	 6 	 83 	 0.012345679012345678
47 	 6 	 8.0 	 2 	 6 	 70 	 0.012345679012345678
48 	 6 	 8.0 	 1 	 6 	 1 	 0.006172839506172839
49 	 6 	 8.0 	 2 	 6 	 1 	 0.024691358024691357
50 	 6 	 8.0 	 2 	 6 	 7 	 0.012345679012345678
51 	 6 	 8.0 	 2 	 6 	 2 	 0.018518518518518517
52 	 6 	 8.0 	 2 	 6 	 4 	 0.012345679012345678
53 	 7 	 8.0 	 2 	 7 	 1 	 0.0
54 	 6 	 8.0 	 2 	 6 	 1 	 0.024691358024691357
55 	 6 	 8.0 	 2 	 6 	 2 	 0.024691358024691357
56 	 6 	 8.0 	 2 	 6 	 1 	 0.024691358024691357
57 	 6 	 8.0 	 2 	 6 	 1 	 0.024691358024691357
58 	 6 	 8.0 	 2 	 6 	 58 	 0.012345679012345678
59 	 6 	 8.0 	 2 	 6 	 95 	 0.012345679012345678
60 	 7 	 9.0 	 2 	 7 	 3 	 0.012345679012345678
61 	 6 	 9.0 	 3 	 7 	 1 	 0.030864197530864196
62 	 7 	 9.0 	 1 	 7 	 2 	 0.012345679012345678
63 	 7 	 9.0 	 2 	 7 	 1 	 0.012345679012345678
64 	 7 	 9.0 	 1 	 7 	 1 	 0.018518518518518517
65 	 7 	 9.0 	 2 	 7 	 2 	 0.018518518518518517
66 	 7 	 9.0 	 2 	 7 	 1 	 0.012345679012345678
67 	 7 	 9.0 	 2 	 7 	 1 	 0.012345679012345678
68 	 7 	 9.0 	 2 	 7 	 1 	 0.006172839506172839
69 	 7 	 9.0 	 2 	 7 	 1 	 0.018518518518518517
70 	 7 	 9.0 	 2 	 7 	 1 	 0.018518518518518517
71 	 7 	 9.0 	 2 	 7 	 4 	 0.012345679012345678
72 	 7 	 9.0 	 1 	 7 	 3 	 0.012345679012345678
73 	 7 	 9.0 	 2 	 7 	 2 	 0.012345679012345678
74 	 7 	 9.0 	 1 	 7 	 1 	 0.012345679012345678
75 	 6 	 9.0 	 3 	 7 	 1 	 0.018518518518518517
76 	 6 	 9.0 	 3 	 7 	 2 	 0.018518518518518517
77 	 5 	 9.0 	 4 	 6 	 1 	 0.018518518518518517
78 	 5 	 9.0 	 4 	 6 	 1 	 0.018518518518518517
79 	 6 	 9.0 	 4 	 6 	 1 	 0.024691358024691357
80 	 6 	 9.0 	 3 	 7 	 1 	 0.024691358024691357
81 	 7 	 9.0 	 2 	 7 	 6 	 0.012345679012345678
82 	 7 	 9.0 	 2 	 7 	 1 	 0.012345679012345678
83 	 6 	 10.0 	 4 	 6 	 1 	 0.018518518518518517
84 	 6 	 10.0 	 4 	 6 	 1 	 0.018518518518518517
85 	 6 	 10.0 	 4 	 6 	 5 	 0.024691358024691357
86 	 6 	 10.0 	 4 	 6 	 1 	 0.018518518518518517
87 	 6 	 10.0 	 4 	 6 	 1 	 0.018518518518518517
88 	 6 	 10.0 	 4 	 6 	 1 	 0.018518518518518517
89 	 6 	 10.0 	 4 	 6 	 1 	 0.018518518518518517
90 	 6 	 10.0 	 4 	 6 	 1 	 0.018518518518518517
91 	 6 	 10.0 	 4 	 6 	 1 	 0.018518518518518517
92 	 6 	 10.0 	 4 	 6 	 1 	 0.018518518518518517
93 	 6 	 10.0 	 4 	 6 	 1 	 0.018518518518518517
94 	 6 	 10.0 	 4 	 6 	 3 	 0.024691358024691357
95 	 9 	 10.0 	 4 	 9 	 1 	 0.018518518518518517
96 	 6 	 10.0 	 4 	 6 	 1 	 0.030864197530864196
97 	 6 	 10.0 	 3 	 6 	 1 	 0.018518518518518517
98 	 6 	 10.0 	 4 	 6 	 1 	 0.030864197530864196
99 	 7 	 10.0 	 4 	 7 	 1 	 0.018518518518518517
100 	 6 	 10.0 	 4 	 6 	 1 	 0.024691358024691357
101 	 6 	 10.0 	 4 	 6 	 1 	 0.024691358024691357
102 	 6 	 10.0 	 4 	 6 	 1 	 0.024691358024691357
103 	 6 	 10.0 	 4 	 6 	 1 	 0.024691358024691357
104 	 6 	 10.0 	 4 	 6 	 1 	 0.024691358024691357
105 	 6 	 10.0 	 4 	 6 	 1 	 0.030864197530864196
106 	 6 	 10.0 	 4 	 6 	 1 	 0.018518518518518517
107 	 6 	 10.0 	 4 	 6 	 1 	 0.018518518518518517
108 	 7 	 10.0 	 3 	 8 	 1 	 0.018518518518518517
109 	 6 	 10.0 	 3 	 6 	 2 	 0.018518518518518517
110 	 6 	 11.0 	 5 	 7 	 1 	 0.024691358024691357
111 	 7 	 11.0 	 3 	 7 	 1 	 0.030864197530864196
112 	 7 	 11.0 	 4 	 7 	 1 	 0.030864197530864196
113 	 7 	 11.0 	 4 	 7 	 1 	 0.030864197530864196
114 	 7 	 11.0 	 4 	 7 	 1 	 0.030864197530864196
115 	 7 	 11.0 	 4 	 7 	 1 	 0.030864197530864196
116 	 7 	 11.0 	 4 	 7 	 1 	 0.030864197530864196
117 	 8 	 11.0 	 4 	 8 	 1 	 0.024691358024691357
118 	 7 	 11.0 	 4 	 7 	 1 	 0.043209876543209874
119 	 7 	 11.0 	 4 	 7 	 1 	 0.024691358024691357
120 	 7 	 11.0 	 4 	 7 	 1 	 0.024691358024691357
121 	 9 	 11.0 	 2 	 9 	 1 	 0.018518518518518517
122 	 7 	 11.0 	 4 	 7 	 2 	 0.024691358024691357
123 	 7 	 11.0 	 4 	 7 	 1 	 0.024691358024691357
124 	 7 	 11.0 	 3 	 7 	 2 	 0.024691358024691357
125 	 7 	 11.0 	 3 	 7 	 1 	 0.024691358024691357
126 	 7 	 11.0 	 4 	 7 	 1 	 0.024691358024691357
127 	 7 	 11.0 	 4 	 7 	 1 	 0.024691358024691357
128 	 7 	 11.0 	 4 	 7 	 3 	 0.024691358024691357
129 	 7 	 11.0 	 4 	 7 	 1 	 0.024691358024691357
130 	 7 	 11.0 	 4 	 7 	 1 	 0.024691358024691357
131 	 7 	 11.0 	 4 	 7 	 1 	 0.024691358024691357
132 	 7 	 11.0 	 4 	 7 	 1 	 0.024691358024691357
133 	 7 	 11.0 	 4 	 7 	 1 	 0.024691358024691357
134 	 7 	 11.0 	 4 	 7 	 1 	 0.024691358024691357
135 	 7 	 11.0 	 4 	 7 	 1 	 0.024691358024691357
136 	 7 	 11.0 	 4 	 7 	 1 	 0.024691358024691357
137 	 7 	 11.0 	 4 	 7 	 1 	 0.024691358024691357
138 	 7 	 11.0 	 4 	 7 	 1 	 0.024691358024691357
139 	 7 	 11.0 	 4 	 7 	 1 	 0.024691358024691357
140 	 7 	 11.0 	 4 	 7 	 2 	 0.024691358024691357
141 	 7 	 11.0 	 4 	 7 	 1 	 0.024691358024691357
142 	 7 	 11.0 	 4 	 7 	 2 	 0.024691358024691357
143 	 7 	 11.0 	 4 	 7 	 1 	 0.024691358024691357
144 	 7 	 12.0 	 5 	 8 	 1 	 0.030864197530864196
145 	 6 	 12.0 	 5 	 9 	 1 	 0.030864197530864196
146 	 7 	 12.0 	 5 	 8 	 1 	 0.030864197530864196
147 	 6 	 12.0 	 5 	 9 	 1 	 0.030864197530864196
148 	 6 	 12.0 	 6 	 6 	 1 	 0.030864197530864196
149 	 7 	 12.0 	 5 	 8 	 1 	 0.030864197530864196
150 	 8 	 12.0 	 4 	 8 	 1 	 0.024691358024691357
151 	 7 	 13.0 	 6 	 7 	 1 	 0.037037037037037035
BestSolution
x_{0}
x_{11}
x_{24}
x_{56}
x_{27}
x_{62}
Objective: 6
ChainS-ChainL 0.2 5
Info {'qpu_sampling_time': 319080.0, 'qpu_anneal_time_per_sample': 200.0, 'qpu_readout_time_per_sample': 98.5, 'qpu_access_time': 334843.17, 'qpu_access_overhead_time': 1771.83, 'qpu_programming_time': 15763.17, 'qpu_delay_time_per_sample': 20.58, 'post_processing_overhead_time': 1.0, 'total_post_processing_time': 1.0}
Emb {'embedding': {88: (4978,), 1: (2562, 5098, 2501), 7: (4979,), 13: (4872, 2410, 4871), 23: (2425, 4887, 2424), 89: (4962, 4963), 0: (4796, 2020, 2021, 4961, 4797), 47: (2336, 2337), 90: (4976, 4977), 38: (2036,), 48: (4870, 2050, 4869), 91: (4900, 2065), 50: (1900,), 59: (1914, 1915, 1913, 4975), 92: (4945, 1960), 39: (4931, 2110, 4930), 60: (1975,), 93: (4810,), 56: (4735, 4736, 2200, 2005), 62: (2185, 4811), 94: (2049, 4751), 44: (4690, 4691, 4692, 1899, 4689), 63: (2094, 2093), 95: (4601, 2034, 2139), 12: (4721, 4722, 4720), 71: (4738, 4662, 4661, 2469), 96: (2154, 4616, 4615), 31: (4630, 4629, 4631), 73: (4600,), 97: (1840, 1839, 1841, 1842), 10: (5034,), 78: (5080, 5079, 1901, 2007), 98: (1871, 5169), 54: (1855, 1856, 1857), 79: (1947,), 99: (5142, 5140, 5141), 9: (2320, 2321, 2322), 80: (5201, 2292), 100: (5081, 2217, 5082), 5: (2246,), 81: (5095, 5096), 101: (2231, 5157), 45: (4752, 2215, 2216, 5051), 83: (2261,), 102: (5037, 5036), 2: (2350, 2351, 2349), 84: (2426,), 105: (2274,), 11: (4676,), 69: (2273,), 108: (2080,), 18: (2095,), 29: (2079,), 109: (4990, 2111), 49: (1976,), 110: (5021, 5020), 52: (2096,), 111: (2201, 5066), 24: (4991,), 112: (2170, 2169, 2171), 57: (4586,), 113: (4556, 2078, 4555), 28: (2063,), 114: (4570, 4571, 4572), 67: (4587,), 115: (2364,), 70: (4542,), 116: (2394, 4618, 4617), 4: (2529,), 117: (2547, 2546, 2545, 2544), 72: (2532,), 118: (5246, 5245, 5247, 5248), 55: (1917,), 119: (1902, 5199), 65: (5275,), 120: (2247, 5260, 5261, 5292), 40: (2368,), 121: (5262,), 82: (2307, 5232), 122: (2352, 5097, 2353), 68: (5427,), 125: (2380, 4798), 19: (4768,), 25: (2454,), 126: (2335, 4812), 32: (2395,), 127: (4842,), 33: (2440,), 128: (2455, 4933), 41: (2470,), 129: (2365, 4857), 51: (2485,), 130: (4782, 4783), 53: (2229,), 131: (4706, 2244), 132: (2199,), 58: (2214,), 133: (4541, 4540, 2004), 30: (4660,), 134: (4705, 1974, 4750), 64: (1959,), 135: (4765,), 76: (1884,), 136: (1869, 1870), 77: (5004,), 137: (1885, 1886), 6: (5094,), 138: (4989, 1931, 1796), 21: (5049,), 139: (5050, 2051), 86: (2052,), 142: (5067,), 8: (2291,), 15: (5052,), 143: (2381, 5007), 22: (2396,), 144: (4917,), 35: (4902,), 145: (4856, 4855, 4854, 2290), 14: (4839,), 146: (1929, 1930), 43: (4659,), 147: (1944, 4674), 37: (4644,), 148: (1824,), 46: (4539,), 149: (1809, 1810), 3: (1825,), 150: (4884, 1780), 20: (4779,), 151: (4794, 4795, 1990, 1991), 27: (5006, 5005), 152: (2006,), 16: (4960,), 153: (5035, 1961, 2081), 74: (5111,), 154: (2126, 2127), 75: (5215,), 155: (2037, 5200, 2022), 26: (5230,), 156: (1992,), 85: (5125,), 161: (2230,), 34: (4886,), 162: (2140, 4901), 61: (4781,), 163: (2155, 4826), 36: (2156,), 164: (2306, 5126, 5127, 2305, 2202), 17: (5231,), 165: (2172, 5186), 66: (2187,), 166: (5171,), 42: (2157,), 169: (2186,), 172: (2319, 4767, 2304), 173: (4707, 2289, 2379), 174: (2260, 2259), 175: (4946, 2125, 4947), 176: (2035, 4840), 177: (1945, 4885, 1946, 4809), 178: (5110, 1916)}, 'chain_break_method': 'majority_vote', 'embedding_parameters': {}, 'chain_strength': 0.5296166794583549}
x_{0} 5
x_{1} 3
x_{2} 3
x_{3} 1
x_{4} 1
x_{5} 1
x_{6} 1
x_{7} 1
x_{8} 1
x_{9} 3
x_{10} 1
x_{11} 1
x_{12} 3
x_{13} 3
x_{14} 1
x_{15} 1
x_{16} 1
x_{17} 1
x_{18} 1
x_{19} 1
x_{20} 1
x_{21} 1
x_{22} 1
x_{23} 3
x_{24} 1
x_{25} 1
x_{26} 1
x_{27} 2
x_{28} 1
x_{29} 1
x_{30} 1
x_{31} 3
x_{32} 1
x_{33} 1
x_{34} 1
x_{35} 1
x_{36} 1
x_{37} 1
x_{38} 1
x_{39} 3
x_{40} 1
x_{41} 1
x_{42} 1
x_{43} 1
x_{44} 5
x_{45} 4
x_{46} 1
x_{47} 2
x_{48} 3
x_{49} 1
x_{50} 1
x_{51} 1
x_{52} 1
x_{53} 1
x_{54} 3
x_{55} 1
x_{56} 4
x_{57} 1
x_{58} 1
x_{59} 4
x_{60} 1
x_{61} 1
x_{62} 2
x_{63} 2
x_{64} 1
x_{65} 1
x_{66} 1
x_{67} 1
x_{68} 1
x_{69} 1
x_{70} 1
x_{71} 4
x_{72} 1
x_{73} 1
x_{74} 1
x_{75} 1
x_{76} 1
x_{77} 1
x_{78} 4
x_{79} 1
x_{80} 2
x_{81} 2
x_{82} 2
x_{83} 1
x_{84} 1
x_{85} 1
x_{86} 1
y^1_1 1
y^1_2 2
y^1_3 2
y^1_4 2
y^1_5 2
y^1_6 1
y^1_7 2
y^1_8 3
y^1_9 3
y^1_10 4
y^1_11 2
y^1_12 3
y^1_13 3
y^1_14 2
y^1_15 2
y^2_1 1
y^3_1 1
y^3_2 2
y^3_3 2
y^3_4 2
y^3_5 3
y^3_6 3
y^3_7 3
y^3_8 1
y^3_9 3
y^3_10 4
y^3_11 4
y^3_12 2
y^3_13 4
y^3_14 1
y^3_15 3
y^4_1 2
y^4_2 2
y^4_3 1
y^4_4 2
y^4_5 2
y^4_6 2
y^4_7 2
y^4_8 1
y^4_9 3
y^4_10 3
y^4_11 1
y^4_12 2
y^4_13 2
y^4_14 3
y^4_15 2
y^5_1 1
y^5_2 2
y^5_3 1
y^5_4 4
y^5_5 2
y^5_6 2
y^5_7 1
y^5_8 2
y^5_9 2
y^5_10 4
y^5_11 1
y^5_12 3
y^5_13 2
y^5_14 3
y^5_15 1
y^7_1 1
y^7_2 2
y^7_3 2
y^7_4 5
y^7_5 2
y^7_6 1
y^8_1 1
y^9_1 3
y^9_2 3
y^9_3 2
y^9_4 3
y^9_5 2
y^9_6 4
y^9_7 2
