#Var-#NoneZ: 104 - 349
0.4961389383568338 [(0.0, 0.0), (200.0, 1.0)]
TimeRunning 4.118110179901123
0 	 7 	 7.0 	 0 	 7 	 907 	 0.0
1 	 7 	 7.0 	 0 	 7 	 28 	 0.01282051282051282
2 	 8 	 8.0 	 0 	 8 	 5 	 0.01282051282051282
3 	 7 	 8.0 	 1 	 7 	 1 	 0.01282051282051282
4 	 8 	 8.0 	 1 	 8 	 30 	 0.01282051282051282
5 	 7 	 8.0 	 2 	 7 	 26 	 0.01282051282051282
6 	 8 	 8.0 	 1 	 8 	 1 	 0.02564102564102564
7 	 8 	 8.0 	 0 	 8 	 1 	 0.0
8 	 8 	 8.0 	 0 	 8 	 1 	 0.01282051282051282
BestSolution
x_{32}
x_{3}
x_{41}
x_{16}
x_{17}
x_{18}
x_{31}
Objective: 7
ChainS-ChainL 0.2 3
Info {'qpu_sampling_time': 335900.0, 'qpu_anneal_time_per_sample': 200.0, 'qpu_readout_time_per_sample': 115.32, 'qpu_access_time': 351662.77, 'qpu_access_overhead_time': 3102.23, 'qpu_programming_time': 15762.77, 'qpu_delay_time_per_sample': 20.58, 'post_processing_overhead_time': 1.0, 'total_post_processing_time': 1.0}
Emb {'embedding': {45: (4119, 1791), 10: (1881,), 15: (1790, 3924), 16: (1850, 1851), 18: (1776,), 46: (4134, 4133), 11: (1671, 1670), 25: (1626,), 47: (4118,), 5: (4117,), 31: (1640, 1641, 1639), 50: (3923,), 1: (1714,), 4: (3743, 1609, 1610), 8: (1655,), 51: (1729, 3879), 17: (1774, 3864), 32: (1820, 1821), 52: (3819, 3818), 36: (1759,), 55: (1805,), 6: (3894,), 26: (3909,), 56: (3834, 1864), 3: (3850,), 57: (1744, 3849), 33: (3773,), 58: (3758, 1654), 34: (1594,), 59: (3728,), 14: (1683, 3623), 60: (3699, 1728), 39: (3669,), 61: (1713,), 40: (3639, 1863), 64: (3983,), 7: (3833, 1625), 27: (1580,), 65: (3969, 3968), 37: (1865,), 66: (3984,), 41: (1880,), 69: (3998, 3999), 72: (4103, 4104), 2: (1685,), 75: (1775,), 20: (4029,), 76: (4043, 4044), 77: (4028,), 30: (1595,), 80: (1835,), 13: (1836,), 81: (3865,), 21: (1939,), 82: (3729, 1924), 0: (1908,), 85: (4164, 4163), 24: (1581,), 88: (3953,), 29: (1760,), 89: (3938, 3939), 90: (3954,), 38: (1925,), 93: (1789,), 12: (3714,), 23: (3759,), 94: (3744, 1804), 28: (1834,), 95: (3803, 3804), 19: (1549,), 96: (1699, 3788), 97: (1623, 1624), 35: (1638,), 98: (3609, 3608), 9: (3624,), 99: (1878, 1879), 102: (4013, 4014), 22: (4012,)}, 'chain_break_method': 'majority_vote', 'embedding_parameters': {}, 'chain_strength': 0.4961389383568338}
x_{0} 1
x_{1} 1
x_{2} 1
x_{3} 1
x_{4} 3
x_{5} 1
x_{6} 1
x_{7} 2
x_{8} 1
x_{9} 1
x_{10} 1
x_{11} 2
x_{12} 1
x_{13} 1
x_{14} 2
x_{15} 2
x_{16} 2
x_{17} 2
x_{18} 1
x_{19} 1
x_{20} 1
x_{21} 1
x_{22} 1
x_{23} 1
x_{24} 1
x_{25} 1
x_{26} 1
x_{27} 1
x_{28} 1
x_{29} 1
x_{30} 1
x_{31} 3
x_{32} 2
x_{33} 1
x_{34} 1
x_{35} 1
x_{36} 1
x_{37} 1
x_{38} 1
x_{39} 1
x_{40} 2
x_{41} 1
y^2_1 2
y^2_2 2
y^2_3 1
y^3_1 1
y^3_2 2
y^3_3 2
y^4_1 1
y^4_2 2
y^4_3 2
y^4_4 2
y^4_5 1
y^4_6 2
y^4_7 1
y^5_1 1
y^5_2 2
y^5_3 1
y^6_1 2
y^7_1 2
y^8_1 1
y^8_2 2
y^8_3 1
y^9_1 1
y^9_2 1
y^9_3 2
y^10_1 2
y^11_1 1
y^11_2 2
y^11_3 1
y^12_1 1
y^12_2 2
y^12_3 2
y^12_4 2
y^12_5 2
y^12_6 2
y^12_7 2
y^13_1 2
