#Var-#NoneZ: 105 - 340
0.5101174180713498 [(0.0, 0.0), (200.0, 1.0)]
TimeRunning 4.348013639450073
0 	 4 	 6.0 	 2 	 6 	 4 	 0.01098901098901099
1 	 6 	 6.0 	 0 	 6 	 99 	 0.01098901098901099
2 	 5 	 6.0 	 1 	 6 	 34 	 0.01098901098901099
3 	 4 	 6.0 	 2 	 6 	 46 	 0.01098901098901099
4 	 5 	 6.0 	 1 	 6 	 45 	 0.01098901098901099
5 	 6 	 6.0 	 0 	 6 	 23 	 0.01098901098901099
6 	 5 	 6.0 	 1 	 6 	 71 	 0.01098901098901099
7 	 5 	 6.0 	 1 	 6 	 11 	 0.01098901098901099
8 	 4 	 6.0 	 2 	 6 	 17 	 0.01098901098901099
9 	 4 	 6.0 	 2 	 6 	 3 	 0.01098901098901099
10 	 5 	 6.0 	 1 	 6 	 8 	 0.01098901098901099
11 	 5 	 6.0 	 1 	 6 	 2 	 0.01098901098901099
12 	 4 	 7.0 	 4 	 6 	 8 	 0.02197802197802198
13 	 5 	 7.0 	 3 	 7 	 1 	 0.02197802197802198
14 	 6 	 7.0 	 2 	 7 	 1 	 0.02197802197802198
15 	 7 	 7.0 	 1 	 7 	 3 	 0.02197802197802198
16 	 5 	 7.0 	 3 	 6 	 6 	 0.02197802197802198
17 	 5 	 7.0 	 3 	 7 	 3 	 0.02197802197802198
18 	 6 	 7.0 	 2 	 7 	 11 	 0.02197802197802198
19 	 6 	 7.0 	 2 	 7 	 12 	 0.02197802197802198
20 	 5 	 7.0 	 3 	 6 	 8 	 0.02197802197802198
21 	 5 	 7.0 	 3 	 6 	 11 	 0.02197802197802198
22 	 6 	 7.0 	 2 	 6 	 16 	 0.02197802197802198
23 	 5 	 7.0 	 3 	 7 	 7 	 0.02197802197802198
24 	 5 	 7.0 	 3 	 6 	 1 	 0.02197802197802198
25 	 6 	 7.0 	 2 	 7 	 11 	 0.02197802197802198
26 	 7 	 7.0 	 1 	 7 	 16 	 0.02197802197802198
27 	 5 	 7.0 	 3 	 6 	 1 	 0.02197802197802198
28 	 6 	 7.0 	 2 	 6 	 1 	 0.02197802197802198
29 	 4 	 7.0 	 4 	 6 	 7 	 0.02197802197802198
30 	 4 	 7.0 	 4 	 6 	 1 	 0.03296703296703297
31 	 4 	 7.0 	 2 	 6 	 3 	 0.02197802197802198
32 	 5 	 7.0 	 1 	 6 	 35 	 0.02197802197802198
33 	 4 	 7.0 	 2 	 6 	 21 	 0.02197802197802198
34 	 5 	 7.0 	 3 	 6 	 2 	 0.03296703296703297
35 	 6 	 7.0 	 2 	 6 	 10 	 0.03296703296703297
36 	 6 	 7.0 	 2 	 6 	 75 	 0.03296703296703297
37 	 5 	 7.0 	 3 	 6 	 7 	 0.03296703296703297
38 	 6 	 7.0 	 2 	 7 	 1 	 0.02197802197802198
39 	 5 	 7.0 	 3 	 6 	 54 	 0.03296703296703297
40 	 4 	 7.0 	 4 	 6 	 31 	 0.03296703296703297
41 	 4 	 7.0 	 4 	 6 	 2 	 0.02197802197802198
42 	 5 	 7.0 	 3 	 6 	 38 	 0.03296703296703297
43 	 7 	 8.0 	 3 	 7 	 2 	 0.04395604395604396
44 	 5 	 8.0 	 5 	 6 	 6 	 0.04395604395604396
45 	 5 	 8.0 	 5 	 6 	 3 	 0.04395604395604396
46 	 6 	 8.0 	 4 	 7 	 1 	 0.04395604395604396
47 	 4 	 8.0 	 6 	 6 	 6 	 0.04395604395604396
48 	 5 	 8.0 	 5 	 6 	 16 	 0.04395604395604396
49 	 5 	 8.0 	 3 	 6 	 1 	 0.03296703296703297
50 	 5 	 8.0 	 5 	 7 	 6 	 0.04395604395604396
51 	 7 	 8.0 	 3 	 7 	 17 	 0.04395604395604396
52 	 4 	 8.0 	 6 	 6 	 2 	 0.04395604395604396
53 	 6 	 8.0 	 4 	 6 	 23 	 0.04395604395604396
54 	 6 	 8.0 	 4 	 7 	 9 	 0.04395604395604396
55 	 6 	 8.0 	 4 	 7 	 21 	 0.04395604395604396
56 	 5 	 8.0 	 3 	 7 	 3 	 0.02197802197802198
57 	 5 	 8.0 	 5 	 6 	 3 	 0.04395604395604396
58 	 6 	 8.0 	 2 	 7 	 1 	 0.02197802197802198
59 	 6 	 8.0 	 4 	 7 	 1 	 0.04395604395604396
60 	 4 	 8.0 	 4 	 6 	 1 	 0.03296703296703297
61 	 4 	 8.0 	 4 	 6 	 1 	 0.03296703296703297
62 	 5 	 8.0 	 3 	 7 	 3 	 0.03296703296703297
63 	 4 	 8.0 	 4 	 6 	 13 	 0.04395604395604396
64 	 5 	 8.0 	 3 	 7 	 5 	 0.03296703296703297
65 	 6 	 8.0 	 2 	 7 	 2 	 0.03296703296703297
66 	 5 	 8.0 	 3 	 6 	 10 	 0.03296703296703297
67 	 6 	 8.0 	 2 	 7 	 1 	 0.02197802197802198
68 	 5 	 8.0 	 5 	 7 	 4 	 0.04395604395604396
69 	 6 	 8.0 	 4 	 6 	 2 	 0.04395604395604396
70 	 5 	 8.0 	 3 	 6 	 22 	 0.04395604395604396
71 	 6 	 9.0 	 4 	 7 	 5 	 0.054945054945054944
72 	 5 	 9.0 	 5 	 6 	 8 	 0.054945054945054944
73 	 5 	 9.0 	 5 	 7 	 4 	 0.054945054945054944
74 	 4 	 9.0 	 6 	 6 	 5 	 0.054945054945054944
75 	 6 	 9.0 	 4 	 7 	 3 	 0.04395604395604396
76 	 7 	 9.0 	 3 	 7 	 7 	 0.04395604395604396
77 	 5 	 9.0 	 4 	 7 	 1 	 0.04395604395604396
78 	 5 	 9.0 	 5 	 7 	 3 	 0.04395604395604396
79 	 6 	 9.0 	 4 	 7 	 1 	 0.04395604395604396
80 	 6 	 9.0 	 4 	 7 	 5 	 0.04395604395604396
81 	 8 	 9.0 	 3 	 8 	 1 	 0.04395604395604396
82 	 6 	 10.0 	 4 	 7 	 2 	 0.054945054945054944
83 	 5 	 10.0 	 5 	 7 	 3 	 0.054945054945054944
BestSolution
x_{2}
x_{37}
x_{12}
x_{20}
x_{23}
x_{30}
Objective: 6
ChainS-ChainL 0.2 3
Info {'qpu_sampling_time': 299960.0, 'qpu_anneal_time_per_sample': 200.0, 'qpu_readout_time_per_sample': 79.38, 'qpu_access_time': 315721.97, 'qpu_access_overhead_time': 1563.03, 'qpu_programming_time': 15761.97, 'qpu_delay_time_per_sample': 20.58, 'post_processing_overhead_time': 1.0, 'total_post_processing_time': 1.0}
Emb {'embedding': {52: (1336, 1335, 1337), 5: (3561,), 8: (3276, 3277), 13: (1322,), 22: (1320, 3127, 3096), 53: (3291, 1321, 3290), 20: (3262, 3261, 3260), 23: (1036,), 54: (1020, 3080, 1021), 0: (3066, 3065, 3067), 28: (3184,), 55: (1155, 3185), 21: (1246, 3156, 3246), 33: (3095,), 56: (1111, 1112), 10: (3365,), 36: (3126, 1126), 57: (1141, 3215), 15: (3380,), 40: (3336, 1232), 58: (1156,), 37: (3321, 3322), 41: (3245,), 61: (3036,), 3: (1275,), 4: (1395,), 27: (3051,), 62: (1365,), 35: (3082,), 63: (1350, 1351), 30: (3247,), 64: (1366, 3366), 18: (1382,), 65: (3337,), 44: (1457,), 50: (1442,), 68: (1200, 1201), 69: (1215, 1216), 70: (1231, 3171), 73: (3230, 1186), 1: (1187,), 19: (1051,), 74: (1066, 1067), 2: (3335,), 75: (991, 3275), 11: (3214,), 76: (3229, 886), 26: (931,), 77: (3200, 3199, 1170), 29: (3050,), 78: (1185,), 34: (3141,), 79: (1140, 3035), 24: (1050,), 80: (3110,), 39: (1081,), 81: (1096, 1097), 31: (3350,), 82: (1006, 3320), 42: (947,), 83: (3306, 3305), 43: (1127,), 84: (1171, 3351), 45: (1247,), 85: (3471, 1217), 46: (1278,), 86: (3546, 1263), 48: (1248,), 87: (1233,), 49: (3531,), 90: (1396,), 9: (1397,), 91: (1441, 3172), 38: (3097,), 92: (1456,), 47: (1455,), 95: (1500, 1501), 14: (3158,), 16: (3202,), 96: (3292, 1426), 12: (3232,), 97: (3231, 1381), 6: (1291,), 98: (3201,), 7: (3186,), 99: (1276,), 17: (3216,), 100: (1262, 1261), 32: (3426,), 101: (1277,), 25: (3396,)}, 'chain_break_method': 'majority_vote', 'embedding_parameters': {}, 'chain_strength': 0.5101174180713498}
x_{0} 3
x_{1} 1
x_{2} 1
x_{3} 1
x_{4} 1
x_{5} 1
x_{6} 1
x_{7} 1
x_{8} 2
x_{9} 1
x_{10} 1
x_{11} 1
x_{12} 1
x_{13} 1
x_{14} 1
x_{15} 1
x_{16} 1
x_{17} 1
x_{18} 1
x_{19} 1
x_{20} 3
x_{21} 3
x_{22} 3
x_{23} 1
x_{24} 1
x_{25} 1
x_{26} 1
x_{27} 1
x_{28} 1
x_{29} 1
x_{30} 1
x_{31} 1
x_{32} 1
x_{33} 1
x_{34} 1
x_{35} 1
x_{36} 2
x_{37} 2
x_{38} 1
x_{39} 1
x_{40} 2
x_{41} 1
x_{42} 1
x_{43} 1
x_{44} 1
x_{45} 1
x_{46} 1
x_{47} 1
x_{48} 1
x_{49} 1
x_{50} 1
y^1_1 3
y^1_2 3
y^1_3 3
y^1_4 2
y^1_5 2
y^1_6 2
y^1_7 1
y^2_1 1
y^2_2 1
y^2_3 2
y^2_4 2
y^2_5 1
y^3_1 2
y^3_2 2
y^3_3 2
y^4_1 2
y^4_2 2
y^4_3 2
y^4_4 2
y^4_5 3
y^4_6 1
y^4_7 2
y^4_8 1
y^4_9 2
y^4_10 2
y^4_11 2
y^4_12 2
y^4_13 2
y^4_14 2
y^4_15 1
y^5_1 1
y^5_2 2
y^5_3 1
y^6_1 2
y^6_2 2
y^6_3 2
y^6_4 1
y^6_5 1
y^6_6 2
y^6_7 1
