#Var-#NoneZ: 127 - 422
0.509707739982453 [(0.0, 0.0), (200.0, 1.0)]
TimeRunning 7.451392412185669
0 	 7 	 8.0 	 1 	 8 	 68 	 0.0
1 	 8 	 8.0 	 0 	 8 	 1 	 0.019801980198019802
2 	 7 	 8.0 	 1 	 8 	 1 	 0.009900990099009901
3 	 7 	 8.0 	 1 	 8 	 1 	 0.009900990099009901
4 	 8 	 8.0 	 0 	 8 	 157 	 0.0
5 	 8 	 8.0 	 0 	 8 	 1 	 0.019801980198019802
6 	 7 	 8.0 	 1 	 8 	 320 	 0.0
7 	 8 	 8.0 	 0 	 8 	 126 	 0.0
8 	 8 	 8.0 	 0 	 8 	 120 	 0.0
9 	 7 	 8.0 	 1 	 8 	 120 	 0.0
10 	 9 	 9.0 	 1 	 9 	 1 	 0.0
11 	 8 	 9.0 	 1 	 9 	 1 	 0.0
12 	 8 	 9.0 	 1 	 9 	 1 	 0.0
13 	 9 	 9.0 	 0 	 9 	 1 	 0.0
14 	 8 	 9.0 	 1 	 9 	 1 	 0.0
15 	 7 	 9.0 	 3 	 8 	 1 	 0.0
16 	 9 	 9.0 	 0 	 9 	 3 	 0.0
17 	 7 	 9.0 	 2 	 8 	 1 	 0.0
18 	 7 	 9.0 	 2 	 8 	 1 	 0.0
19 	 9 	 9.0 	 0 	 9 	 2 	 0.0
20 	 7 	 9.0 	 3 	 8 	 1 	 0.0
21 	 8 	 9.0 	 1 	 9 	 2 	 0.0
22 	 7 	 9.0 	 3 	 8 	 1 	 0.009900990099009901
23 	 8 	 9.0 	 1 	 8 	 1 	 0.009900990099009901
24 	 8 	 9.0 	 2 	 9 	 1 	 0.0
25 	 8 	 9.0 	 1 	 8 	 2 	 0.009900990099009901
26 	 8 	 9.0 	 1 	 8 	 1 	 0.009900990099009901
27 	 8 	 9.0 	 2 	 8 	 2 	 0.009900990099009901
28 	 9 	 9.0 	 0 	 9 	 1 	 0.009900990099009901
29 	 8 	 9.0 	 1 	 9 	 7 	 0.009900990099009901
30 	 7 	 9.0 	 1 	 8 	 1 	 0.009900990099009901
31 	 9 	 9.0 	 1 	 9 	 1 	 0.009900990099009901
32 	 8 	 9.0 	 2 	 9 	 1 	 0.009900990099009901
33 	 7 	 9.0 	 3 	 8 	 1 	 0.009900990099009901
34 	 8 	 9.0 	 1 	 8 	 1 	 0.009900990099009901
35 	 8 	 9.0 	 2 	 9 	 2 	 0.009900990099009901
36 	 7 	 9.0 	 3 	 8 	 1 	 0.009900990099009901
37 	 7 	 9.0 	 3 	 8 	 6 	 0.009900990099009901
38 	 9 	 9.0 	 1 	 9 	 4 	 0.009900990099009901
39 	 8 	 9.0 	 2 	 8 	 4 	 0.009900990099009901
40 	 8 	 9.0 	 2 	 8 	 1 	 0.009900990099009901
41 	 9 	 9.0 	 1 	 9 	 6 	 0.009900990099009901
42 	 8 	 9.0 	 2 	 9 	 7 	 0.009900990099009901
43 	 9 	 9.0 	 0 	 9 	 3 	 0.009900990099009901
44 	 8 	 9.0 	 1 	 9 	 2 	 0.009900990099009901
45 	 10 	 10.0 	 1 	 10 	 1 	 0.009900990099009901
46 	 9 	 10.0 	 2 	 10 	 1 	 0.019801980198019802
47 	 7 	 10.0 	 4 	 8 	 1 	 0.019801980198019802
48 	 8 	 10.0 	 2 	 9 	 1 	 0.009900990099009901
49 	 9 	 10.0 	 1 	 9 	 1 	 0.009900990099009901
50 	 7 	 10.0 	 2 	 8 	 1 	 0.019801980198019802
51 	 7 	 10.0 	 2 	 8 	 3 	 0.019801980198019802
52 	 10 	 10.0 	 1 	 10 	 1 	 0.019801980198019802
53 	 8 	 10.0 	 1 	 8 	 1 	 0.019801980198019802
54 	 7 	 11.0 	 4 	 8 	 1 	 0.0297029702970297
BestSolution
x_{0}
x_{7}
x_{8}
x_{12}
x_{15}
x_{49}
x_{20}
x_{30}
Objective: 8
ChainS-ChainL 0.2 4
Info {'qpu_sampling_time': 382720.0, 'qpu_anneal_time_per_sample': 200.0, 'qpu_readout_time_per_sample': 162.14, 'qpu_access_time': 398484.37, 'qpu_access_overhead_time': 2999.63, 'qpu_programming_time': 15764.37, 'qpu_delay_time_per_sample': 20.58, 'post_processing_overhead_time': 1.0, 'total_post_processing_time': 1.0}
Emb {'embedding': {56: (3797,), 0: (499, 3766, 3765, 3812), 10: (559,), 19: (304, 303, 3796), 43: (544,), 57: (3782,), 20: (3857, 3856, 454, 453), 46: (529,), 58: (514,), 15: (513, 3675, 3677, 3676), 49: (3842, 545), 61: (199,), 30: (3750,), 32: (3706, 3705), 64: (3632, 618), 4: (603,), 7: (468, 469), 16: (483, 484, 482), 65: (3736, 3737), 28: (379, 3691), 66: (3735, 288, 319), 25: (438, 3616, 439), 41: (287,), 67: (273, 272), 26: (3511,), 44: (3555,), 68: (3526, 228), 47: (3496,), 69: (3601, 378), 13: (423, 3586, 3585), 52: (363, 362), 70: (3571, 408), 54: (393,), 73: (3707,), 8: (3708,), 9: (3692,), 74: (395, 394), 23: (409,), 75: (3631,), 1: (3646,), 76: (348,), 24: (333,), 77: (437, 3512, 3541), 34: (558,), 78: (3527,), 45: (422,), 79: (498, 3556), 22: (3557,), 82: (560,), 87: (604,), 5: (3767,), 6: (619,), 88: (3826, 3827), 14: (365,), 89: (3811,), 27: (349,), 90: (334,), 29: (3781,), 91: (3751, 364), 92: (3720, 229, 3721), 93: (243, 242), 35: (3405,), 94: (258, 257), 36: (3645,), 95: (153, 3630), 42: (3570,), 96: (168,), 40: (3540,), 97: (3600, 213), 33: (3480, 183), 98: (3481, 3482), 51: (3497,), 99: (3376, 497), 37: (3391,), 100: (332, 3466), 53: (302,), 101: (3451,), 39: (3450,), 108: (274,), 11: (275,), 17: (3886,), 109: (289,), 12: (3841,), 110: (244, 3900), 31: (200,), 111: (169, 170, 3855), 3: (94,), 112: (3780, 184), 18: (3795,), 113: (3615, 123, 124), 38: (108,), 114: (92, 93), 21: (3690,), 117: (3901, 485), 2: (4037,), 48: (410,), 118: (3872,), 119: (3887, 424), 50: (515,), 122: (259,), 125: (3662,)}, 'chain_break_method': 'majority_vote', 'embedding_parameters': {}, 'chain_strength': 0.509707739982453}
x_{0} 4
x_{1} 1
x_{2} 1
x_{3} 1
x_{4} 1
x_{5} 1
x_{6} 1
x_{7} 2
x_{8} 1
x_{9} 1
x_{10} 1
x_{11} 1
x_{12} 1
x_{13} 3
x_{14} 1
x_{15} 4
x_{16} 3
x_{17} 1
x_{18} 1
x_{19} 3
x_{20} 4
x_{21} 1
x_{22} 1
x_{23} 1
x_{24} 1
x_{25} 3
x_{26} 1
x_{27} 1
x_{28} 2
x_{29} 1
x_{30} 1
x_{31} 1
x_{32} 2
x_{33} 2
x_{34} 1
x_{35} 1
x_{36} 1
x_{37} 1
x_{38} 1
x_{39} 1
x_{40} 1
x_{41} 1
x_{42} 1
x_{43} 1
x_{44} 1
x_{45} 1
x_{46} 1
x_{47} 1
x_{48} 1
x_{49} 2
x_{50} 1
x_{51} 1
x_{52} 2
x_{53} 1
x_{54} 1
y^1_1 1
y^1_2 1
y^1_3 1
y^2_1 1
y^3_1 2
y^3_2 2
y^3_3 3
y^3_4 2
y^3_5 2
y^3_6 2
y^3_7 2
y^4_1 1
y^4_2 2
y^4_3 1
y^4_4 1
y^4_5 3
y^4_6 1
y^4_7 2
y^5_1 1
y^7_1 1
y^7_2 2
y^7_3 1
y^7_4 1
y^7_5 2
y^7_6 3
y^7_7 2
y^7_8 2
y^7_9 2
y^7_10 1
y^7_11 2
y^7_12 2
y^7_13 2
y^7_14 2
y^7_15 1
y^10_1 1
y^10_2 1
y^10_3 2
y^10_4 3
y^10_5 2
y^10_6 3
y^10_7 2
y^11_1 2
y^11_2 1
y^11_3 2
y^12_1 1
y^13_1 1
