#Var-#NoneZ: 102 - 317
0.49179311210739735 [(0.0, 0.0), (200.0, 1.0)]
TimeRunning 4.156062841415405
0 	 7 	 7.0 	 0 	 7 	 352 	 0.0
1 	 6 	 7.0 	 1 	 7 	 427 	 0.0
2 	 6 	 9.0 	 4 	 8 	 1 	 0.03488372093023256
3 	 7 	 9.0 	 3 	 8 	 1 	 0.03488372093023256
4 	 7 	 9.0 	 3 	 8 	 26 	 0.011627906976744186
5 	 6 	 9.0 	 4 	 7 	 20 	 0.011627906976744186
6 	 7 	 9.0 	 3 	 7 	 19 	 0.011627906976744186
7 	 6 	 9.0 	 4 	 8 	 8 	 0.011627906976744186
8 	 8 	 9.0 	 2 	 8 	 14 	 0.011627906976744186
9 	 6 	 9.0 	 4 	 8 	 3 	 0.011627906976744186
10 	 7 	 9.0 	 3 	 8 	 1 	 0.023255813953488372
11 	 7 	 9.0 	 3 	 8 	 13 	 0.011627906976744186
12 	 6 	 9.0 	 5 	 7 	 4 	 0.011627906976744186
13 	 7 	 9.0 	 3 	 8 	 7 	 0.011627906976744186
14 	 7 	 9.0 	 3 	 8 	 9 	 0.011627906976744186
15 	 7 	 9.0 	 3 	 8 	 20 	 0.011627906976744186
16 	 8 	 9.0 	 2 	 8 	 15 	 0.011627906976744186
17 	 8 	 9.0 	 2 	 8 	 21 	 0.011627906976744186
18 	 6 	 9.0 	 4 	 7 	 8 	 0.011627906976744186
19 	 5 	 9.0 	 5 	 7 	 5 	 0.011627906976744186
20 	 7 	 9.0 	 4 	 8 	 9 	 0.011627906976744186
21 	 6 	 9.0 	 4 	 7 	 4 	 0.011627906976744186
22 	 7 	 9.0 	 3 	 8 	 3 	 0.011627906976744186
23 	 8 	 10.0 	 5 	 9 	 1 	 0.023255813953488372
24 	 8 	 10.0 	 4 	 9 	 2 	 0.023255813953488372
25 	 7 	 10.0 	 5 	 8 	 2 	 0.023255813953488372
26 	 7 	 10.0 	 6 	 8 	 3 	 0.023255813953488372
27 	 6 	 10.0 	 6 	 8 	 2 	 0.023255813953488372
BestSolution
x_{33}
x_{39}
x_{12}
x_{17}
x_{20}
x_{23}
x_{24}
Objective: 7
ChainS-ChainL 0.2 2
Info {'qpu_sampling_time': 384980.0, 'qpu_anneal_time_per_sample': 200.0, 'qpu_readout_time_per_sample': 164.4, 'qpu_access_time': 400742.77, 'qpu_access_overhead_time': 1594.23, 'qpu_programming_time': 15762.77, 'qpu_delay_time_per_sample': 20.58, 'post_processing_overhead_time': 1.0, 'total_post_processing_time': 1.0}
Emb {'embedding': {56: (183,), 20: (182,), 23: (272, 3555), 39: (3510,), 46: (3600,), 61: (318, 3646), 1: (423,), 13: (332, 333), 17: (3676,), 62: (273,), 16: (288,), 30: (3616,), 63: (393, 3601), 3: (3586,), 33: (3465, 3466), 64: (362, 363), 31: (3286,), 42: (3346, 256), 65: (377,), 41: (3376,), 47: (3271,), 66: (3361, 392), 8: (407, 3436), 48: (436,), 67: (3317,), 9: (557,), 49: (3316,), 70: (3511,), 0: (348,), 7: (228,), 12: (257,), 71: (242,), 22: (3450,), 72: (3390, 167), 35: (3330,), 73: (3270, 197), 37: (106,), 38: (212,), 74: (3435, 107), 43: (91, 92), 75: (138, 3525), 19: (3615, 213), 76: (123,), 11: (122,), 50: (3645,), 79: (364, 3691), 14: (319,), 24: (3766,), 80: (378, 379), 6: (3556,), 81: (437, 3541), 36: (422,), 82: (3421,), 40: (317,), 83: (302, 3331), 21: (3375,), 84: (286,), 44: (3360,), 85: (271,), 2: (270,), 88: (347,), 4: (3496,), 5: (3451,), 89: (3481, 287), 10: (3540,), 90: (3526, 303), 91: (3661, 258), 18: (243,), 92: (3585,), 26: (3570,), 93: (198,), 15: (3495,), 94: (3480, 152), 34: (137,), 95: (3345,), 28: (76,), 96: (47, 3315), 27: (32,), 97: (3300,), 32: (166,), 98: (151, 3240), 45: (211,), 99: (3225, 301), 29: (3301,), 100: (316,), 25: (3151,)}, 'chain_break_method': 'majority_vote', 'embedding_parameters': {}, 'chain_strength': 0.49179311210739735}
x_{0} 1
x_{1} 1
x_{2} 1
x_{3} 1
x_{4} 1
x_{5} 1
x_{6} 1
x_{7} 1
x_{8} 2
x_{9} 1
x_{10} 1
x_{11} 1
x_{12} 1
x_{13} 2
x_{14} 1
x_{15} 1
x_{16} 1
x_{17} 1
x_{18} 1
x_{19} 2
x_{20} 1
x_{21} 1
x_{22} 1
x_{23} 2
x_{24} 1
x_{25} 1
x_{26} 1
x_{27} 1
x_{28} 1
x_{29} 1
x_{30} 1
x_{31} 1
x_{32} 1
x_{33} 2
x_{34} 1
x_{35} 1
x_{36} 1
x_{37} 1
x_{38} 1
x_{39} 1
x_{40} 1
x_{41} 1
x_{42} 2
x_{43} 2
x_{44} 1
x_{45} 1
x_{46} 1
x_{47} 1
x_{48} 1
x_{49} 1
x_{50} 1
y^3_1 1
y^5_1 2
y^5_2 1
y^5_3 2
y^5_4 2
y^5_5 1
y^5_6 2
y^5_7 1
y^6_1 1
y^6_2 1
y^6_3 2
y^6_4 2
y^6_5 2
y^6_6 2
y^6_7 1
y^7_1 2
y^7_2 2
y^7_3 2
y^7_4 1
y^7_5 2
y^7_6 1
y^7_7 1
y^8_1 1
y^8_2 2
y^8_3 2
y^8_4 2
y^8_5 1
y^8_6 1
y^8_7 2
y^8_8 1
y^8_9 2
y^8_10 1
y^8_11 2
y^8_12 2
y^8_13 1
