#Var-#NoneZ: 138 - 453
0.5081787225328189 [(0.0, 0.0), (200.0, 1.0)]
TimeRunning 4.200804948806763
0 	 9 	 10.0 	 2 	 9 	 248 	 0.008771929824561403
1 	 9 	 10.0 	 1 	 10 	 1 	 0.008771929824561403
2 	 9 	 10.0 	 1 	 10 	 1 	 0.017543859649122806
3 	 7 	 11.0 	 5 	 10 	 3 	 0.017543859649122806
4 	 8 	 11.0 	 4 	 10 	 2 	 0.017543859649122806
5 	 9 	 11.0 	 3 	 10 	 4 	 0.017543859649122806
6 	 8 	 11.0 	 4 	 10 	 2 	 0.017543859649122806
7 	 10 	 11.0 	 2 	 10 	 3 	 0.017543859649122806
8 	 9 	 11.0 	 3 	 10 	 2 	 0.017543859649122806
9 	 8 	 11.0 	 4 	 10 	 1 	 0.017543859649122806
10 	 8 	 11.0 	 4 	 10 	 9 	 0.017543859649122806
11 	 9 	 11.0 	 3 	 10 	 6 	 0.017543859649122806
12 	 9 	 11.0 	 3 	 10 	 1 	 0.017543859649122806
13 	 7 	 11.0 	 5 	 10 	 1 	 0.017543859649122806
14 	 9 	 11.0 	 3 	 10 	 1 	 0.017543859649122806
15 	 8 	 11.0 	 4 	 10 	 1 	 0.017543859649122806
16 	 7 	 11.0 	 5 	 10 	 1 	 0.017543859649122806
17 	 8 	 11.0 	 4 	 10 	 1 	 0.017543859649122806
18 	 8 	 11.0 	 4 	 10 	 1 	 0.017543859649122806
19 	 8 	 11.0 	 4 	 10 	 1 	 0.017543859649122806
20 	 9 	 11.0 	 3 	 10 	 6 	 0.017543859649122806
21 	 8 	 11.0 	 4 	 10 	 5 	 0.017543859649122806
22 	 9 	 11.0 	 3 	 10 	 7 	 0.017543859649122806
23 	 7 	 11.0 	 5 	 10 	 2 	 0.02631578947368421
24 	 8 	 11.0 	 4 	 10 	 1 	 0.02631578947368421
25 	 10 	 11.0 	 3 	 10 	 1 	 0.008771929824561403
26 	 10 	 11.0 	 2 	 10 	 1 	 0.008771929824561403
27 	 10 	 11.0 	 2 	 10 	 1 	 0.008771929824561403
28 	 8 	 11.0 	 4 	 10 	 1 	 0.008771929824561403
29 	 9 	 11.0 	 4 	 9 	 1 	 0.03508771929824561
30 	 8 	 11.0 	 4 	 10 	 1 	 0.03508771929824561
31 	 9 	 11.0 	 4 	 9 	 2 	 0.017543859649122806
32 	 10 	 11.0 	 3 	 10 	 1 	 0.017543859649122806
33 	 8 	 11.0 	 4 	 10 	 4 	 0.017543859649122806
34 	 10 	 11.0 	 2 	 10 	 1 	 0.017543859649122806
35 	 9 	 11.0 	 3 	 10 	 1 	 0.03508771929824561
36 	 9 	 11.0 	 3 	 10 	 1 	 0.03508771929824561
37 	 8 	 11.0 	 4 	 10 	 1 	 0.03508771929824561
38 	 8 	 11.0 	 4 	 10 	 1 	 0.03508771929824561
39 	 9 	 11.0 	 3 	 10 	 1 	 0.03508771929824561
40 	 8 	 11.0 	 4 	 10 	 1 	 0.02631578947368421
41 	 7 	 11.0 	 5 	 10 	 1 	 0.02631578947368421
42 	 7 	 11.0 	 5 	 10 	 1 	 0.02631578947368421
43 	 9 	 11.0 	 3 	 10 	 1 	 0.017543859649122806
44 	 7 	 11.0 	 5 	 10 	 8 	 0.017543859649122806
45 	 8 	 11.0 	 4 	 10 	 4 	 0.017543859649122806
46 	 9 	 11.0 	 3 	 10 	 2 	 0.017543859649122806
47 	 9 	 11.0 	 3 	 10 	 42 	 0.02631578947368421
48 	 8 	 11.0 	 4 	 10 	 19 	 0.02631578947368421
49 	 7 	 11.0 	 5 	 10 	 11 	 0.02631578947368421
50 	 8 	 11.0 	 4 	 10 	 28 	 0.02631578947368421
51 	 7 	 11.0 	 5 	 10 	 8 	 0.02631578947368421
52 	 8 	 11.0 	 4 	 10 	 26 	 0.02631578947368421
53 	 8 	 11.0 	 4 	 10 	 3 	 0.017543859649122806
54 	 9 	 11.0 	 3 	 10 	 56 	 0.02631578947368421
55 	 8 	 11.0 	 4 	 10 	 34 	 0.02631578947368421
56 	 8 	 11.0 	 4 	 10 	 32 	 0.02631578947368421
57 	 7 	 11.0 	 5 	 10 	 20 	 0.02631578947368421
58 	 8 	 11.0 	 4 	 10 	 22 	 0.02631578947368421
59 	 7 	 11.0 	 5 	 10 	 24 	 0.02631578947368421
60 	 8 	 11.0 	 4 	 10 	 16 	 0.02631578947368421
61 	 9 	 11.0 	 3 	 10 	 26 	 0.02631578947368421
62 	 9 	 11.0 	 4 	 9 	 2 	 0.017543859649122806
63 	 10 	 11.0 	 3 	 10 	 1 	 0.017543859649122806
64 	 10 	 11.0 	 2 	 10 	 1 	 0.017543859649122806
65 	 9 	 11.0 	 4 	 9 	 162 	 0.02631578947368421
66 	 9 	 11.0 	 3 	 10 	 31 	 0.02631578947368421
67 	 9 	 11.0 	 4 	 9 	 1 	 0.03508771929824561
68 	 8 	 11.0 	 4 	 10 	 6 	 0.02631578947368421
69 	 8 	 11.0 	 4 	 10 	 3 	 0.017543859649122806
70 	 8 	 11.0 	 4 	 10 	 5 	 0.017543859649122806
71 	 9 	 11.0 	 3 	 10 	 4 	 0.017543859649122806
72 	 8 	 11.0 	 4 	 10 	 4 	 0.017543859649122806
73 	 9 	 11.0 	 3 	 10 	 7 	 0.017543859649122806
74 	 7 	 11.0 	 5 	 10 	 1 	 0.017543859649122806
75 	 9 	 11.0 	 3 	 10 	 2 	 0.017543859649122806
76 	 9 	 11.0 	 3 	 10 	 8 	 0.017543859649122806
77 	 8 	 11.0 	 4 	 10 	 2 	 0.017543859649122806
78 	 7 	 11.0 	 5 	 10 	 1 	 0.017543859649122806
79 	 9 	 11.0 	 3 	 10 	 2 	 0.017543859649122806
80 	 9 	 11.0 	 4 	 9 	 2 	 0.03508771929824561
81 	 9 	 11.0 	 3 	 10 	 2 	 0.017543859649122806
82 	 7 	 11.0 	 5 	 10 	 1 	 0.017543859649122806
83 	 8 	 11.0 	 4 	 10 	 1 	 0.017543859649122806
84 	 9 	 11.0 	 4 	 9 	 1 	 0.03508771929824561
85 	 7 	 11.0 	 5 	 10 	 1 	 0.017543859649122806
86 	 8 	 11.0 	 4 	 10 	 5 	 0.017543859649122806
87 	 9 	 12.0 	 4 	 11 	 1 	 0.03508771929824561
88 	 9 	 12.0 	 6 	 9 	 1 	 0.03508771929824561
89 	 10 	 12.0 	 4 	 10 	 1 	 0.03508771929824561
90 	 9 	 12.0 	 4 	 11 	 1 	 0.02631578947368421
91 	 10 	 12.0 	 5 	 10 	 1 	 0.02631578947368421
92 	 8 	 12.0 	 6 	 10 	 1 	 0.02631578947368421
93 	 10 	 12.0 	 4 	 10 	 1 	 0.02631578947368421
94 	 8 	 12.0 	 6 	 10 	 1 	 0.02631578947368421
95 	 10 	 12.0 	 4 	 10 	 1 	 0.03508771929824561
96 	 9 	 12.0 	 5 	 9 	 1 	 0.03508771929824561
97 	 9 	 12.0 	 4 	 11 	 1 	 0.02631578947368421
98 	 8 	 12.0 	 5 	 11 	 1 	 0.03508771929824561
99 	 10 	 12.0 	 5 	 10 	 1 	 0.03508771929824561
100 	 9 	 12.0 	 6 	 9 	 2 	 0.03508771929824561
101 	 10 	 12.0 	 3 	 11 	 1 	 0.03508771929824561
102 	 8 	 12.0 	 5 	 11 	 1 	 0.03508771929824561
103 	 8 	 12.0 	 5 	 11 	 1 	 0.03508771929824561
104 	 8 	 12.0 	 5 	 11 	 1 	 0.03508771929824561
105 	 9 	 12.0 	 6 	 9 	 1 	 0.03508771929824561
106 	 8 	 12.0 	 5 	 10 	 1 	 0.02631578947368421
107 	 9 	 12.0 	 5 	 11 	 1 	 0.02631578947368421
108 	 9 	 12.0 	 5 	 11 	 1 	 0.02631578947368421
109 	 8 	 12.0 	 6 	 11 	 1 	 0.02631578947368421
110 	 7 	 12.0 	 6 	 11 	 1 	 0.03508771929824561
111 	 10 	 12.0 	 3 	 11 	 1 	 0.03508771929824561
112 	 10 	 12.0 	 3 	 11 	 1 	 0.03508771929824561
113 	 9 	 12.0 	 4 	 11 	 1 	 0.02631578947368421
114 	 9 	 12.0 	 5 	 11 	 1 	 0.03508771929824561
BestSolution
x_{32}
x_{5}
x_{15}
x_{47}
x_{48}
x_{53}
x_{56}
x_{26}
x_{30}
Objective: 9
ChainS-ChainL 0.2 4
Info {'qpu_sampling_time': 313740.0, 'qpu_anneal_time_per_sample': 200.0, 'qpu_readout_time_per_sample': 93.16, 'qpu_access_time': 329503.97, 'qpu_access_overhead_time': 1663.03, 'qpu_programming_time': 15763.97, 'qpu_delay_time_per_sample': 20.58, 'post_processing_overhead_time': 1.0, 'total_post_processing_time': 1.0}
Emb {'embedding': {64: (958, 957), 29: (866, 5089), 30: (5359, 1017, 1016, 1015), 32: (1061, 5120), 48: (1122, 5195, 5194, 1182), 65: (942,), 9: (5164,), 53: (1046, 1047, 5105), 66: (5179,), 21: (5178,), 58: (1032, 5150), 71: (4865, 4866), 0: (1345,), 1: (4864,), 4: (4984, 1000), 17: (4881,), 72: (1331, 1330), 13: (5046,), 33: (1407, 5181), 73: (1346,), 2: (5091,), 36: (5152,), 74: (1302, 5137, 5136), 15: (1166, 1165), 40: (5166,), 75: (1137, 5165), 34: (1077,), 41: (5210, 1107), 76: (5240,), 42: (5241,), 77: (5226, 5225), 31: (1272, 5211), 43: (1347, 5256), 78: (1257,), 26: (5286, 5285), 47: (4956, 1136, 1256), 79: (1226, 1227, 5151), 35: (1151,), 80: (5015, 1121), 8: (1090, 4940, 1091), 51: (1106,), 81: (4985,), 18: (1180,), 52: (1150,), 82: (5000, 4999), 3: (881,), 83: (896, 897, 5104), 6: (851,), 54: (1108, 5299, 5300), 84: (5149, 852, 5239), 28: (5134,), 87: (987,), 92: (4835, 4836), 20: (1285,), 22: (1195,), 93: (4850,), 25: (1105,), 94: (4880, 1060), 19: (4910,), 95: (4896, 1301, 4895), 39: (4911,), 96: (1271,), 5: (1287, 1288, 1286), 97: (4941,), 49: (1255,), 98: (4925, 1045, 4926), 55: (4804,), 101: (1033, 5450), 14: (1003, 5405), 37: (5449,), 38: (5420,), 102: (5360, 1063), 46: (1318, 5376, 5361), 50: (1228,), 103: (5375,), 10: (1153,), 104: (5390, 5391), 56: (1123,), 105: (5316, 1213), 27: (5317,), 57: (1243,), 106: (5331, 5330, 5332), 61: (5315,), 107: (972,), 62: (973,), 110: (5287, 1377), 12: (5288,), 111: (1303, 5302), 112: (5271, 1273), 16: (1242,), 113: (5301,), 7: (1167,), 114: (1152, 5255), 115: (1093, 5270), 116: (1002, 5209), 60: (5344,), 119: (5090,), 120: (5075,), 121: (1092,), 124: (4971, 4970), 127: (1181,), 11: (5180,), 23: (5121,), 128: (5029, 5030, 1211, 956), 24: (926,), 129: (911, 5044), 130: (5059, 5060), 44: (1076,), 131: (5045,), 132: (4955, 1031), 45: (985,), 133: (5014, 986), 59: (1001,), 136: (971,)}, 'chain_break_method': 'majority_vote', 'embedding_parameters': {}, 'chain_strength': 0.5081787225328189}
x_{0} 1
x_{1} 1
x_{2} 1
x_{3} 1
x_{4} 2
x_{5} 3
x_{6} 1
x_{7} 1
x_{8} 3
x_{9} 1
x_{10} 1
x_{11} 1
x_{12} 1
x_{13} 1
x_{14} 2
x_{15} 2
x_{16} 1
x_{17} 1
x_{18} 1
x_{19} 1
x_{20} 1
x_{21} 1
x_{22} 1
x_{23} 1
x_{24} 1
x_{25} 1
x_{26} 2
x_{27} 1
x_{28} 1
x_{29} 2
x_{30} 4
x_{31} 2
x_{32} 2
x_{33} 2
x_{34} 1
x_{35} 1
x_{36} 1
x_{37} 1
x_{38} 1
x_{39} 1
x_{40} 1
x_{41} 2
x_{42} 1
x_{43} 2
x_{44} 1
x_{45} 1
x_{46} 3
x_{47} 3
x_{48} 4
x_{49} 1
x_{50} 1
x_{51} 1
x_{52} 1
x_{53} 3
x_{54} 3
x_{55} 1
x_{56} 1
x_{57} 1
x_{58} 2
x_{59} 1
x_{60} 1
x_{61} 1
x_{62} 1
y^1_1 2
y^1_2 1
y^1_3 1
y^3_1 2
y^3_2 2
y^3_3 1
y^3_4 3
y^3_5 2
y^3_6 1
y^3_7 2
y^3_8 1
y^3_9 3
y^3_10 2
y^3_11 1
y^3_12 2
y^3_13 3
y^3_14 3
y^4_1 1
y^6_1 2
y^6_2 1
y^6_3 2
y^6_4 3
y^6_5 1
y^6_6 1
y^6_7 3
y^7_1 2
y^7_2 2
y^7_3 1
y^7_4 2
y^7_5 2
y^7_6 3
y^7_7 1
y^8_1 2
y^8_2 2
y^8_3 2
y^8_4 1
y^8_5 2
y^8_6 2
y^8_7 2
y^9_1 1
y^9_2 1
y^9_3 1
y^10_1 2
y^11_1 1
y^11_2 4
y^11_3 2
y^11_4 2
y^11_5 1
y^11_6 2
y^11_7 2
y^12_1 1
