#Var-#NoneZ: 176 - 606
0.5362532681183095 [(0.0, 0.0), (200.0, 1.0)]
TimeRunning 4.2893195152282715
0 	 7 	 7.0 	 0 	 7 	 6 	 0.0
1 	 7 	 8.0 	 2 	 7 	 327 	 0.013513513513513514
2 	 7 	 8.0 	 2 	 7 	 1 	 0.006756756756756757
3 	 7 	 8.0 	 2 	 7 	 1 	 0.006756756756756757
4 	 7 	 8.0 	 2 	 7 	 2 	 0.006756756756756757
5 	 7 	 8.0 	 2 	 7 	 2 	 0.006756756756756757
6 	 8 	 8.0 	 0 	 8 	 1 	 0.0
7 	 7 	 8.0 	 2 	 7 	 1 	 0.013513513513513514
8 	 8 	 8.0 	 1 	 8 	 1 	 0.006756756756756757
9 	 7 	 8.0 	 2 	 7 	 2 	 0.006756756756756757
10 	 7 	 8.0 	 1 	 7 	 1 	 0.0
11 	 7 	 8.0 	 2 	 7 	 1 	 0.02027027027027027
12 	 7 	 8.0 	 2 	 7 	 211 	 0.013513513513513514
13 	 7 	 8.0 	 2 	 7 	 50 	 0.02027027027027027
14 	 7 	 8.0 	 2 	 7 	 1 	 0.006756756756756757
15 	 7 	 8.0 	 2 	 7 	 1 	 0.013513513513513514
16 	 7 	 8.0 	 2 	 7 	 1 	 0.006756756756756757
17 	 7 	 8.0 	 2 	 7 	 1 	 0.013513513513513514
18 	 7 	 8.0 	 2 	 7 	 40 	 0.02027027027027027
19 	 7 	 9.0 	 4 	 7 	 1 	 0.013513513513513514
20 	 8 	 9.0 	 2 	 8 	 1 	 0.013513513513513514
21 	 7 	 9.0 	 4 	 7 	 2 	 0.013513513513513514
22 	 7 	 9.0 	 4 	 7 	 1 	 0.013513513513513514
23 	 8 	 9.0 	 3 	 8 	 1 	 0.013513513513513514
24 	 7 	 9.0 	 3 	 7 	 1 	 0.013513513513513514
25 	 8 	 9.0 	 3 	 8 	 1 	 0.013513513513513514
26 	 8 	 9.0 	 2 	 8 	 2 	 0.013513513513513514
27 	 8 	 9.0 	 3 	 8 	 1 	 0.013513513513513514
28 	 8 	 9.0 	 3 	 8 	 1 	 0.013513513513513514
29 	 7 	 9.0 	 4 	 7 	 1 	 0.013513513513513514
30 	 7 	 9.0 	 4 	 7 	 1 	 0.013513513513513514
31 	 8 	 9.0 	 3 	 8 	 1 	 0.013513513513513514
32 	 8 	 9.0 	 3 	 8 	 1 	 0.013513513513513514
33 	 8 	 9.0 	 2 	 8 	 3 	 0.013513513513513514
34 	 7 	 9.0 	 4 	 7 	 1 	 0.013513513513513514
35 	 8 	 9.0 	 2 	 8 	 1 	 0.006756756756756757
36 	 7 	 9.0 	 3 	 7 	 1 	 0.02027027027027027
37 	 8 	 9.0 	 2 	 8 	 1 	 0.013513513513513514
38 	 8 	 9.0 	 2 	 8 	 1 	 0.013513513513513514
39 	 8 	 9.0 	 2 	 8 	 1 	 0.013513513513513514
40 	 7 	 9.0 	 3 	 7 	 1 	 0.013513513513513514
41 	 8 	 9.0 	 3 	 8 	 1 	 0.02027027027027027
42 	 8 	 9.0 	 3 	 8 	 1 	 0.02027027027027027
43 	 8 	 9.0 	 3 	 8 	 1 	 0.02027027027027027
44 	 8 	 9.0 	 2 	 8 	 1 	 0.02027027027027027
45 	 8 	 9.0 	 3 	 8 	 1 	 0.02027027027027027
46 	 8 	 9.0 	 3 	 8 	 1 	 0.02027027027027027
47 	 8 	 9.0 	 3 	 8 	 1 	 0.02027027027027027
48 	 8 	 9.0 	 3 	 8 	 1 	 0.02027027027027027
49 	 8 	 9.0 	 3 	 8 	 1 	 0.02027027027027027
50 	 8 	 9.0 	 3 	 8 	 1 	 0.02027027027027027
51 	 7 	 9.0 	 4 	 7 	 1 	 0.02027027027027027
52 	 7 	 9.0 	 4 	 7 	 1 	 0.013513513513513514
53 	 8 	 9.0 	 3 	 8 	 1 	 0.013513513513513514
54 	 8 	 9.0 	 2 	 8 	 2 	 0.013513513513513514
55 	 8 	 9.0 	 2 	 8 	 4 	 0.013513513513513514
56 	 8 	 9.0 	 3 	 8 	 1 	 0.013513513513513514
57 	 7 	 9.0 	 4 	 7 	 1 	 0.013513513513513514
58 	 8 	 9.0 	 3 	 8 	 1 	 0.013513513513513514
59 	 7 	 9.0 	 4 	 7 	 1 	 0.013513513513513514
60 	 7 	 9.0 	 3 	 7 	 1 	 0.033783783783783786
61 	 7 	 9.0 	 4 	 7 	 9 	 0.02702702702702703
62 	 7 	 9.0 	 4 	 7 	 43 	 0.02027027027027027
63 	 8 	 9.0 	 2 	 8 	 6 	 0.02702702702702703
64 	 7 	 9.0 	 4 	 7 	 8 	 0.02702702702702703
65 	 7 	 9.0 	 3 	 7 	 12 	 0.02027027027027027
66 	 7 	 9.0 	 4 	 7 	 59 	 0.02027027027027027
67 	 7 	 9.0 	 2 	 7 	 1 	 0.013513513513513514
68 	 8 	 9.0 	 2 	 8 	 18 	 0.02027027027027027
69 	 8 	 9.0 	 2 	 8 	 4 	 0.02702702702702703
70 	 7 	 9.0 	 3 	 7 	 20 	 0.02027027027027027
71 	 8 	 9.0 	 3 	 8 	 1 	 0.013513513513513514
72 	 8 	 9.0 	 2 	 8 	 22 	 0.02027027027027027
73 	 7 	 9.0 	 3 	 7 	 2 	 0.02702702702702703
74 	 7 	 9.0 	 3 	 7 	 1 	 0.02702702702702703
75 	 7 	 9.0 	 4 	 7 	 1 	 0.013513513513513514
76 	 7 	 9.0 	 2 	 7 	 1 	 0.013513513513513514
77 	 8 	 9.0 	 3 	 8 	 1 	 0.013513513513513514
78 	 7 	 9.0 	 3 	 7 	 1 	 0.013513513513513514
79 	 8 	 9.0 	 3 	 8 	 2 	 0.013513513513513514
80 	 8 	 9.0 	 3 	 8 	 1 	 0.013513513513513514
81 	 7 	 9.0 	 3 	 7 	 3 	 0.013513513513513514
82 	 7 	 9.0 	 4 	 7 	 1 	 0.013513513513513514
83 	 8 	 9.0 	 3 	 8 	 1 	 0.013513513513513514
84 	 8 	 9.0 	 3 	 8 	 1 	 0.013513513513513514
85 	 7 	 9.0 	 3 	 7 	 1 	 0.013513513513513514
86 	 8 	 9.0 	 3 	 8 	 1 	 0.013513513513513514
87 	 8 	 9.0 	 2 	 8 	 1 	 0.013513513513513514
88 	 8 	 9.0 	 3 	 8 	 1 	 0.013513513513513514
89 	 7 	 9.0 	 4 	 7 	 2 	 0.013513513513513514
90 	 7 	 9.0 	 4 	 7 	 2 	 0.013513513513513514
91 	 7 	 9.0 	 4 	 7 	 1 	 0.013513513513513514
92 	 7 	 9.0 	 4 	 7 	 1 	 0.013513513513513514
93 	 8 	 9.0 	 3 	 8 	 1 	 0.013513513513513514
94 	 7 	 9.0 	 3 	 7 	 1 	 0.02702702702702703
95 	 8 	 10.0 	 4 	 8 	 1 	 0.02027027027027027
96 	 9 	 10.0 	 3 	 9 	 1 	 0.02027027027027027
97 	 7 	 10.0 	 5 	 7 	 1 	 0.02027027027027027
98 	 9 	 10.0 	 3 	 9 	 1 	 0.02027027027027027
99 	 8 	 10.0 	 3 	 8 	 1 	 0.02027027027027027
100 	 7 	 10.0 	 4 	 7 	 1 	 0.02027027027027027
101 	 7 	 10.0 	 5 	 7 	 1 	 0.02027027027027027
102 	 9 	 10.0 	 3 	 9 	 1 	 0.02027027027027027
103 	 7 	 10.0 	 4 	 7 	 1 	 0.02027027027027027
104 	 9 	 10.0 	 2 	 9 	 2 	 0.02027027027027027
105 	 8 	 10.0 	 4 	 8 	 1 	 0.02027027027027027
106 	 8 	 10.0 	 4 	 8 	 1 	 0.02702702702702703
107 	 8 	 10.0 	 4 	 8 	 1 	 0.02702702702702703
108 	 8 	 10.0 	 3 	 8 	 1 	 0.02702702702702703
109 	 8 	 10.0 	 4 	 8 	 1 	 0.013513513513513514
110 	 8 	 10.0 	 5 	 8 	 1 	 0.013513513513513514
111 	 9 	 10.0 	 4 	 9 	 1 	 0.013513513513513514
112 	 9 	 10.0 	 2 	 9 	 1 	 0.02027027027027027
113 	 7 	 10.0 	 4 	 7 	 1 	 0.02027027027027027
114 	 7 	 10.0 	 4 	 7 	 1 	 0.02027027027027027
115 	 7 	 10.0 	 4 	 7 	 1 	 0.02027027027027027
116 	 7 	 10.0 	 5 	 7 	 6 	 0.02702702702702703
117 	 7 	 10.0 	 5 	 7 	 1 	 0.04054054054054054
118 	 8 	 10.0 	 4 	 8 	 5 	 0.02702702702702703
119 	 7 	 10.0 	 6 	 7 	 1 	 0.02027027027027027
120 	 7 	 10.0 	 4 	 7 	 1 	 0.02027027027027027
121 	 8 	 10.0 	 5 	 8 	 1 	 0.02027027027027027
122 	 7 	 10.0 	 6 	 7 	 1 	 0.02027027027027027
123 	 7 	 10.0 	 3 	 7 	 2 	 0.02027027027027027
124 	 7 	 10.0 	 4 	 7 	 1 	 0.02027027027027027
125 	 8 	 10.0 	 4 	 8 	 1 	 0.02027027027027027
126 	 7 	 10.0 	 5 	 7 	 4 	 0.02702702702702703
127 	 8 	 10.0 	 4 	 8 	 4 	 0.02702702702702703
128 	 8 	 10.0 	 5 	 8 	 1 	 0.02027027027027027
129 	 7 	 10.0 	 5 	 7 	 1 	 0.02027027027027027
130 	 7 	 10.0 	 4 	 7 	 1 	 0.02027027027027027
131 	 8 	 10.0 	 5 	 8 	 1 	 0.02027027027027027
132 	 8 	 10.0 	 5 	 8 	 1 	 0.02027027027027027
133 	 8 	 10.0 	 4 	 8 	 1 	 0.02027027027027027
134 	 8 	 10.0 	 2 	 8 	 1 	 0.02027027027027027
135 	 8 	 10.0 	 5 	 8 	 1 	 0.02702702702702703
136 	 7 	 10.0 	 4 	 7 	 1 	 0.02027027027027027
137 	 7 	 11.0 	 5 	 7 	 1 	 0.02702702702702703
138 	 7 	 11.0 	 5 	 7 	 1 	 0.02702702702702703
139 	 7 	 11.0 	 4 	 7 	 1 	 0.02702702702702703
140 	 8 	 11.0 	 3 	 8 	 1 	 0.02027027027027027
141 	 8 	 11.0 	 3 	 8 	 1 	 0.02702702702702703
142 	 7 	 11.0 	 5 	 7 	 1 	 0.02702702702702703
143 	 7 	 11.0 	 6 	 7 	 1 	 0.02702702702702703
144 	 9 	 11.0 	 5 	 9 	 1 	 0.02702702702702703
145 	 10 	 11.0 	 2 	 10 	 1 	 0.02027027027027027
BestSolution
x_{7}
x_{72}
x_{47}
x_{19}
x_{56}
x_{25}
x_{62}
Objective: 7
ChainS-ChainL 0.2 5
Info {'qpu_sampling_time': 277820.0, 'qpu_anneal_time_per_sample': 200.0, 'qpu_readout_time_per_sample': 57.24, 'qpu_access_time': 293585.17, 'qpu_access_overhead_time': 2019.83, 'qpu_programming_time': 15765.17, 'qpu_delay_time_per_sample': 20.58, 'post_processing_overhead_time': 1.0, 'total_post_processing_time': 1.0}
Emb {'embedding': {77: (3508,), 7: (2491, 2492, 2493, 3163, 3162), 25: (2506, 2507, 3328, 2505), 41: (2462, 3417, 3416), 56: (2417, 3523, 3524), 80: (3149,), 13: (2716,), 39: (2580,), 44: (3134,), 48: (2566,), 81: (3238, 2551), 31: (3223,), 50: (2476, 3253), 82: (2581,), 2: (3388,), 55: (3297, 3296, 3298, 2552), 83: (2597, 2596), 47: (3509, 2612), 84: (2718, 3539), 22: (3479, 2627), 57: (2658, 3614), 85: (2703, 3554), 16: (2702,), 61: (3462, 3461, 3463, 3464), 86: (2762, 3449), 23: (3419,), 62: (3432, 3431, 3433, 3434), 87: (2687,), 1: (3389,), 63: (3493, 3492, 3494, 3491), 88: (2671, 2672), 28: (3209, 2686), 64: (3329,), 89: (2717, 3314), 27: (2521, 2522, 3313), 66: (3344,), 90: (3358, 2372, 3359), 60: (3402,), 67: (3372,), 91: (2477, 2478), 68: (3582,), 92: (2463,), 38: (2583, 3643), 70: (3628,), 93: (3613,), 74: (2433,), 94: (3673, 2508), 75: (2389,), 97: (3312, 2311, 2221), 15: (2310,), 51: (3221, 2281, 3222), 53: (3251, 3250), 98: (2192, 2191), 0: (2206, 2205), 99: (3281, 2086, 3266), 35: (2101, 2100), 58: (2177, 3341), 100: (3446, 2207, 2102), 19: (2282, 3357, 2357, 2358), 101: (3400, 3401, 2267), 8: (1996, 1997), 102: (2116, 3220, 2117), 17: (2026,), 69: (2011,), 103: (2070, 3161, 3055), 12: (3146,), 73: (3056, 2250), 106: (3042,), 10: (3041, 2265), 11: (2355,), 18: (2431, 3237, 2430), 24: (3057,), 107: (2400, 3178), 29: (2445,), 108: (2341, 3207), 37: (2415,), 109: (3387, 2342, 2416), 54: (2312,), 110: (3477, 2327, 3478), 111: (2297, 3447), 65: (3236, 2296, 3327), 112: (2252, 2251), 14: (3551,), 119: (3208,), 120: (2536, 3193), 121: (3268, 2461), 122: (2446, 2447), 123: (2432,), 124: (3567, 2402, 2643, 3568), 125: (3583, 2553), 130: (3282, 2401), 131: (2326,), 132: (3177,), 135: (3403,), 136: (2582, 3553, 3448), 137: (2568, 2567, 3598), 140: (3132, 3131), 33: (3133,), 49: (3191, 2220), 141: (2176,), 9: (3206,), 142: (2161, 2160, 2162), 72: (3086,), 145: (3283,), 146: (2537,), 147: (3373, 2657), 150: (2235, 2236), 153: (3537, 3538), 3: (2208,), 21: (2373,), 154: (2386, 3102, 2387, 2388), 30: (2325,), 155: (2997, 2295), 32: (2280,), 156: (3148, 3147), 157: (3103, 2460), 34: (2998,), 158: (2983, 2982, 2981, 2520), 5: (2010,), 159: (2980, 1995, 3025), 40: (3070,), 160: (3100, 1935), 43: (1905,), 161: (3116, 3115, 2145), 162: (2371, 3117, 3192), 45: (2356,), 163: (3252,), 52: (3267,), 164: (2266,), 20: (3386,), 165: (3371, 3370, 2071), 6: (3385,), 166: (2056,), 59: (3326,), 167: (2042, 2041, 3460), 46: (3521,), 168: (2087, 3415), 26: (3550,), 169: (2072,), 42: (3506,), 170: (2147, 2146, 2193, 3476), 171: (3176, 2131), 4: (3175,), 172: (3190, 2040, 1981), 71: (3040,), 173: (3071, 2085, 3072, 3073), 174: (3087, 3088), 36: (2535,)}, 'chain_break_method': 'majority_vote', 'embedding_parameters': {}, 'chain_strength': 0.5362532681183095}
x_{0} 2
x_{1} 1
x_{2} 1
x_{3} 1
x_{4} 1
x_{5} 1
x_{6} 1
x_{7} 5
x_{8} 2
x_{9} 1
x_{10} 2
x_{11} 1
x_{12} 1
x_{13} 1
x_{14} 1
x_{15} 1
x_{16} 1
x_{17} 1
x_{18} 3
x_{19} 4
x_{20} 1
x_{21} 1
x_{22} 2
x_{23} 1
x_{24} 1
x_{25} 4
x_{26} 1
x_{27} 3
x_{28} 2
x_{29} 1
x_{30} 1
x_{31} 1
x_{32} 1
x_{33} 1
x_{34} 1
x_{35} 2
x_{36} 1
x_{37} 1
x_{38} 2
x_{39} 1
x_{40} 1
x_{41} 3
x_{42} 1
x_{43} 1
x_{44} 1
x_{45} 1
x_{46} 1
x_{47} 2
x_{48} 1
x_{49} 2
x_{50} 2
x_{51} 3
x_{52} 1
x_{53} 2
x_{54} 1
x_{55} 4
x_{56} 3
x_{57} 2
x_{58} 2
x_{59} 1
x_{60} 1
x_{61} 4
x_{62} 4
x_{63} 4
x_{64} 1
x_{65} 3
x_{66} 1
x_{67} 1
x_{68} 1
x_{69} 1
x_{70} 1
x_{71} 1
x_{72} 1
x_{73} 2
x_{74} 1
x_{75} 1
y^1_1 1
y^2_1 1
y^2_2 2
y^2_3 1
y^2_4 2
y^2_5 2
y^2_6 2
y^2_7 2
y^2_8 1
y^2_9 2
y^2_10 2
y^2_11 3
y^2_12 2
y^2_13 1
y^2_14 1
y^2_15 2
y^3_1 3
y^3_2 2
y^3_3 3
y^3_4 3
y^3_5 3
y^3_6 3
y^3_7 3
y^4_1 1
y^4_2 2
y^4_3 2
y^4_4 3
y^4_5 3
y^4_6 2
y^4_7 2
y^7_1 1
y^7_2 2
y^7_3 2
y^7_4 2
y^7_5 1
y^7_6 4
y^7_7 2
y^9_1 2
y^9_2 1
y^9_3 1
y^10_1 1
y^10_2 3
y^10_3 3
y^11_1 2
y^11_2 1
y^11_3 3
y^12_1 1
y^12_2 1
y^12_3 2
y^13_1 2
y^14_1 2
y^14_2 4
y^14_3 2
y^14_4 2
y^14_5 2
y^14_6 4
y^14_7 3
y^14_8 2
y^14_9 3
y^14_10 3
y^14_11 1
y^14_12 1
y^14_13 3
y^14_14 1
y^14_15 3
y^14_16 2
y^14_17 1
y^14_18 4
y^14_19 2
y^14_20 3
y^14_21 4
y^14_22 2
