#Var-#NoneZ: 155 - 515
0.5183650162543147 [(0.0, 0.0), (200.0, 1.0)]
TimeRunning 4.170264482498169
0 	 8 	 8.0 	 0 	 8 	 512 	 0.015267175572519083
1 	 8 	 8.0 	 0 	 8 	 148 	 0.022900763358778626
2 	 8 	 8.0 	 0 	 8 	 4 	 0.007633587786259542
3 	 8 	 8.0 	 0 	 8 	 3 	 0.015267175572519083
4 	 9 	 9.0 	 0 	 9 	 1 	 0.015267175572519083
5 	 9 	 9.0 	 0 	 9 	 1 	 0.015267175572519083
6 	 9 	 9.0 	 1 	 9 	 1 	 0.015267175572519083
7 	 9 	 9.0 	 1 	 9 	 1 	 0.022900763358778626
8 	 8 	 9.0 	 1 	 9 	 2 	 0.015267175572519083
9 	 9 	 9.0 	 0 	 9 	 1 	 0.015267175572519083
10 	 9 	 9.0 	 1 	 9 	 1 	 0.015267175572519083
11 	 9 	 9.0 	 0 	 9 	 1 	 0.015267175572519083
12 	 9 	 9.0 	 0 	 9 	 1 	 0.015267175572519083
13 	 9 	 9.0 	 0 	 9 	 1 	 0.015267175572519083
14 	 8 	 9.0 	 2 	 8 	 4 	 0.030534351145038167
15 	 9 	 9.0 	 0 	 9 	 2 	 0.015267175572519083
16 	 8 	 9.0 	 1 	 9 	 1 	 0.015267175572519083
17 	 8 	 9.0 	 2 	 8 	 16 	 0.022900763358778626
18 	 9 	 9.0 	 1 	 9 	 21 	 0.022900763358778626
19 	 8 	 9.0 	 2 	 8 	 1 	 0.022900763358778626
20 	 9 	 9.0 	 0 	 9 	 1 	 0.022900763358778626
21 	 9 	 9.0 	 1 	 9 	 2 	 0.030534351145038167
22 	 9 	 9.0 	 1 	 9 	 1 	 0.022900763358778626
23 	 9 	 9.0 	 1 	 9 	 14 	 0.030534351145038167
24 	 9 	 9.0 	 1 	 9 	 1 	 0.022900763358778626
25 	 10 	 10.0 	 1 	 10 	 1 	 0.022900763358778626
26 	 9 	 10.0 	 2 	 9 	 1 	 0.022900763358778626
27 	 8 	 10.0 	 2 	 8 	 1 	 0.03816793893129771
28 	 10 	 10.0 	 1 	 10 	 1 	 0.022900763358778626
29 	 8 	 10.0 	 2 	 8 	 151 	 0.030534351145038167
30 	 8 	 10.0 	 2 	 8 	 18 	 0.03816793893129771
31 	 8 	 10.0 	 2 	 8 	 48 	 0.03816793893129771
32 	 8 	 10.0 	 2 	 8 	 3 	 0.022900763358778626
33 	 8 	 10.0 	 2 	 8 	 5 	 0.04580152671755725
34 	 8 	 10.0 	 2 	 8 	 5 	 0.030534351145038167
35 	 9 	 11.0 	 2 	 9 	 1 	 0.03816793893129771
36 	 9 	 11.0 	 2 	 9 	 1 	 0.03816793893129771
37 	 9 	 11.0 	 2 	 9 	 1 	 0.030534351145038167
38 	 9 	 11.0 	 2 	 9 	 3 	 0.030534351145038167
39 	 8 	 11.0 	 4 	 8 	 1 	 0.04580152671755725
40 	 8 	 11.0 	 4 	 8 	 1 	 0.03816793893129771
41 	 9 	 11.0 	 3 	 9 	 2 	 0.03816793893129771
42 	 9 	 11.0 	 3 	 9 	 1 	 0.04580152671755725
43 	 9 	 11.0 	 3 	 9 	 3 	 0.04580152671755725
44 	 8 	 11.0 	 4 	 8 	 5 	 0.03816793893129771
45 	 8 	 11.0 	 4 	 8 	 1 	 0.030534351145038167
46 	 8 	 12.0 	 4 	 8 	 2 	 0.04580152671755725
47 	 8 	 12.0 	 4 	 8 	 1 	 0.05343511450381679
48 	 9 	 12.0 	 5 	 9 	 1 	 0.03816793893129771
BestSolution
x_{32}
x_{65}
x_{66}
x_{46}
x_{48}
x_{17}
x_{18}
x_{27}
Objective: 8
ChainS-ChainL 0.2 3
Info {'qpu_sampling_time': 359320.0, 'qpu_anneal_time_per_sample': 200.0, 'qpu_readout_time_per_sample': 138.74, 'qpu_access_time': 375084.77, 'qpu_access_overhead_time': 3759.23, 'qpu_programming_time': 15764.77, 'qpu_delay_time_per_sample': 20.58, 'post_processing_overhead_time': 1.0, 'total_post_processing_time': 1.0}
Emb {'embedding': {72: (649, 3813), 0: (3902, 3904, 3903), 12: (3814, 3815), 21: (3843, 604, 619), 27: (3888, 3889), 73: (3783, 634), 19: (754,), 29: (3797, 3798), 74: (3753, 784), 22: (844,), 30: (829, 830), 75: (3859,), 16: (3754, 874), 33: (770,), 76: (3845, 3844), 1: (3769, 994), 43: (1039, 1040), 77: (3830, 1009), 35: (1011, 1010), 44: (3919, 3920), 78: (1130, 3980), 38: (1160, 3965), 52: (3935,), 79: (4040, 1070), 45: (4010,), 54: (936,), 80: (4025, 995, 996), 42: (3934,), 55: (4264, 907), 81: (980, 981), 47: (4009,), 56: (4085, 4084), 82: (965,), 18: (3963, 3964), 57: (3949, 3950), 83: (920, 3979), 23: (3829,), 62: (3874,), 84: (815, 814), 48: (4083, 800), 65: (4039, 921), 85: (4069, 4070), 4: (1086, 1085), 66: (757, 756), 86: (4055, 4054), 7: (951,), 67: (846,), 89: (950,), 90: (935, 3875), 91: (1025,), 92: (3995, 3994), 93: (845, 4024), 94: (860, 3948), 95: (755,), 98: (905,), 103: (4068,), 13: (635,), 20: (4053,), 32: (4113, 696, 861), 46: (666,), 104: (591, 4112), 25: (4007,), 60: (4038,), 105: (576, 575), 69: (574,), 108: (741, 740), 31: (3978,), 111: (3768, 3767), 26: (559,), 28: (664,), 112: (679, 3858), 24: (3693,), 113: (709, 3828), 36: (694,), 114: (3723, 859), 37: (3784,), 115: (3799,), 40: (979,), 116: (3860, 964), 50: (3890,), 117: (1100, 3905), 39: (1220,), 118: (1205,), 10: (3966,), 119: (4026, 1190), 59: (1175,), 120: (1145, 1144, 4071), 61: (3891,), 121: (1116, 4145, 1115), 63: (1026,), 122: (4159, 4160), 123: (816, 4144), 8: (966,), 124: (4174,), 68: (952,), 125: (937,), 70: (4220,), 130: (695,), 17: (710,), 51: (3993,), 133: (500,), 5: (4037,), 6: (3931,), 15: (3992,), 134: (484, 485), 11: (3857,), 135: (3812, 469), 34: (590,), 136: (3917, 545), 41: (3932,), 137: (665,), 138: (680, 681), 49: (4023,), 139: (726, 4143), 53: (4158,), 140: (801, 4249), 3: (786,), 141: (697, 4263), 14: (4233,), 64: (847,), 142: (831, 4234), 58: (4219,), 143: (4204,), 2: (4203, 621), 146: (606, 605), 147: (620,), 148: (4082, 561), 151: (725,), 9: (3918,), 152: (785, 3933), 153: (4008,)}, 'chain_break_method': 'majority_vote', 'embedding_parameters': {}, 'chain_strength': 0.5183650162543147}
x_{0} 3
x_{1} 2
x_{2} 2
x_{3} 1
x_{4} 2
x_{5} 1
x_{6} 1
x_{7} 1
x_{8} 1
x_{9} 1
x_{10} 1
x_{11} 1
x_{12} 2
x_{13} 1
x_{14} 1
x_{15} 1
x_{16} 2
x_{17} 1
x_{18} 2
x_{19} 1
x_{20} 1
x_{21} 3
x_{22} 1
x_{23} 1
x_{24} 1
x_{25} 1
x_{26} 1
x_{27} 2
x_{28} 1
x_{29} 2
x_{30} 2
x_{31} 1
x_{32} 3
x_{33} 1
x_{34} 1
x_{35} 2
x_{36} 1
x_{37} 1
x_{38} 2
x_{39} 1
x_{40} 1
x_{41} 1
x_{42} 1
x_{43} 2
x_{44} 2
x_{45} 1
x_{46} 1
x_{47} 1
x_{48} 2
x_{49} 1
x_{50} 1
x_{51} 1
x_{52} 1
x_{53} 1
x_{54} 1
x_{55} 2
x_{56} 2
x_{57} 2
x_{58} 1
x_{59} 1
x_{60} 1
x_{61} 1
x_{62} 1
x_{63} 1
x_{64} 1
x_{65} 2
x_{66} 2
x_{67} 1
x_{68} 1
x_{69} 1
x_{70} 1
y^1_1 2
y^1_2 2
y^1_3 2
y^1_4 1
y^1_5 2
y^1_6 2
y^1_7 2
y^1_8 2
y^1_9 3
y^1_10 2
y^1_11 1
y^1_12 2
y^1_13 2
y^1_14 2
y^1_15 2
y^2_1 1
y^2_2 2
y^2_3 1
y^2_4 2
y^2_5 2
y^2_6 2
y^2_7 1
y^3_1 1
y^5_1 1
y^5_2 2
y^5_3 2
y^6_1 2
y^7_1 2
y^7_2 2
y^7_3 2
y^7_4 2
y^7_5 1
y^7_6 2
y^7_7 2
y^7_8 1
y^7_9 2
y^7_10 3
y^7_11 3
y^7_12 2
y^7_13 2
y^7_14 1
y^7_15 1
y^9_1 1
y^10_1 1
y^10_2 2
y^10_3 2
y^10_4 2
y^10_5 1
y^10_6 2
y^10_7 2
y^10_8 2
y^10_9 2
y^10_10 2
y^10_11 1
y^11_1 2
y^11_2 1
y^11_3 2
y^12_1 1
y^12_2 2
y^12_3 1
