#Var-#NoneZ: 91 - 291
0.47670365722489927 [(0.0, 0.0), (200.0, 1.0)]
TimeRunning 5.197035312652588
0 	 9 	 10.0 	 1 	 10 	 2 	 0.014492753623188406
1 	 9 	 10.0 	 1 	 10 	 1 	 0.0
2 	 10 	 10.0 	 0 	 10 	 1 	 0.0
3 	 9 	 10.0 	 1 	 10 	 1 	 0.0
4 	 8 	 10.0 	 2 	 10 	 2 	 0.0
5 	 6 	 10.0 	 4 	 10 	 1 	 0.0
6 	 7 	 10.0 	 3 	 10 	 1 	 0.0
7 	 9 	 10.0 	 1 	 10 	 1 	 0.0
8 	 9 	 10.0 	 1 	 10 	 1 	 0.0
9 	 7 	 10.0 	 3 	 10 	 1 	 0.0
10 	 8 	 10.0 	 2 	 10 	 1 	 0.0
11 	 8 	 10.0 	 2 	 10 	 1 	 0.0
12 	 8 	 10.0 	 2 	 10 	 1 	 0.0
13 	 6 	 10.0 	 4 	 10 	 1 	 0.0
14 	 10 	 10.0 	 0 	 10 	 2 	 0.0
15 	 8 	 10.0 	 2 	 10 	 1 	 0.0
16 	 9 	 10.0 	 1 	 10 	 3 	 0.0
17 	 9 	 10.0 	 1 	 10 	 2 	 0.0
18 	 9 	 10.0 	 1 	 10 	 2 	 0.0
19 	 8 	 10.0 	 2 	 10 	 1 	 0.0
20 	 10 	 10.0 	 0 	 10 	 2 	 0.0
21 	 8 	 10.0 	 2 	 10 	 4 	 0.0
22 	 7 	 10.0 	 3 	 10 	 3 	 0.0
23 	 8 	 10.0 	 2 	 10 	 4 	 0.0
24 	 8 	 10.0 	 2 	 10 	 4 	 0.0
25 	 8 	 10.0 	 2 	 10 	 3 	 0.0
26 	 8 	 10.0 	 2 	 10 	 2 	 0.0
27 	 8 	 10.0 	 2 	 10 	 1 	 0.0
28 	 7 	 10.0 	 3 	 10 	 3 	 0.0
29 	 7 	 10.0 	 3 	 10 	 1 	 0.0
30 	 8 	 10.0 	 2 	 10 	 1 	 0.0
31 	 8 	 10.0 	 2 	 10 	 4 	 0.0
32 	 8 	 10.0 	 2 	 10 	 2 	 0.0
33 	 7 	 10.0 	 3 	 10 	 1 	 0.0
34 	 9 	 10.0 	 1 	 10 	 1 	 0.0
35 	 9 	 10.0 	 1 	 10 	 2 	 0.0
36 	 8 	 10.0 	 2 	 10 	 1 	 0.0
37 	 8 	 10.0 	 2 	 10 	 1 	 0.0
38 	 9 	 10.0 	 1 	 10 	 1 	 0.0
39 	 9 	 10.0 	 1 	 10 	 1 	 0.0
40 	 9 	 10.0 	 1 	 10 	 1 	 0.0
41 	 8 	 10.0 	 2 	 10 	 2 	 0.0
42 	 7 	 10.0 	 3 	 10 	 1 	 0.0
43 	 9 	 10.0 	 1 	 10 	 2 	 0.0
44 	 7 	 10.0 	 3 	 10 	 1 	 0.0
45 	 8 	 10.0 	 2 	 10 	 1 	 0.0
46 	 7 	 10.0 	 3 	 10 	 1 	 0.0
47 	 7 	 10.0 	 3 	 10 	 1 	 0.0
48 	 8 	 10.0 	 2 	 10 	 1 	 0.0
49 	 8 	 10.0 	 2 	 10 	 1 	 0.0
50 	 8 	 10.0 	 2 	 10 	 1 	 0.0
51 	 8 	 10.0 	 2 	 10 	 1 	 0.0
52 	 7 	 10.0 	 3 	 10 	 1 	 0.0
53 	 9 	 10.0 	 1 	 10 	 1 	 0.0
54 	 10 	 10.0 	 0 	 10 	 2 	 0.0
55 	 10 	 10.0 	 0 	 10 	 1 	 0.0
56 	 8 	 10.0 	 2 	 10 	 1 	 0.0
57 	 7 	 10.0 	 3 	 10 	 1 	 0.0
58 	 9 	 10.0 	 1 	 10 	 1 	 0.0
59 	 9 	 10.0 	 1 	 10 	 1 	 0.0
60 	 8 	 10.0 	 2 	 10 	 1 	 0.0
61 	 7 	 10.0 	 3 	 10 	 1 	 0.0
62 	 8 	 10.0 	 2 	 10 	 1 	 0.0
63 	 8 	 10.0 	 2 	 10 	 1 	 0.0
64 	 7 	 10.0 	 3 	 10 	 2 	 0.0
65 	 9 	 10.0 	 1 	 10 	 2 	 0.0
66 	 7 	 10.0 	 3 	 10 	 2 	 0.0
67 	 7 	 10.0 	 3 	 10 	 1 	 0.0
68 	 9 	 10.0 	 1 	 10 	 2 	 0.0
69 	 6 	 10.0 	 4 	 10 	 1 	 0.0
70 	 8 	 10.0 	 2 	 10 	 1 	 0.0
71 	 8 	 10.0 	 2 	 10 	 1 	 0.0
72 	 9 	 10.0 	 1 	 10 	 2 	 0.0
73 	 7 	 10.0 	 3 	 10 	 1 	 0.0
74 	 8 	 10.0 	 2 	 10 	 2 	 0.0
75 	 8 	 10.0 	 2 	 10 	 1 	 0.0
76 	 9 	 10.0 	 1 	 10 	 2 	 0.0
77 	 7 	 10.0 	 3 	 10 	 1 	 0.0
78 	 7 	 10.0 	 3 	 10 	 2 	 0.0
79 	 10 	 10.0 	 0 	 10 	 1 	 0.0
80 	 9 	 10.0 	 1 	 10 	 2 	 0.0
81 	 8 	 10.0 	 2 	 10 	 2 	 0.0
82 	 7 	 10.0 	 3 	 10 	 1 	 0.0
83 	 9 	 10.0 	 1 	 10 	 2 	 0.0
84 	 6 	 10.0 	 4 	 10 	 1 	 0.0
85 	 10 	 10.0 	 0 	 10 	 2 	 0.0
86 	 9 	 10.0 	 1 	 10 	 2 	 0.0
87 	 10 	 10.0 	 0 	 10 	 1 	 0.0
88 	 8 	 10.0 	 2 	 10 	 1 	 0.0
89 	 9 	 10.0 	 1 	 10 	 2 	 0.0
90 	 7 	 10.0 	 3 	 10 	 1 	 0.0
91 	 8 	 10.0 	 2 	 10 	 1 	 0.0
92 	 8 	 10.0 	 2 	 10 	 1 	 0.0
93 	 9 	 10.0 	 1 	 10 	 2 	 0.0
94 	 6 	 10.0 	 4 	 10 	 2 	 0.0
95 	 7 	 10.0 	 3 	 10 	 1 	 0.0
96 	 8 	 10.0 	 2 	 10 	 1 	 0.0
97 	 8 	 10.0 	 2 	 10 	 2 	 0.0
98 	 8 	 10.0 	 2 	 10 	 1 	 0.0
99 	 9 	 10.0 	 1 	 10 	 2 	 0.0
100 	 7 	 10.0 	 3 	 10 	 3 	 0.0
101 	 10 	 10.0 	 0 	 10 	 3 	 0.0
102 	 7 	 10.0 	 3 	 10 	 2 	 0.0
103 	 7 	 10.0 	 3 	 10 	 2 	 0.0
104 	 8 	 10.0 	 2 	 10 	 2 	 0.0
105 	 7 	 10.0 	 3 	 10 	 1 	 0.0
106 	 9 	 10.0 	 1 	 10 	 3 	 0.0
107 	 7 	 10.0 	 3 	 10 	 3 	 0.0
108 	 10 	 10.0 	 0 	 10 	 2 	 0.0
109 	 9 	 10.0 	 1 	 10 	 4 	 0.0
110 	 6 	 10.0 	 4 	 10 	 1 	 0.0
111 	 10 	 10.0 	 0 	 10 	 1 	 0.0
112 	 6 	 10.0 	 4 	 10 	 1 	 0.0
113 	 7 	 10.0 	 3 	 10 	 3 	 0.0
114 	 7 	 10.0 	 3 	 10 	 1 	 0.0
115 	 6 	 10.0 	 4 	 10 	 1 	 0.0
116 	 7 	 10.0 	 3 	 10 	 2 	 0.0
117 	 7 	 10.0 	 3 	 10 	 1 	 0.0
118 	 8 	 10.0 	 2 	 10 	 4 	 0.0
119 	 7 	 10.0 	 3 	 10 	 1 	 0.0
120 	 8 	 10.0 	 2 	 10 	 2 	 0.0
121 	 10 	 10.0 	 0 	 10 	 3 	 0.0
122 	 9 	 10.0 	 1 	 10 	 2 	 0.0
123 	 7 	 10.0 	 3 	 10 	 1 	 0.0
124 	 7 	 10.0 	 3 	 10 	 1 	 0.0
125 	 7 	 10.0 	 3 	 10 	 2 	 0.0
126 	 6 	 10.0 	 4 	 10 	 1 	 0.0
127 	 8 	 10.0 	 2 	 10 	 1 	 0.0
128 	 10 	 10.0 	 0 	 10 	 2 	 0.0
129 	 9 	 10.0 	 1 	 10 	 2 	 0.0
130 	 9 	 10.0 	 1 	 10 	 2 	 0.0
131 	 7 	 10.0 	 3 	 10 	 2 	 0.0
132 	 10 	 10.0 	 0 	 10 	 1 	 0.0
133 	 9 	 10.0 	 1 	 10 	 1 	 0.0
134 	 9 	 10.0 	 1 	 10 	 1 	 0.0
135 	 8 	 10.0 	 2 	 10 	 1 	 0.0
136 	 10 	 10.0 	 0 	 10 	 3 	 0.0
137 	 8 	 10.0 	 2 	 10 	 1 	 0.0
138 	 8 	 10.0 	 2 	 10 	 2 	 0.0
139 	 9 	 10.0 	 1 	 10 	 2 	 0.0
140 	 9 	 10.0 	 1 	 10 	 1 	 0.0
141 	 7 	 10.0 	 3 	 10 	 3 	 0.0
142 	 8 	 10.0 	 2 	 10 	 3 	 0.0
143 	 10 	 10.0 	 0 	 10 	 1 	 0.0
144 	 9 	 10.0 	 1 	 10 	 2 	 0.0
145 	 9 	 10.0 	 1 	 10 	 1 	 0.0
146 	 7 	 10.0 	 3 	 10 	 2 	 0.0
147 	 8 	 10.0 	 2 	 10 	 3 	 0.0
148 	 9 	 10.0 	 1 	 10 	 1 	 0.0
149 	 7 	 10.0 	 3 	 10 	 1 	 0.0
150 	 8 	 10.0 	 2 	 10 	 1 	 0.0
151 	 8 	 10.0 	 2 	 10 	 1 	 0.0
152 	 8 	 10.0 	 2 	 10 	 2 	 0.0
153 	 6 	 10.0 	 4 	 10 	 1 	 0.0
154 	 9 	 10.0 	 1 	 10 	 3 	 0.0
155 	 8 	 10.0 	 2 	 10 	 4 	 0.0
156 	 8 	 10.0 	 2 	 10 	 2 	 0.0
157 	 8 	 10.0 	 2 	 10 	 1 	 0.0
158 	 8 	 10.0 	 2 	 10 	 1 	 0.0
159 	 8 	 10.0 	 2 	 10 	 3 	 0.0
160 	 9 	 10.0 	 1 	 10 	 6 	 0.0
161 	 9 	 10.0 	 1 	 10 	 2 	 0.0
162 	 8 	 10.0 	 2 	 10 	 2 	 0.0
163 	 8 	 10.0 	 2 	 10 	 1 	 0.0
164 	 7 	 10.0 	 3 	 10 	 1 	 0.0
165 	 8 	 10.0 	 2 	 10 	 1 	 0.0
166 	 9 	 10.0 	 1 	 10 	 1 	 0.0
167 	 8 	 10.0 	 2 	 10 	 1 	 0.014492753623188406
168 	 8 	 10.0 	 2 	 10 	 2 	 0.014492753623188406
169 	 9 	 10.0 	 1 	 10 	 2 	 0.014492753623188406
170 	 8 	 10.0 	 2 	 10 	 2 	 0.014492753623188406
171 	 8 	 10.0 	 2 	 10 	 2 	 0.014492753623188406
172 	 8 	 10.0 	 2 	 10 	 2 	 0.014492753623188406
173 	 7 	 10.0 	 3 	 10 	 1 	 0.014492753623188406
174 	 7 	 10.0 	 3 	 10 	 1 	 0.014492753623188406
175 	 9 	 10.0 	 1 	 10 	 2 	 0.014492753623188406
176 	 9 	 10.0 	 1 	 10 	 2 	 0.014492753623188406
177 	 8 	 10.0 	 2 	 10 	 1 	 0.014492753623188406
178 	 8 	 10.0 	 2 	 10 	 1 	 0.014492753623188406
179 	 8 	 10.0 	 2 	 10 	 2 	 0.014492753623188406
180 	 9 	 10.0 	 1 	 10 	 1 	 0.014492753623188406
181 	 9 	 10.0 	 1 	 10 	 1 	 0.0
182 	 7 	 10.0 	 3 	 10 	 2 	 0.014492753623188406
183 	 8 	 10.0 	 2 	 10 	 1 	 0.014492753623188406
184 	 8 	 10.0 	 2 	 10 	 1 	 0.014492753623188406
185 	 10 	 10.0 	 0 	 10 	 1 	 0.014492753623188406
186 	 7 	 10.0 	 3 	 10 	 2 	 0.0
187 	 6 	 10.0 	 4 	 10 	 1 	 0.0
188 	 9 	 10.0 	 1 	 10 	 1 	 0.0
189 	 9 	 10.0 	 1 	 10 	 3 	 0.0
190 	 8 	 10.0 	 2 	 10 	 1 	 0.0
191 	 8 	 10.0 	 2 	 10 	 1 	 0.0
192 	 7 	 10.0 	 3 	 10 	 1 	 0.0
193 	 9 	 10.0 	 1 	 10 	 1 	 0.0
194 	 6 	 10.0 	 4 	 10 	 1 	 0.0
195 	 8 	 10.0 	 2 	 10 	 1 	 0.0
196 	 8 	 10.0 	 2 	 10 	 2 	 0.0
197 	 10 	 10.0 	 0 	 10 	 2 	 0.014492753623188406
198 	 8 	 10.0 	 2 	 10 	 1 	 0.0
199 	 8 	 10.0 	 2 	 10 	 2 	 0.0
200 	 9 	 10.0 	 1 	 10 	 1 	 0.0
201 	 8 	 10.0 	 2 	 10 	 1 	 0.0
202 	 8 	 10.0 	 2 	 10 	 2 	 0.0
203 	 8 	 10.0 	 2 	 10 	 2 	 0.0
204 	 7 	 10.0 	 3 	 10 	 1 	 0.0
205 	 8 	 10.0 	 2 	 10 	 5 	 0.0
206 	 8 	 10.0 	 2 	 10 	 1 	 0.0
207 	 9 	 10.0 	 1 	 10 	 1 	 0.0
208 	 9 	 10.0 	 1 	 10 	 4 	 0.0
209 	 7 	 10.0 	 3 	 10 	 1 	 0.0
210 	 7 	 10.0 	 3 	 10 	 1 	 0.0
211 	 8 	 10.0 	 2 	 10 	 1 	 0.0
212 	 6 	 10.0 	 4 	 10 	 2 	 0.0
213 	 7 	 10.0 	 3 	 10 	 1 	 0.0
214 	 7 	 10.0 	 3 	 10 	 1 	 0.0
215 	 8 	 10.0 	 2 	 10 	 1 	 0.0
216 	 8 	 10.0 	 2 	 10 	 1 	 0.0
217 	 7 	 10.0 	 3 	 10 	 2 	 0.0
218 	 9 	 10.0 	 1 	 10 	 1 	 0.0
219 	 10 	 10.0 	 0 	 10 	 1 	 0.0
220 	 7 	 10.0 	 3 	 10 	 2 	 0.0
221 	 8 	 10.0 	 2 	 10 	 1 	 0.0
222 	 9 	 10.0 	 1 	 10 	 2 	 0.0
223 	 8 	 10.0 	 2 	 10 	 1 	 0.0
224 	 8 	 10.0 	 2 	 10 	 6 	 0.0
225 	 9 	 10.0 	 1 	 10 	 1 	 0.0
226 	 10 	 10.0 	 0 	 10 	 2 	 0.0
227 	 8 	 10.0 	 2 	 10 	 1 	 0.0
228 	 10 	 10.0 	 0 	 10 	 1 	 0.0
229 	 8 	 10.0 	 2 	 10 	 2 	 0.0
230 	 6 	 10.0 	 4 	 10 	 2 	 0.0
231 	 8 	 10.0 	 2 	 10 	 1 	 0.0
232 	 7 	 10.0 	 3 	 10 	 1 	 0.0
233 	 8 	 10.0 	 2 	 10 	 2 	 0.0
234 	 8 	 10.0 	 2 	 10 	 3 	 0.0
235 	 8 	 10.0 	 2 	 10 	 3 	 0.0
236 	 8 	 10.0 	 2 	 10 	 3 	 0.0
237 	 7 	 10.0 	 3 	 10 	 2 	 0.0
238 	 8 	 10.0 	 2 	 10 	 2 	 0.0
239 	 9 	 10.0 	 1 	 10 	 1 	 0.0
240 	 10 	 10.0 	 0 	 10 	 1 	 0.0
241 	 8 	 10.0 	 2 	 10 	 1 	 0.0
242 	 6 	 10.0 	 4 	 10 	 3 	 0.0
243 	 9 	 10.0 	 1 	 10 	 1 	 0.0
244 	 7 	 10.0 	 3 	 10 	 1 	 0.0
245 	 9 	 10.0 	 1 	 10 	 3 	 0.0
246 	 7 	 10.0 	 3 	 10 	 2 	 0.0
247 	 9 	 10.0 	 1 	 10 	 1 	 0.0
248 	 8 	 10.0 	 2 	 10 	 3 	 0.0
249 	 8 	 10.0 	 2 	 10 	 1 	 0.0
250 	 7 	 10.0 	 3 	 10 	 1 	 0.0
251 	 8 	 10.0 	 2 	 10 	 4 	 0.0
252 	 9 	 10.0 	 1 	 10 	 1 	 0.0
253 	 9 	 10.0 	 1 	 10 	 2 	 0.0
254 	 9 	 10.0 	 1 	 10 	 1 	 0.0
255 	 9 	 10.0 	 1 	 10 	 1 	 0.0
256 	 10 	 10.0 	 0 	 10 	 2 	 0.0
257 	 9 	 10.0 	 1 	 10 	 1 	 0.0
258 	 8 	 10.0 	 2 	 10 	 1 	 0.0
259 	 9 	 10.0 	 1 	 10 	 3 	 0.0
260 	 9 	 10.0 	 1 	 10 	 3 	 0.0
261 	 7 	 10.0 	 3 	 10 	 2 	 0.0
262 	 7 	 10.0 	 3 	 10 	 4 	 0.0
263 	 8 	 10.0 	 2 	 10 	 1 	 0.0
264 	 9 	 10.0 	 1 	 10 	 1 	 0.0
265 	 8 	 10.0 	 2 	 10 	 1 	 0.0
266 	 7 	 10.0 	 3 	 10 	 1 	 0.0
267 	 8 	 10.0 	 2 	 10 	 1 	 0.0
268 	 8 	 10.0 	 2 	 10 	 2 	 0.014492753623188406
269 	 9 	 10.0 	 1 	 10 	 3 	 0.014492753623188406
270 	 8 	 10.0 	 2 	 10 	 1 	 0.014492753623188406
271 	 9 	 10.0 	 1 	 10 	 2 	 0.014492753623188406
272 	 9 	 10.0 	 1 	 10 	 6 	 0.014492753623188406
273 	 8 	 10.0 	 2 	 10 	 5 	 0.014492753623188406
274 	 8 	 10.0 	 2 	 10 	 3 	 0.014492753623188406
275 	 10 	 10.0 	 0 	 10 	 10 	 0.014492753623188406
276 	 8 	 10.0 	 2 	 10 	 5 	 0.014492753623188406
277 	 7 	 10.0 	 3 	 10 	 3 	 0.014492753623188406
278 	 10 	 10.0 	 0 	 10 	 1 	 0.014492753623188406
279 	 7 	 10.0 	 3 	 10 	 1 	 0.014492753623188406
280 	 8 	 10.0 	 2 	 10 	 1 	 0.014492753623188406
281 	 8 	 10.0 	 2 	 10 	 2 	 0.014492753623188406
282 	 9 	 10.0 	 1 	 10 	 1 	 0.014492753623188406
283 	 8 	 10.0 	 2 	 10 	 3 	 0.014492753623188406
284 	 8 	 10.0 	 2 	 10 	 1 	 0.014492753623188406
285 	 8 	 10.0 	 2 	 10 	 2 	 0.014492753623188406
286 	 8 	 10.0 	 2 	 10 	 2 	 0.014492753623188406
287 	 8 	 10.0 	 2 	 10 	 1 	 0.014492753623188406
288 	 9 	 10.0 	 1 	 10 	 1 	 0.014492753623188406
289 	 8 	 10.0 	 2 	 10 	 2 	 0.014492753623188406
290 	 9 	 10.0 	 1 	 10 	 2 	 0.014492753623188406
291 	 10 	 10.0 	 0 	 10 	 5 	 0.014492753623188406
292 	 10 	 10.0 	 0 	 10 	 3 	 0.014492753623188406
293 	 10 	 10.0 	 0 	 10 	 4 	 0.014492753623188406
294 	 7 	 10.0 	 3 	 10 	 1 	 0.014492753623188406
295 	 7 	 10.0 	 3 	 10 	 1 	 0.014492753623188406
296 	 9 	 10.0 	 1 	 10 	 1 	 0.014492753623188406
297 	 9 	 10.0 	 1 	 10 	 5 	 0.014492753623188406
298 	 7 	 10.0 	 3 	 10 	 2 	 0.014492753623188406
299 	 10 	 10.0 	 0 	 10 	 2 	 0.014492753623188406
300 	 7 	 10.0 	 3 	 10 	 1 	 0.0
301 	 9 	 10.0 	 1 	 10 	 6 	 0.014492753623188406
302 	 8 	 10.0 	 2 	 10 	 5 	 0.014492753623188406
303 	 8 	 10.0 	 2 	 10 	 3 	 0.014492753623188406
304 	 9 	 10.0 	 1 	 10 	 3 	 0.014492753623188406
305 	 10 	 10.0 	 0 	 10 	 3 	 0.014492753623188406
306 	 9 	 10.0 	 1 	 10 	 3 	 0.014492753623188406
307 	 9 	 10.0 	 1 	 10 	 3 	 0.014492753623188406
308 	 9 	 10.0 	 1 	 10 	 3 	 0.014492753623188406
309 	 9 	 10.0 	 1 	 10 	 2 	 0.014492753623188406
310 	 9 	 10.0 	 1 	 10 	 2 	 0.014492753623188406
311 	 9 	 10.0 	 1 	 10 	 2 	 0.014492753623188406
312 	 9 	 10.0 	 1 	 10 	 5 	 0.014492753623188406
313 	 8 	 10.0 	 2 	 10 	 1 	 0.014492753623188406
314 	 9 	 10.0 	 1 	 10 	 13 	 0.014492753623188406
315 	 9 	 10.0 	 1 	 10 	 2 	 0.014492753623188406
316 	 10 	 10.0 	 0 	 10 	 1 	 0.0
317 	 7 	 10.0 	 3 	 10 	 1 	 0.0
318 	 9 	 10.0 	 1 	 10 	 1 	 0.0
319 	 9 	 10.0 	 1 	 10 	 1 	 0.0
320 	 7 	 10.0 	 3 	 10 	 4 	 0.014492753623188406
321 	 9 	 10.0 	 1 	 10 	 1 	 0.0
322 	 9 	 10.0 	 1 	 10 	 1 	 0.0
323 	 7 	 10.0 	 3 	 10 	 1 	 0.0
324 	 7 	 10.0 	 3 	 10 	 1 	 0.0
325 	 9 	 10.0 	 1 	 10 	 2 	 0.0
326 	 10 	 10.0 	 0 	 10 	 2 	 0.0
327 	 9 	 10.0 	 1 	 10 	 1 	 0.0
328 	 6 	 10.0 	 4 	 10 	 1 	 0.0
329 	 10 	 10.0 	 0 	 10 	 1 	 0.0
330 	 8 	 10.0 	 2 	 10 	 1 	 0.0
331 	 8 	 10.0 	 2 	 10 	 1 	 0.0
332 	 10 	 10.0 	 0 	 10 	 1 	 0.0
333 	 9 	 10.0 	 1 	 10 	 2 	 0.0
334 	 8 	 10.0 	 2 	 10 	 1 	 0.0
335 	 8 	 10.0 	 2 	 10 	 1 	 0.0
336 	 10 	 10.0 	 0 	 10 	 1 	 0.0
337 	 10 	 10.0 	 0 	 10 	 2 	 0.0
338 	 8 	 10.0 	 2 	 10 	 1 	 0.014492753623188406
339 	 8 	 10.0 	 2 	 10 	 1 	 0.0
340 	 9 	 10.0 	 1 	 10 	 1 	 0.0
341 	 9 	 10.0 	 1 	 10 	 1 	 0.0
342 	 6 	 10.0 	 4 	 10 	 1 	 0.0
343 	 9 	 10.0 	 1 	 10 	 2 	 0.014492753623188406
344 	 9 	 10.0 	 1 	 10 	 6 	 0.014492753623188406
345 	 9 	 10.0 	 1 	 10 	 1 	 0.014492753623188406
346 	 9 	 10.0 	 1 	 10 	 7 	 0.014492753623188406
347 	 8 	 10.0 	 2 	 10 	 6 	 0.014492753623188406
348 	 8 	 10.0 	 2 	 10 	 8 	 0.014492753623188406
349 	 8 	 10.0 	 2 	 10 	 3 	 0.014492753623188406
350 	 9 	 10.0 	 1 	 10 	 4 	 0.014492753623188406
351 	 7 	 10.0 	 3 	 10 	 2 	 0.014492753623188406
352 	 7 	 10.0 	 3 	 10 	 2 	 0.014492753623188406
353 	 9 	 10.0 	 1 	 10 	 6 	 0.014492753623188406
354 	 8 	 10.0 	 2 	 10 	 4 	 0.014492753623188406
355 	 9 	 10.0 	 1 	 10 	 1 	 0.0
356 	 9 	 10.0 	 1 	 10 	 3 	 0.014492753623188406
357 	 10 	 10.0 	 0 	 10 	 2 	 0.014492753623188406
358 	 7 	 11.0 	 3 	 10 	 1 	 0.014492753623188406
359 	 8 	 11.0 	 2 	 10 	 1 	 0.014492753623188406
360 	 7 	 11.0 	 3 	 10 	 1 	 0.014492753623188406
361 	 8 	 11.0 	 2 	 10 	 1 	 0.014492753623188406
362 	 8 	 11.0 	 3 	 11 	 2 	 0.014492753623188406
363 	 7 	 11.0 	 3 	 10 	 2 	 0.014492753623188406
364 	 8 	 11.0 	 2 	 10 	 2 	 0.014492753623188406
365 	 6 	 11.0 	 4 	 10 	 1 	 0.014492753623188406
366 	 8 	 11.0 	 2 	 10 	 4 	 0.014492753623188406
367 	 8 	 11.0 	 2 	 10 	 1 	 0.014492753623188406
368 	 8 	 11.0 	 2 	 10 	 1 	 0.014492753623188406
369 	 6 	 11.0 	 4 	 10 	 1 	 0.014492753623188406
370 	 9 	 11.0 	 2 	 11 	 2 	 0.014492753623188406
371 	 7 	 11.0 	 3 	 10 	 1 	 0.014492753623188406
372 	 7 	 11.0 	 3 	 10 	 1 	 0.014492753623188406
373 	 7 	 11.0 	 3 	 10 	 1 	 0.014492753623188406
374 	 9 	 11.0 	 1 	 10 	 4 	 0.014492753623188406
375 	 9 	 11.0 	 1 	 10 	 8 	 0.014492753623188406
376 	 6 	 11.0 	 4 	 10 	 2 	 0.014492753623188406
377 	 9 	 11.0 	 2 	 11 	 1 	 0.014492753623188406
378 	 9 	 11.0 	 1 	 10 	 2 	 0.014492753623188406
379 	 7 	 11.0 	 3 	 10 	 1 	 0.014492753623188406
380 	 8 	 11.0 	 2 	 10 	 1 	 0.014492753623188406
381 	 8 	 11.0 	 2 	 10 	 1 	 0.014492753623188406
382 	 8 	 11.0 	 2 	 10 	 2 	 0.014492753623188406
383 	 8 	 11.0 	 2 	 10 	 1 	 0.014492753623188406
384 	 7 	 11.0 	 3 	 10 	 1 	 0.014492753623188406
385 	 7 	 11.0 	 3 	 10 	 1 	 0.014492753623188406
386 	 8 	 11.0 	 2 	 10 	 1 	 0.014492753623188406
387 	 8 	 11.0 	 2 	 10 	 1 	 0.014492753623188406
388 	 8 	 11.0 	 3 	 11 	 1 	 0.014492753623188406
389 	 5 	 11.0 	 5 	 10 	 1 	 0.014492753623188406
390 	 8 	 11.0 	 2 	 10 	 1 	 0.014492753623188406
391 	 6 	 11.0 	 4 	 10 	 1 	 0.014492753623188406
392 	 7 	 11.0 	 3 	 10 	 2 	 0.014492753623188406
393 	 9 	 11.0 	 2 	 11 	 2 	 0.014492753623188406
394 	 7 	 11.0 	 3 	 10 	 1 	 0.014492753623188406
395 	 7 	 11.0 	 3 	 10 	 1 	 0.014492753623188406
396 	 7 	 11.0 	 3 	 10 	 1 	 0.014492753623188406
397 	 8 	 11.0 	 2 	 10 	 1 	 0.014492753623188406
398 	 10 	 11.0 	 1 	 11 	 1 	 0.014492753623188406
399 	 9 	 11.0 	 1 	 10 	 1 	 0.014492753623188406
400 	 7 	 11.0 	 3 	 10 	 1 	 0.014492753623188406
401 	 9 	 11.0 	 2 	 11 	 1 	 0.014492753623188406
402 	 9 	 11.0 	 1 	 10 	 1 	 0.014492753623188406
403 	 7 	 11.0 	 3 	 10 	 1 	 0.014492753623188406
404 	 8 	 11.0 	 2 	 10 	 1 	 0.014492753623188406
405 	 9 	 11.0 	 2 	 11 	 1 	 0.014492753623188406
406 	 6 	 11.0 	 4 	 10 	 2 	 0.014492753623188406
407 	 7 	 11.0 	 3 	 10 	 1 	 0.014492753623188406
408 	 9 	 11.0 	 2 	 11 	 1 	 0.014492753623188406
409 	 8 	 11.0 	 3 	 11 	 1 	 0.014492753623188406
410 	 9 	 11.0 	 1 	 10 	 1 	 0.014492753623188406
411 	 7 	 11.0 	 3 	 10 	 1 	 0.014492753623188406
412 	 9 	 11.0 	 1 	 10 	 1 	 0.014492753623188406
413 	 8 	 11.0 	 2 	 10 	 1 	 0.014492753623188406
414 	 9 	 11.0 	 1 	 10 	 1 	 0.014492753623188406
415 	 8 	 11.0 	 2 	 10 	 1 	 0.014492753623188406
416 	 9 	 11.0 	 1 	 10 	 1 	 0.014492753623188406
417 	 7 	 11.0 	 3 	 10 	 1 	 0.014492753623188406
418 	 8 	 11.0 	 2 	 10 	 2 	 0.014492753623188406
419 	 6 	 11.0 	 4 	 10 	 1 	 0.014492753623188406
420 	 6 	 11.0 	 4 	 10 	 1 	 0.014492753623188406
421 	 9 	 11.0 	 1 	 10 	 1 	 0.014492753623188406
422 	 9 	 11.0 	 1 	 10 	 3 	 0.014492753623188406
423 	 7 	 11.0 	 4 	 11 	 1 	 0.014492753623188406
424 	 7 	 11.0 	 3 	 10 	 2 	 0.014492753623188406
425 	 8 	 11.0 	 2 	 10 	 1 	 0.014492753623188406
426 	 6 	 11.0 	 4 	 10 	 1 	 0.014492753623188406
427 	 8 	 11.0 	 2 	 10 	 1 	 0.014492753623188406
428 	 8 	 11.0 	 3 	 11 	 1 	 0.014492753623188406
429 	 7 	 11.0 	 3 	 10 	 2 	 0.014492753623188406
430 	 6 	 11.0 	 4 	 10 	 1 	 0.014492753623188406
431 	 9 	 11.0 	 1 	 10 	 1 	 0.014492753623188406
432 	 7 	 11.0 	 3 	 10 	 2 	 0.014492753623188406
433 	 8 	 11.0 	 3 	 11 	 1 	 0.014492753623188406
434 	 8 	 11.0 	 2 	 10 	 1 	 0.014492753623188406
435 	 7 	 11.0 	 3 	 10 	 1 	 0.014492753623188406
436 	 9 	 11.0 	 1 	 10 	 1 	 0.014492753623188406
437 	 9 	 11.0 	 2 	 11 	 1 	 0.014492753623188406
438 	 8 	 11.0 	 2 	 10 	 1 	 0.014492753623188406
439 	 6 	 11.0 	 4 	 10 	 1 	 0.014492753623188406
440 	 7 	 11.0 	 3 	 10 	 1 	 0.014492753623188406
441 	 8 	 11.0 	 2 	 10 	 2 	 0.014492753623188406
442 	 6 	 11.0 	 4 	 10 	 2 	 0.014492753623188406
443 	 8 	 11.0 	 2 	 10 	 1 	 0.014492753623188406
444 	 8 	 11.0 	 3 	 11 	 2 	 0.014492753623188406
445 	 9 	 11.0 	 1 	 10 	 4 	 0.014492753623188406
446 	 7 	 11.0 	 3 	 10 	 4 	 0.014492753623188406
447 	 8 	 11.0 	 2 	 10 	 7 	 0.014492753623188406
448 	 9 	 11.0 	 2 	 11 	 2 	 0.014492753623188406
449 	 7 	 11.0 	 3 	 10 	 2 	 0.014492753623188406
450 	 7 	 11.0 	 3 	 10 	 2 	 0.014492753623188406
451 	 8 	 11.0 	 2 	 10 	 3 	 0.014492753623188406
452 	 7 	 11.0 	 3 	 10 	 2 	 0.014492753623188406
453 	 6 	 11.0 	 4 	 10 	 2 	 0.014492753623188406
454 	 8 	 11.0 	 3 	 11 	 2 	 0.014492753623188406
455 	 10 	 11.0 	 1 	 11 	 3 	 0.014492753623188406
456 	 8 	 11.0 	 2 	 10 	 1 	 0.014492753623188406
457 	 7 	 11.0 	 3 	 10 	 3 	 0.014492753623188406
458 	 9 	 11.0 	 2 	 11 	 2 	 0.014492753623188406
459 	 9 	 11.0 	 1 	 10 	 1 	 0.014492753623188406
460 	 7 	 11.0 	 3 	 10 	 1 	 0.014492753623188406
461 	 8 	 11.0 	 2 	 10 	 1 	 0.014492753623188406
462 	 8 	 11.0 	 2 	 10 	 2 	 0.014492753623188406
463 	 7 	 11.0 	 3 	 10 	 1 	 0.014492753623188406
464 	 6 	 11.0 	 4 	 10 	 1 	 0.014492753623188406
465 	 9 	 11.0 	 3 	 11 	 1 	 0.014492753623188406
466 	 8 	 11.0 	 2 	 10 	 1 	 0.028985507246376812
467 	 9 	 11.0 	 1 	 10 	 1 	 0.028985507246376812
468 	 8 	 11.0 	 2 	 10 	 1 	 0.028985507246376812
469 	 7 	 11.0 	 3 	 10 	 1 	 0.028985507246376812
470 	 9 	 11.0 	 1 	 10 	 1 	 0.028985507246376812
471 	 7 	 11.0 	 3 	 10 	 1 	 0.028985507246376812
472 	 8 	 11.0 	 2 	 10 	 1 	 0.014492753623188406
473 	 6 	 11.0 	 4 	 10 	 2 	 0.014492753623188406
474 	 8 	 11.0 	 3 	 11 	 3 	 0.014492753623188406
475 	 8 	 11.0 	 2 	 10 	 6 	 0.014492753623188406
476 	 8 	 11.0 	 2 	 10 	 1 	 0.014492753623188406
477 	 7 	 11.0 	 3 	 10 	 2 	 0.014492753623188406
478 	 8 	 11.0 	 2 	 10 	 1 	 0.014492753623188406
479 	 8 	 11.0 	 3 	 11 	 4 	 0.014492753623188406
480 	 10 	 11.0 	 1 	 11 	 4 	 0.014492753623188406
481 	 8 	 11.0 	 2 	 10 	 1 	 0.014492753623188406
482 	 8 	 11.0 	 2 	 10 	 5 	 0.014492753623188406
483 	 8 	 11.0 	 2 	 10 	 1 	 0.014492753623188406
484 	 7 	 11.0 	 4 	 11 	 3 	 0.014492753623188406
485 	 8 	 11.0 	 2 	 10 	 6 	 0.014492753623188406
486 	 9 	 11.0 	 1 	 10 	 2 	 0.014492753623188406
487 	 7 	 11.0 	 4 	 11 	 2 	 0.014492753623188406
488 	 8 	 11.0 	 2 	 10 	 2 	 0.014492753623188406
489 	 7 	 11.0 	 3 	 10 	 3 	 0.014492753623188406
490 	 7 	 11.0 	 3 	 10 	 2 	 0.014492753623188406
491 	 8 	 11.0 	 2 	 10 	 1 	 0.014492753623188406
492 	 7 	 11.0 	 3 	 10 	 1 	 0.014492753623188406
493 	 9 	 11.0 	 2 	 11 	 2 	 0.014492753623188406
494 	 8 	 11.0 	 2 	 10 	 3 	 0.014492753623188406
495 	 8 	 11.0 	 3 	 11 	 1 	 0.014492753623188406
496 	 9 	 11.0 	 2 	 11 	 2 	 0.014492753623188406
497 	 8 	 11.0 	 2 	 10 	 16 	 0.014492753623188406
498 	 9 	 11.0 	 2 	 11 	 3 	 0.014492753623188406
499 	 7 	 11.0 	 3 	 10 	 2 	 0.014492753623188406
500 	 7 	 11.0 	 3 	 10 	 1 	 0.014492753623188406
501 	 7 	 11.0 	 3 	 10 	 2 	 0.014492753623188406
502 	 9 	 11.0 	 1 	 10 	 3 	 0.014492753623188406
503 	 9 	 11.0 	 2 	 11 	 1 	 0.014492753623188406
504 	 8 	 11.0 	 2 	 10 	 1 	 0.014492753623188406
505 	 8 	 11.0 	 2 	 10 	 6 	 0.014492753623188406
506 	 8 	 11.0 	 2 	 10 	 2 	 0.014492753623188406
507 	 6 	 11.0 	 4 	 10 	 3 	 0.014492753623188406
508 	 7 	 11.0 	 3 	 10 	 2 	 0.014492753623188406
509 	 8 	 11.0 	 2 	 10 	 1 	 0.014492753623188406
510 	 6 	 11.0 	 4 	 10 	 1 	 0.014492753623188406
511 	 9 	 11.0 	 1 	 10 	 1 	 0.014492753623188406
512 	 9 	 11.0 	 1 	 10 	 1 	 0.014492753623188406
513 	 8 	 11.0 	 2 	 10 	 1 	 0.014492753623188406
514 	 9 	 11.0 	 2 	 11 	 5 	 0.014492753623188406
515 	 8 	 11.0 	 2 	 10 	 4 	 0.014492753623188406
516 	 9 	 11.0 	 2 	 11 	 3 	 0.014492753623188406
517 	 8 	 11.0 	 2 	 10 	 1 	 0.014492753623188406
518 	 9 	 11.0 	 1 	 10 	 7 	 0.014492753623188406
519 	 8 	 11.0 	 2 	 10 	 4 	 0.014492753623188406
520 	 6 	 11.0 	 4 	 10 	 1 	 0.014492753623188406
521 	 7 	 11.0 	 3 	 10 	 2 	 0.014492753623188406
522 	 8 	 11.0 	 2 	 10 	 1 	 0.014492753623188406
523 	 8 	 11.0 	 2 	 10 	 2 	 0.014492753623188406
524 	 8 	 11.0 	 2 	 10 	 2 	 0.014492753623188406
525 	 7 	 11.0 	 3 	 10 	 1 	 0.014492753623188406
526 	 8 	 11.0 	 2 	 10 	 3 	 0.014492753623188406
527 	 6 	 11.0 	 4 	 10 	 1 	 0.014492753623188406
528 	 9 	 11.0 	 1 	 10 	 1 	 0.014492753623188406
529 	 8 	 11.0 	 2 	 10 	 1 	 0.014492753623188406
530 	 7 	 11.0 	 3 	 10 	 1 	 0.014492753623188406
531 	 8 	 11.0 	 2 	 10 	 1 	 0.014492753623188406
532 	 7 	 11.0 	 3 	 10 	 1 	 0.014492753623188406
533 	 8 	 11.0 	 2 	 10 	 2 	 0.014492753623188406
534 	 8 	 11.0 	 3 	 11 	 1 	 0.0
535 	 9 	 12.0 	 3 	 10 	 1 	 0.028985507246376812
536 	 6 	 12.0 	 5 	 11 	 1 	 0.014492753623188406
BestSolution
x_{33}
x_{1}
x_{37}
x_{6}
x_{38}
x_{10}
x_{11}
x_{19}
x_{23}
x_{25}
Objective: 10
ChainS-ChainL 0.2 3
Info {'qpu_sampling_time': 347040.0, 'qpu_anneal_time_per_sample': 200.0, 'qpu_readout_time_per_sample': 126.46, 'qpu_access_time': 362803.17, 'qpu_access_overhead_time': 1279.83, 'qpu_programming_time': 15763.17, 'qpu_delay_time_per_sample': 20.58, 'post_processing_overhead_time': 1.0, 'total_post_processing_time': 1.0}
Emb {'embedding': {41: (4556,), 1: (2169,), 19: (2108, 4511, 4512), 23: (4555,), 38: (4557,), 44: (4541,), 7: (2198, 2199), 13: (2227, 2228), 33: (2139, 2138), 47: (4495, 4496), 4: (4481,), 18: (2063,), 48: (2243,), 24: (4631,), 49: (4646,), 37: (4647,), 54: (2287, 2288), 9: (4587,), 25: (2257, 4466), 28: (4286, 4285), 57: (2107,), 2: (4270,), 8: (2106,), 20: (4300,), 58: (2122, 4346), 27: (4331,), 59: (2167,), 16: (4211,), 32: (4241,), 60: (4316, 2182), 34: (2242,), 61: (4437, 2272), 36: (2303,), 62: (4572, 2318), 6: (4482,), 63: (2333,), 39: (2334,), 66: (2408,), 26: (4497,), 71: (4676,), 3: (4661,), 5: (2154,), 72: (2214, 4617), 0: (4602,), 73: (2349, 2348), 15: (4407,), 74: (2363, 4422), 22: (4377,), 75: (4362, 4361), 11: (4376,), 76: (2183, 4436), 14: (4391,), 29: (4406,), 77: (2077,), 30: (4450,), 78: (2092, 2091), 31: (2076,), 79: (2017, 4256), 12: (2137,), 80: (2152, 2153), 21: (4586,), 81: (4571,), 35: (2184,), 84: (2423,), 10: (4692, 2424), 17: (4632,), 87: (4392,), 88: (2213,), 89: (2168, 4451)}, 'chain_break_method': 'majority_vote', 'embedding_parameters': {}, 'chain_strength': 0.47670365722489927}
x_{0} 1
x_{1} 1
x_{2} 1
x_{3} 1
x_{4} 1
x_{5} 1
x_{6} 1
x_{7} 2
x_{8} 1
x_{9} 1
x_{10} 2
x_{11} 1
x_{12} 1
x_{13} 2
x_{14} 1
x_{15} 1
x_{16} 1
x_{17} 1
x_{18} 1
x_{19} 3
x_{20} 1
x_{21} 1
x_{22} 1
x_{23} 1
x_{24} 1
x_{25} 2
x_{26} 1
x_{27} 1
x_{28} 2
x_{29} 1
x_{30} 1
x_{31} 1
x_{32} 1
x_{33} 2
x_{34} 1
x_{35} 1
x_{36} 1
x_{37} 1
x_{38} 1
x_{39} 1
y^1_1 1
y^2_1 1
y^3_1 2
y^3_2 1
y^3_3 1
y^5_1 2
y^6_1 1
y^6_2 2
y^6_3 1
y^6_4 2
y^6_5 2
y^6_6 2
y^6_7 1
y^7_1 1
y^9_1 1
y^9_2 2
y^9_3 2
y^9_4 2
y^9_5 2
y^9_6 2
y^9_7 1
y^9_8 2
y^9_9 2
y^9_10 2
y^9_11 1
y^10_1 1
y^11_1 1
y^11_2 1
y^11_3 2
