#Var-#NoneZ: 192 - 667
0.5413058730447797 [(0.0, 0.0), (200.0, 1.0)]
TimeRunning 4.224895000457764
0 	 7 	 7.0 	 0 	 7 	 151 	 0.0
1 	 7 	 7.0 	 0 	 7 	 33 	 0.006024096385542169
2 	 7 	 7.0 	 0 	 7 	 2 	 0.006024096385542169
3 	 7 	 7.0 	 0 	 7 	 1 	 0.006024096385542169
4 	 7 	 8.0 	 2 	 7 	 1 	 0.006024096385542169
5 	 7 	 8.0 	 2 	 7 	 1 	 0.006024096385542169
6 	 7 	 8.0 	 1 	 7 	 1 	 0.006024096385542169
7 	 7 	 8.0 	 2 	 7 	 1 	 0.006024096385542169
8 	 8 	 8.0 	 1 	 8 	 2 	 0.006024096385542169
9 	 7 	 8.0 	 2 	 7 	 1 	 0.006024096385542169
10 	 8 	 8.0 	 1 	 8 	 10 	 0.006024096385542169
11 	 8 	 8.0 	 1 	 8 	 2 	 0.006024096385542169
12 	 7 	 8.0 	 2 	 7 	 3 	 0.006024096385542169
13 	 8 	 8.0 	 1 	 8 	 1 	 0.006024096385542169
14 	 7 	 8.0 	 1 	 7 	 2 	 0.006024096385542169
15 	 7 	 8.0 	 2 	 7 	 3 	 0.006024096385542169
16 	 8 	 8.0 	 1 	 8 	 11 	 0.006024096385542169
17 	 7 	 8.0 	 2 	 7 	 1 	 0.006024096385542169
18 	 7 	 8.0 	 2 	 7 	 1 	 0.006024096385542169
19 	 7 	 8.0 	 2 	 7 	 1 	 0.006024096385542169
20 	 8 	 8.0 	 1 	 8 	 1 	 0.006024096385542169
21 	 7 	 8.0 	 2 	 7 	 3 	 0.006024096385542169
22 	 7 	 8.0 	 2 	 7 	 4 	 0.006024096385542169
23 	 8 	 8.0 	 1 	 8 	 2 	 0.006024096385542169
24 	 7 	 8.0 	 2 	 7 	 7 	 0.006024096385542169
25 	 8 	 8.0 	 1 	 8 	 4 	 0.006024096385542169
26 	 7 	 8.0 	 2 	 7 	 2 	 0.006024096385542169
27 	 7 	 8.0 	 2 	 7 	 3 	 0.006024096385542169
28 	 8 	 8.0 	 1 	 8 	 7 	 0.006024096385542169
29 	 7 	 8.0 	 2 	 7 	 3 	 0.006024096385542169
30 	 7 	 8.0 	 2 	 7 	 1 	 0.006024096385542169
31 	 7 	 8.0 	 2 	 7 	 1 	 0.006024096385542169
32 	 8 	 8.0 	 1 	 8 	 15 	 0.006024096385542169
33 	 8 	 8.0 	 1 	 8 	 4 	 0.006024096385542169
34 	 8 	 8.0 	 1 	 8 	 3 	 0.006024096385542169
35 	 7 	 8.0 	 2 	 7 	 1 	 0.012048192771084338
36 	 7 	 8.0 	 2 	 7 	 1 	 0.012048192771084338
37 	 8 	 8.0 	 1 	 8 	 1 	 0.012048192771084338
38 	 8 	 8.0 	 1 	 8 	 1 	 0.006024096385542169
39 	 8 	 8.0 	 1 	 8 	 1 	 0.006024096385542169
40 	 8 	 8.0 	 1 	 8 	 1 	 0.006024096385542169
41 	 8 	 8.0 	 1 	 8 	 1 	 0.006024096385542169
42 	 7 	 8.0 	 2 	 7 	 1 	 0.006024096385542169
43 	 7 	 8.0 	 2 	 7 	 1 	 0.006024096385542169
44 	 8 	 8.0 	 1 	 8 	 1 	 0.006024096385542169
45 	 7 	 8.0 	 2 	 7 	 1 	 0.006024096385542169
46 	 7 	 8.0 	 2 	 7 	 1 	 0.018072289156626505
47 	 7 	 8.0 	 2 	 7 	 1 	 0.012048192771084338
48 	 7 	 8.0 	 2 	 7 	 1 	 0.012048192771084338
49 	 8 	 8.0 	 1 	 8 	 1 	 0.012048192771084338
50 	 8 	 8.0 	 1 	 8 	 3 	 0.012048192771084338
51 	 7 	 8.0 	 2 	 7 	 1 	 0.012048192771084338
52 	 7 	 8.0 	 2 	 7 	 1 	 0.012048192771084338
53 	 7 	 8.0 	 2 	 7 	 2 	 0.012048192771084338
54 	 7 	 8.0 	 2 	 7 	 1 	 0.012048192771084338
55 	 7 	 8.0 	 2 	 7 	 1 	 0.012048192771084338
56 	 8 	 8.0 	 1 	 8 	 1 	 0.012048192771084338
57 	 8 	 8.0 	 1 	 8 	 2 	 0.006024096385542169
58 	 8 	 8.0 	 0 	 8 	 1 	 0.006024096385542169
59 	 7 	 8.0 	 2 	 7 	 2 	 0.006024096385542169
60 	 7 	 8.0 	 2 	 7 	 1 	 0.006024096385542169
61 	 7 	 8.0 	 2 	 7 	 1 	 0.006024096385542169
62 	 8 	 8.0 	 1 	 8 	 2 	 0.006024096385542169
63 	 8 	 8.0 	 1 	 8 	 4 	 0.006024096385542169
64 	 8 	 8.0 	 1 	 8 	 1 	 0.006024096385542169
65 	 8 	 8.0 	 1 	 8 	 2 	 0.006024096385542169
66 	 7 	 8.0 	 2 	 7 	 23 	 0.0
67 	 7 	 8.0 	 2 	 7 	 7 	 0.0
68 	 8 	 8.0 	 1 	 8 	 8 	 0.0
69 	 8 	 8.0 	 1 	 8 	 7 	 0.0
70 	 7 	 8.0 	 2 	 7 	 5 	 0.0
71 	 7 	 8.0 	 2 	 7 	 26 	 0.0
72 	 8 	 8.0 	 1 	 8 	 3 	 0.0
73 	 8 	 8.0 	 1 	 8 	 39 	 0.0
74 	 7 	 8.0 	 2 	 7 	 23 	 0.0
75 	 8 	 8.0 	 1 	 8 	 2 	 0.0
76 	 7 	 8.0 	 2 	 7 	 3 	 0.0
77 	 7 	 8.0 	 2 	 7 	 4 	 0.0
78 	 8 	 8.0 	 0 	 8 	 3 	 0.0
79 	 7 	 8.0 	 2 	 7 	 2 	 0.0
80 	 8 	 8.0 	 0 	 8 	 1 	 0.0
81 	 7 	 8.0 	 2 	 7 	 9 	 0.0
82 	 8 	 8.0 	 1 	 8 	 26 	 0.0
83 	 7 	 8.0 	 2 	 7 	 14 	 0.0
84 	 8 	 8.0 	 1 	 8 	 15 	 0.0
85 	 8 	 8.0 	 1 	 8 	 1 	 0.006024096385542169
86 	 8 	 8.0 	 1 	 8 	 10 	 0.012048192771084338
87 	 7 	 8.0 	 2 	 7 	 2 	 0.006024096385542169
88 	 7 	 8.0 	 2 	 7 	 7 	 0.012048192771084338
89 	 7 	 8.0 	 2 	 7 	 3 	 0.012048192771084338
90 	 8 	 8.0 	 1 	 8 	 51 	 0.006024096385542169
91 	 7 	 8.0 	 2 	 7 	 34 	 0.006024096385542169
92 	 7 	 8.0 	 1 	 7 	 1 	 0.006024096385542169
93 	 7 	 8.0 	 2 	 7 	 1 	 0.006024096385542169
94 	 7 	 8.0 	 2 	 7 	 6 	 0.006024096385542169
95 	 7 	 8.0 	 2 	 7 	 18 	 0.0
96 	 8 	 8.0 	 1 	 8 	 10 	 0.0
97 	 8 	 8.0 	 1 	 8 	 34 	 0.0
98 	 7 	 8.0 	 2 	 7 	 7 	 0.0
99 	 7 	 8.0 	 2 	 7 	 1 	 0.006024096385542169
100 	 7 	 8.0 	 2 	 7 	 1 	 0.006024096385542169
101 	 7 	 8.0 	 2 	 7 	 2 	 0.006024096385542169
102 	 7 	 8.0 	 2 	 7 	 2 	 0.006024096385542169
103 	 8 	 8.0 	 1 	 8 	 3 	 0.006024096385542169
104 	 7 	 8.0 	 2 	 7 	 1 	 0.006024096385542169
105 	 7 	 8.0 	 2 	 7 	 1 	 0.006024096385542169
106 	 8 	 8.0 	 1 	 8 	 35 	 0.0
107 	 8 	 8.0 	 0 	 8 	 1 	 0.0
108 	 8 	 8.0 	 1 	 8 	 4 	 0.0
109 	 7 	 8.0 	 2 	 7 	 1 	 0.0
110 	 7 	 8.0 	 2 	 7 	 4 	 0.0
111 	 8 	 8.0 	 1 	 8 	 21 	 0.0
112 	 7 	 8.0 	 2 	 7 	 13 	 0.0
113 	 8 	 8.0 	 1 	 8 	 12 	 0.0
114 	 7 	 8.0 	 2 	 7 	 6 	 0.006024096385542169
115 	 8 	 8.0 	 1 	 8 	 5 	 0.0
116 	 8 	 8.0 	 1 	 8 	 45 	 0.0
117 	 7 	 8.0 	 1 	 7 	 6 	 0.0
118 	 7 	 8.0 	 2 	 7 	 1 	 0.0
119 	 7 	 8.0 	 2 	 7 	 5 	 0.0
120 	 8 	 8.0 	 1 	 8 	 6 	 0.0
121 	 8 	 8.0 	 1 	 8 	 9 	 0.0
122 	 7 	 8.0 	 2 	 7 	 6 	 0.0
123 	 7 	 8.0 	 1 	 8 	 1 	 0.0
124 	 8 	 8.0 	 1 	 8 	 4 	 0.0
125 	 9 	 9.0 	 2 	 9 	 1 	 0.006024096385542169
126 	 8 	 9.0 	 2 	 8 	 1 	 0.0
127 	 9 	 9.0 	 1 	 9 	 1 	 0.006024096385542169
128 	 8 	 9.0 	 2 	 8 	 1 	 0.006024096385542169
129 	 7 	 9.0 	 3 	 9 	 1 	 0.0
130 	 8 	 9.0 	 2 	 8 	 1 	 0.006024096385542169
131 	 9 	 9.0 	 1 	 9 	 1 	 0.0
132 	 7 	 9.0 	 4 	 7 	 1 	 0.012048192771084338
133 	 9 	 9.0 	 1 	 9 	 1 	 0.0
134 	 8 	 9.0 	 2 	 8 	 1 	 0.012048192771084338
135 	 8 	 9.0 	 2 	 8 	 1 	 0.0
136 	 7 	 9.0 	 3 	 9 	 1 	 0.006024096385542169
137 	 8 	 9.0 	 3 	 8 	 1 	 0.0
138 	 9 	 9.0 	 1 	 9 	 1 	 0.006024096385542169
139 	 9 	 9.0 	 1 	 9 	 1 	 0.0
140 	 8 	 9.0 	 2 	 8 	 1 	 0.0
141 	 9 	 9.0 	 1 	 9 	 1 	 0.0
142 	 9 	 9.0 	 1 	 9 	 1 	 0.0
143 	 9 	 9.0 	 1 	 9 	 1 	 0.0
144 	 8 	 9.0 	 3 	 8 	 1 	 0.006024096385542169
145 	 8 	 9.0 	 2 	 8 	 1 	 0.006024096385542169
146 	 7 	 9.0 	 3 	 7 	 1 	 0.006024096385542169
147 	 8 	 9.0 	 3 	 8 	 1 	 0.006024096385542169
148 	 8 	 9.0 	 2 	 8 	 1 	 0.006024096385542169
149 	 9 	 9.0 	 1 	 9 	 1 	 0.006024096385542169
150 	 9 	 9.0 	 2 	 9 	 1 	 0.006024096385542169
151 	 8 	 9.0 	 2 	 8 	 1 	 0.006024096385542169
152 	 8 	 9.0 	 2 	 9 	 1 	 0.0
153 	 8 	 9.0 	 3 	 8 	 1 	 0.012048192771084338
154 	 8 	 9.0 	 3 	 8 	 1 	 0.006024096385542169
155 	 8 	 9.0 	 3 	 8 	 1 	 0.012048192771084338
156 	 7 	 9.0 	 2 	 7 	 1 	 0.006024096385542169
157 	 7 	 9.0 	 1 	 7 	 1 	 0.006024096385542169
158 	 7 	 9.0 	 2 	 7 	 1 	 0.006024096385542169
159 	 7 	 9.0 	 2 	 7 	 1 	 0.012048192771084338
160 	 7 	 9.0 	 2 	 7 	 1 	 0.012048192771084338
161 	 8 	 9.0 	 3 	 8 	 1 	 0.006024096385542169
162 	 8 	 9.0 	 3 	 8 	 1 	 0.006024096385542169
163 	 7 	 9.0 	 4 	 7 	 2 	 0.006024096385542169
164 	 8 	 9.0 	 3 	 8 	 1 	 0.006024096385542169
165 	 7 	 9.0 	 4 	 7 	 1 	 0.012048192771084338
166 	 9 	 9.0 	 2 	 9 	 1 	 0.012048192771084338
167 	 7 	 9.0 	 2 	 7 	 1 	 0.012048192771084338
168 	 7 	 9.0 	 4 	 7 	 1 	 0.018072289156626505
169 	 8 	 9.0 	 3 	 8 	 1 	 0.012048192771084338
170 	 8 	 9.0 	 2 	 8 	 1 	 0.006024096385542169
171 	 7 	 9.0 	 3 	 7 	 1 	 0.006024096385542169
172 	 7 	 9.0 	 3 	 7 	 1 	 0.006024096385542169
173 	 8 	 9.0 	 3 	 8 	 1 	 0.006024096385542169
174 	 7 	 9.0 	 2 	 7 	 1 	 0.012048192771084338
175 	 9 	 9.0 	 2 	 9 	 2 	 0.006024096385542169
176 	 7 	 9.0 	 4 	 7 	 1 	 0.006024096385542169
177 	 8 	 9.0 	 3 	 8 	 4 	 0.006024096385542169
178 	 8 	 9.0 	 3 	 8 	 1 	 0.006024096385542169
179 	 7 	 9.0 	 4 	 7 	 1 	 0.018072289156626505
180 	 9 	 9.0 	 2 	 9 	 1 	 0.012048192771084338
181 	 8 	 9.0 	 3 	 8 	 1 	 0.012048192771084338
182 	 9 	 9.0 	 2 	 9 	 1 	 0.006024096385542169
183 	 7 	 10.0 	 4 	 7 	 1 	 0.006024096385542169
184 	 7 	 10.0 	 4 	 7 	 1 	 0.012048192771084338
185 	 9 	 10.0 	 2 	 9 	 1 	 0.0
186 	 10 	 10.0 	 1 	 10 	 1 	 0.0
187 	 8 	 11.0 	 3 	 8 	 1 	 0.006024096385542169
188 	 9 	 12.0 	 4 	 9 	 1 	 0.006024096385542169
BestSolution
x_{36}
x_{40}
x_{41}
x_{78}
x_{80}
x_{81}
x_{19}
Objective: 7
ChainS-ChainL 0.2 5
Info {'qpu_sampling_time': 315040.0, 'qpu_anneal_time_per_sample': 200.0, 'qpu_readout_time_per_sample': 94.46, 'qpu_access_time': 330802.37, 'qpu_access_overhead_time': 1812.63, 'qpu_programming_time': 15762.37, 'qpu_delay_time_per_sample': 20.58, 'post_processing_overhead_time': 20.0, 'total_post_processing_time': 20.0}
Emb {'embedding': {85: (4658,), 5: (1764, 4690, 4689, 1765), 10: (4569, 1688, 4568, 1689), 40: (4808, 1600, 1719, 1599, 1601), 81: (1539, 4657, 1540, 1541), 88: (1598,), 36: (4583, 4582, 1299), 38: (4553,), 91: (1538,), 1: (4508, 1643), 19: (1404, 4641, 4642, 4643), 41: (4524, 1868, 1869, 4523), 94: (1615,), 56: (4884, 4883, 1870), 66: (4913, 1646, 4912), 78: (1855, 4868, 4867, 4869), 99: (4749, 4748), 11: (4750,), 18: (1660,), 24: (4763,), 100: (1554, 4718), 16: (1674, 4688), 34: (4702, 1509, 4822, 1510), 101: (1659, 4703), 31: (4584, 4585, 1989, 4615), 102: (4705, 4704), 42: (2064,), 103: (2049, 4810), 35: (4825, 1704, 4823, 4824), 49: (2050, 2051), 104: (2020, 2021, 5035, 4961), 17: (4989, 4990, 4988), 53: (1961,), 105: (5050, 4975, 1946), 26: (1915, 1916), 54: (4674, 4673, 4672, 1899, 1900), 106: (4960, 1991), 0: (5005,), 107: (5004, 1841, 1781), 13: (1826, 1827), 59: (4974, 1751), 108: (5109,), 23: (1794, 1795, 1796), 65: (1706, 1705), 109: (5124,), 30: (1721,), 68: (1526, 5123), 110: (5032, 5033, 1766), 7: (1571,), 71: (1435, 1436, 4881, 4882), 111: (4987, 1466, 4897), 72: (4972,), 112: (1374, 4717, 1375), 113: (1449, 1450), 8: (4462, 1448), 116: (4463, 1687), 2: (4448,), 117: (1763, 4539), 12: (4554,), 118: (1809, 4659), 3: (1824,), 119: (4613, 4614, 1614), 14: (4598,), 120: (1584,), 28: (1569,), 121: (1675, 4764, 4733), 33: (1749, 1748), 122: (1734, 4719), 20: (1779,), 123: (4734, 4735, 4736), 15: (2124,), 124: (2079, 4766, 2080), 47: (2094,), 125: (2095,), 48: (4946,), 126: (2065, 4931), 22: (4855,), 127: (1990, 4885, 4720), 50: (1944,), 128: (1929, 1930), 39: (1945,), 129: (4915, 4914), 55: (1780,), 130: (4899,), 43: (1811,), 131: (4959, 1720), 44: (1676,), 132: (1661,), 60: (5018,), 133: (1736, 1735, 4838, 4944), 63: (5183,), 134: (1752, 5154), 62: (1691,), 135: (5138, 1647, 5139), 25: (5153,), 136: (5077, 1482, 1481), 21: (5092,), 137: (5047, 1406), 32: (1391,), 138: (4957,), 67: (1301,), 139: (1315, 1316, 4762), 73: (4716,), 140: (1344, 4806, 1345, 4687, 1359), 74: (1405,), 141: (4928, 4929, 4930, 4927), 75: (1960,), 142: (1885, 1884, 4945), 76: (2006, 2005), 143: (4765, 1974), 144: (4780, 1975, 1976), 79: (5095,), 145: (5079, 5080, 5078), 82: (1677,), 146: (5093,), 83: (1556,), 149: (4509, 1793), 150: (1718, 4599), 151: (4629, 4628), 152: (4644, 4645, 1898), 153: (1959, 4630, 4675), 154: (4900, 2036, 2035, 2034), 155: (5064, 5065, 5063), 158: (1810, 4794, 4839), 159: (1750,), 160: (4853, 1690), 161: (5003,), 162: (1616, 4958, 5108), 163: (1525, 1524), 164: (1495, 4807), 167: (4522, 4491, 1358), 45: (1238,), 80: (1373,), 170: (4447,), 6: (1552,), 29: (4446,), 37: (1418,), 52: (1537,), 171: (4388, 1478, 1479), 51: (4477,), 172: (4537, 1493, 1494), 64: (4507,), 173: (4567, 1403), 69: (4551, 4552), 174: (1328,), 9: (1343,), 77: (4612,), 175: (4597,), 176: (1314, 4626, 4656), 70: (1284,), 179: (1553,), 180: (4627, 1434, 1433), 181: (1419,), 184: (1703,), 27: (1702,), 185: (1644, 1645, 4538), 4: (1630,), 186: (4778,), 46: (1585,), 187: (1570,), 61: (4852,), 188: (1555, 4837), 58: (1465,), 189: (4792, 1420), 57: (4777,), 190: (1300, 4866)}, 'chain_break_method': 'majority_vote', 'embedding_parameters': {}, 'chain_strength': 0.5413058730447797}
x_{0} 1
x_{1} 2
x_{2} 1
x_{3} 1
x_{4} 1
x_{5} 4
x_{6} 1
x_{7} 1
x_{8} 2
x_{9} 1
x_{10} 4
x_{11} 1
x_{12} 1
x_{13} 2
x_{14} 1
x_{15} 1
x_{16} 2
x_{17} 3
x_{18} 1
x_{19} 4
x_{20} 1
x_{21} 1
x_{22} 1
x_{23} 3
x_{24} 1
x_{25} 1
x_{26} 2
x_{27} 1
x_{28} 1
x_{29} 1
x_{30} 1
x_{31} 4
x_{32} 1
x_{33} 2
x_{34} 4
x_{35} 4
x_{36} 3
x_{37} 1
x_{38} 1
x_{39} 1
x_{40} 5
x_{41} 4
x_{42} 1
x_{43} 1
x_{44} 1
x_{45} 1
x_{46} 1
x_{47} 1
x_{48} 1
x_{49} 2
x_{50} 1
x_{51} 1
x_{52} 1
x_{53} 1
x_{54} 5
x_{55} 1
x_{56} 3
x_{57} 1
x_{58} 1
x_{59} 2
x_{60} 1
x_{61} 1
x_{62} 1
x_{63} 1
x_{64} 1
x_{65} 2
x_{66} 3
x_{67} 1
x_{68} 2
x_{69} 2
x_{70} 1
x_{71} 4
x_{72} 1
x_{73} 1
x_{74} 1
x_{75} 1
x_{76} 2
x_{77} 1
x_{78} 4
x_{79} 1
x_{80} 1
x_{81} 4
x_{82} 1
x_{83} 1
y^1_1 1
y^2_1 1
y^3_1 1
y^4_1 1
y^6_1 2
y^6_2 2
y^6_3 2
y^6_4 2
y^6_5 2
y^6_6 4
y^6_7 3
y^6_8 2
y^6_9 3
y^6_10 1
y^6_11 1
y^6_12 3
y^6_13 3
y^6_14 3
y^6_15 2
y^7_1 2
y^7_2 2
y^7_3 2
y^7_4 3
y^7_5 1
y^7_6 3
y^7_7 2
y^7_8 3
y^7_9 3
y^7_10 1
y^7_11 2
y^7_12 3
y^7_13 2
y^7_14 2
y^7_15 1
y^7_16 2
y^7_17 1
y^7_18 4
y^7_19 2
y^7_20 3
y^7_21 3
y^7_22 2
y^7_23 1
y^7_24 3
y^7_25 5
y^7_26 4
y^7_27 3
y^7_28 2
y^7_29 3
y^7_30 3
y^7_31 1
y^8_1 2
y^8_2 2
y^8_3 2
y^8_4 3
y^8_5 3
y^8_6 4
y^8_7 3
y^9_1 3
y^9_2 1
y^9_3 2
y^9_4 1
y^9_5 3
y^9_6 2
y^9_7 2
y^10_1 3
y^11_1 1
y^11_2 3
y^11_3 3
y^11_4 2
y^11_5 1
y^11_6 1
y^11_7 3
y^12_1 1
y^12_2 3
y^12_3 1
y^13_1 1
y^13_2 3
y^13_3 1
y^13_4 1
y^13_5 2
y^13_6 2
y^13_7 2
