#Var-#NoneZ: 81 - 256
0.45398424522801917 [(0.0, 0.0), (200.0, 1.0)]
TimeRunning 4.431967258453369
0 	 8 	 9.0 	 1 	 9 	 21 	 0.01694915254237288
1 	 9 	 9.0 	 0 	 9 	 15 	 0.01694915254237288
2 	 7 	 9.0 	 2 	 9 	 23 	 0.01694915254237288
3 	 8 	 9.0 	 1 	 9 	 10 	 0.01694915254237288
4 	 8 	 10.0 	 3 	 9 	 96 	 0.03389830508474576
5 	 8 	 10.0 	 3 	 10 	 4 	 0.03389830508474576
6 	 8 	 10.0 	 3 	 9 	 3 	 0.03389830508474576
7 	 9 	 10.0 	 2 	 10 	 3 	 0.03389830508474576
8 	 8 	 10.0 	 3 	 9 	 4 	 0.03389830508474576
9 	 10 	 10.0 	 1 	 10 	 1 	 0.03389830508474576
10 	 9 	 10.0 	 2 	 10 	 2 	 0.03389830508474576
11 	 9 	 10.0 	 2 	 9 	 1 	 0.03389830508474576
12 	 9 	 10.0 	 2 	 10 	 1 	 0.06779661016949153
13 	 7 	 10.0 	 4 	 10 	 1 	 0.01694915254237288
14 	 9 	 10.0 	 2 	 9 	 55 	 0.03389830508474576
15 	 9 	 10.0 	 2 	 10 	 108 	 0.03389830508474576
16 	 10 	 10.0 	 1 	 10 	 55 	 0.03389830508474576
17 	 8 	 10.0 	 3 	 9 	 75 	 0.03389830508474576
18 	 7 	 10.0 	 4 	 9 	 94 	 0.03389830508474576
19 	 8 	 10.0 	 3 	 10 	 120 	 0.03389830508474576
20 	 9 	 10.0 	 2 	 10 	 81 	 0.03389830508474576
21 	 8 	 11.0 	 5 	 10 	 15 	 0.05084745762711865
22 	 10 	 11.0 	 3 	 10 	 13 	 0.05084745762711865
23 	 9 	 11.0 	 4 	 10 	 18 	 0.05084745762711865
24 	 8 	 11.0 	 5 	 9 	 11 	 0.05084745762711865
25 	 9 	 11.0 	 4 	 11 	 16 	 0.05084745762711865
26 	 8 	 11.0 	 5 	 10 	 20 	 0.05084745762711865
27 	 9 	 11.0 	 4 	 10 	 11 	 0.05084745762711865
28 	 9 	 11.0 	 4 	 10 	 10 	 0.05084745762711865
29 	 11 	 11.0 	 2 	 11 	 13 	 0.05084745762711865
30 	 10 	 11.0 	 3 	 11 	 17 	 0.05084745762711865
31 	 10 	 11.0 	 3 	 10 	 13 	 0.05084745762711865
32 	 9 	 11.0 	 4 	 9 	 13 	 0.05084745762711865
33 	 10 	 11.0 	 3 	 11 	 15 	 0.05084745762711865
34 	 8 	 11.0 	 5 	 9 	 9 	 0.05084745762711865
35 	 9 	 11.0 	 4 	 10 	 19 	 0.05084745762711865
36 	 7 	 11.0 	 6 	 9 	 14 	 0.05084745762711865
BestSolution
x_{0}
x_{32}
x_{34}
x_{11}
x_{15}
x_{16}
x_{17}
x_{18}
x_{27}
Objective: 9
ChainS-ChainL 0.2 2
Info {'qpu_sampling_time': 291440.0, 'qpu_anneal_time_per_sample': 200.0, 'qpu_readout_time_per_sample': 70.86, 'qpu_access_time': 307202.77, 'qpu_access_overhead_time': 1130.23, 'qpu_programming_time': 15762.77, 'qpu_delay_time_per_sample': 20.58, 'post_processing_overhead_time': 1.0, 'total_post_processing_time': 1.0}
Emb {'embedding': {36: (1726,), 0: (3218, 1636), 17: (3368, 3367), 22: (1725,), 34: (3383,), 39: (3322,), 4: (1411, 3277), 5: (1321,), 6: (3323,), 9: (1442,), 40: (1457, 3382), 1: (3397,), 41: (1577,), 11: (3428,), 18: (3442, 3443), 42: (1697, 3458), 14: (1696, 3233), 24: (3398,), 43: (1606, 1607), 29: (1591,), 44: (3158,), 28: (3173,), 30: (1545,), 45: (1530,), 26: (3098,), 31: (3202,), 48: (1487,), 20: (1486,), 32: (3412,), 51: (1472,), 3: (3427,), 27: (3338,), 56: (1681,), 7: (1682,), 15: (3309,), 59: (1711,), 19: (3249,), 62: (1667,), 23: (1668,), 65: (1592,), 2: (3503,), 68: (3247, 3248), 12: (1456,), 13: (1621,), 69: (3263,), 8: (1531,), 70: (1576, 3293), 21: (3278,), 71: (1622,), 25: (3413,), 72: (3353, 1637), 73: (1562, 1561), 10: (3232,), 74: (1426, 3187), 33: (3262,), 77: (3217,), 78: (1501,), 79: (1516,), 16: (766,)}, 'chain_break_method': 'majority_vote', 'embedding_parameters': {}, 'chain_strength': 0.45398424522801917}
x_{0} 2
x_{1} 1
x_{2} 1
x_{3} 1
x_{4} 2
x_{5} 1
x_{6} 1
x_{7} 1
x_{8} 1
x_{9} 1
x_{10} 1
x_{11} 1
x_{12} 1
x_{13} 1
x_{14} 2
x_{15} 1
x_{16} 1
x_{17} 2
x_{18} 2
x_{19} 1
x_{20} 1
x_{21} 1
x_{22} 1
x_{23} 1
x_{24} 1
x_{25} 1
x_{26} 1
x_{27} 1
x_{28} 1
x_{29} 1
x_{30} 1
x_{31} 1
x_{32} 1
x_{33} 1
x_{34} 1
y^1_1 1
y^2_1 1
y^2_2 2
y^2_3 1
y^2_4 2
y^2_5 2
y^2_6 1
y^2_7 1
y^3_1 1
y^4_1 1
y^6_1 1
y^7_1 1
y^8_1 1
y^9_1 1
y^10_1 2
y^10_2 1
y^10_3 2
y^10_4 1
y^10_5 2
y^10_6 2
y^10_7 2
y^11_1 1
y^11_2 1
y^11_3 1
