#Var-#NoneZ: 161 - 566
0.5368838559773988 [(0.0, 0.0), (200.0, 1.0)]
TimeRunning 4.400057077407837
0 	 8 	 8.0 	 0 	 8 	 790 	 0.007633587786259542
1 	 8 	 8.0 	 0 	 8 	 1 	 0.022900763358778626
2 	 8 	 8.0 	 0 	 8 	 1 	 0.015267175572519083
3 	 8 	 8.0 	 0 	 8 	 1 	 0.007633587786259542
4 	 8 	 8.0 	 0 	 8 	 1 	 0.015267175572519083
5 	 8 	 8.0 	 0 	 8 	 21 	 0.0
6 	 8 	 8.0 	 0 	 8 	 70 	 0.015267175572519083
7 	 8 	 9.0 	 1 	 9 	 1 	 0.015267175572519083
8 	 8 	 9.0 	 1 	 8 	 1 	 0.007633587786259542
9 	 8 	 9.0 	 1 	 8 	 1 	 0.007633587786259542
10 	 8 	 9.0 	 1 	 8 	 1 	 0.022900763358778626
11 	 9 	 9.0 	 0 	 9 	 1 	 0.007633587786259542
12 	 9 	 9.0 	 0 	 9 	 2 	 0.007633587786259542
13 	 9 	 9.0 	 0 	 9 	 1 	 0.007633587786259542
14 	 8 	 9.0 	 2 	 8 	 1 	 0.007633587786259542
15 	 8 	 9.0 	 2 	 8 	 1 	 0.007633587786259542
16 	 8 	 9.0 	 2 	 8 	 1 	 0.007633587786259542
17 	 8 	 9.0 	 1 	 8 	 1 	 0.022900763358778626
18 	 9 	 9.0 	 0 	 9 	 2 	 0.007633587786259542
19 	 8 	 9.0 	 2 	 8 	 1 	 0.030534351145038167
20 	 8 	 9.0 	 1 	 8 	 3 	 0.022900763358778626
21 	 8 	 9.0 	 2 	 8 	 1 	 0.022900763358778626
22 	 8 	 9.0 	 2 	 8 	 13 	 0.022900763358778626
23 	 8 	 9.0 	 1 	 8 	 31 	 0.015267175572519083
24 	 8 	 9.0 	 2 	 8 	 14 	 0.015267175572519083
25 	 8 	 9.0 	 2 	 8 	 13 	 0.015267175572519083
26 	 8 	 9.0 	 2 	 8 	 1 	 0.015267175572519083
27 	 8 	 9.0 	 1 	 8 	 1 	 0.015267175572519083
28 	 8 	 9.0 	 2 	 8 	 2 	 0.022900763358778626
29 	 8 	 9.0 	 2 	 8 	 3 	 0.015267175572519083
30 	 9 	 10.0 	 2 	 9 	 1 	 0.015267175572519083
31 	 8 	 10.0 	 2 	 8 	 1 	 0.030534351145038167
32 	 8 	 10.0 	 2 	 8 	 2 	 0.022900763358778626
33 	 8 	 10.0 	 1 	 8 	 1 	 0.022900763358778626
34 	 8 	 10.0 	 1 	 8 	 2 	 0.015267175572519083
35 	 8 	 10.0 	 2 	 8 	 1 	 0.022900763358778626
36 	 8 	 10.0 	 2 	 8 	 4 	 0.022900763358778626
37 	 8 	 10.0 	 2 	 8 	 3 	 0.015267175572519083
38 	 8 	 10.0 	 2 	 8 	 1 	 0.015267175572519083
39 	 8 	 11.0 	 4 	 8 	 1 	 0.030534351145038167
40 	 9 	 12.0 	 2 	 9 	 1 	 0.030534351145038167
BestSolution
x_{9}
x_{11}
x_{46}
x_{47}
x_{17}
x_{50}
x_{52}
x_{31}
Objective: 8
ChainS-ChainL 0.2 5
Info {'qpu_sampling_time': 351940.0, 'qpu_anneal_time_per_sample': 200.0, 'qpu_readout_time_per_sample': 131.36, 'qpu_access_time': 367705.57, 'qpu_access_overhead_time': 1852.43, 'qpu_programming_time': 15765.57, 'qpu_delay_time_per_sample': 20.58, 'post_processing_overhead_time': 1.0, 'total_post_processing_time': 1.0}
Emb {'embedding': {66: (848,), 0: (4504,), 2: (4549,), 4: (4564,), 9: (4416, 4417, 4415, 4414, 1028), 67: (863, 4579), 7: (4534,), 29: (4474, 4475, 4473), 68: (893,), 19: (892,), 42: (1238, 4431, 4430, 4429, 1237), 69: (877, 878), 17: (1222, 1223, 4265, 4264), 47: (4339,), 70: (907, 4279), 49: (4309,), 50: (4324, 1148, 1147, 4325, 4611), 71: (937,), 30: (847, 4354, 846, 4189), 60: (4220, 4221), 72: (4174, 981), 15: (861, 4128), 62: (4175,), 75: (4340,), 11: (1043, 1042, 1044), 18: (1027,), 78: (4476,), 1: (1358, 4567), 8: (1388, 4582), 31: (1298, 1299, 4371), 79: (4612, 1328), 46: (1313, 1314, 4387, 4701), 80: (1327, 4326), 27: (1193, 1192, 1194), 55: (4295, 1207, 1206, 4296), 81: (4341, 1297), 57: (4176,), 82: (4281, 1341), 6: (1253, 1252, 1254, 4266), 59: (1356,), 83: (1371, 4237), 5: (4251, 4252, 1176), 61: (4207,), 84: (1447, 1448), 63: (4192,), 87: (4491,), 88: (4446, 1268, 1267), 89: (4191,), 92: (1433, 4522), 12: (4462,), 25: (4507,), 93: (1403, 1402), 52: (4310, 4311), 94: (1387,), 53: (4327,), 97: (908,), 98: (922, 923, 4234), 99: (816, 817), 102: (1463, 1464, 1462), 10: (4492,), 14: (4537,), 103: (1449, 4627), 23: (4626, 4623, 4624, 4625), 104: (1404, 4597, 1389), 24: (4656,), 105: (4671, 1329), 35: (4716,), 106: (4746, 1285, 1239), 36: (4686,), 107: (1284, 4566), 32: (1134,), 108: (1119, 1118), 43: (4685,), 109: (4700, 1029), 110: (1059, 4640, 4641, 4745), 20: (1089,), 111: (4610, 998), 54: (4595,), 112: (1012, 1013, 4294, 1011), 41: (996,), 113: (4161, 4160, 1251), 51: (4280, 1161), 114: (4146, 4147, 1191), 56: (1521,), 115: (1416, 4162), 3: (1461,), 116: (1386, 4057), 58: (4130, 4131), 119: (1357,), 124: (4535, 4536), 127: (758,), 16: (773,), 21: (759,), 128: (4488, 833), 37: (4638,), 129: (802, 803), 40: (4293,), 130: (4323, 787, 757), 38: (786,), 131: (4205, 1102, 4204), 28: (952,), 132: (4236, 4235, 1057), 133: (1087, 1086, 4250), 48: (4070,), 136: (4551, 4550), 137: (1208, 4506), 39: (4460,), 138: (1073, 4490), 44: (4505,), 139: (1088,), 45: (1103,), 140: (4520, 1058), 22: (4445,), 141: (1132, 1133), 142: (1117,), 145: (939, 4581, 4580), 146: (983,), 13: (968,), 147: (4489,), 34: (938,), 148: (953,), 33: (4459,), 149: (4385, 982), 26: (4400,), 150: (1071, 1072), 151: (1146, 4115), 154: (4356, 1342), 64: (4355,), 157: (1178, 1177), 158: (1283, 4401), 159: (4386,)}, 'chain_break_method': 'majority_vote', 'embedding_parameters': {}, 'chain_strength': 0.5368838559773988}
x_{0} 1
x_{1} 2
x_{2} 1
x_{3} 1
x_{4} 1
x_{5} 3
x_{6} 4
x_{7} 1
x_{8} 2
x_{9} 5
x_{10} 1
x_{11} 3
x_{12} 1
x_{13} 1
x_{14} 1
x_{15} 2
x_{16} 1
x_{17} 4
x_{18} 1
x_{19} 1
x_{20} 1
x_{21} 1
x_{22} 1
x_{23} 4
x_{24} 1
x_{25} 1
x_{26} 1
x_{27} 3
x_{28} 1
x_{29} 3
x_{30} 4
x_{31} 3
x_{32} 1
x_{33} 1
x_{34} 1
x_{35} 1
x_{36} 1
x_{37} 1
x_{38} 1
x_{39} 1
x_{40} 1
x_{41} 1
x_{42} 5
x_{43} 1
x_{44} 1
x_{45} 1
x_{46} 4
x_{47} 1
x_{48} 1
x_{49} 1
x_{50} 5
x_{51} 2
x_{52} 2
x_{53} 1
x_{54} 1
x_{55} 4
x_{56} 1
x_{57} 1
x_{58} 2
x_{59} 1
x_{60} 2
x_{61} 1
x_{62} 1
x_{63} 1
x_{64} 1
y^1_1 1
y^1_2 2
y^1_3 1
y^1_4 2
y^1_5 2
y^1_6 1
y^1_7 2
y^2_1 1
y^3_1 1
y^3_2 2
y^3_3 2
y^3_4 2
y^3_5 2
y^3_6 2
y^3_7 2
y^4_1 1
y^4_2 3
y^4_3 1
y^5_1 2
y^5_2 2
y^5_3 1
y^6_1 1
y^6_2 3
y^6_3 2
y^7_1 3
y^7_2 2
y^7_3 3
y^7_4 2
y^7_5 3
y^7_6 2
y^7_7 2
y^7_8 2
y^7_9 4
y^7_10 2
y^7_11 4
y^7_12 3
y^7_13 3
y^7_14 2
y^7_15 2
y^8_1 1
y^10_1 2
y^11_1 1
y^11_2 2
y^11_3 2
y^11_4 3
y^11_5 3
y^11_6 3
y^11_7 3
y^12_1 2
y^12_2 2
y^12_3 2
y^12_4 1
y^12_5 2
y^12_6 2
y^12_7 1
y^13_1 3
y^13_2 1
y^13_3 1
y^13_4 1
y^13_5 2
y^13_6 2
y^13_7 2
y^14_1 2
y^15_1 2
y^15_2 2
y^15_3 1
