#Var-#NoneZ: 163 - 538
0.5231206098155502 [(0.0, 0.0), (200.0, 1.0)]
TimeRunning 4.312928676605225
0 	 5 	 5.0 	 0 	 5 	 326 	 0.0
1 	 5 	 5.0 	 0 	 5 	 53 	 0.006896551724137931
2 	 6 	 6.0 	 0 	 6 	 1 	 0.006896551724137931
3 	 6 	 6.0 	 0 	 6 	 1 	 0.0
4 	 6 	 6.0 	 1 	 6 	 2 	 0.013793103448275862
5 	 6 	 6.0 	 1 	 6 	 7 	 0.006896551724137931
6 	 5 	 6.0 	 1 	 5 	 1 	 0.006896551724137931
7 	 5 	 6.0 	 2 	 5 	 4 	 0.006896551724137931
8 	 6 	 6.0 	 0 	 6 	 1 	 0.0
9 	 5 	 6.0 	 2 	 5 	 111 	 0.006896551724137931
10 	 5 	 6.0 	 2 	 5 	 16 	 0.013793103448275862
11 	 5 	 7.0 	 2 	 5 	 35 	 0.013793103448275862
12 	 5 	 7.0 	 2 	 5 	 1 	 0.006896551724137931
13 	 5 	 7.0 	 2 	 5 	 4 	 0.013793103448275862
14 	 5 	 7.0 	 2 	 5 	 6 	 0.013793103448275862
15 	 5 	 7.0 	 2 	 5 	 17 	 0.013793103448275862
16 	 5 	 7.0 	 2 	 5 	 2 	 0.013793103448275862
17 	 5 	 7.0 	 2 	 5 	 13 	 0.013793103448275862
18 	 5 	 7.0 	 2 	 5 	 53 	 0.013793103448275862
19 	 5 	 7.0 	 2 	 5 	 2 	 0.013793103448275862
20 	 5 	 7.0 	 1 	 5 	 1 	 0.006896551724137931
21 	 5 	 7.0 	 2 	 5 	 1 	 0.006896551724137931
22 	 5 	 7.0 	 2 	 5 	 16 	 0.020689655172413793
23 	 5 	 7.0 	 2 	 5 	 2 	 0.020689655172413793
24 	 5 	 7.0 	 2 	 5 	 5 	 0.020689655172413793
25 	 5 	 7.0 	 2 	 5 	 7 	 0.013793103448275862
26 	 6 	 8.0 	 2 	 6 	 1 	 0.013793103448275862
27 	 5 	 8.0 	 4 	 5 	 2 	 0.020689655172413793
28 	 5 	 8.0 	 4 	 5 	 4 	 0.020689655172413793
29 	 5 	 8.0 	 3 	 5 	 1 	 0.020689655172413793
30 	 7 	 8.0 	 4 	 7 	 1 	 0.006896551724137931
31 	 5 	 8.0 	 4 	 5 	 2 	 0.020689655172413793
32 	 6 	 8.0 	 2 	 6 	 1 	 0.020689655172413793
33 	 5 	 8.0 	 4 	 5 	 2 	 0.020689655172413793
34 	 5 	 8.0 	 3 	 5 	 5 	 0.020689655172413793
35 	 5 	 8.0 	 3 	 5 	 1 	 0.020689655172413793
36 	 5 	 8.0 	 4 	 5 	 10 	 0.020689655172413793
37 	 5 	 8.0 	 3 	 5 	 3 	 0.020689655172413793
38 	 5 	 8.0 	 3 	 5 	 1 	 0.020689655172413793
39 	 5 	 8.0 	 4 	 5 	 1 	 0.020689655172413793
40 	 5 	 8.0 	 4 	 5 	 1 	 0.020689655172413793
41 	 5 	 8.0 	 3 	 5 	 1 	 0.020689655172413793
42 	 5 	 8.0 	 4 	 5 	 1 	 0.013793103448275862
43 	 6 	 8.0 	 3 	 6 	 1 	 0.020689655172413793
44 	 6 	 8.0 	 3 	 6 	 1 	 0.020689655172413793
45 	 6 	 8.0 	 3 	 6 	 3 	 0.020689655172413793
46 	 6 	 8.0 	 3 	 6 	 1 	 0.020689655172413793
47 	 7 	 8.0 	 3 	 7 	 1 	 0.013793103448275862
48 	 5 	 8.0 	 4 	 5 	 1 	 0.013793103448275862
49 	 5 	 8.0 	 3 	 5 	 1 	 0.013793103448275862
50 	 5 	 8.0 	 4 	 5 	 4 	 0.013793103448275862
51 	 5 	 8.0 	 3 	 5 	 3 	 0.013793103448275862
52 	 5 	 8.0 	 3 	 5 	 8 	 0.013793103448275862
53 	 5 	 8.0 	 4 	 5 	 5 	 0.013793103448275862
54 	 5 	 8.0 	 4 	 5 	 3 	 0.013793103448275862
55 	 5 	 8.0 	 4 	 5 	 1 	 0.027586206896551724
56 	 5 	 8.0 	 4 	 5 	 2 	 0.020689655172413793
57 	 5 	 8.0 	 4 	 5 	 1 	 0.020689655172413793
58 	 5 	 8.0 	 4 	 5 	 2 	 0.020689655172413793
59 	 5 	 8.0 	 4 	 5 	 2 	 0.020689655172413793
60 	 5 	 8.0 	 4 	 5 	 6 	 0.027586206896551724
61 	 5 	 8.0 	 4 	 5 	 2 	 0.027586206896551724
62 	 5 	 8.0 	 4 	 5 	 21 	 0.020689655172413793
63 	 5 	 8.0 	 4 	 5 	 5 	 0.020689655172413793
64 	 5 	 8.0 	 4 	 5 	 7 	 0.020689655172413793
65 	 5 	 8.0 	 4 	 5 	 2 	 0.020689655172413793
66 	 5 	 8.0 	 4 	 5 	 8 	 0.013793103448275862
67 	 5 	 8.0 	 4 	 5 	 7 	 0.013793103448275862
68 	 5 	 8.0 	 4 	 5 	 1 	 0.013793103448275862
69 	 5 	 8.0 	 4 	 5 	 1 	 0.013793103448275862
70 	 5 	 8.0 	 4 	 5 	 5 	 0.013793103448275862
71 	 5 	 8.0 	 4 	 5 	 1 	 0.013793103448275862
72 	 5 	 8.0 	 4 	 5 	 11 	 0.013793103448275862
73 	 5 	 8.0 	 4 	 5 	 13 	 0.013793103448275862
74 	 5 	 8.0 	 3 	 5 	 2 	 0.013793103448275862
75 	 5 	 8.0 	 3 	 5 	 18 	 0.013793103448275862
76 	 5 	 8.0 	 3 	 5 	 2 	 0.013793103448275862
77 	 5 	 8.0 	 3 	 5 	 16 	 0.013793103448275862
78 	 6 	 9.0 	 4 	 6 	 1 	 0.020689655172413793
79 	 6 	 9.0 	 3 	 6 	 1 	 0.013793103448275862
80 	 6 	 9.0 	 3 	 6 	 1 	 0.013793103448275862
81 	 6 	 9.0 	 5 	 6 	 3 	 0.027586206896551724
82 	 5 	 9.0 	 4 	 5 	 1 	 0.027586206896551724
83 	 6 	 9.0 	 5 	 6 	 2 	 0.027586206896551724
84 	 6 	 9.0 	 3 	 6 	 1 	 0.020689655172413793
85 	 5 	 9.0 	 4 	 5 	 1 	 0.020689655172413793
86 	 5 	 9.0 	 6 	 5 	 1 	 0.020689655172413793
87 	 6 	 9.0 	 4 	 6 	 1 	 0.027586206896551724
88 	 5 	 9.0 	 6 	 5 	 1 	 0.027586206896551724
89 	 6 	 9.0 	 5 	 6 	 1 	 0.027586206896551724
90 	 6 	 9.0 	 4 	 6 	 1 	 0.027586206896551724
91 	 5 	 9.0 	 6 	 5 	 1 	 0.020689655172413793
92 	 6 	 9.0 	 4 	 6 	 1 	 0.020689655172413793
93 	 5 	 9.0 	 5 	 5 	 3 	 0.020689655172413793
94 	 5 	 9.0 	 5 	 5 	 1 	 0.027586206896551724
95 	 5 	 9.0 	 6 	 5 	 2 	 0.020689655172413793
96 	 5 	 9.0 	 6 	 5 	 3 	 0.020689655172413793
97 	 5 	 9.0 	 5 	 5 	 3 	 0.020689655172413793
98 	 5 	 9.0 	 5 	 5 	 1 	 0.020689655172413793
99 	 5 	 9.0 	 6 	 5 	 1 	 0.020689655172413793
100 	 5 	 9.0 	 6 	 5 	 2 	 0.020689655172413793
101 	 5 	 9.0 	 6 	 5 	 1 	 0.020689655172413793
102 	 5 	 9.0 	 6 	 5 	 5 	 0.020689655172413793
103 	 5 	 9.0 	 6 	 5 	 2 	 0.020689655172413793
104 	 5 	 9.0 	 5 	 5 	 1 	 0.020689655172413793
105 	 5 	 9.0 	 6 	 5 	 1 	 0.020689655172413793
106 	 5 	 9.0 	 6 	 5 	 10 	 0.020689655172413793
107 	 5 	 9.0 	 5 	 5 	 5 	 0.020689655172413793
108 	 5 	 9.0 	 5 	 5 	 1 	 0.027586206896551724
109 	 5 	 9.0 	 6 	 5 	 3 	 0.020689655172413793
110 	 5 	 9.0 	 5 	 5 	 3 	 0.020689655172413793
111 	 5 	 9.0 	 6 	 5 	 5 	 0.027586206896551724
112 	 5 	 9.0 	 5 	 5 	 3 	 0.027586206896551724
113 	 5 	 9.0 	 6 	 5 	 1 	 0.027586206896551724
114 	 5 	 9.0 	 6 	 5 	 2 	 0.027586206896551724
115 	 5 	 9.0 	 5 	 5 	 2 	 0.027586206896551724
116 	 5 	 9.0 	 5 	 5 	 2 	 0.020689655172413793
117 	 5 	 10.0 	 6 	 5 	 1 	 0.034482758620689655
118 	 5 	 10.0 	 8 	 5 	 1 	 0.034482758620689655
119 	 5 	 10.0 	 5 	 5 	 1 	 0.034482758620689655
120 	 5 	 10.0 	 5 	 5 	 1 	 0.027586206896551724
121 	 5 	 10.0 	 6 	 5 	 1 	 0.027586206896551724
122 	 5 	 10.0 	 7 	 5 	 1 	 0.027586206896551724
123 	 5 	 10.0 	 5 	 5 	 1 	 0.027586206896551724
124 	 6 	 10.0 	 6 	 6 	 1 	 0.027586206896551724
125 	 5 	 10.0 	 6 	 5 	 1 	 0.027586206896551724
126 	 5 	 10.0 	 6 	 5 	 1 	 0.027586206896551724
127 	 5 	 10.0 	 5 	 5 	 2 	 0.027586206896551724
128 	 5 	 10.0 	 6 	 5 	 1 	 0.027586206896551724
129 	 5 	 10.0 	 5 	 5 	 1 	 0.027586206896551724
130 	 5 	 10.0 	 6 	 5 	 1 	 0.027586206896551724
131 	 5 	 10.0 	 6 	 5 	 1 	 0.027586206896551724
132 	 5 	 10.0 	 6 	 5 	 1 	 0.034482758620689655
133 	 5 	 10.0 	 7 	 5 	 1 	 0.027586206896551724
134 	 5 	 11.0 	 8 	 5 	 1 	 0.034482758620689655
135 	 5 	 11.0 	 7 	 5 	 1 	 0.034482758620689655
136 	 5 	 11.0 	 7 	 5 	 1 	 0.034482758620689655
137 	 5 	 11.0 	 8 	 5 	 1 	 0.034482758620689655
138 	 5 	 11.0 	 8 	 5 	 1 	 0.034482758620689655
139 	 5 	 11.0 	 7 	 5 	 1 	 0.034482758620689655
140 	 5 	 12.0 	 7 	 5 	 1 	 0.034482758620689655
BestSolution
x_{37}
x_{41}
x_{11}
x_{53}
x_{22}
Objective: 5
ChainS-ChainL 0.2 3
Info {'qpu_sampling_time': 305780.0, 'qpu_anneal_time_per_sample': 200.0, 'qpu_readout_time_per_sample': 85.2, 'qpu_access_time': 321543.57, 'qpu_access_overhead_time': 1984.43, 'qpu_programming_time': 15763.57, 'qpu_delay_time_per_sample': 20.58, 'post_processing_overhead_time': 1.0, 'total_post_processing_time': 1.0}
Emb {'embedding': {80: (2299, 3702), 19: (2300, 3911), 22: (2329, 3792, 3793), 41: (2268,), 59: (3611, 2223, 3610), 81: (3731, 2134, 2135), 10: (2149, 2148), 68: (3970, 3971), 82: (2030, 3866), 33: (2029, 3671), 75: (3897, 3896), 85: (3776, 2224), 14: (3775,), 23: (2254,), 86: (3822, 3821), 28: (2375,), 87: (3837, 3838), 0: (2464, 2465, 2463), 31: (2449,), 88: (2404, 3762), 42: (2359,), 51: (2374,), 89: (3657, 2403), 1: (2298,), 52: (2253,), 90: (3597, 3596), 53: (2433, 3582, 3583), 91: (3581, 2178), 3: (3521,), 92: (2163, 2164), 60: (3746, 2179), 93: (3701, 2043), 27: (2104,), 62: (3700,), 94: (3730, 1969), 30: (2073,), 67: (3850,), 95: (1954, 3745), 63: (3715, 1893), 70: (1955, 3880), 96: (1894, 3820), 34: (1939,), 71: (2000,), 97: (3835, 3836), 20: (2088, 2089), 72: (2180,), 98: (2015, 3881), 13: (3925,), 99: (2105,), 78: (4031,), 102: (3732,), 105: (3538, 2523), 9: (2432,), 17: (3598,), 21: (3568,), 106: (2508,), 11: (3628,), 37: (2418, 3673), 107: (3658, 3659, 2493), 2: (3644,), 108: (2613,), 38: (3614,), 55: (2509, 3733), 109: (2628, 2627), 57: (3524,), 66: (3449,), 110: (2612, 3403), 18: (2597,), 69: (3509,), 111: (2582,), 16: (2583,), 73: (3478,), 116: (3613,), 117: (2568,), 118: (2553,), 121: (2599, 2598), 4: (3689,), 122: (3643, 2539, 2478), 39: (2538,), 123: (3523,), 56: (2447,), 126: (3522,), 7: (2267,), 8: (2222,), 127: (3551, 2237), 5: (3566,), 128: (2133, 3656), 12: (2209,), 129: (3717, 3716, 2194), 6: (2119,), 130: (3791,), 24: (3806,), 131: (3851, 2074), 32: (3910,), 132: (2058, 2059), 26: (3580,), 133: (3595, 2103), 36: (2118,), 134: (3626, 3627), 135: (3612, 2373), 29: (3552,), 136: (3642, 2313), 25: (2283,), 137: (3687, 3688), 44: (3672,), 138: (3747, 2344), 54: (2479,), 139: (2434, 3853, 3777), 140: (3868, 3867), 58: (2210,), 141: (3852, 2284), 50: (2239,), 142: (3760, 3761), 61: (1984,), 143: (1999,), 47: (3640,), 144: (1908, 3670), 46: (1953,), 145: (3625,), 64: (1938,), 146: (1924, 1923), 65: (3865,), 147: (3759, 1864), 48: (3909,), 148: (1910, 1909), 45: (4015,), 149: (2045, 3985), 40: (2060,), 150: (3940,), 49: (2120,), 151: (3955, 3956), 35: (2270,), 152: (3942, 3941), 74: (2390,), 153: (3972, 2330), 15: (3957,), 154: (2480, 3927, 3898), 76: (2510,), 155: (4048, 4047), 77: (2346,), 156: (4032,), 43: (2240,), 159: (2524, 3808), 160: (3703,), 161: (3718, 2389)}, 'chain_break_method': 'majority_vote', 'embedding_parameters': {}, 'chain_strength': 0.5231206098155502}
x_{0} 3
x_{1} 1
x_{2} 1
x_{3} 1
x_{4} 1
x_{5} 1
x_{6} 1
x_{7} 1
x_{8} 1
x_{9} 1
x_{10} 2
x_{11} 1
x_{12} 1
x_{13} 1
x_{14} 1
x_{15} 1
x_{16} 1
x_{17} 1
x_{18} 1
x_{19} 2
x_{20} 2
x_{21} 1
x_{22} 3
x_{23} 1
x_{24} 1
x_{25} 1
x_{26} 1
x_{27} 1
x_{28} 1
x_{29} 1
x_{30} 1
x_{31} 1
x_{32} 1
x_{33} 2
x_{34} 1
x_{35} 1
x_{36} 1
x_{37} 2
x_{38} 1
x_{39} 1
x_{40} 1
x_{41} 1
x_{42} 1
x_{43} 1
x_{44} 1
x_{45} 1
x_{46} 1
x_{47} 1
x_{48} 1
x_{49} 1
x_{50} 1
x_{51} 1
x_{52} 1
x_{53} 3
x_{54} 1
x_{55} 2
x_{56} 1
x_{57} 1
x_{58} 1
x_{59} 3
x_{60} 2
x_{61} 1
x_{62} 1
x_{63} 2
x_{64} 1
x_{65} 1
x_{66} 1
x_{67} 1
x_{68} 2
x_{69} 1
x_{70} 2
x_{71} 1
x_{72} 1
x_{73} 1
x_{74} 1
x_{75} 2
x_{76} 1
x_{77} 1
x_{78} 1
y^1_1 2
y^1_2 3
y^1_3 2
y^2_1 2
y^2_2 2
y^2_3 2
y^2_4 2
y^2_5 2
y^2_6 2
y^2_7 2
y^2_8 2
y^2_9 2
y^2_10 2
y^2_11 2
y^2_12 2
y^2_13 2
y^2_14 2
y^2_15 1
y^3_1 1
y^4_1 2
y^4_2 1
y^4_3 3
y^4_4 1
y^4_5 2
y^4_6 2
y^4_7 1
y^6_1 1
y^6_2 1
y^6_3 1
y^7_1 2
y^7_2 3
y^7_3 1
y^8_1 1
y^8_2 2
y^8_3 2
y^8_4 3
y^8_5 1
y^8_6 2
y^8_7 2
y^8_8 2
y^8_9 2
y^8_10 2
y^8_11 2
y^8_12 2
y^8_13 2
y^8_14 3
y^8_15 2
y^8_16 2
y^8_17 2
y^8_18 1
y^8_19 2
y^8_20 1
y^8_21 2
y^8_22 2
y^8_23 2
y^8_24 2
y^8_25 1
y^8_26 2
y^8_27 2
y^8_28 2
y^8_29 3
y^8_30 2
y^8_31 1
y^9_1 2
y^9_2 1
y^9_3 2
