#Var-#NoneZ: 83 - 268
0.47809144373375745 [(0.0, 0.0), (200.0, 1.0)]
TimeRunning 4.09592080116272
0 	 6 	 7.0 	 1 	 7 	 148 	 0.031746031746031744
1 	 7 	 7.0 	 0 	 7 	 270 	 0.031746031746031744
2 	 7 	 7.0 	 0 	 7 	 50 	 0.0
3 	 6 	 7.0 	 1 	 7 	 18 	 0.0
4 	 7 	 8.0 	 2 	 8 	 1 	 0.015873015873015872
5 	 8 	 8.0 	 1 	 8 	 3 	 0.015873015873015872
6 	 7 	 8.0 	 2 	 7 	 5 	 0.015873015873015872
7 	 6 	 8.0 	 3 	 7 	 4 	 0.015873015873015872
8 	 8 	 8.0 	 1 	 8 	 1 	 0.031746031746031744
9 	 6 	 8.0 	 3 	 7 	 1 	 0.031746031746031744
10 	 8 	 8.0 	 1 	 8 	 153 	 0.015873015873015872
11 	 7 	 8.0 	 2 	 7 	 171 	 0.015873015873015872
12 	 6 	 8.0 	 3 	 7 	 90 	 0.015873015873015872
13 	 7 	 8.0 	 2 	 8 	 78 	 0.015873015873015872
14 	 6 	 8.0 	 2 	 7 	 1 	 0.031746031746031744
15 	 6 	 9.0 	 3 	 7 	 2 	 0.031746031746031744
16 	 7 	 9.0 	 2 	 7 	 3 	 0.031746031746031744
17 	 8 	 9.0 	 2 	 8 	 1 	 0.015873015873015872
BestSolution
x_{6}
x_{7}
x_{9}
x_{12}
x_{14}
x_{16}
x_{27}
Objective: 7
ChainS-ChainL 0.2 3
Info {'qpu_sampling_time': 323180.0, 'qpu_anneal_time_per_sample': 200.0, 'qpu_readout_time_per_sample': 102.6, 'qpu_access_time': 338942.37, 'qpu_access_overhead_time': 922.63, 'qpu_programming_time': 15762.37, 'qpu_delay_time_per_sample': 20.58, 'post_processing_overhead_time': 1.0, 'total_post_processing_time': 1.0}
Emb {'embedding': {37: (1159,), 3: (3815, 1115, 3814), 7: (3800,), 8: (3770,), 16: (3830, 1130), 38: (3891, 1144), 10: (1070, 3890), 28: (1189,), 39: (3905,), 6: (1055, 3995), 29: (3906,), 42: (1116,), 0: (4010,), 27: (4026,), 45: (3876,), 9: (1265,), 24: (1235,), 50: (1145, 3965), 5: (3966,), 53: (3799,), 12: (814,), 15: (964,), 18: (934,), 54: (3784, 829), 20: (3874,), 55: (844, 845), 4: (4024,), 22: (3948,), 56: (860,), 23: (3889,), 25: (859, 3859), 57: (905, 3979), 19: (890,), 26: (875,), 58: (3935, 3934), 31: (1100,), 59: (3950,), 33: (3951,), 62: (1085, 3980), 1: (1086,), 14: (3860,), 63: (935, 3875), 11: (1025,), 64: (3904, 994), 30: (3769,), 67: (3920,), 70: (3829,), 17: (920,), 71: (950, 3964), 2: (980,), 72: (3949,), 32: (965,), 75: (4025,), 76: (4039, 4040), 13: (995,), 77: (1009, 1010), 78: (1039, 3845), 21: (1024,), 79: (3753, 3754), 80: (889,), 34: (3724,), 81: (874,), 35: (3739,)}, 'chain_break_method': 'majority_vote', 'embedding_parameters': {}, 'chain_strength': 0.47809144373375745}
x_{0} 1
x_{1} 1
x_{2} 1
x_{3} 3
x_{4} 1
x_{5} 1
x_{6} 2
x_{7} 1
x_{8} 1
x_{9} 1
x_{10} 2
x_{11} 1
x_{12} 1
x_{13} 1
x_{14} 1
x_{15} 1
x_{16} 2
x_{17} 1
x_{18} 1
x_{19} 1
x_{20} 1
x_{21} 1
x_{22} 1
x_{23} 1
x_{24} 1
x_{25} 2
x_{26} 1
x_{27} 1
x_{28} 1
x_{29} 1
x_{30} 1
x_{31} 1
x_{32} 1
x_{33} 1
x_{34} 1
x_{35} 1
y^1_1 1
y^1_2 2
y^1_3 1
y^2_1 1
y^3_1 1
y^5_1 2
y^6_1 1
y^6_2 2
y^6_3 2
y^6_4 1
y^6_5 2
y^6_6 2
y^6_7 1
y^7_1 2
y^7_2 2
y^7_3 2
y^8_1 1
y^9_1 1
y^9_2 2
y^9_3 1
y^10_1 1
y^10_2 2
y^10_3 2
y^10_4 2
y^10_5 2
y^10_6 1
y^10_7 1
