#Var-#NoneZ: 77 - 247
0.5059644256269408 [(0.0, 0.0), (200.0, 1.0)]
TimeRunning 4.1238086223602295
0 	 4 	 5.0 	 1 	 5 	 230 	 0.0
1 	 5 	 5.0 	 0 	 5 	 317 	 0.0
2 	 4 	 6.0 	 3 	 5 	 1 	 0.0
3 	 6 	 6.0 	 0 	 6 	 1 	 0.0
4 	 6 	 6.0 	 1 	 6 	 21 	 0.015384615384615385
5 	 6 	 6.0 	 1 	 6 	 4 	 0.015384615384615385
6 	 5 	 6.0 	 2 	 6 	 16 	 0.015384615384615385
7 	 5 	 6.0 	 2 	 6 	 2 	 0.015384615384615385
8 	 4 	 6.0 	 3 	 5 	 3 	 0.015384615384615385
9 	 5 	 6.0 	 2 	 5 	 2 	 0.015384615384615385
10 	 4 	 6.0 	 3 	 5 	 3 	 0.015384615384615385
11 	 5 	 6.0 	 2 	 5 	 7 	 0.015384615384615385
12 	 5 	 6.0 	 2 	 6 	 117 	 0.015384615384615385
13 	 6 	 6.0 	 1 	 6 	 166 	 0.015384615384615385
14 	 5 	 6.0 	 2 	 6 	 7 	 0.015384615384615385
15 	 6 	 6.0 	 1 	 6 	 3 	 0.015384615384615385
16 	 4 	 6.0 	 3 	 5 	 38 	 0.015384615384615385
17 	 5 	 6.0 	 2 	 5 	 47 	 0.015384615384615385
18 	 4 	 6.0 	 3 	 5 	 8 	 0.015384615384615385
19 	 5 	 6.0 	 2 	 5 	 5 	 0.015384615384615385
20 	 5 	 7.0 	 3 	 6 	 1 	 0.015384615384615385
21 	 6 	 7.0 	 2 	 7 	 1 	 0.015384615384615385
BestSolution
x_{0}
x_{15}
x_{16}
x_{17}
x_{20}
Objective: 5
ChainS-ChainL 0.2 2
Info {'qpu_sampling_time': 296360.0, 'qpu_anneal_time_per_sample': 200.0, 'qpu_readout_time_per_sample': 75.78, 'qpu_access_time': 312122.77, 'qpu_access_overhead_time': 1013.23, 'qpu_programming_time': 15762.77, 'qpu_delay_time_per_sample': 20.58, 'post_processing_overhead_time': 52.0, 'total_post_processing_time': 52.0}
Emb {'embedding': {40: (3336,), 14: (1127,), 15: (1141, 3215), 16: (1186,), 22: (1112,), 41: (1202, 3351), 3: (1247,), 33: (1278, 1277), 42: (3471,), 11: (1187, 3545), 36: (1263,), 45: (3365, 3366), 0: (3261, 1336), 7: (1307,), 46: (1171,), 5: (1156, 3230), 47: (3380, 1067), 21: (1082,), 48: (3395,), 23: (1052,), 49: (3410,), 30: (1217, 3426), 50: (1172, 3456), 27: (3531,), 51: (3516,), 19: (1157,), 54: (3260,), 13: (1126,), 17: (1096,), 18: (1066,), 57: (1111,), 2: (3200,), 4: (3171,), 58: (1081, 3110), 59: (3245,), 1: (1006,), 60: (991, 3320), 9: (976,), 61: (3350, 1037), 6: (1097,), 62: (3425,), 25: (992,), 63: (3440,), 26: (1022,), 64: (3455, 1142), 8: (3470,), 65: (1113,), 28: (1128,), 66: (3486,), 29: (3501,), 67: (1232,), 24: (3396,), 68: (3381, 1292), 31: (1321,), 69: (3291,), 32: (1246,), 70: (3276,), 12: (1216,), 71: (1201, 3321), 34: (3156,), 72: (3306, 1231), 35: (3201,), 73: (1262, 1261), 10: (1260,), 20: (3399,)}, 'chain_break_method': 'majority_vote', 'embedding_parameters': {}, 'chain_strength': 0.5059644256269408}
x_{0} 2
x_{1} 1
x_{2} 1
x_{3} 1
x_{4} 1
x_{5} 2
x_{6} 1
x_{7} 1
x_{8} 1
x_{9} 1
x_{10} 1
x_{11} 2
x_{12} 1
x_{13} 1
x_{14} 1
x_{15} 2
x_{16} 1
x_{17} 1
x_{18} 1
x_{19} 1
x_{20} 1
x_{21} 1
x_{22} 1
x_{23} 1
x_{24} 1
x_{25} 1
x_{26} 1
x_{27} 1
x_{28} 1
x_{29} 1
x_{30} 2
x_{31} 1
x_{32} 1
x_{33} 2
x_{34} 1
x_{35} 1
x_{36} 1
y^2_1 1
y^2_2 2
y^2_3 1
y^3_1 2
y^3_2 1
y^3_3 2
y^3_4 1
y^3_5 1
y^3_6 2
y^3_7 1
y^4_1 1
y^5_1 1
y^5_2 2
y^5_3 1
y^5_4 2
y^5_5 2
y^5_6 1
y^5_7 1
y^5_8 2
y^5_9 1
y^5_10 1
y^5_11 1
y^5_12 2
y^5_13 1
y^5_14 1
y^5_15 2
y^5_16 2
y^5_17 2
